============================= test session starts =============================
platform win32 -- Python 3.12.0rc3, pytest-9.0.2, pluggy-1.6.0 -- C:\Users\cmwha\AppData\Local\Programs\Python\Python312\python.exe
cachedir: output\pytest_cache
rootdir: C:\Users\cmwha\OneDrive\Documents\GitHub\smrforge
configfile: pytest.ini
plugins: anyio-4.12.1, dash-3.3.0, asyncio-1.3.0, cov-7.0.0, zarr-3.1.5
asyncio: mode=Mode.STRICT, debug=False, asyncio_default_fixture_loop_scope=function, asyncio_default_test_loop_scope=function
collecting ... collected 5052 items

tests/performance/test_performance_benchmarks.py::TestKeffCalculationPerformance::test_keff_calculation_small SKIPPED [  0%]
tests/performance/test_performance_benchmarks.py::TestKeffCalculationPerformance::test_keff_calculation_medium SKIPPED [  0%]
tests/performance/test_performance_benchmarks.py::TestGeometryPerformance::test_mesh_generation_performance SKIPPED [  0%]
tests/performance/test_performance_benchmarks.py::TestMemoryBenchmarks::test_keff_small_memory SKIPPED [  0%]
tests/performance/test_performance_benchmarks.py::TestMemoryBenchmarks::test_mesh_generation_memory SKIPPED [  0%]
tests/test_adaptive_sampling.py::TestImportanceMap::test_importance_map_init PASSED [  0%]
tests/test_adaptive_sampling.py::TestImportanceMap::test_importance_map_normalization PASSED [  0%]
tests/test_adaptive_sampling.py::TestImportanceMap::test_get_sampling_probability PASSED [  0%]
tests/test_adaptive_sampling.py::TestImportanceMap::test_get_total_importance PASSED [  0%]
tests/test_adaptive_sampling.py::TestAdaptiveMonteCarloSolver::test_adaptive_solver_init PASSED [  0%]
tests/test_adaptive_sampling.py::TestAdaptiveMonteCarloSolver::test_build_importance_map_no_history PASSED [  0%]
tests/test_adaptive_sampling.py::TestAdaptiveMonteCarloSolver::test_build_importance_map_with_history PASSED [  0%]
tests/test_adaptive_sampling.py::TestAdaptiveMonteCarloSolver::test_adapt_particle_distribution PASSED [  0%]
tests/test_adaptive_sampling.py::TestAdaptiveMonteCarloSolver::test_estimate_fission_density PASSED [  0%]
tests/test_adaptive_sampling.py::TestAdaptiveMonteCarloSolver::test_estimate_fission_density_empty PASSED [  0%]
tests/test_adaptive_sampling.py::TestAdaptiveMonteCarloSolver::test_combine_results PASSED [  0%]
tests/test_adaptive_sampling.py::TestAdaptiveMonteCarloSolver::test_combine_results_no_history PASSED [  0%]
tests/test_adaptive_sampling.py::TestAdaptiveMonteCarloSolver::test_resample_source_no_importance_map PASSED [  0%]
tests/test_adaptive_sampling.py::TestAdaptiveMonteCarloSolver::test_resample_source_empty_fission_bank PASSED [  0%]
tests/test_adaptive_sampling.py::TestAdaptiveMonteCarloSolver::test_resample_source_importance PASSED [  0%]
tests/test_adaptive_sampling.py::TestCreateAdaptiveSolver::test_create_adaptive_solver PASSED [  0%]
tests/test_adaptive_sampling.py::TestAdaptiveMonteCarloSolverExtended::test_build_importance_map_zero_max PASSED [  0%]
tests/test_adaptive_sampling.py::TestAdaptiveMonteCarloSolverExtended::test_exploration_phase PASSED [  0%]
tests/test_adaptive_sampling.py::TestAdaptiveMonteCarloSolverExtended::test_exploration_phase_empty_fission_bank PASSED [  0%]
tests/test_adaptive_sampling.py::TestAdaptiveMonteCarloSolverExtended::test_refinement_phase PASSED [  0%]
tests/test_adaptive_sampling.py::TestAdaptiveMonteCarloSolverExtended::test_refinement_phase_no_importance_map PASSED [  0%]
tests/test_adaptive_sampling.py::TestAdaptiveMonteCarloSolverExtended::test_resample_source_importance_with_importance_map PASSED [  0%]
tests/test_adaptive_sampling.py::TestAdaptiveMonteCarloSolverExtended::test_resample_source_importance_all_zero_importance PASSED [  0%]
tests/test_adaptive_sampling.py::TestAdaptiveMonteCarloSolverExtended::test_solve_eigenvalue PASSED [  0%]
tests/test_adaptive_sampling.py::TestAdaptiveMonteCarloSolverExtended::test_combine_results_fallback_to_all_history PASSED [  0%]
tests/test_adaptive_sampling.py::TestAdaptiveMonteCarloSolverExtended::test_importance_map_get_sampling_probability_edge_cases PASSED [  0%]
tests/test_adaptive_sampling.py::TestAdaptiveMonteCarloSolverExtended::test_importance_map_get_sampling_probability_out_of_bounds PASSED [  0%]
tests/test_adaptive_sampling.py::TestAdaptiveMonteCarloSolverExtended::test_estimate_fission_density_with_positions PASSED [  0%]
tests/test_adaptive_sampling.py::TestAdaptiveMonteCarloSolverExtended::test_estimate_fission_density_boundary_positions PASSED [  0%]
tests/test_adaptive_sampling.py::TestAdaptiveMonteCarloSolverExtended::test_resample_source_with_importance_map PASSED [  0%]
tests/test_adjoint_weighting.py::TestAdjointWeighting::test_collapse_with_adjoint_weighting PASSED [  0%]
tests/test_adjoint_weighting.py::TestAdjointWeighting::test_adjoint_weighting_preserves_reaction_rates PASSED [  0%]
tests/test_adjoint_weighting.py::TestAdjointWeighting::test_adjoint_weighting_with_varying_flux PASSED [  0%]
tests/test_ai_audit_ml_export.py::TestAiAudit::test_record_ai_model PASSED [  0%]
tests/test_ai_audit_ml_export.py::TestAiAudit::test_ai_models_used_in_to_dict PASSED [  0%]
tests/test_ai_audit_ml_export.py::TestAiAudit::test_load_backward_compat_no_ai_models PASSED [  0%]
tests/test_ai_audit_ml_export.py::TestMlExport::test_export_parquet PASSED [  0%]
tests/test_ai_audit_ml_export.py::TestMlExport::test_export_hdf5 PASSED  [  0%]
tests/test_anisotropic_scattering.py::TestAnisotropicScattering::test_compute_anisotropic_scattering_basic PASSED [  0%]
tests/test_anisotropic_scattering.py::TestAnisotropicScattering::test_legendre_orders PASSED [  0%]
tests/test_anisotropic_scattering.py::TestAnisotropicScattering::test_p0_equals_isotropic PASSED [  0%]
tests/test_anisotropic_scattering.py::TestAnisotropicScattering::test_p1_anisotropy PASSED [  0%]
tests/test_anisotropic_scattering.py::TestAnisotropicScattering::test_p2_anisotropy PASSED [  0%]
tests/test_anisotropic_scattering.py::TestAnisotropicScattering::test_thermal_vs_fast_anisotropy PASSED [  0%]
tests/test_anisotropic_scattering.py::TestAnisotropicScattering::test_matrix_shapes PASSED [  0%]
tests/test_anisotropic_scattering.py::TestAnisotropicScattering::test_different_nuclides PASSED [  1%]
tests/test_anisotropic_scattering.py::TestAnisotropicScattering::test_temperature_dependence PASSED [  1%]
tests/test_assembly.py::TestAssembly::test_assembly_creation PASSED      [  1%]
tests/test_assembly.py::TestAssembly::test_assembly_burnup_fraction PASSED [  1%]
tests/test_assembly.py::TestAssembly::test_assembly_burnup_fraction_zero_target PASSED [  1%]
tests/test_assembly.py::TestAssembly::test_assembly_is_depleted PASSED   [  1%]
tests/test_assembly.py::TestAssembly::test_assembly_age_cycles PASSED    [  1%]
tests/test_assembly.py::TestAssembly::test_assembly_rotate PASSED        [  1%]
tests/test_assembly.py::TestAssembly::test_assembly_set_orientation PASSED [  1%]
tests/test_assembly.py::TestAssembly::test_assembly_record_position PASSED [  1%]
tests/test_assembly.py::TestAssembly::test_assembly_move_to PASSED       [  1%]
tests/test_assembly.py::TestAssembly::test_assembly_move_to_no_cycle PASSED [  1%]
tests/test_assembly.py::TestRefuelingPattern::test_pattern_creation PASSED [  1%]
tests/test_assembly.py::TestRefuelingPattern::test_pattern_validate PASSED [  1%]
tests/test_assembly.py::TestRefuelingPattern::test_pattern_get_batch_size PASSED [  1%]
tests/test_assembly.py::TestRefuelingPattern::test_pattern_generate_position_based_shuffle_radial_rotation PASSED [  1%]
tests/test_assembly.py::TestRefuelingPattern::test_pattern_generate_position_based_shuffle_radial_outward PASSED [  1%]
tests/test_assembly.py::TestRefuelingPattern::test_pattern_generate_position_based_shuffle_radial_inward PASSED [  1%]
tests/test_assembly.py::TestRefuelingPattern::test_pattern_generate_position_based_shuffle_pattern_based PASSED [  1%]
tests/test_assembly.py::TestRefuelingPattern::test_pattern_generate_position_based_shuffle_default PASSED [  1%]
tests/test_assembly.py::TestAssemblyManager::test_manager_creation PASSED [  1%]
tests/test_assembly.py::TestAssemblyManager::test_manager_add_assembly PASSED [  1%]
tests/test_assembly.py::TestAssemblyManager::test_manager_get_assemblies_by_batch PASSED [  1%]
tests/test_assembly.py::TestAssemblyManager::test_manager_get_depleted_assemblies PASSED [  1%]
tests/test_assembly.py::TestAssemblyManager::test_manager_shuffle_assemblies PASSED [  1%]
tests/test_assembly.py::TestAssemblyManager::test_manager_refuel PASSED  [  1%]
tests/test_assembly.py::TestAssemblyManager::test_manager_average_burnup PASSED [  1%]
tests/test_assembly.py::TestAssemblyManager::test_manager_average_burnup_empty PASSED [  1%]
tests/test_assembly.py::TestAssemblyManager::test_manager_cycle_length_estimate PASSED [  1%]
tests/test_assembly.py::TestAssemblyManager::test_manager_cycle_length_no_hm PASSED [  1%]
tests/test_assembly.py::TestAssemblyManager::test_pattern_validate_batch_sizes_dont_sum PASSED [  1%]
tests/test_assembly.py::TestAssemblyManager::test_manager_shuffle_assemblies_invalid_pattern PASSED [  1%]
tests/test_assembly.py::TestAssemblyManager::test_manager_shuffle_assemblies_batch_zero_assignment PASSED [  1%]
tests/test_assembly.py::TestAssemblyManager::test_manager_shuffle_assemblies_position_updates PASSED [  1%]
tests/test_assembly.py::TestAssemblyManager::test_manager_get_geometry_at_cycle PASSED [  1%]
tests/test_assembly.py::TestAssemblyManager::test_manager_get_position_history PASSED [  1%]
tests/test_assembly.py::TestAssemblyManager::test_manager_apply_burnup_dependent_shuffle PASSED [  1%]
tests/test_assembly.py::TestAssemblyManager::test_manager_get_assemblies_by_orientation PASSED [  1%]
tests/test_assembly.py::TestAssemblyManager::test_manager_rotate_assembly PASSED [  1%]
tests/test_assembly.py::TestAssemblyManager::test_manager_rotate_batch PASSED [  1%]
tests/test_assembly.py::TestAssemblyManager::test_manager_get_batch_statistics PASSED [  1%]
tests/test_assembly.py::TestAssemblyManager::test_manager_support_multiple_batches PASSED [  1%]
tests/test_assembly.py::TestAssemblyManager::test_manager_create_multi_batch_pattern PASSED [  1%]
tests/test_async_methods.py::TestNuclearDataCacheAsync::test_get_cross_section_async_memory_cache_hit PASSED [  1%]
tests/test_async_methods.py::TestNuclearDataCacheAsync::test_get_cross_section_async_zarr_cache_hit PASSED [  1%]
tests/test_async_methods.py::TestNuclearDataCacheAsync::test_get_cross_section_async_cache_miss_fetches PASSED [  1%]
tests/test_async_methods.py::TestNuclearDataCacheAsync::test_ensure_endf_file_async_existing_file PASSED [  1%]
tests/test_async_methods.py::TestNuclearDataCacheAsync::test_ensure_endf_file_async_downloads_when_missing PASSED [  1%]
tests/test_async_methods.py::TestNuclearDataCacheAsync::test_ensure_endf_file_async_uses_provided_client PASSED [  1%]
tests/test_async_methods.py::TestNuclearDataCacheAsync::test_ensure_endf_file_async_httpx_unavailable PASSED [  1%]
tests/test_async_methods.py::TestNuclearDataCacheAsync::test_fetch_and_cache_async_simple_parser PASSED [  1%]
tests/test_async_methods.py::TestNuclearDataCacheAsync::test_fetch_and_cache_async_with_client PASSED [  2%]
tests/test_async_methods.py::TestCrossSectionTableAsync::test_generate_multigroup_async_basic PASSED [  2%]
tests/test_async_methods.py::TestCrossSectionTableAsync::test_generate_multigroup_async_parallel_fetching PASSED [  2%]
tests/test_async_methods.py::TestCrossSectionTableAsync::test_generate_multigroup_async_with_client PASSED [  2%]
tests/test_async_methods.py::TestCrossSectionTableAsync::test_generate_multigroup_async_creates_client PASSED [  2%]
tests/test_async_methods.py::TestCrossSectionTableAsync::test_generate_multigroup_async_httpx_unavailable PASSED [  2%]
tests/test_async_methods.py::TestCrossSectionTableAsync::test_generate_multigroup_async_with_weighting_flux PASSED [  2%]
tests/test_backend_fallback_chain.py::TestBackendFallbackChain::test_endf_parserpy_only PASSED [  2%]
tests/test_backend_fallback_chain.py::TestBackendFallbackChain::test_sandy_only PASSED [  2%]
tests/test_backend_fallback_chain.py::TestBackendFallbackChain::test_simple_parser_only PASSED [  2%]
tests/test_backend_fallback_chain.py::TestBackendFallbackChain::test_all_backends_fail PASSED [  2%]
tests/test_backend_fallback_chain.py::TestBackendFallbackChain::test_endf_parserpy_fails_sandy_succeeds PASSED [  2%]
tests/test_benchmarks_community.py::TestCommunityBenchmarkRunner::test_list_cases PASSED [  2%]
tests/test_benchmarks_community.py::TestCommunityBenchmarkRunner::test_run_all_returns_dict PASSED [  2%]
tests/test_benchmarks_community.py::TestCommunityBenchmarkRunner::test_generate_report_without_output PASSED [  2%]
tests/test_benchmarks_community.py::TestCommunityBenchmarkRunner::test_generate_report_with_output PASSED [  2%]
tests/test_benchmarks_community.py::TestCommunityBenchmarkRunnerCustomPath::test_custom_benchmarks_path PASSED [  2%]
tests/test_benchmarks_community.py::TestCommunityBenchmarkRunnerCustomPath::test_benchmarks_file_not_found PASSED [  2%]
tests/test_benchmarks_community.py::TestLoadBenchmarks::test_load_benchmarks_default PASSED [  2%]
tests/test_burnup_adaptive_tracking.py::TestAdaptiveNuclideTracking::test_adaptive_tracking_initialization PASSED [  2%]
tests/test_burnup_adaptive_tracking.py::TestAdaptiveNuclideTracking::test_adaptive_tracking_disabled PASSED [  2%]
tests/test_burnup_adaptive_tracking.py::TestAdaptiveNuclideTracking::test_always_track_nuclides PASSED [  2%]
tests/test_burnup_adaptive_tracking.py::TestAdaptiveNuclideTracking::test_identify_nuclides_to_remove PASSED [  2%]
tests/test_burnup_adaptive_tracking.py::TestAdaptiveNuclideTracking::test_identify_nuclides_to_add PASSED [  2%]
tests/test_burnup_adaptive_tracking.py::TestAdaptiveNuclideTracking::test_update_adaptive_nuclides PASSED [  2%]
tests/test_burnup_adaptive_tracking.py::TestAdaptiveNuclideTracking::test_adaptive_tracking_options PASSED [  2%]
tests/test_burnup_adaptive_tracking.py::TestAdaptiveNuclideTracking::test_adaptive_tracking_integration PASSED [  2%]
tests/test_burnup_checkpointing.py::TestBurnupCheckpointing::test_checkpoint_options_initialization PASSED [  2%]
tests/test_burnup_checkpointing.py::TestBurnupCheckpointing::test_checkpoint_dir_creation PASSED [  2%]
tests/test_burnup_checkpointing.py::TestBurnupCheckpointing::test_save_checkpoint_creates_file PASSED [  2%]
tests/test_burnup_checkpointing.py::TestBurnupCheckpointing::test_save_checkpoint_content PASSED [  2%]
tests/test_burnup_checkpointing.py::TestBurnupCheckpointing::test_save_checkpoint_saves_state PASSED [  2%]
tests/test_burnup_checkpointing.py::TestBurnupCheckpointing::test_save_checkpoint_without_h5py PASSED [  2%]
tests/test_burnup_checkpointing.py::TestBurnupCheckpointing::test_load_checkpoint_file_not_found PASSED [  2%]
tests/test_burnup_checkpointing.py::TestBurnupCheckpointing::test_load_checkpoint_restores_state SKIPPED [  2%]
tests/test_burnup_checkpointing.py::TestBurnupCheckpointing::test_load_checkpoint_without_h5py PASSED [  2%]
tests/test_burnup_checkpointing.py::TestBurnupCheckpointing::test_checkpoint_interval_timing PASSED [  2%]
tests/test_burnup_checkpointing.py::TestBurnupCheckpointing::test_resume_from_checkpoint PASSED [  2%]
tests/test_burnup_checkpointing.py::TestBurnupCheckpointing::test_checkpoint_none_dir PASSED [  2%]
tests/test_burnup_checkpointing.py::TestBurnupCheckpointing::test_checkpoint_interval_none PASSED [  2%]
tests/test_burnup_checkpointing.py::TestBurnupCheckpointIntegration::test_full_checkpoint_resume_workflow SKIPPED [  2%]
tests/test_burnup_init.py::TestBurnupInitImports::test_burnup_init_imports_success PASSED [  2%]
tests/test_burnup_init.py::TestBurnupInitImports::test_burnup_init_lwr_burnup_import_error PASSED [  2%]
tests/test_burnup_init.py::TestBurnupInitImports::test_burnup_init_fuel_management_import_error PASSED [  2%]
tests/test_burnup_solver.py::TestBurnupSolver::test_burnup_solver_initialization PASSED [  2%]
tests/test_burnup_solver.py::TestBurnupSolver::test_nuclide_initialization PASSED [  2%]
tests/test_burnup_solver.py::TestBurnupSolver::test_initial_concentrations PASSED [  2%]
tests/test_burnup_solver.py::TestNuclideInventory::test_nuclide_inventory_creation PASSED [  2%]
tests/test_burnup_solver.py::TestNuclideInventory::test_get_concentration PASSED [  2%]
tests/test_burnup_solver.py::TestNuclideInventory::test_get_total_inventory PASSED [  2%]
tests/test_burnup_solver.py::TestBurnupOptions::test_burnup_options_creation PASSED [  3%]
tests/test_burnup_solver.py::TestBurnupOptions::test_burnup_options_defaults PASSED [  3%]
tests/test_burnup_solver_comprehensive.py::TestBurnupSolverComprehensive::test_solve_time_step PASSED [  3%]
tests/test_burnup_solver_comprehensive.py::TestBurnupSolverComprehensive::test_build_decay_matrix PASSED [  3%]
tests/test_burnup_solver_comprehensive.py::TestBurnupSolverComprehensive::test_build_fission_production_vector PASSED [  3%]
tests/test_burnup_solver_comprehensive.py::TestBurnupSolverComprehensive::test_build_capture_matrix PASSED [  3%]
tests/test_burnup_solver_comprehensive.py::TestBurnupSolverComprehensive::test_update_cross_sections PASSED [  3%]
tests/test_burnup_solver_comprehensive.py::TestBurnupSolverComprehensive::test_update_burnup PASSED [  3%]
tests/test_burnup_solver_comprehensive.py::TestBurnupSolverComprehensive::test_compute_decay_heat PASSED [  3%]
tests/test_burnup_solver_comprehensive.py::TestBurnupSolverComprehensive::test_solve_full_burnup PASSED [  3%]
tests/test_burnup_solver_comprehensive.py::TestBurnupSolverComprehensive::test_track_fission_products PASSED [  3%]
tests/test_burnup_solver_comprehensive.py::TestBurnupSolverComprehensive::test_track_actinides PASSED [  3%]
tests/test_burnup_solver_comprehensive.py::TestBurnupSolverComprehensive::test_power_density_array PASSED [  3%]
tests/test_burnup_solver_comprehensive.py::TestBurnupSolverComprehensive::test_initial_concentrations_calculation PASSED [  3%]
tests/test_burnup_solver_comprehensive.py::TestBurnupSolverComprehensive::test_get_fission_yield_data_caching PASSED [  3%]
tests/test_burnup_solver_comprehensive.py::TestBurnupSolverComprehensive::test_build_capture_matrix_with_cross_section PASSED [  3%]
tests/test_burnup_solver_comprehensive.py::TestBurnupSolverComprehensive::test_build_capture_matrix_with_fallback PASSED [  3%]
tests/test_burnup_solver_comprehensive.py::TestBurnupSolverComprehensive::test_update_burnup_zero_mass PASSED [  3%]
tests/test_burnup_solver_comprehensive.py::TestBurnupSolverComprehensive::test_compute_decay_heat_specific_time PASSED [  3%]
tests/test_burnup_solver_comprehensive.py::TestBurnupSolverComprehensive::test_solve_time_step_ode_failure PASSED [  3%]
tests/test_burnup_solver_comprehensive.py::TestBurnupSolverComprehensive::test_solve_time_step_exception PASSED [  3%]
tests/test_burnup_solver_comprehensive.py::TestBurnupSolverComprehensive::test_solve_neutronics_error_handling PASSED [  3%]
tests/test_burnup_solver_comprehensive.py::TestBurnupSolverComprehensive::test_build_fission_production_vector_no_flux PASSED [  3%]
tests/test_burnup_solver_comprehensive.py::TestBurnupSolverComprehensive::test_build_capture_matrix_no_flux PASSED [  3%]
tests/test_burnup_solver_comprehensive.py::TestBurnupSolverComprehensive::test_init_decay_data_fallback PASSED [  3%]
tests/test_burnup_solver_comprehensive.py::TestBurnupSolverComprehensive::test_build_capture_matrix_nuclide_specific_xs_failure PASSED [  3%]
tests/test_burnup_solver_comprehensive.py::TestBurnupSolverComprehensive::test_build_capture_matrix_zero_concentration PASSED [  3%]
tests/test_burnup_solver_comprehensive.py::TestBurnupSolverComprehensive::test_update_burnup_zero_mass_kg PASSED [  3%]
tests/test_burnup_solver_comprehensive.py::TestBurnupSolverComprehensive::test_solve_with_neutronics_resolve_condition PASSED [  3%]
tests/test_burnup_visualization.py::test_plot_batch_comparison_plotly_and_matplotlib_and_errors PASSED [  3%]
tests/test_burnup_visualization.py::test_plot_refueling_cycles_plotly_and_matplotlib_and_errors PASSED [  3%]
tests/test_burnup_visualization.py::test_plot_control_rod_effects_plotly_and_matplotlib PASSED [  3%]
tests/test_burnup_visualization.py::test_plot_burnup_dashboard_enhanced_returns_base_and_enhanced PASSED [  3%]
tests/test_burnup_visualization.py::test_module_import_flags_for_missing_plotly_and_matplotlib PASSED [  3%]
tests/test_cli.py::TestCLIHelperFunctions::test_print_warning_with_rich PASSED [  3%]
tests/test_cli.py::TestCLIHelperFunctions::test_print_warning_without_rich PASSED [  3%]
tests/test_cli.py::TestCLIHelperFunctions::test_print_success_with_rich PASSED [  3%]
tests/test_cli.py::TestCLIHelperFunctions::test_print_success_without_rich PASSED [  3%]
tests/test_cli.py::TestCLIHelperFunctions::test_print_error_with_rich PASSED [  3%]
tests/test_cli.py::TestCLIHelperFunctions::test_print_error_without_rich PASSED [  3%]
tests/test_cli.py::TestCLIHelperFunctions::test_print_info_with_rich PASSED [  3%]
tests/test_cli.py::TestCLIHelperFunctions::test_print_info_without_rich PASSED [  3%]
tests/test_cli.py::TestServeDashboard::test_serve_dashboard_missing_dash PASSED [  3%]
tests/test_cli.py::TestServeDashboard::test_serve_dashboard_success PASSED [  3%]
tests/test_cli.py::TestServeDashboard::test_serve_dashboard_with_custom_host_port PASSED [  3%]
tests/test_cli.py::TestServeDashboard::test_serve_dashboard_import_error PASSED [  3%]
tests/test_cli.py::TestReactorCreateOutput::test_reactor_create_save_yaml PASSED [  3%]
tests/test_cli.py::TestReactorCreateOutput::test_reactor_create_unsupported_format PASSED [  3%]
tests/test_cli.py::TestReactorCreateOutput::test_reactor_create_print_info_with_rich PASSED [  3%]
tests/test_cli.py::TestReactorCreateOutput::test_reactor_create_print_info_without_rich PASSED [  3%]
tests/test_cli.py::TestReactorCreate::test_reactor_create_from_preset PASSED [  3%]
tests/test_cli.py::TestReactorCreate::test_reactor_create_invalid_preset PASSED [  4%]
tests/test_cli.py::TestReactorCreate::test_reactor_create_from_json_config PASSED [  4%]
tests/test_cli.py::TestReactorCreate::test_reactor_create_from_yaml_config PASSED [  4%]
tests/test_cli.py::TestReactorCreate::test_reactor_create_yaml_not_available PASSED [  4%]
tests/test_cli.py::TestReactorCreate::test_reactor_create_with_custom_params PASSED [  4%]
tests/test_cli.py::TestReactorCreate::test_reactor_create_save_json PASSED [  4%]
tests/test_cli.py::TestReactorCreate::test_reactor_create_no_options PASSED [  4%]
tests/test_cli.py::TestReactorAnalyze::test_reactor_analyze_no_reactor PASSED [  4%]
tests/test_cli.py::TestReactorAnalyze::test_reactor_analyze_file_not_found PASSED [  4%]
tests/test_cli.py::TestReactorAnalyze::test_reactor_analyze_batch_mode PASSED [  4%]
tests/test_cli.py::TestReactorAnalyze::test_reactor_analyze_keff_with_rich PASSED [  4%]
tests/test_cli.py::TestReactorAnalyze::test_reactor_analyze_keff_without_rich PASSED [  4%]
tests/test_cli.py::TestReactorAnalyze::test_reactor_analyze_neutronics PASSED [  4%]
tests/test_cli.py::TestReactorAnalyze::test_reactor_analyze_with_output PASSED [  4%]
tests/test_cli.py::TestReactorAnalyze::test_reactor_analyze_display_results_with_rich PASSED [  4%]
tests/test_cli.py::TestReactorAnalyze::test_reactor_analyze_display_results_without_rich PASSED [  4%]
tests/test_cli.py::TestReactorAnalyze::test_reactor_analyze_full_analysis PASSED [  4%]
tests/test_cli.py::TestReactorList::test_reactor_list_basic PASSED       [  4%]
tests/test_cli.py::TestReactorList::test_reactor_list_detailed PASSED    [  4%]
tests/test_cli.py::TestDataSetup::test_data_setup_interactive PASSED     [  4%]
tests/test_cli.py::TestDataSetup::test_data_setup_with_directory PASSED  [  4%]
tests/test_cli.py::TestDataSetup::test_data_setup_directory_not_found PASSED [  4%]
tests/test_cli.py::TestDataDownload::test_data_download_basic PASSED     [  4%]
tests/test_cli.py::TestDataDownload::test_data_download_with_all_options PASSED [  4%]
tests/test_cli.py::TestDataValidate::test_data_validate_directory PASSED [  4%]
tests/test_cli.py::TestDataValidate::test_data_validate_files PASSED     [  4%]
tests/test_cli.py::TestDataValidate::test_data_validate_no_options PASSED [  4%]
tests/test_cli.py::TestMainFunction::test_main_version PASSED            [  4%]
tests/test_cli.py::TestMainFunction::test_main_help PASSED               [  4%]
tests/test_cli.py::TestMainFunction::test_main_serve_command PASSED      [  4%]
tests/test_cli.py::TestMainFunction::test_main_reactor_create_command PASSED [  4%]
tests/test_cli.py::TestBurnupRun::test_burnup_run_no_reactor PASSED      [  4%]
tests/test_cli.py::TestBurnupRun::test_burnup_run_file_not_found PASSED  [  4%]
tests/test_cli.py::TestBurnupRun::test_burnup_run_basic PASSED           [  4%]
tests/test_cli.py::TestBurnupRun::test_burnup_run_with_output PASSED     [  4%]
tests/test_cli.py::TestConfigCommands::test_config_show_no_config_file PASSED [  4%]
tests/test_cli.py::TestConfigCommands::test_config_show_with_config PASSED [  4%]
tests/test_cli.py::TestConfigCommands::test_config_show_specific_key PASSED [  4%]
tests/test_cli.py::TestConfigCommands::test_config_show_specific_key_not_found PASSED [  4%]
tests/test_cli.py::TestConfigCommands::test_config_show_nested_config PASSED [  4%]
tests/test_cli.py::TestConfigCommands::test_config_show_specific_key_without_rich PASSED [  4%]
tests/test_cli.py::TestConfigCommands::test_config_set PASSED            [  4%]
tests/test_cli.py::TestConfigCommands::test_config_set_new_key PASSED    [  4%]
tests/test_cli.py::TestConfigCommands::test_config_set_nested_key PASSED [  4%]
tests/test_cli.py::TestConfigCommands::test_config_set_integer_value PASSED [  4%]
tests/test_cli.py::TestConfigCommands::test_config_set_float_value PASSED [  4%]
tests/test_cli.py::TestConfigCommands::test_config_set_boolean_value PASSED [  4%]
tests/test_cli.py::TestConfigCommands::test_config_set_create_new_file PASSED [  4%]
tests/test_cli.py::TestConfigCommands::test_config_init PASSED           [  4%]
tests/test_cli.py::TestConfigCommands::test_config_init_with_production_template PASSED [  4%]
tests/test_cli.py::TestConfigCommands::test_config_init_with_development_template PASSED [  5%]
tests/test_cli.py::TestConfigCommands::test_config_init_with_force PASSED [  5%]
tests/test_cli.py::TestConfigCommands::test_config_init_file_exists PASSED [  5%]
tests/test_cli.py::TestConfigCommands::test_config_init_without_rich PASSED [  5%]
tests/test_cli.py::TestShellInteractive::test_shell_interactive_with_ipython PASSED [  5%]
tests/test_cli.py::TestShellInteractive::test_shell_interactive_without_ipython PASSED [  5%]
tests/test_cli.py::TestWorkflowRun::test_workflow_run_file_not_found PASSED [  5%]
tests/test_cli.py::TestWorkflowRun::test_workflow_run_yaml_not_available PASSED [  5%]
tests/test_cli.py::TestWorkflowRun::test_workflow_run_create_reactor_step PASSED [  5%]
tests/test_cli.py::TestWorkflowRun::test_workflow_run_analyze_step PASSED [  5%]
tests/test_cli.py::TestWorkflowRun::test_workflow_run_with_config_file_step PASSED [  5%]
tests/test_cli.py::TestWorkflowRun::test_workflow_run_unknown_step_type PASSED [  5%]
tests/test_cli.py::TestWorkflowRun::test_workflow_run_analyze_with_output PASSED [  5%]
tests/test_cli.py::TestWorkflowRun::test_workflow_run_visualize_step PASSED [  5%]
tests/test_cli.py::TestWorkflowRun::test_workflow_run_analyze_neutronics PASSED [  5%]
tests/test_cli.py::TestWorkflowRun::test_workflow_run_analyze_full PASSED [  5%]
tests/test_cli.py::TestWorkflowRun::test_workflow_run_create_reactor_with_output PASSED [  5%]
tests/test_cli.py::TestWorkflowRun::test_workflow_run_create_reactor_no_preset_or_config PASSED [  5%]
tests/test_cli.py::TestWorkflowRun::test_workflow_run_invalid_steps PASSED [  5%]
tests/test_cli.py::TestTransientRun::test_transient_run_basic PASSED     [  5%]
tests/test_cli.py::TestThermalLumped::test_thermal_lumped_basic PASSED   [  5%]
tests/test_cli.py::TestValidateDesign::test_validate_design_no_reactor PASSED [  5%]
tests/test_cli.py::TestValidateDesign::test_validate_design_file_not_found PASSED [  5%]
tests/test_cli.py::TestValidateDesign::test_validate_design_with_preset PASSED [  5%]
tests/test_cli.py::TestValidateDesign::test_validate_design_with_output PASSED [  5%]
tests/test_cli.py::TestValidateDesign::test_validate_design_with_violations PASSED [  5%]
tests/test_cli.py::TestReactorAnalyzeBatch::test_reactor_analyze_batch_no_files PASSED [  5%]
tests/test_cli.py::TestReactorAnalyzeBatch::test_reactor_analyze_batch_sequential PASSED [  5%]
tests/test_cli.py::TestReactorAnalyzeBatch::test_reactor_analyze_batch_sequential_with_rich PASSED [  5%]
tests/test_cli.py::TestReactorAnalyzeBatch::test_reactor_analyze_batch_parallel_with_rich PASSED [  5%]
tests/test_cli.py::TestReactorAnalyzeBatch::test_reactor_analyze_batch_parallel_without_rich PASSED [  5%]
tests/test_cli.py::TestReactorAnalyzeBatch::test_reactor_analyze_batch_with_output_dir PASSED [  5%]
tests/test_cli.py::TestReactorAnalyzeBatch::test_reactor_analyze_batch_with_errors PASSED [  5%]
tests/test_cli.py::TestReactorAnalyzeBatch::test_reactor_analyze_batch_summary_with_rich PASSED [  5%]
tests/test_cli.py::TestReactorAnalyzeBatch::test_reactor_analyze_batch_summary_with_errors_rich PASSED [  5%]
tests/test_cli.py::TestReactorAnalyzeBatch::test_reactor_analyze_batch_yaml_file PASSED [  5%]
tests/test_cli.py::TestReactorAnalyzeBatch::test_reactor_analyze_batch_yaml_not_available PASSED [  5%]
tests/test_cli.py::TestReactorAnalyzeBatch::test_reactor_analyze_batch_summary_without_rich PASSED [  5%]
tests/test_cli.py::TestReactorAnalyzeBatch::test_reactor_analyze_batch_with_errors_summary PASSED [  5%]
tests/test_cli.py::TestReactorCompare::test_reactor_compare_no_options PASSED [  5%]
tests/test_cli.py::TestReactorCompare::test_reactor_compare_with_presets PASSED [  5%]
tests/test_cli.py::TestReactorCompare::test_reactor_compare_with_reactors PASSED [  5%]
tests/test_cli.py::TestReactorCompare::test_reactor_compare_with_output PASSED [  5%]
tests/test_cli.py::TestReactorCompare::test_reactor_compare_with_power_density PASSED [  5%]
tests/test_cli.py::TestReactorCompare::test_reactor_compare_with_temperature_peak PASSED [  5%]
tests/test_cli.py::TestReactorCompare::test_reactor_compare_html_output PASSED [  5%]
tests/test_cli.py::TestReactorCompare::test_reactor_compare_with_rich PASSED [  5%]
tests/test_cli.py::TestValidateRun::test_validate_run_script_not_found PASSED [  5%]
tests/test_cli.py::TestValidateRun::test_validate_run_with_endf_dir PASSED [  5%]
tests/test_cli.py::TestValidateRun::test_validate_run_run_validation_script_path PASSED [  5%]
tests/test_cli.py::TestValidateRun::test_validate_run_run_validation_with_output_and_benchmarks PASSED [  5%]
tests/test_cli.py::TestValidateRun::test_validate_run_run_validation_failed_returncode PASSED [  6%]
tests/test_cli.py::TestValidateBenchmark::test_validate_benchmark_success PASSED [  6%]
tests/test_cli.py::TestValidateBenchmark::test_validate_benchmark_fail_exits PASSED [  6%]
tests/test_cli.py::TestReportDesign::test_report_design_no_preset_or_reactor PASSED [  6%]
tests/test_cli.py::TestReportDesign::test_report_design_with_preset PASSED [  6%]
tests/test_cli.py::TestVisualizeGeometry::test_visualize_geometry_file_not_found PASSED [  6%]
tests/test_cli.py::TestVisualizeGeometry::test_visualize_geometry_2d PASSED [  6%]
tests/test_cli.py::TestVisualizeGeometry::test_visualize_geometry_3d PASSED [  6%]
tests/test_cli.py::TestVisualizeGeometry::test_visualize_geometry_with_output PASSED [  6%]
tests/test_cli.py::TestVisualizeGeometry::test_visualize_geometry_interactive PASSED [  6%]
tests/test_cli.py::TestVisualizeFlux::test_visualize_flux_file_not_found PASSED [  6%]
tests/test_cli.py::TestVisualizeFlux::test_visualize_flux_basic PASSED   [  6%]
tests/test_cli.py::TestBurnupVisualize::test_burnup_visualize_file_not_found PASSED [  6%]
tests/test_cli.py::TestBurnupVisualize::test_burnup_visualize_basic PASSED [  6%]
tests/test_cli.py::TestBurnupVisualize::test_burnup_visualize_with_burnup_plot PASSED [  6%]
tests/test_cli.py::TestBurnupVisualize::test_burnup_visualize_composition PASSED [  6%]
tests/test_cli.py::TestBurnupVisualize::test_burnup_visualize_with_keff PASSED [  6%]
tests/test_cli.py::TestBurnupVisualize::test_burnup_visualize_unsupported_format PASSED [  6%]
tests/test_cli.py::TestBurnupVisualize::test_burnup_visualize_hdf5_not_available PASSED [  6%]
tests/test_cli.py::TestSweepRun::test_sweep_run_basic PASSED             [  6%]
tests/test_cli.py::TestSweepRun::test_sweep_run_with_reactor_file PASSED [  6%]
tests/test_cli.py::TestSweepRun::test_sweep_run_with_preset PASSED       [  6%]
tests/test_cli.py::TestTemplateCreate::test_template_create_no_options PASSED [  6%]
tests/test_cli.py::TestTemplateCreate::test_template_create_from_preset PASSED [  6%]
tests/test_cli.py::TestTemplateModify::test_template_modify_file_not_found PASSED [  6%]
tests/test_cli.py::TestTemplateModify::test_template_modify_with_params PASSED [  6%]
tests/test_cli.py::TestTemplateValidate::test_template_validate_valid PASSED [  6%]
tests/test_cli.py::TestTemplateValidate::test_template_validate_invalid PASSED [  6%]
tests/test_cli.py::TestAdditionalCLIPaths::test_reactor_list_without_rich PASSED [  6%]
tests/test_cli.py::TestAdditionalCLIPaths::test_reactor_list_with_type_filter PASSED [  6%]
tests/test_cli.py::TestAdditionalCLIPaths::test_reactor_list_detailed_without_rich PASSED [  6%]
tests/test_cli.py::TestAdditionalCLIPaths::test_config_show_yaml_not_available PASSED [  6%]
tests/test_cli.py::TestAdditionalCLIPaths::test_config_set_yaml_not_available PASSED [  6%]
tests/test_cli.py::TestAdditionalCLIPaths::test_transient_run_with_output PASSED [  6%]
tests/test_cli.py::TestAdditionalCLIPaths::test_transient_run_without_rich PASSED [  6%]
tests/test_cli.py::TestAdditionalCLIPaths::test_thermal_lumped_with_config PASSED [  6%]
tests/test_cli.py::TestAdditionalCLIPaths::test_thermal_lumped_yaml_not_available PASSED [  6%]
tests/test_cli.py::TestDesignStudyHtmlReport::test_write_design_study_html PASSED [  6%]
tests/test_cli.py::TestCLIHelpers::test_to_jsonable_ndarray PASSED       [  6%]
tests/test_cli.py::TestCLIHelpers::test_to_jsonable_np_generic PASSED    [  6%]
tests/test_cli.py::TestCLIHelpers::test_to_jsonable_path PASSED          [  6%]
tests/test_cli.py::TestCLIHelpers::test_to_jsonable_dict PASSED          [  6%]
tests/test_cli.py::TestCLIHelpers::test_to_jsonable_list_tuple PASSED    [  6%]
tests/test_cli.py::TestCLIHelpers::test_to_jsonable_set PASSED           [  6%]
tests/test_cli.py::TestCLIHelpers::test_to_jsonable_other PASSED         [  6%]
tests/test_cli.py::TestCLIHelpers::test_supports_unicode PASSED          [  6%]
tests/test_cli.py::TestCLIHelpers::test_save_workflow_plot_matplotlib PASSED [  6%]
tests/test_cli.py::TestCLIHelpers::test_save_workflow_plot_plotly_html PASSED [  6%]
tests/test_cli.py::TestCLIHelpers::test_save_workflow_plot_plotly_image_fallback PASSED [  6%]
tests/test_cli.py::TestCLIHelpers::test_save_workflow_plot_unsupported PASSED [  6%]
tests/test_cli.py::TestDataInterpolate::test_data_interpolate_invalid_nuclide PASSED [  7%]
tests/test_cli.py::TestDataInterpolate::test_data_interpolate_success_mocked PASSED [  7%]
tests/test_cli.py::TestDataShield::test_data_shield_invalid_nuclide PASSED [  7%]
tests/test_cli.py::TestDecayHeatCalculate::test_decay_heat_no_inventory_or_nuclides PASSED [  7%]
tests/test_cli.py::TestDecayHeatCalculate::test_decay_heat_invalid_nuclide_spec PASSED [  7%]
tests/test_cli.py::TestDecayHeatCalculate::test_decay_heat_success_nuclides_mocked PASSED [  7%]
tests/test_cli.py::TestGitHubActionsCLI::test_github_repo_root_invalid_dir PASSED [  7%]
tests/test_cli.py::TestGitHubActionsCLI::test_github_actions_status_success PASSED [  7%]
tests/test_cli.py::TestGitHubActionsCLI::test_github_actions_enable_success PASSED [  7%]
tests/test_cli.py::TestGitHubActionsCLI::test_github_actions_disable_success PASSED [  7%]
tests/test_cli.py::TestGitHubActionsCLI::test_github_actions_list_success PASSED [  7%]
tests/test_cli.py::TestGitHubActionsCLI::test_github_actions_set_unknown_feature PASSED [  7%]
tests/test_cli.py::TestGitHubActionsCLI::test_github_actions_set_success PASSED [  7%]
tests/test_cli.py::TestGitHubActionsCLI::test_github_actions_configure_with_flags PASSED [  7%]
tests/test_cli.py::TestGitHubActionsCLI::test_main_github_status PASSED  [  7%]
tests/test_cli.py::TestWorkflowCLI::test_workflow_doe_lhs_success PASSED [  7%]
tests/test_cli.py::TestWorkflowCLI::test_workflow_doe_factorial_success PASSED [  7%]
tests/test_cli.py::TestWorkflowCLI::test_workflow_doe_error_invalid_factors PASSED [  7%]
tests/test_cli.py::TestWorkflowCLI::test_workflow_design_point_success PASSED [  7%]
tests/test_cli.py::TestWorkflowCLI::test_workflow_safety_report_success PASSED [  7%]
tests/test_cli.py::TestWorkflowCLI::test_workflow_pareto_success PASSED  [  7%]
tests/test_cli.py::TestWorkflowCLI::test_workflow_requirements_to_constraints_success PASSED [  7%]
tests/test_cli.py::TestBatchKeffAndWorkflowHandlers::test_batch_keff_run_no_reactors PASSED [  7%]
tests/test_cli.py::TestBatchKeffAndWorkflowHandlers::test_batch_keff_run_success_mocked PASSED [  7%]
tests/test_cli.py::TestBatchKeffAndWorkflowHandlers::test_workflow_variant_success PASSED [  7%]
tests/test_cli.py::TestBatchKeffAndWorkflowHandlers::test_workflow_sensitivity_success PASSED [  7%]
tests/test_cli.py::TestBatchKeffAndWorkflowHandlers::test_workflow_sensitivity_no_file PASSED [  7%]
tests/test_cli.py::TestBatchKeffAndWorkflowHandlers::test_workflow_sobol_success PASSED [  7%]
tests/test_cli.py::TestBatchKeffAndWorkflowHandlers::test_workflow_sobol_no_file PASSED [  7%]
tests/test_cli.py::TestBatchKeffAndWorkflowHandlers::test_workflow_atlas_success PASSED [  7%]
tests/test_cli.py::TestBatchKeffAndWorkflowHandlers::test_workflow_surrogate_success PASSED [  7%]
tests/test_cli.py::TestBatchKeffAndWorkflowHandlers::test_data_shield_success_mocked PASSED [  7%]
tests/test_cli.py::TestBatchKeffAndWorkflowHandlers::test_workflow_design_study_success PASSED [  7%]
tests/test_cli.py::TestBatchKeffAndWorkflowHandlers::test_workflow_optimize_no_reactor PASSED [  7%]
tests/test_cli.py::TestBatchKeffAndWorkflowHandlers::test_workflow_optimize_success_mocked PASSED [  7%]
tests/test_cli.py::TestBatchKeffAndWorkflowHandlers::test_workflow_uq_no_reactor PASSED [  7%]
tests/test_cli.py::TestBatchKeffAndWorkflowHandlers::test_workflow_uq_success_mocked PASSED [  7%]
tests/test_constants.py::TestElementSymbols::test_element_symbols_contains_uranium PASSED [  7%]
tests/test_constants.py::TestElementSymbols::test_symbol_to_z_mapping PASSED [  7%]
tests/test_constants.py::TestElementSymbols::test_element_symbols_consistency PASSED [  7%]
tests/test_constants.py::TestParseNuclideString::test_parse_simple_nuclide PASSED [  7%]
tests/test_constants.py::TestParseNuclideString::test_parse_metastable PASSED [  7%]
tests/test_constants.py::TestParseNuclideString::test_parse_metastable_with_number PASSED [  7%]
tests/test_constants.py::TestParseNuclideString::test_parse_invalid_nuclide PASSED [  7%]
tests/test_constants.py::TestParseNuclideString::test_parse_various_nuclides PASSED [  7%]
tests/test_constants.py::TestZamToName::test_zam_to_name_u235 PASSED     [  7%]
tests/test_constants.py::TestZamToName::test_zam_to_name_u238 PASSED     [  7%]
tests/test_constants.py::TestZamToName::test_zam_to_name_metastable PASSED [  7%]
tests/test_constants.py::TestZamToName::test_zam_to_name_round_trip PASSED [  7%]
tests/test_constants.py::TestWattSpectrum::test_watt_spectrum_normalized PASSED [  7%]
tests/test_constants.py::TestWattSpectrum::test_watt_spectrum_positive PASSED [  7%]
tests/test_constants.py::TestWattSpectrum::test_watt_spectrum_with_u235_params PASSED [  8%]
tests/test_constants.py::TestWattSpectrum::test_watt_spectrum_with_pu239_params PASSED [  8%]
tests/test_constants.py::TestWattSpectrum::test_watt_spectrum_shape PASSED [  8%]
tests/test_constants.py::TestConstants::test_htgr_constants_dict PASSED  [  8%]
tests/test_constants.py::TestConstants::test_atomic_masses_dict PASSED   [  8%]
tests/test_constants.py::TestConstants::test_q_values_dict PASSED        [  8%]
tests/test_constants.py::TestConstants::test_resonance_integrals_dict PASSED [  8%]
tests/test_constants.py::TestConstants::test_fast_flux_threshold PASSED  [  8%]
tests/test_constants.py::TestGroupStructures::test_group_structures_dict PASSED [  8%]
tests/test_constants.py::TestGroupStructures::test_scale_44_structure PASSED [  8%]
tests/test_constants.py::TestGroupStructures::test_htgr_8_structure PASSED [  8%]
tests/test_constants.py::TestGroupStructures::test_casmo_16_structure PASSED [  8%]
tests/test_constants.py::TestDelayedNeutronData::test_delayed_neutron_data_structure PASSED [  8%]
tests/test_constants.py::TestDelayedNeutronData::test_u235_delayed_neutron_data PASSED [  8%]
tests/test_constants.py::TestDelayedNeutronData::test_pu239_delayed_neutron_data PASSED [  8%]
tests/test_constraints.py::TestConstraintViolation::test_constraint_violation_creation PASSED [  8%]
tests/test_constraints.py::TestValidationResult::test_validation_result_passed PASSED [  8%]
tests/test_constraints.py::TestValidationResult::test_validation_result_with_errors PASSED [  8%]
tests/test_constraints.py::TestValidationResult::test_validation_result_with_warnings PASSED [  8%]
tests/test_constraints.py::TestConstraintSet::test_add_constraint PASSED [  8%]
tests/test_constraints.py::TestConstraintSet::test_get_regulatory_limits PASSED [  8%]
tests/test_constraints.py::TestConstraintSet::test_get_safety_margins PASSED [  8%]
tests/test_constraints.py::TestConstraintSet::test_save_and_load PASSED  [  8%]
tests/test_constraints.py::TestDesignValidator::test_init PASSED         [  8%]
tests/test_constraints.py::TestDesignValidator::test_validate_analysis_failure PASSED [  8%]
tests/test_constraints.py::TestDesignValidator::test_validate_k_eff_pass PASSED [  8%]
tests/test_constraints.py::TestDesignValidator::test_validate_k_eff_fail PASSED [  8%]
tests/test_constraints.py::TestDesignValidator::test_validate_power_density_pass PASSED [  8%]
tests/test_constraints.py::TestDesignValidator::test_validate_power_density_exceed PASSED [  8%]
tests/test_constraints.py::TestDesignValidator::test_validate_power_density_warning PASSED [  8%]
tests/test_constraints.py::TestDesignValidator::test_validate_min_constraint PASSED [  8%]
tests/test_constraints.py::TestDesignValidator::test_validate_min_constraint_fail PASSED [  8%]
tests/test_constraints.py::TestDesignValidator::test_validate_with_preexisting_results PASSED [  8%]
tests/test_constraints.py::TestDesignValidator::test_validate_power_peak_factor PASSED [  8%]
tests/test_constraints.py::TestDesignValidator::test_validate_unknown_constraint PASSED [  8%]
tests/test_constraints.py::TestDesignValidator::test_validate_value_from_reactor_spec PASSED [  8%]
tests/test_constraints.py::TestDesignValidator::test_validate_min_constraint_warning_severity PASSED [  8%]
tests/test_constraints.py::TestDesignValidator::test_validate_min_constraint_error_severity PASSED [  8%]
tests/test_constraints.py::TestDesignValidator::test_validate_min_k_eff_max_type PASSED [  8%]
tests/test_constraints.py::TestDesignValidator::test_validate_unknown_constraint_type_skipped PASSED [  8%]
tests/test_constraints.py::TestDesignValidator::test_validate_spec_missing_constraint_attribute_skipped PASSED [  8%]
tests/test_constraints.py::TestDesignValidator::test_validate_max_constraint_no_violation_severity_none PASSED [  8%]
tests/test_constraints.py::TestDesignValidator::test_validate_reactor_no_spec_skipped PASSED [  8%]
tests/test_constraints.py::TestDesignValidator::test_validate_min_constraint_no_violation_severity_none PASSED [  8%]
tests/test_control_controllers.py::TestPIDController::test_pid_basic PASSED [  8%]
tests/test_control_controllers.py::TestPIDController::test_pid_integral_windup PASSED [  8%]
tests/test_control_controllers.py::TestPIDController::test_pid_reset PASSED [  8%]
tests/test_control_controllers.py::TestPIDController::test_pid_setpoint_change PASSED [  8%]
tests/test_control_controllers.py::TestReactorController::test_reactor_controller_init PASSED [  8%]
tests/test_control_controllers.py::TestReactorController::test_control_step_power_mode PASSED [  8%]
tests/test_control_controllers.py::TestReactorController::test_control_step_temperature_mode PASSED [  9%]
tests/test_control_controllers.py::TestReactorController::test_control_step_coordinated_mode PASSED [  9%]
tests/test_control_controllers.py::TestReactorController::test_setpoint_updates PASSED [  9%]
tests/test_control_controllers.py::TestReactorController::test_reset PASSED [  9%]
tests/test_control_controllers.py::TestLoadFollowingController::test_load_following_init PASSED [  9%]
tests/test_control_controllers.py::TestLoadFollowingController::test_get_demand_no_profile PASSED [  9%]
tests/test_control_controllers.py::TestLoadFollowingController::test_get_demand_with_profile PASSED [  9%]
tests/test_control_controllers.py::TestLoadFollowingController::test_ramp_limited_setpoint PASSED [  9%]
tests/test_control_controllers.py::TestLoadFollowingController::test_control_step PASSED [  9%]
tests/test_control_controllers.py::TestLoadFollowingController::test_reset PASSED [  9%]
tests/test_control_integration.py::TestCreateControlledReactivity::test_create_controlled_reactivity_basic PASSED [  9%]
tests/test_control_integration.py::TestCreateControlledReactivity::test_create_controlled_reactivity_with_rod_worth PASSED [  9%]
tests/test_control_integration.py::TestCreateControlledReactivity::test_create_controlled_reactivity_with_state PASSED [  9%]
tests/test_control_integration.py::TestCreateControlledReactivity::test_create_controlled_reactivity_with_temperature_key PASSED [  9%]
tests/test_control_integration.py::TestCreateControlledReactivity::test_create_controlled_reactivity_time_evolution PASSED [  9%]
tests/test_control_integration.py::TestCreateControlledReactivity::test_create_controlled_reactivity_state_update PASSED [  9%]
tests/test_control_integration.py::TestCreateLoadFollowingReactivity::test_create_load_following_reactivity_basic PASSED [  9%]
tests/test_control_integration.py::TestCreateLoadFollowingReactivity::test_create_load_following_reactivity_with_state PASSED [  9%]
tests/test_control_integration.py::TestCreateLoadFollowingReactivity::test_create_load_following_reactivity_with_temperature_key PASSED [  9%]
tests/test_control_integration.py::TestCreateLoadFollowingReactivity::test_create_load_following_reactivity_time_evolution PASSED [  9%]
tests/test_control_integration.py::TestCreateLoadFollowingReactivity::test_create_load_following_reactivity_state_update PASSED [  9%]
tests/test_control_integration.py::TestCreateLoadFollowingReactivity::test_create_load_following_reactivity_no_state_update PASSED [  9%]
tests/test_control_integration.py::TestIntegrationWithRealControllers::test_create_controlled_reactivity_real_controller PASSED [  9%]
tests/test_control_integration.py::TestIntegrationWithRealControllers::test_create_load_following_reactivity_real_controller PASSED [  9%]
tests/test_control_integration.py::TestControlIntegrationEdgeCases::test_create_controlled_reactivity_state_partial_update PASSED [  9%]
tests/test_control_integration.py::TestControlIntegrationEdgeCases::test_create_controlled_reactivity_state_only_temperature PASSED [  9%]
tests/test_control_integration.py::TestControlIntegrationEdgeCases::test_create_controlled_reactivity_empty_state_dict PASSED [  9%]
tests/test_control_integration.py::TestControlIntegrationEdgeCases::test_create_controlled_reactivity_dt_calculation_zero_time PASSED [  9%]
tests/test_control_integration.py::TestControlIntegrationEdgeCases::test_create_controlled_reactivity_rod_worth_none PASSED [  9%]
tests/test_control_integration.py::TestControlIntegrationEdgeCases::test_create_load_following_reactivity_state_partial_update PASSED [  9%]
tests/test_control_integration.py::TestControlIntegrationEdgeCases::test_create_load_following_reactivity_empty_state_dict PASSED [  9%]
tests/test_control_integration.py::TestControlIntegrationEdgeCases::test_create_load_following_reactivity_dt_calculation PASSED [  9%]
tests/test_control_integration.py::TestControlIntegrationEdgeCases::test_create_controlled_reactivity_temperature_precedence PASSED [  9%]
tests/test_control_integration.py::TestControlIntegrationEdgeCases::test_create_load_following_reactivity_temperature_precedence PASSED [  9%]
tests/test_control_integration.py::TestControlIntegrationEdgeCases::test_create_controlled_reactivity_state_neither_key PASSED [  9%]
tests/test_control_integration.py::TestControlIntegrationEdgeCases::test_create_controlled_reactivity_backwards_time PASSED [  9%]
tests/test_control_integration.py::TestControlIntegrationEdgeCases::test_create_load_following_reactivity_state_neither_key PASSED [  9%]
tests/test_control_integration.py::TestControlIntegrationEdgeCases::test_create_controlled_reactivity_state_none PASSED [  9%]
tests/test_control_integration.py::TestControlIntegrationEdgeCases::test_create_load_following_reactivity_state_none PASSED [  9%]
tests/test_control_integration.py::TestControlIntegrationEdgeCases::test_create_controlled_reactivity_state_with_only_temperature_no_power PASSED [  9%]
tests/test_control_integration.py::TestControlIntegrationEdgeCases::test_create_load_following_reactivity_state_with_only_temperature_no_power PASSED [  9%]
tests/test_control_integration_extended.py::TestControlIntegrationExtendedEdgeCases::test_create_controlled_reactivity_state_with_none_temperature_fallback PASSED [  9%]
tests/test_control_integration_extended.py::TestControlIntegrationExtendedEdgeCases::test_create_controlled_reactivity_state_with_t_fuel PASSED [  9%]
tests/test_control_integration_extended.py::TestControlIntegrationExtendedEdgeCases::test_create_load_following_reactivity_state_with_none_temperature_fallback PASSED [  9%]
tests/test_control_integration_extended.py::TestControlIntegrationExtendedEdgeCases::test_create_load_following_reactivity_state_with_t_fuel PASSED [  9%]
tests/test_control_integration_extended.py::TestControlIntegrationExtendedEdgeCases::test_create_controlled_reactivity_control_step_exception PASSED [  9%]
tests/test_control_integration_extended.py::TestControlIntegrationExtendedEdgeCases::test_create_load_following_reactivity_control_step_exception PASSED [  9%]
tests/test_control_integration_extended.py::TestControlIntegrationExtendedEdgeCases::test_create_controlled_reactivity_zero_initial_time_dt_zero PASSED [  9%]
tests/test_control_integration_extended.py::TestControlIntegrationExtendedEdgeCases::test_create_load_following_reactivity_zero_initial_time_dt_zero PASSED [  9%]
tests/test_control_integration_extended.py::TestControlIntegrationExtendedEdgeCases::test_create_controlled_reactivity_negative_dt PASSED [  9%]
tests/test_control_integration_extended.py::TestControlIntegrationExtendedEdgeCases::test_create_load_following_reactivity_state_temperature_only_via_get PASSED [  9%]
tests/test_control_integration_extended.py::TestControlIntegrationExtendedEdgeCases::test_create_controlled_reactivity_state_power_only_no_temp_update PASSED [ 10%]
tests/test_control_integration_extended.py::TestControlIntegrationExtendedEdgeCases::test_create_load_following_reactivity_state_power_only_no_temp_update PASSED [ 10%]
tests/test_control_rod_worth.py::TestWorthProfile::test_uniform_profile PASSED [ 10%]
tests/test_control_rod_worth.py::TestWorthProfile::test_cosine_profile PASSED [ 10%]
tests/test_control_rod_worth.py::TestWorthProfile::test_parabolic_profile PASSED [ 10%]
tests/test_control_rod_worth.py::TestWorthProfile::test_get_worth_fraction PASSED [ 10%]
tests/test_control_rod_worth.py::TestWorthProfile::test_get_worth_fraction_cosine PASSED [ 10%]
tests/test_control_rod_worth.py::TestWorthProfile::test_get_worth_fraction_position_gt_one_normalized PASSED [ 10%]
tests/test_control_rod_worth.py::TestWorthProfile::test_get_worth_fraction_position_gt_one_max_zero PASSED [ 10%]
tests/test_control_rod_worth.py::TestControlRodWorthCalculator::test_calculator_creation PASSED [ 10%]
tests/test_control_rod_worth.py::TestControlRodWorthCalculator::test_calculate_worth_uniform PASSED [ 10%]
tests/test_control_rod_worth.py::TestControlRodWorthCalculator::test_calculate_worth_cosine PASSED [ 10%]
tests/test_control_rod_worth.py::TestControlRodWorthCalculator::test_calculate_flux_weighted_worth PASSED [ 10%]
tests/test_control_rod_worth.py::TestControlRodWorthCalculator::test_calculate_worth_gradient PASSED [ 10%]
tests/test_control_rod_worth.py::TestControlRodWorthCalculator::test_interpolate_worth PASSED [ 10%]
tests/test_control_rod_worth.py::TestControlRodWorthCalculator::test_calculate_worth_axial_positions_norm_max_le_one PASSED [ 10%]
tests/test_control_rod_worth.py::TestControlRodWorthCalculator::test_calculate_worth_no_inserted_region PASSED [ 10%]
tests/test_control_rod_worth.py::TestControlRodWorthCalculator::test_calculate_worth_zero_flux_sum PASSED [ 10%]
tests/test_control_rod_worth.py::TestControlRodWorthCalculator::test_interpolate_worth_cubic PASSED [ 10%]
tests/test_control_rod_worth.py::TestWorthFromNeutronics::test_calculate_rod_worth_from_neutronics PASSED [ 10%]
tests/test_control_rod_worth.py::TestWorthFromNeutronics::test_calculate_rod_worth_from_neutronics_invalid_k_eff PASSED [ 10%]
tests/test_control_rod_worth.py::TestWorthFromNeutronics::test_calculate_rod_worth_pcm PASSED [ 10%]
tests/test_control_rod_worth.py::TestWorthFromNeutronics::test_calculate_worth_profile_from_neutronics PASSED [ 10%]
tests/test_control_rod_worth.py::TestWorthFromNeutronics::test_worth_profile_normalization PASSED [ 10%]
tests/test_control_rods.py::TestControlRod::test_control_rod_creation PASSED [ 10%]
tests/test_control_rods.py::TestControlRod::test_control_rod_volume PASSED [ 10%]
tests/test_control_rods.py::TestControlRod::test_control_rod_inserted_length PASSED [ 10%]
tests/test_control_rods.py::TestControlRod::test_control_rod_fully_inserted PASSED [ 10%]
tests/test_control_rods.py::TestControlRod::test_control_rod_fully_withdrawn PASSED [ 10%]
tests/test_control_rods.py::TestControlRodBank::test_bank_creation PASSED [ 10%]
tests/test_control_rods.py::TestControlRodBank::test_bank_add_rod PASSED [ 10%]
tests/test_control_rods.py::TestControlRodBank::test_bank_set_insertion PASSED [ 10%]
tests/test_control_rods.py::TestControlRodBank::test_bank_scram PASSED   [ 10%]
tests/test_control_rods.py::TestControlRodBank::test_bank_withdraw PASSED [ 10%]
tests/test_control_rods.py::TestControlRodBank::test_bank_total_worth PASSED [ 10%]
tests/test_control_rods.py::TestControlRodBank::test_bank_total_worth_no_max PASSED [ 10%]
tests/test_control_rods.py::TestControlRodBank::test_bank_total_worth_with_worth_profile PASSED [ 10%]
tests/test_control_rods.py::TestControlRodBank::test_bank_length_property PASSED [ 10%]
tests/test_control_rods.py::TestControlRodBank::test_bank_get_rods_by_position PASSED [ 10%]
tests/test_control_rods.py::TestControlRodBank::test_bank_get_rods_by_position_no_rods PASSED [ 10%]
tests/test_control_rods.py::TestControlRodBank::test_bank_can_insert_no_dependencies PASSED [ 10%]
tests/test_control_rods.py::TestControlRodBank::test_bank_can_insert_with_dependencies PASSED [ 10%]
tests/test_control_rods.py::TestControlRodBank::test_bank_can_insert_dependency_not_inserted PASSED [ 10%]
tests/test_control_rods.py::TestControlRodBank::test_bank_can_insert_dependency_not_found PASSED [ 10%]
tests/test_control_rods.py::TestControlRodSequence::test_sequence_creation PASSED [ 10%]
tests/test_control_rods.py::TestControlRodSequence::test_sequence_with_steps PASSED [ 10%]
tests/test_control_rods.py::TestScramEvent::test_scram_event_creation PASSED [ 10%]
tests/test_control_rods.py::TestControlRodWorthAtPosition::test_worth_at_position_no_worth PASSED [ 10%]
tests/test_control_rods.py::TestControlRodWorthAtPosition::test_worth_at_position_outside_inserted_length PASSED [ 10%]
tests/test_control_rods.py::TestControlRodWorthAtPosition::test_worth_at_position_with_worth_profile PASSED [ 10%]
tests/test_control_rods.py::TestControlRodWorthAtPosition::test_worth_at_position_zero_length PASSED [ 11%]
tests/test_control_rods.py::TestControlRodSystem::test_system_creation PASSED [ 11%]
tests/test_control_rods.py::TestControlRodSystem::test_system_add_bank PASSED [ 11%]
tests/test_control_rods.py::TestControlRodSystem::test_system_get_bank PASSED [ 11%]
tests/test_control_rods.py::TestControlRodSystem::test_system_scram_all PASSED [ 11%]
tests/test_control_rods.py::TestControlRodSystem::test_system_total_reactivity_worth PASSED [ 11%]
tests/test_control_rods.py::TestControlRodSystem::test_system_shutdown_margin PASSED [ 11%]
tests/test_control_rods.py::TestControlRodSystem::test_system_shutdown_margin_no_max_worth PASSED [ 11%]
tests/test_control_rods.py::TestControlRodSystem::test_system_execute_sequence PASSED [ 11%]
tests/test_control_rods.py::TestControlRodSystem::test_system_execute_sequence_bank_not_found PASSED [ 11%]
tests/test_control_rods.py::TestControlRodSystem::test_system_execute_sequence_with_dependency_check PASSED [ 11%]
tests/test_control_rods.py::TestControlRodSystem::test_system_execute_sequence_dependency_failed PASSED [ 11%]
tests/test_control_rods.py::TestControlRodSystem::test_system_scram_all_records_history PASSED [ 11%]
tests/test_control_rods.py::TestControlRodSystem::test_system_add_sequence PASSED [ 11%]
tests/test_control_rods.py::TestControlRodSystem::test_system_get_sequence PASSED [ 11%]
tests/test_control_rods.py::TestControlRodSystem::test_system_get_banks_by_priority PASSED [ 11%]
tests/test_control_rods.py::TestControlRodSystem::test_system_get_banks_by_zone PASSED [ 11%]
tests/test_control_rods.py::TestControlRodSystem::test_system_calculate_worth_at_position PASSED [ 11%]
tests/test_control_rods.py::TestControlRodSystem::test_system_calculate_worth_at_position_with_radial_profile PASSED [ 11%]
tests/test_control_rods.py::TestControlRodSystem::test_system_calculate_worth_at_position_with_axial_profile PASSED [ 11%]
tests/test_control_rods.py::TestControlRodSystem::test_system_calculate_worth_at_position_zero_radius PASSED [ 11%]
tests/test_control_rods.py::TestControlRodSystem::test_system_sequenced_insertion_by_priority PASSED [ 11%]
tests/test_control_rods.py::TestControlRodSystem::test_system_sequenced_insertion_by_dependency PASSED [ 11%]
tests/test_control_rods.py::TestControlRodSystem::test_system_sequenced_insertion_specific_banks PASSED [ 11%]
tests/test_control_rods.py::TestControlRodSystem::test_system_sequenced_insertion_circular_dependency PASSED [ 11%]
tests/test_control_rods.py::TestControlRodSystem::test_system_sequenced_insertion_dependency_violation PASSED [ 11%]
tests/test_control_rods.py::TestControlRodSystem::test_system_get_scram_geometry PASSED [ 11%]
tests/test_control_rods.py::TestControlRodSystem::test_system_is_in_scram_state PASSED [ 11%]
tests/test_control_rods.py::TestControlRodSystem::test_system_create_standard_sequence PASSED [ 11%]
tests/test_control_rods.py::TestControlRodSystem::test_system_create_standard_sequence_not_regulation_first PASSED [ 11%]
tests/test_control_rods.py::TestControlRodSystem::test_system_create_standard_sequence_empty_banks PASSED [ 11%]
tests/test_convenience.py::TestListPresets::test_list_presets_returns_list PASSED [ 11%]
tests/test_convenience.py::TestListPresets::test_list_presets_contains_expected PASSED [ 11%]
tests/test_convenience.py::TestGetPreset::test_get_preset_returns_spec PASSED [ 11%]
tests/test_convenience.py::TestGetPreset::test_get_preset_invalid_name PASSED [ 11%]
tests/test_convenience.py::TestCreateReactor::test_create_reactor_custom PASSED [ 11%]
tests/test_convenience.py::TestCreateReactor::test_create_reactor_with_defaults PASSED [ 11%]
tests/test_convenience.py::TestCreateReactor::test_create_reactor_with_preset_name PASSED [ 11%]
tests/test_convenience.py::TestCreateReactor::test_create_reactor_invalid_preset PASSED [ 11%]
tests/test_convenience.py::TestCreateReactor::test_create_reactor_from_config_path PASSED [ 11%]
tests/test_convenience.py::TestLoadReactor::test_load_reactor_from_path PASSED [ 11%]
tests/test_convenience.py::TestLoadReactor::test_load_reactor_from_str PASSED [ 11%]
tests/test_convenience.py::TestLoadReactor::test_load_reactor_solve_keff PASSED [ 11%]
tests/test_convenience.py::TestQuickValidate::test_quick_validate_with_path PASSED [ 11%]
tests/test_convenience.py::TestQuickValidate::test_quick_validate_with_reactor PASSED [ 11%]
tests/test_convenience.py::TestQuickKeff::test_quick_keff_returns_float PASSED [ 11%]
tests/test_convenience.py::TestQuickKeff::test_quick_keff_with_custom_params PASSED [ 11%]
tests/test_convenience.py::TestAnalyzePreset::test_analyze_preset_returns_dict PASSED [ 11%]
tests/test_convenience.py::TestCompareDesigns::test_compare_designs_returns_dict PASSED [ 11%]
tests/test_convenience.py::TestCompareDesigns::test_compare_designs_empty_list PASSED [ 11%]
tests/test_convenience.py::TestSimpleReactorAdditional::test_simple_reactor_solve_returns_dict PASSED [ 11%]
tests/test_convenience.py::TestSimpleReactorAdditional::test_simple_reactor_save_and_load PASSED [ 12%]
tests/test_convenience.py::TestSimpleReactorAdditional::test_solve_keff_with_validation_error PASSED [ 12%]
tests/test_convenience.py::TestSimpleReactorAdditional::test_solve_with_power_distribution PASSED [ 12%]
tests/test_convenience.py::TestSimpleReactorAdditional::test_compare_designs_handles_errors PASSED [ 12%]
tests/test_convenience.py::TestSimpleReactor::test_simple_reactor_init PASSED [ 12%]
tests/test_convenience.py::TestSimpleReactor::test_simple_reactor_solve_keff PASSED [ 12%]
tests/test_convenience.py::TestSimpleReactor::test_simple_reactor_solve PASSED [ 12%]
tests/test_convenience.py::TestSimpleReactor::test_simple_reactor_get_core PASSED [ 12%]
tests/test_convenience.py::TestSimpleReactor::test_simple_reactor_get_xs_data PASSED [ 12%]
tests/test_convenience.py::TestSimpleReactor::test_simple_reactor_from_preset PASSED [ 12%]
tests/test_convenience.py::TestSimpleReactor::test_create_reactor_invalid_preset_error_path PASSED [ 12%]
tests/test_convenience.py::TestSimpleReactor::test_create_reactor_supports_all_listed_presets PASSED [ 12%]
tests/test_convenience.py::TestSimpleReactor::test_analyze_preset_return_path PASSED [ 12%]
tests/test_convenience.py::TestSimpleReactor::test_simple_reactor_from_preset_initialization PASSED [ 12%]
tests/test_convenience.py::TestSimpleReactor::test_simple_reactor_get_core_with_preset PASSED [ 12%]
tests/test_convenience.py::TestSimpleReactor::test_simple_reactor_get_xs_data_with_preset PASSED [ 12%]
tests/test_convenience.py::TestSimpleReactor::test_simple_reactor_solve_with_power_distribution PASSED [ 12%]
tests/test_convenience.py::TestSimpleReactor::test_convenience_import_error_handling PASSED [ 12%]
tests/test_convenience.py::TestSimpleReactor::test_get_library_initialization SKIPPED [ 12%]
tests/test_convenience.py::TestSimpleReactor::test_simple_reactor_solve_keff_success_path PASSED [ 12%]
tests/test_convenience.py::TestSimpleReactor::test_simple_reactor_solve_keff_exception_handling PASSED [ 12%]
tests/test_convenience.py::TestConvenienceEdgeCases::test_create_reactor_all_preset_types PASSED [ 12%]
tests/test_convenience.py::TestConvenienceEdgeCases::test_create_reactor_with_all_kwargs PASSED [ 12%]
tests/test_convenience.py::TestConvenienceEdgeCases::test_simple_reactor_init_with_custom_heavy_metal_loading PASSED [ 12%]
tests/test_convenience.py::TestConvenienceEdgeCases::test_simple_reactor_init_with_custom_coolant_flow_rate PASSED [ 12%]
tests/test_convenience.py::TestConvenienceEdgeCases::test_simple_reactor_get_core_builds_simple_core PASSED [ 12%]
tests/test_convenience.py::TestConvenienceEdgeCases::test_simple_reactor_get_core_calculates_n_rings PASSED [ 12%]
tests/test_convenience.py::TestConvenienceEdgeCases::test_simple_reactor_get_xs_data_creates_simple_xs PASSED [ 12%]
tests/test_convenience.py::TestConvenienceEdgeCases::test_simple_reactor_create_simple_xs PASSED [ 12%]
tests/test_convenience.py::TestConvenienceEdgeCases::test_simple_reactor_solve_with_power_distribution_exception PASSED [ 12%]
tests/test_convenience.py::TestConvenienceEdgeCases::test_simple_reactor_solve_keff_no_k_eff_attribute PASSED [ 12%]
tests/test_convenience.py::TestConvenienceEdgeCases::test_simple_reactor_solve_keff_k_eff_is_none PASSED [ 12%]
tests/test_convenience.py::TestConvenienceEdgeCases::test_compare_designs_with_exception PASSED [ 12%]
tests/test_convenience.py::TestConvenienceEdgeCases::test_compare_designs_mixed_valid_invalid PASSED [ 12%]
tests/test_convenience.py::TestConvenienceEdgeCases::test_simple_reactor_save_with_string_path PASSED [ 12%]
tests/test_convenience.py::TestConvenienceEdgeCases::test_simple_reactor_load_with_string_path PASSED [ 12%]
tests/test_convenience.py::TestConvenienceEdgeCases::test_simple_reactor_init_excludes_kwargs_from_spec PASSED [ 12%]
tests/test_convenience.py::TestConvenienceEdgeCases::test_simple_reactor_init_with_additional_kwargs PASSED [ 12%]
tests/test_convenience.py::TestConvenienceEdgeCases::test_get_library_raises_import_error_when_unavailable PASSED [ 12%]
tests/test_convenience.py::TestConvenienceEdgeCases::test_create_reactor_preset_class_mapping PASSED [ 12%]
tests/test_convenience.py::TestConvenienceMissingCoverage::test_get_preset_return_path PASSED [ 12%]
tests/test_convenience.py::TestConvenienceMissingCoverage::test_quick_keff_return_path PASSED [ 12%]
tests/test_convenience.py::TestConvenienceMissingCoverage::test_analyze_preset_full_path PASSED [ 12%]
tests/test_convenience.py::TestConvenienceMissingCoverage::test_compare_designs_exception_handling PASSED [ 12%]
tests/test_convenience.py::TestConvenienceMissingCoverage::test_get_core_simple_build_all_lines PASSED [ 12%]
tests/test_convenience.py::TestConvenienceMissingCoverage::test_get_core_with_preset_build_core PASSED [ 12%]
tests/test_convenience.py::TestConvenienceMissingCoverage::test_get_xs_data_with_preset_get_cross_sections PASSED [ 12%]
tests/test_convenience.py::TestConvenienceMissingCoverage::test_get_xs_data_creates_simple_xs_path PASSED [ 12%]
tests/test_convenience.py::TestConvenienceMissingCoverage::test_create_reactor_invalid_preset_raises_valueerror PASSED [ 12%]
tests/test_convenience.py::TestConvenienceMissingCoverage::test_get_library_raises_import_error PASSED [ 12%]
tests/test_convenience.py::TestConvenienceMissingCoverage::test_dummy_classes_defined_on_import_error PASSED [ 13%]
tests/test_convenience.py::TestConvenienceMissingCoverage::test_solve_power_distribution_success_path PASSED [ 13%]
tests/test_convenience.py::TestConvenienceMissingCoverage::test_solve_power_distribution_exception_path PASSED [ 13%]
tests/test_convenience_and_init_import_paths.py::test_convenience_module_core_paths PASSED [ 13%]
tests/test_convenience_and_init_import_paths.py::test_package_init_convenience_importerror_handling PASSED [ 13%]
tests/test_convenience_design_point.py::test_get_design_point_basic PASSED [ 13%]
tests/test_convenience_design_point.py::test_get_design_point_with_power_distribution PASSED [ 13%]
tests/test_convenience_design_point.py::test_save_variant_creates_file PASSED [ 13%]
tests/test_convenience_design_point.py::test_save_variant_sanitizes_name PASSED [ 13%]
tests/test_convenience_init.py::TestConvenienceInitImports::test_convenience_init_imports_success PASSED [ 13%]
tests/test_convenience_init.py::TestConvenienceInitImports::test_convenience_init_transient_import_error PASSED [ 13%]
tests/test_convenience_init.py::TestConvenienceInitImports::test_convenience_init_exception_handling PASSED [ 13%]
tests/test_convenience_init_comprehensive.py::TestConvenienceInitImportPaths::test_import_when_parent_available PASSED [ 13%]
tests/test_convenience_init_comprehensive.py::TestConvenienceInitImportPaths::test_transient_convenience_available PASSED [ 13%]
tests/test_convenience_init_comprehensive.py::TestConvenienceInitImportPaths::test_transient_convenience_not_available PASSED [ 13%]
tests/test_convenience_init_comprehensive.py::TestConvenienceInitImportPaths::test_all_exports_when_available PASSED [ 13%]
tests/test_convenience_init_comprehensive.py::TestConvenienceInitImportPaths::test_all_exports_when_transients_available PASSED [ 13%]
tests/test_convenience_init_comprehensive.py::TestConvenienceInitEdgeCases::test_import_when_parent_is_same_module PASSED [ 13%]
tests/test_convenience_init_comprehensive.py::TestConvenienceInitEdgeCases::test_all_empty_when_main_unavailable PASSED [ 13%]
tests/test_convenience_init_comprehensive.py::TestConvenienceInitEdgeCases::test_all_exports_only_main_available PASSED [ 13%]
tests/test_convenience_new_functions.py::TestListReactorTypes::test_returns_non_empty_list PASSED [ 13%]
tests/test_convenience_new_functions.py::TestListReactorTypes::test_contains_prismatic PASSED [ 13%]
tests/test_convenience_new_functions.py::TestListFuelTypes::test_returns_non_empty_list PASSED [ 13%]
tests/test_convenience_new_functions.py::TestListFuelTypes::test_contains_uco PASSED [ 13%]
tests/test_convenience_new_functions.py::TestQuickSweep::test_sweep_with_reactor_json_path PASSED [ 13%]
tests/test_convenience_new_functions.py::TestQuickSweep::test_sweep_with_preset_when_available PASSED [ 13%]
tests/test_convenience_new_functions.py::TestQuickEconomics::test_economics_with_reactor_json_path PASSED [ 13%]
tests/test_convenience_new_functions.py::TestQuickEconomics::test_economics_with_preset_when_available PASSED [ 13%]
tests/test_convenience_new_functions.py::TestListConstraintSets::test_returns_regulatory_and_safety PASSED [ 13%]
tests/test_convenience_new_functions.py::TestListConstraintSets::test_get_constraint_set PASSED [ 13%]
tests/test_convenience_new_functions.py::TestGetExamplePath::test_reactor_example PASSED [ 13%]
tests/test_convenience_new_functions.py::TestGetExamplePath::test_unknown_raises PASSED [ 13%]
tests/test_convenience_new_functions.py::TestListExamples::test_returns_non_empty PASSED [ 13%]
tests/test_convenience_new_functions.py::TestListNuclides::test_returns_common_nuclides PASSED [ 13%]
tests/test_convenience_new_functions.py::TestListSweepableParams::test_contains_enrichment PASSED [ 13%]
tests/test_convenience_new_functions.py::TestGetDefaultOutputDir::test_returns_path PASSED [ 13%]
tests/test_convenience_new_functions.py::TestSystemInfo::test_returns_dict_with_version PASSED [ 13%]
tests/test_convenience_new_functions.py::TestHelpTopics::test_returns_list PASSED [ 13%]
tests/test_convenience_new_functions.py::TestQuickOptimize::test_optimize_with_preset PASSED [ 13%]
tests/test_convenience_new_functions.py::TestQuickUq::test_uq_with_preset PASSED [ 13%]
tests/test_convenience_new_functions.py::TestGetDefaultEndfDir::test_returns_path PASSED [ 13%]
tests/test_convenience_new_functions.py::TestListEndfLibraries::test_returns_libraries PASSED [ 13%]
tests/test_convenience_new_functions.py::TestListGeometryTypes::test_returns_core_types PASSED [ 13%]
tests/test_convenience_new_functions.py::TestListAnalysisTypes::test_returns_analysis_types PASSED [ 13%]
tests/test_convenience_new_functions.py::TestListSurrogates::test_returns_list PASSED [ 13%]
tests/test_convenience_new_functions.py::TestQuickDownloadEndf::test_quick_download_endf_mocked PASSED [ 13%]
tests/test_convenience_new_functions.py::TestQuickBenchmark::test_quick_benchmark_returns_dict PASSED [ 13%]
tests/test_convenience_new_functions.py::TestQuickSafetyReport::test_quick_safety_report_with_preset PASSED [ 13%]
tests/test_convenience_new_functions.py::TestQuickTemplateFromPreset::test_quick_template_from_preset PASSED [ 13%]
tests/test_convenience_new_functions.py::TestListExportFormats::test_returns_formats PASSED [ 13%]
tests/test_convenience_new_functions.py::TestListTransientTypes::test_returns_types PASSED [ 13%]
tests/test_convenience_new_functions.py::TestGetConfig::test_get_config_empty_returns_dict PASSED [ 14%]
tests/test_convenience_new_functions.py::TestGetConfig::test_get_config_nonexistent_key_returns_none PASSED [ 14%]
tests/test_convenience_new_functions.py::TestListUqSamplingMethods::test_returns_methods PASSED [ 14%]
tests/test_convenience_new_functions.py::TestListOptimizationObjectives::test_returns_objectives PASSED [ 14%]
tests/test_convenience_new_functions.py::TestListOptimizationMethods::test_returns_methods PASSED [ 14%]
tests/test_convenience_new_functions.py::TestListDistributions::test_returns_distributions PASSED [ 14%]
tests/test_convenience_new_functions.py::TestListEconomicsOutputs::test_returns_outputs PASSED [ 14%]
tests/test_convenience_new_functions.py::TestGetDefaultConfigPath::test_returns_path PASSED [ 14%]
tests/test_convenience_new_functions.py::TestGetBenchmarkPath::test_returns_community_path PASSED [ 14%]
tests/test_convenience_new_functions.py::TestGetBenchmarkPath::test_returns_validation_path PASSED [ 14%]
tests/test_convenience_new_functions.py::TestListTemplates::test_returns_list PASSED [ 14%]
tests/test_convenience_new_functions.py::TestQuickExport::test_quick_export_json PASSED [ 14%]
tests/test_convenience_new_functions.py::TestQuickExport::test_quick_export_openmc PASSED [ 14%]
tests/test_convenience_new_functions.py::TestQuickExport::test_quick_export_invalid_format_raises PASSED [ 14%]
tests/test_convenience_package.py::test_convenience_package_importerror_and_branch_coverage PASSED [ 14%]
tests/test_convenience_remaining_coverage_round2.py::TestConvenienceUtilsImportErrorPaths::test_create_simple_burnup_solver_core_unavailable PASSED [ 14%]
tests/test_convenience_remaining_coverage_round2.py::TestConvenienceUtilsImportErrorPaths::test_get_material_core_unavailable PASSED [ 14%]
tests/test_convenience_remaining_coverage_round2.py::TestConvenienceUtilsImportErrorPaths::test_list_materials_core_unavailable PASSED [ 14%]
tests/test_convenience_remaining_coverage_round2.py::TestConvenienceUtilsImportErrorPaths::test_quick_plot_core_viz_unavailable PASSED [ 14%]
tests/test_convenience_remaining_coverage_round2.py::TestConvenienceUtilsImportErrorPaths::test_quick_plot_mesh_viz_unavailable PASSED [ 14%]
tests/test_convenience_remaining_coverage_round2.py::TestConvenienceUtilsImportErrorPaths::test_quick_plot_core_show_true_calls_plt_show PASSED [ 14%]
tests/test_convenience_remaining_coverage_round2.py::TestConvenienceUtilsImportErrorPaths::test_quick_plot_mesh_show_true_calls_fig_show PASSED [ 14%]
tests/test_convenience_remaining_coverage_round2.py::TestConvenienceUtilsQuickSolveReturnPower::test_quick_solve_return_power_with_geometry_spec_power_thermal PASSED [ 14%]
tests/test_convenience_remaining_coverage_round2.py::TestConvenienceUtilsQuickSolveReturnPower::test_quick_solve_return_power_without_geometry_spec_uses_default PASSED [ 14%]
tests/test_convenience_remaining_coverage_round2.py::TestConvenienceUtilsQuickSolveReturnPower::test_quick_solve_return_power_geometry_spec_no_power_thermal_uses_default PASSED [ 14%]
tests/test_convenience_transients.py::TestQuickTransient::test_quick_transient_reactivity_insertion PASSED [ 14%]
tests/test_convenience_transients.py::TestQuickTransient::test_quick_transient_reactivity_step PASSED [ 14%]
tests/test_convenience_transients.py::TestQuickTransient::test_quick_transient_decay_heat PASSED [ 14%]
tests/test_convenience_transients.py::TestQuickTransient::test_quick_transient_invalid_type PASSED [ 14%]
tests/test_convenience_transients.py::TestQuickTransient::test_quick_transient_invalid_inputs PASSED [ 14%]
tests/test_convenience_transients.py::TestQuickTransient::test_quick_transient_long_term_optimization PASSED [ 14%]
tests/test_convenience_transients.py::TestReactivityInsertion::test_reactivity_insertion PASSED [ 14%]
tests/test_convenience_transients.py::TestDecayHeatRemoval::test_decay_heat_removal PASSED [ 14%]
tests/test_convenience_transients.py::TestDecayHeatRemoval::test_decay_heat_removal_long_term PASSED [ 14%]
tests/test_convenience_transients.py::TestImports::test_import_quick_transient PASSED [ 14%]
tests/test_convenience_transients.py::TestImports::test_import_from_convenience PASSED [ 14%]
tests/test_convenience_transients.py::TestImports::test_import_from_top_level PASSED [ 14%]
tests/test_convenience_utils.py::TestGetNuclide::test_get_nuclide_simple PASSED [ 14%]
tests/test_convenience_utils.py::TestGetNuclide::test_get_nuclide_metastable PASSED [ 14%]
tests/test_convenience_utils.py::TestGetNuclide::test_get_nuclide_invalid PASSED [ 14%]
tests/test_convenience_utils.py::TestCreateNuclideList::test_create_nuclide_list_simple PASSED [ 14%]
tests/test_convenience_utils.py::TestCreateNuclideList::test_create_nuclide_list_empty PASSED [ 14%]
tests/test_convenience_utils.py::TestGetMaterial::test_get_material_exists PASSED [ 14%]
tests/test_convenience_utils.py::TestGetMaterial::test_get_material_not_found PASSED [ 14%]
tests/test_convenience_utils.py::TestListMaterials::test_list_materials_all PASSED [ 14%]
tests/test_convenience_utils.py::TestListMaterials::test_list_materials_category PASSED [ 14%]
tests/test_convenience_utils.py::TestConvenienceUtilsImportErrors::test_convenience_utils_import_error_handling PASSED [ 14%]
tests/test_convenience_utils_comprehensive.py::TestGeometryConvenienceFunctions::test_create_simple_core_defaults PASSED [ 14%]
tests/test_convenience_utils_comprehensive.py::TestGeometryConvenienceFunctions::test_create_simple_core_custom PASSED [ 14%]
tests/test_convenience_utils_comprehensive.py::TestGeometryConvenienceFunctions::test_create_simple_core_import_error PASSED [ 14%]
tests/test_convenience_utils_comprehensive.py::TestGeometryConvenienceFunctions::test_quick_mesh_extraction_volume PASSED [ 15%]
tests/test_convenience_utils_comprehensive.py::TestGeometryConvenienceFunctions::test_quick_mesh_extraction_surface PASSED [ 15%]
tests/test_convenience_utils_comprehensive.py::TestGeometryConvenienceFunctions::test_quick_mesh_extraction_with_channels PASSED [ 15%]
tests/test_convenience_utils_comprehensive.py::TestGeometryConvenienceFunctions::test_quick_mesh_extraction_invalid_type PASSED [ 15%]
tests/test_convenience_utils_comprehensive.py::TestGeometryConvenienceFunctions::test_quick_mesh_extraction_import_error PASSED [ 15%]
tests/test_convenience_utils_comprehensive.py::TestNeutronicsConvenienceFunctions::test_create_simple_solver_defaults PASSED [ 15%]
tests/test_convenience_utils_comprehensive.py::TestNeutronicsConvenienceFunctions::test_create_simple_solver_with_core PASSED [ 15%]
tests/test_convenience_utils_comprehensive.py::TestNeutronicsConvenienceFunctions::test_create_simple_solver_with_xs_data PASSED [ 15%]
tests/test_convenience_utils_comprehensive.py::TestNeutronicsConvenienceFunctions::test_create_simple_solver_custom_params PASSED [ 15%]
tests/test_convenience_utils_comprehensive.py::TestNeutronicsConvenienceFunctions::test_create_simple_solver_import_error PASSED [ 15%]
tests/test_convenience_utils_comprehensive.py::TestNeutronicsConvenienceFunctions::test_create_simple_xs_data_2_groups PASSED [ 15%]
tests/test_convenience_utils_comprehensive.py::TestNeutronicsConvenienceFunctions::test_create_simple_xs_data_custom_materials PASSED [ 15%]
tests/test_convenience_utils_comprehensive.py::TestNeutronicsConvenienceFunctions::test_create_simple_xs_data_single_material PASSED [ 15%]
tests/test_convenience_utils_comprehensive.py::TestNeutronicsConvenienceFunctions::test_create_simple_xs_data_k_eff_target PASSED [ 15%]
tests/test_convenience_utils_comprehensive.py::TestNeutronicsConvenienceFunctions::test_create_simple_xs_data_invalid_groups PASSED [ 15%]
tests/test_convenience_utils_comprehensive.py::TestNeutronicsConvenienceFunctions::test_create_simple_xs_data_import_error PASSED [ 15%]
tests/test_convenience_utils_comprehensive.py::TestNeutronicsConvenienceFunctions::test_quick_keff_calculation_defaults PASSED [ 15%]
tests/test_convenience_utils_comprehensive.py::TestNeutronicsConvenienceFunctions::test_quick_keff_calculation_with_core PASSED [ 15%]
tests/test_convenience_utils_comprehensive.py::TestNeutronicsConvenienceFunctions::test_quick_keff_calculation_with_xs_data PASSED [ 15%]
tests/test_convenience_utils_comprehensive.py::TestNeutronicsConvenienceFunctions::test_quick_keff_calculation_custom_params PASSED [ 15%]
tests/test_convenience_utils_comprehensive.py::TestNeutronicsConvenienceFunctions::test_quick_keff_calculation_skip_validation PASSED [ 15%]
tests/test_convenience_utils_comprehensive.py::TestBurnupConvenienceFunctions::test_create_simple_burnup_solver_defaults PASSED [ 15%]
tests/test_convenience_utils_comprehensive.py::TestBurnupConvenienceFunctions::test_create_simple_burnup_solver_with_neutronics_solver PASSED [ 15%]
tests/test_convenience_utils_comprehensive.py::TestBurnupConvenienceFunctions::test_create_simple_burnup_solver_custom_params PASSED [ 15%]
tests/test_convenience_utils_comprehensive.py::TestBurnupConvenienceFunctions::test_quick_burnup_calculation_defaults PASSED [ 15%]
tests/test_convenience_utils_comprehensive.py::TestBurnupConvenienceFunctions::test_quick_burnup_calculation_custom_time PASSED [ 15%]
tests/test_convenience_utils_comprehensive.py::TestBurnupConvenienceFunctions::test_quick_burnup_calculation_custom_params PASSED [ 15%]
tests/test_convenience_utils_comprehensive.py::TestDecayHeatConvenienceFunctions::test_quick_decay_heat_defaults PASSED [ 15%]
tests/test_convenience_utils_comprehensive.py::TestDecayHeatConvenienceFunctions::test_quick_decay_heat_custom_time PASSED [ 15%]
tests/test_convenience_utils_comprehensive.py::TestDecayHeatConvenienceFunctions::test_quick_decay_heat_with_cache PASSED [ 15%]
tests/test_convenience_utils_comprehensive.py::TestDecayHeatConvenienceFunctions::test_quick_decay_heat_import_error PASSED [ 15%]
tests/test_convenience_utils_comprehensive.py::TestNuclearDataConvenienceFunctions::test_get_nuclide_common PASSED [ 15%]
tests/test_convenience_utils_comprehensive.py::TestNuclearDataConvenienceFunctions::test_get_nuclide_parsed PASSED [ 15%]
tests/test_convenience_utils_comprehensive.py::TestNuclearDataConvenienceFunctions::test_get_nuclide_invalid PASSED [ 15%]
tests/test_convenience_utils_comprehensive.py::TestNuclearDataConvenienceFunctions::test_get_nuclide_import_error PASSED [ 15%]
tests/test_convenience_utils_comprehensive.py::TestNuclearDataConvenienceFunctions::test_create_nuclide_list PASSED [ 15%]
tests/test_convenience_utils_comprehensive.py::TestNuclearDataConvenienceFunctions::test_create_nuclide_list_empty PASSED [ 15%]
tests/test_convenience_utils_comprehensive.py::TestNuclearDataConvenienceFunctions::test_get_nuclide_parsed_regex PASSED [ 15%]
tests/test_convenience_utils_comprehensive.py::TestNuclearDataConvenienceFunctions::test_get_nuclide_metastable PASSED [ 15%]
tests/test_convenience_utils_comprehensive.py::TestNuclearDataConvenienceFunctions::test_get_nuclide_element_not_in_map PASSED [ 15%]
tests/test_convenience_utils_comprehensive.py::TestNuclearDataConvenienceFunctions::test_get_nuclide_invalid_format PASSED [ 15%]
tests/test_convenience_utils_comprehensive.py::TestMaterialConvenienceFunctions::test_get_material PASSED [ 15%]
tests/test_convenience_utils_comprehensive.py::TestMaterialConvenienceFunctions::test_get_material_import_error PASSED [ 15%]
tests/test_convenience_utils_comprehensive.py::TestMaterialConvenienceFunctions::test_list_materials PASSED [ 15%]
tests/test_convenience_utils_comprehensive.py::TestMaterialConvenienceFunctions::test_list_materials_with_category PASSED [ 15%]
tests/test_convenience_utils_comprehensive.py::TestVisualizationConvenienceFunctions::test_quick_plot_core_defaults PASSED [ 15%]
tests/test_convenience_utils_comprehensive.py::TestVisualizationConvenienceFunctions::test_quick_plot_core_custom_view PASSED [ 15%]
tests/test_convenience_utils_comprehensive.py::TestVisualizationConvenienceFunctions::test_quick_plot_core_import_error PASSED [ 15%]
tests/test_convenience_utils_comprehensive.py::TestVisualizationConvenienceFunctions::test_quick_plot_mesh_defaults PASSED [ 15%]
tests/test_convenience_utils_comprehensive.py::TestVisualizationConvenienceFunctions::test_quick_plot_mesh_color_by PASSED [ 15%]
tests/test_convenience_utils_comprehensive.py::TestVisualizationConvenienceFunctions::test_quick_plot_mesh_import_error PASSED [ 15%]
tests/test_convenience_utils_comprehensive.py::TestCompleteWorkflowFunctions::test_run_complete_analysis_defaults PASSED [ 16%]
tests/test_convenience_utils_comprehensive.py::TestCompleteWorkflowFunctions::test_run_complete_analysis_with_burnup PASSED [ 16%]
tests/test_convenience_utils_comprehensive.py::TestCompleteWorkflowFunctions::test_run_complete_analysis_with_core PASSED [ 16%]
tests/test_convenience_utils_comprehensive.py::TestCompleteWorkflowFunctions::test_run_complete_analysis_import_error PASSED [ 16%]
tests/test_convenience_utils_comprehensive.py::TestConvenienceMethods::test_prismatic_core_quick_setup PASSED [ 16%]
tests/test_convenience_utils_comprehensive.py::TestConvenienceMethods::test_multigroup_diffusion_quick_solve PASSED [ 16%]
tests/test_convenience_utils_comprehensive.py::TestConvenienceMethods::test_multigroup_diffusion_quick_solve_with_power PASSED [ 16%]
tests/test_convenience_utils_comprehensive.py::TestEdgeCases::test_quick_keff_calculation_with_options PASSED [ 16%]
tests/test_convenience_utils_comprehensive.py::TestEdgeCases::test_quick_keff_calculation_skip_validation_true PASSED [ 16%]
tests/test_convenience_utils_comprehensive.py::TestEdgeCases::test_create_simple_xs_data_n_materials_edge_cases PASSED [ 16%]
tests/test_convenience_utils_comprehensive.py::TestEdgeCases::test_get_nuclide_whitespace_stripping PASSED [ 16%]
tests/test_convenience_utils_comprehensive.py::TestEdgeCases::test_get_nuclide_metastable_m0 PASSED [ 16%]
tests/test_convenience_utils_comprehensive.py::TestEdgeCases::test_quick_mesh_extraction_pebble_bed_core SKIPPED [ 16%]
tests/test_convenience_utils_comprehensive.py::TestEdgeCases::test_run_complete_analysis_with_xs_data PASSED [ 16%]
tests/test_convenience_utils_comprehensive.py::TestEdgeCases::test_run_complete_analysis_custom_power PASSED [ 16%]
tests/test_convenience_utils_comprehensive.py::TestEdgeCases::test_quick_plot_core_no_show PASSED [ 16%]
tests/test_convenience_utils_comprehensive.py::TestEdgeCases::test_quick_plot_mesh_no_show PASSED [ 16%]
tests/test_convenience_utils_comprehensive.py::TestEdgeCases::test_quick_plot_mesh_with_kwargs PASSED [ 16%]
tests/test_convenience_utils_comprehensive.py::TestEdgeCases::test_quick_plot_core_with_kwargs PASSED [ 16%]
tests/test_convenience_utils_comprehensive.py::TestEdgeCases::test_add_convenience_methods_idempotent PASSED [ 16%]
tests/test_convenience_utils_comprehensive.py::TestEdgeCases::test_add_convenience_methods_core_not_available PASSED [ 16%]
tests/test_convenience_utils_comprehensive.py::TestEdgeCases::test_quick_solve_no_power_attribute PASSED [ 16%]
tests/test_convenience_utils_comprehensive.py::TestEdgeCases::test_get_nuclide_single_char_element PASSED [ 16%]
tests/test_converters.py::TestSerpentConverter::test_export_reactor_creates_file PASSED [ 16%]
tests/test_converters.py::TestSerpentConverter::test_export_reactor_content PASSED [ 16%]
tests/test_converters.py::TestSerpentConverter::test_import_reactor_raises_not_implemented PASSED [ 16%]
tests/test_converters.py::TestMCNPConverter::test_export_reactor_creates_file PASSED [ 16%]
tests/test_converters.py::TestOpenMCConverter::test_export_reactor_creates_directory PASSED [ 16%]
tests/test_converters.py::TestOpenMCConverter::test_export_reactor_creates_geometry_xml PASSED [ 16%]
tests/test_converters.py::TestOpenMCConverter::test_export_reactor_creates_materials_xml PASSED [ 16%]
tests/test_converters.py::TestOpenMCConverter::test_export_reactor_xml_structure PASSED [ 16%]
tests/test_converters.py::TestOpenMCConverter::test_export_reactor_creates_settings_xml PASSED [ 16%]
tests/test_converters.py::TestOpenMCConverter::test_import_reactor_parses_geometry FAILED [ 16%]
tests/test_converters.py::TestOpenMCConverter::test_import_reactor_with_materials_file FAILED [ 16%]
tests/test_converters.py::TestOpenMCConverter::test_export_reactor_no_core_raises FAILED [ 16%]
tests/test_core.py::test_constants PASSED                                [ 16%]
tests/test_core.py::test_materials_database PASSED                       [ 16%]
tests/test_coverage_community_continue.py::TestParetoReportCoverage::test_pareto_knee_point_empty_returns_none PASSED [ 16%]
tests/test_coverage_community_continue.py::TestParetoReportCoverage::test_pareto_knee_point_length_mismatch_returns_none PASSED [ 16%]
tests/test_coverage_community_continue.py::TestParetoReportCoverage::test_pareto_knee_point_xmax_eq_xmin PASSED [ 16%]
tests/test_coverage_community_continue.py::TestParetoReportCoverage::test_pareto_knee_point_maximize_x_false PASSED [ 16%]
tests/test_coverage_community_continue.py::TestParetoReportCoverage::test_pareto_summary_report_empty PASSED [ 16%]
tests/test_coverage_community_continue.py::TestParetoReportCoverage::test_pareto_summary_report_with_knee_index PASSED [ 16%]
tests/test_coverage_community_continue.py::TestParetoReportCoverage::test_pareto_summary_report_get_v_from_parameters PASSED [ 16%]
tests/test_coverage_community_continue.py::TestParetoReportCoverage::test_pareto_summary_report_single_point_no_range PASSED [ 16%]
tests/test_coverage_community_continue.py::TestParetoReportCoverage::test_pareto_summary_report_nan_triggers_refetch PASSED [ 16%]
tests/test_coverage_community_continue.py::TestParetoReportCoverage::test_pareto_summary_report_extremes_maximize_false PASSED [ 16%]
tests/test_coverage_community_continue.py::TestDecayHeatCachePath::test_calculate_decay_heat_populates_cache_on_second_nuclide PASSED [ 16%]
tests/test_coverage_community_continue.py::TestFuelCycleOptimizationCoverage::test_fuel_cycle_optimizer_optimize_cycle_length PASSED [ 16%]
tests/test_coverage_community_continue.py::TestConvertersCommunityPath::test_serpent_export_writes_valid_file PASSED [ 16%]
tests/test_coverage_community_continue.py::TestConvertersCommunityPath::test_openmc_export_writes_xml_files PASSED [ 17%]
tests/test_coverage_community_continue.py::TestConvertersCommunityPath::test_converters_pro_delegation_when_mocked PASSED [ 17%]
tests/test_coverage_community_continue.py::TestParameterSweepCoverage::test_sweep_config_from_file_yaml_import_error PASSED [ 17%]
tests/test_coverage_community_continue.py::TestParameterSweepCoverage::test_parameter_sweep_run_resume_all_done PASSED [ 17%]
tests/test_coverage_community_continue.py::TestParameterSweepCoverage::test_get_reactor_template_dict PASSED [ 17%]
tests/test_coverage_community_continue.py::TestParameterSweepCoverage::test_get_reactor_template_other_returns_empty PASSED [ 17%]
tests/test_coverage_community_continue.py::TestParameterSweepCoverage::test_sweep_config_from_file_json_and_param_list PASSED [ 17%]
tests/test_coverage_community_continue.py::TestParameterSweepCoverage::test_parameter_sweep_run_env_max_workers PASSED [ 17%]
tests/test_coverage_community_continue.py::TestParameterSweepCoverage::test_parameter_sweep_run_sequential_single_case PASSED [ 17%]
tests/test_coverage_community_continue.py::TestParameterSweepCoverage::test_parameter_sweep_run_with_progress PASSED [ 17%]
tests/test_coverage_community_continue.py::TestOpenMCRunCoverage::test_run_openmc_raises_when_geometry_missing PASSED [ 17%]
tests/test_coverage_community_continue.py::TestOpenMCRunCoverage::test_run_openmc_success_with_mock PASSED [ 17%]
tests/test_coverage_community_continue.py::TestOpenMCRunCoverage::test_run_openmc_with_env_override PASSED [ 17%]
tests/test_coverage_community_continue.py::TestOpenMCRunCoverage::test_run_openmc_nonzero_returncode_logs_warning PASSED [ 17%]
tests/test_coverage_community_continue.py::TestOpenMCRunCoverage::test_parse_statepoint_file_not_found PASSED [ 17%]
tests/test_coverage_community_continue.py::TestOpenMCRunCoverage::test_parse_statepoint_h5py_import_error PASSED [ 17%]
tests/test_coverage_community_continue.py::TestOpenMCRunCoverage::test_parse_statepoint_extracts_k_eff_and_tallies PASSED [ 17%]
tests/test_coverage_community_continue.py::TestOpenMCRunCoverage::test_parse_statepoint_k_combined_scalar PASSED [ 17%]
tests/test_coverage_community_continue.py::TestOpenMCRunCoverage::test_parse_statepoint_tally_scalar_mean_std_dev PASSED [ 17%]
tests/test_coverage_community_continue.py::TestOpenMCRunCoverage::test_parse_statepoint_tally_keyerror_typeerror_suppressed PASSED [ 17%]
tests/test_coverage_community_continue.py::TestOpenMCRunCoverage::test_run_and_parse_success PASSED [ 17%]
tests/test_coverage_community_continue.py::TestOpenMCRunCoverage::test_run_and_parse_no_statepoint PASSED [ 17%]
tests/test_coverage_community_continue.py::TestOpenMCRunCoverage::test_run_and_parse_statepoint_parse_raises_logs_warning PASSED [ 17%]
tests/test_coverage_community_continue.py::TestOpenMCExportExtended::test_export_pebble_bed_core_writes_xml PASSED [ 17%]
tests/test_coverage_community_continue.py::TestOpenMCExportExtended::test_export_reactor_with_core_attribute PASSED [ 17%]
tests/test_coverage_community_continue.py::TestOpenMCExportExtended::test_export_reactor_with_get_core_method PASSED [ 17%]
tests/test_coverage_community_continue.py::TestOpenMCExportExtended::test_export_reactor_with_core_attr PASSED [ 17%]
tests/test_coverage_community_continue.py::TestOpenMCExportExtended::test_export_empty_core_uses_default_materials PASSED [ 17%]
tests/test_coverage_community_continue.py::TestOpenMCExportExtended::test_export_unsupported_core_raises PASSED [ 17%]
tests/test_coverage_community_continue.py::TestOpenMCExportExtended::test_export_prismatic_with_moderator_material PASSED [ 17%]
tests/test_coverage_community_continue.py::TestOpenMCExportExtended::test_export_material_region_empty_composition_fallback PASSED [ 17%]
tests/test_coverage_community_continue.py::TestOpenMCImportExtended::test_import_geometry_file_not_found PASSED [ 17%]
tests/test_coverage_community_continue.py::TestOpenMCImportExtended::test_import_geometry_parse_fails_raises_value_error PASSED [ 17%]
tests/test_coverage_community_continue.py::TestOpenMCImportExtended::test_import_with_materials_file PASSED [ 17%]
tests/test_coverage_community_continue.py::TestOpenMCImportExtended::test_import_materials_file_parse_exception PASSED [ 17%]
tests/test_coverage_small_gaps.py::test_materials_database_helium_density_func PASSED [ 17%]
tests/test_coverage_small_gaps.py::test_cost_modeling_present_value_annuity_zero_discount_rate PASSED [ 17%]
tests/test_coverage_small_gaps.py::test_assembly_manager_shuffle_batch_only_sets_fresh_to_batch1 PASSED [ 17%]
tests/test_coverage_small_gaps.py::test_control_rods_bank_worth_profile_but_no_inserted_length_uses_linear PASSED [ 17%]
tests/test_coverage_small_gaps.py::test_compact_smr_core_unknown_shape_raises PASSED [ 17%]
tests/test_coverage_small_gaps.py::test_burnup_fuel_management_integration_flux_distribution_early_returns PASSED [ 17%]
tests/test_coverage_small_gaps.py::test_adaptive_sampling_resample_uniform_when_all_importances_zero PASSED [ 17%]
tests/test_coverage_small_gaps.py::test_hybrid_solver_flux_gradient_identification_accepts_2d_flux PASSED [ 17%]
tests/test_coverage_table_258_277.py::TestAdvancedImportCoverage::test_is_numeric_true PASSED [ 17%]
tests/test_coverage_table_258_277.py::TestAdvancedImportCoverage::test_is_numeric_false PASSED [ 17%]
tests/test_coverage_table_258_277.py::TestAdvancedImportCoverage::test_csg_surface_dataclass PASSED [ 17%]
tests/test_coverage_table_258_277.py::TestAdvancedImportCoverage::test_csg_cell_dataclass PASSED [ 17%]
tests/test_coverage_table_258_277.py::TestAdvancedImportCoverage::test_lattice_dataclass PASSED [ 17%]
tests/test_coverage_table_258_277.py::TestAdvancedImportCoverage::test_geometry_converter_unsupported_input_format PASSED [ 17%]
tests/test_coverage_table_258_277.py::TestAdvancedImportCoverage::test_geometry_converter_unsupported_output_format PASSED [ 17%]
tests/test_coverage_table_258_277.py::TestGeometryValidationCoverage::test_gap_severity_overlap_large PASSED [ 17%]
tests/test_coverage_table_258_277.py::TestGeometryValidationCoverage::test_gap_severity_small_overlap PASSED [ 18%]
tests/test_coverage_table_258_277.py::TestGeometryValidationCoverage::test_gap_severity_large_gap PASSED [ 18%]
tests/test_coverage_table_258_277.py::TestGeometryValidationCoverage::test_gap_severity_info PASSED [ 18%]
tests/test_coverage_table_258_277.py::TestGeometryValidationCoverage::test_check_distances_and_clearances_import_error PASSED [ 18%]
tests/test_coverage_table_258_277.py::TestDataDownloaderHelperCoverage::test_parse_isotope_string_helper_coverage PASSED [ 18%]
tests/test_coverage_table_258_277.py::TestDataDownloaderHelperCoverage::test_get_nndc_url_returns_url_for_endf_library PASSED [ 18%]
tests/test_coverage_table_258_277.py::TestDataDownloaderHelperCoverage::test_get_download_urls_returns_iaea_first_by_default PASSED [ 18%]
tests/test_coverage_table_258_277.py::TestDataDownloaderHelperCoverage::test_get_download_urls_returns_nndc_first_when_cached PASSED [ 18%]
tests/test_coverage_table_258_277.py::TestDataDownloaderHelperCoverage::test_cache_successful_source_iaea_and_nndc PASSED [ 18%]
tests/test_coverage_table_258_277.py::TestDataDownloaderHelperCoverage::test_get_endf_url_returns_iaea_url PASSED [ 18%]
tests/test_coverage_table_258_277.py::TestDataDownloaderHelperCoverage::test_expand_elements_to_nuclides_unknown_element_skipped PASSED [ 18%]
tests/test_coverage_table_258_277.py::TestDataDownloaderHelperCoverage::test_expand_elements_to_nuclides_mixed_valid_invalid PASSED [ 18%]
tests/test_coverage_table_258_277.py::TestDataDownloaderHelperCoverage::test_get_endf_url_jeff33_jendl5 PASSED [ 18%]
tests/test_coverage_table_258_277.py::TestDataDownloaderHelperCoverage::test_get_nndc_url_fallback_to_endf_for_non_endf_library PASSED [ 18%]
tests/test_coverage_table_258_277.py::TestConvenienceCoverage::test_convenience_import_run_presets PASSED [ 18%]
tests/test_coverage_table_258_277.py::TestConvenienceCoverage::test_convenience_has_common_attrs PASSED [ 18%]
tests/test_coverage_table_258_277.py::TestConvenienceCoverage::test_get_library_returns_cached_when_design_library_set PASSED [ 18%]
tests/test_coverage_table_258_277.py::TestEconomicsIntegrationCoverage::test_economics_integration_import PASSED [ 18%]
tests/test_coverage_table_258_277.py::TestEconomicsIntegrationCoverage::test_estimate_costs_from_spec_returns_breakdown PASSED [ 18%]
tests/test_coverage_table_258_277.py::TestConvenienceInitCoverage::test_list_presets_raises_when_presets_unavailable PASSED [ 18%]
tests/test_coverage_table_258_277.py::TestValidationReportCoverage::test_validation_report_summary_and_messages PASSED [ 18%]
tests/test_coverage_table_258_277.py::TestValidationReportCoverage::test_validation_report_summary_valid_branch PASSED [ 18%]
tests/test_coverage_table_258_277.py::TestDecayChainUtilsCoverage::test_build_fission_product_chain_max_depth_zero PASSED [ 18%]
tests/test_coverage_table_258_277.py::TestFuelManagementIntegrationCoverage::test_fuel_management_integration_import_and_init PASSED [ 18%]
tests/test_coverage_table_258_277.py::TestEndfSetupCoverage::test_endf_setup_print_helpers PASSED [ 18%]
tests/test_coverage_table_258_277.py::TestEndfSetupCoverage::test_validate_endf_setup_nonexistent_dir PASSED [ 18%]
tests/test_coverage_table_258_277.py::TestEndfSetupCoverage::test_validate_endf_setup_none_uses_standard_dir PASSED [ 18%]
tests/test_coverage_table_258_277.py::TestControlIntegrationCoverage::test_create_controlled_reactivity_returns_callable PASSED [ 18%]
tests/test_coverage_table_258_277.py::TestControlIntegrationCoverage::test_create_load_following_reactivity_returns_callable PASSED [ 18%]
tests/test_coverage_table_258_277.py::TestSelfShieldingIntegrationCoverage::test_get_cross_section_with_self_shielding_resonance_unavailable PASSED [ 18%]
tests/test_coverage_table_258_277.py::TestMultigroupAdvancedCoverage::test_sph_factors_dataclass PASSED [ 18%]
tests/test_coverage_table_258_277.py::TestMultigroupAdvancedCoverage::test_sph_method_init PASSED [ 18%]
tests/test_coverage_table_258_277.py::TestNeutronicsAdvancedCoverage::test_region_partition_init PASSED [ 18%]
tests/test_coverage_table_258_277.py::TestNeutronicsAdvancedCoverage::test_importance_map_init_and_get_total PASSED [ 18%]
tests/test_coverage_table_258_277.py::TestImplicitMcCoverage::test_imc_time_step_dataclass PASSED [ 18%]
tests/test_coverage_table_258_277.py::TestImplicitMcCoverage::test_imc_time_step_invalid_dt_raises PASSED [ 18%]
tests/test_coverage_table_258_277.py::TestImplicitMcCoverage::test_implicit_monte_carlo_solver_init PASSED [ 18%]
tests/test_coverage_table_258_277.py::TestMonteCarloOptimizedCoverage::test_reaction_type_enum PASSED [ 18%]
tests/test_coverage_table_258_277.py::TestMonteCarloOptimizedCoverage::test_particle_bank_init_and_add PASSED [ 18%]
tests/test_coverage_workflows_validation.py::TestConstraintBuilderCoverage::test_constraint_set_from_design_uses_k_eff_for_min_k_eff PASSED [ 18%]
tests/test_coverage_workflows_validation.py::TestConstraintBuilderCoverage::test_constraint_set_from_design_skips_non_numeric PASSED [ 18%]
tests/test_coverage_workflows_validation.py::TestConstraintBuilderCoverage::test_constraint_set_from_safety_report_dict_empty_margins PASSED [ 18%]
tests/test_coverage_workflows_validation.py::TestConstraintBuilderCoverage::test_constraint_set_from_safety_report_dict_with_margins PASSED [ 18%]
tests/test_coverage_workflows_validation.py::TestConstraintBuilderCoverage::test_constraint_set_from_safety_report_with_target_margins PASSED [ 18%]
tests/test_coverage_workflows_validation.py::TestSafetyReportCoverage::test_margin_narrative_passed_with_margins PASSED [ 18%]
tests/test_coverage_workflows_validation.py::TestSafetyReportCoverage::test_margin_narrative_failed_with_violations PASSED [ 18%]
tests/test_coverage_workflows_validation.py::TestSafetyReportCoverage::test_margin_narrative_failed_no_violations PASSED [ 18%]
tests/test_coverage_workflows_validation.py::TestSafetyReportCoverage::test_safety_margin_report_analysis_results_merge_extra_keys PASSED [ 18%]
tests/test_coverage_workflows_validation.py::TestSafetyReportCoverage::test_safety_margin_report_uq_percentile_keys PASSED [ 18%]
tests/test_coverage_workflows_validation.py::TestSafetyReportCoverage::test_safety_margin_report_reactor_solve_raises PASSED [ 18%]
tests/test_coverage_workflows_validation.py::TestRequirementsParserCoverage::test_parse_from_dict_requirements_key PASSED [ 19%]
tests/test_coverage_workflows_validation.py::TestRequirementsParserCoverage::test_parse_from_dict_constraints_key PASSED [ 19%]
tests/test_coverage_workflows_validation.py::TestRequirementsParserCoverage::test_parse_min_max_creates_two_constraints PASSED [ 19%]
tests/test_coverage_workflows_validation.py::TestRequirementsParserCoverage::test_parse_min_only PASSED [ 19%]
tests/test_coverage_workflows_validation.py::TestRequirementsParserCoverage::test_parse_max_only PASSED [ 19%]
tests/test_coverage_workflows_validation.py::TestRequirementsParserCoverage::test_parse_file_not_found PASSED [ 19%]
tests/test_coverage_workflows_validation.py::TestRequirementsParserCoverage::test_parse_json_file PASSED [ 19%]
tests/test_coverage_workflows_validation.py::TestRequirementsParserCoverage::test_parse_yaml_file PASSED [ 19%]
tests/test_coverage_workflows_validation.py::TestAtlasCoverage::test_build_atlas_with_mocked_functions PASSED [ 19%]
tests/test_coverage_workflows_validation.py::TestAtlasCoverage::test_build_atlas_preset_fails_appends_failed_entry PASSED [ 19%]
tests/test_coverage_workflows_validation.py::TestAtlasCoverage::test_filter_atlas_power_and_passed PASSED [ 19%]
tests/test_coverage_workflows_validation.py::TestAtlasCoverage::test_filter_atlas_coolant PASSED [ 19%]
tests/test_coverage_workflows_validation.py::TestAtlasCoverage::test_build_atlas_presets_none_uses_list_presets PASSED [ 19%]
tests/test_data_downloader.py::TestGetEndfUrl::test_get_endf_url_endf_b_viii_1 PASSED [ 19%]
tests/test_data_downloader.py::TestGetEndfUrl::test_get_endf_url_endf_b_viii PASSED [ 19%]
tests/test_data_downloader.py::TestGetEndfUrl::test_get_endf_url_jeff_33 PASSED [ 19%]
tests/test_data_downloader.py::TestGetEndfUrl::test_get_endf_url_jendl_5 PASSED [ 19%]
tests/test_data_downloader.py::TestGetEndfUrl::test_get_endf_url_metastable PASSED [ 19%]
tests/test_data_downloader.py::TestGetEndfUrl::test_get_endf_url_default PASSED [ 19%]
tests/test_data_downloader.py::TestGetNndcUrl::test_get_nndc_url_endf_b_viii_1 PASSED [ 19%]
tests/test_data_downloader.py::TestGetNndcUrl::test_get_nndc_url_endf_b_viii PASSED [ 19%]
tests/test_data_downloader.py::TestGetDownloadUrls::test_get_download_urls_basic PASSED [ 19%]
tests/test_data_downloader.py::TestGetDownloadUrls::test_get_download_urls_uses_cache PASSED [ 19%]
tests/test_data_downloader.py::TestCacheSuccessfulSource::test_cache_successful_source_iaea PASSED [ 19%]
tests/test_data_downloader.py::TestCacheSuccessfulSource::test_cache_successful_source_nndc PASSED [ 19%]
tests/test_data_downloader.py::TestParseIsotopeString::test_parse_isotope_string_simple PASSED [ 19%]
tests/test_data_downloader.py::TestParseIsotopeString::test_parse_isotope_string_with_dash PASSED [ 19%]
tests/test_data_downloader.py::TestParseIsotopeString::test_parse_isotope_string_metastable PASSED [ 19%]
tests/test_data_downloader.py::TestParseIsotopeString::test_parse_isotope_string_invalid PASSED [ 19%]
tests/test_data_downloader.py::TestParseIsotopeString::test_parse_isotope_string_empty PASSED [ 19%]
tests/test_data_downloader.py::TestExpandElementsToNuclides::test_expand_elements_to_nuclides_single PASSED [ 19%]
tests/test_data_downloader.py::TestExpandElementsToNuclides::test_expand_elements_to_nuclides_multiple PASSED [ 19%]
tests/test_data_downloader.py::TestExpandElementsToNuclides::test_expand_elements_to_nuclides_empty PASSED [ 19%]
tests/test_data_downloader.py::TestDownloadFile::test_download_file_without_requests PASSED [ 19%]
tests/test_data_downloader.py::TestDownloadFile::test_download_file_success PASSED [ 19%]
tests/test_data_downloader.py::TestDownloadFile::test_download_file_error_handling PASSED [ 19%]
tests/test_data_downloader.py::TestDownloadFile::test_download_file_resume PASSED [ 19%]
tests/test_data_downloader.py::TestDownloadEndfData::test_download_endf_data_single_nuclide PASSED [ 19%]
tests/test_data_downloader.py::TestDownloadEndfData::test_download_endf_data_with_elements PASSED [ 19%]
tests/test_data_downloader.py::TestDownloadEndfData::test_download_endf_data_no_requests PASSED [ 19%]
tests/test_data_downloader.py::TestDownloadParallel::test_download_parallel PASSED [ 19%]
tests/test_data_downloader.py::TestDownloadPreprocessedLibrary::test_download_preprocessed_library_with_string PASSED [ 19%]
tests/test_data_downloader.py::TestDownloadPreprocessedLibrary::test_download_preprocessed_library_with_nuclides PASSED [ 19%]
tests/test_data_downloader.py::TestParseIsotopeStringExtended::test_parse_isotope_string_metastable_m1 PASSED [ 19%]
tests/test_data_downloader.py::TestParseIsotopeStringExtended::test_parse_isotope_string_metastable_m2 PASSED [ 19%]
tests/test_data_downloader.py::TestParseIsotopeStringExtended::test_parse_isotope_string_metastable_uppercase_m PASSED [ 19%]
tests/test_data_downloader.py::TestParseIsotopeStringExtended::test_parse_isotope_string_whitespace PASSED [ 19%]
tests/test_data_downloader.py::TestParseIsotopeStringExtended::test_parse_isotope_string_invalid_symbol PASSED [ 19%]
tests/test_data_downloader.py::TestParseIsotopeStringExtended::test_parse_isotope_string_no_mass_number PASSED [ 19%]
tests/test_data_downloader.py::TestParseIsotopeStringExtended::test_parse_isotope_string_only_numbers PASSED [ 19%]
tests/test_data_downloader.py::TestExpandElementsToNuclidesExtended::test_expand_elements_to_nuclides_unknown_element PASSED [ 19%]
tests/test_data_downloader.py::TestExpandElementsToNuclidesExtended::test_expand_elements_to_nuclides_thorium PASSED [ 20%]
tests/test_data_downloader.py::TestExpandElementsToNuclidesExtended::test_expand_elements_to_nuclides_hydrogen PASSED [ 20%]
tests/test_data_downloader.py::TestExpandElementsToNuclidesExtended::test_expand_elements_to_nuclides_carbon PASSED [ 20%]
tests/test_data_downloader.py::TestGetNndcUrlExtended::test_get_nndc_url_fallback_to_iaea PASSED [ 20%]
tests/test_data_downloader.py::TestGetNndcUrlExtended::test_get_nndc_url_endf_b_viii_naming PASSED [ 20%]
tests/test_data_downloader.py::TestGetDownloadUrlsExtended::test_get_download_urls_nndc_preferred PASSED [ 20%]
tests/test_data_downloader.py::TestGetDownloadUrlsExtended::test_get_download_urls_iaea_preferred PASSED [ 20%]
tests/test_data_downloader.py::TestDownloadFileExtended::test_download_file_with_tqdm SKIPPED [ 20%]
tests/test_data_downloader.py::TestDownloadFileExtended::test_download_file_without_tqdm PASSED [ 20%]
tests/test_data_downloader.py::TestDownloadFileExtended::test_download_file_with_session PASSED [ 20%]
tests/test_data_downloader.py::TestDownloadEndfDataExtended::test_download_endf_data_with_organize PASSED [ 20%]
tests/test_data_downloader.py::TestDownloadEndfDataExtended::test_download_endf_data_with_isotopes PASSED [ 20%]
tests/test_data_downloader.py::TestDownloadEndfDataExtended::test_download_endf_data_with_nuclide_set PASSED [ 20%]
tests/test_data_downloader.py::TestDownloadEndfDataExtended::test_download_endf_data_full_library_fallback PASSED [ 20%]
tests/test_data_downloader.py::TestDownloadEndfDataExtended::test_download_endf_data_no_nuclides_error PASSED [ 20%]
tests/test_data_downloader.py::TestDownloadEndfDataExtended::test_download_endf_data_caches_successful_source PASSED [ 20%]
tests/test_data_downloader.py::TestDownloadEndfDataExtended::test_download_endf_data_skips_existing_files PASSED [ 20%]
tests/test_data_downloader.py::TestDownloadParallelExtended::test_download_parallel_with_progress SKIPPED [ 20%]
tests/test_data_downloader.py::TestDownloadParallelExtended::test_download_parallel_handles_failures PASSED [ 20%]
tests/test_data_downloader_extended.py::TestDownloadEndfDataExtended::test_download_endf_data_string_library PASSED [ 20%]
tests/test_data_downloader_extended.py::TestDownloadEndfDataExtended::test_download_endf_data_unknown_library_string PASSED [ 20%]
tests/test_data_downloader_extended.py::TestDownloadEndfDataExtended::test_download_endf_data_nuclide_set_common_smr PASSED [ 20%]
tests/test_data_downloader_extended.py::TestDownloadEndfDataExtended::test_download_endf_data_with_isotopes PASSED [ 20%]
tests/test_data_downloader_extended.py::TestDownloadEndfDataExtended::test_download_endf_data_no_nuclides PASSED [ 20%]
tests/test_data_downloader_extended.py::TestDownloadEndfDataExtended::test_download_endf_data_resume_with_validation PASSED [ 20%]
tests/test_data_downloader_extended.py::TestDownloadEndfDataExtended::test_download_endf_data_resume_invalid_file PASSED [ 20%]
tests/test_data_downloader_extended.py::TestDownloadEndfDataExtended::test_download_endf_data_sequential_download PASSED [ 20%]
tests/test_data_downloader_extended.py::TestDownloadEndfDataExtended::test_download_endf_data_with_organize PASSED [ 20%]
tests/test_data_downloader_extended.py::TestDownloadEndfDataExtended::test_download_endf_data_organize_no_downloads PASSED [ 20%]
tests/test_data_downloader_extended.py::TestDownloadEndfDataExtended::test_download_endf_data_sequential_with_validation PASSED [ 20%]
tests/test_data_downloader_extended.py::TestDownloadEndfDataExtended::test_download_endf_data_sequential_invalid_then_valid PASSED [ 20%]
tests/test_data_downloader_extended.py::TestDownloadFileExtended::test_download_file_with_progress_bar PASSED [ 20%]
tests/test_data_downloader_extended.py::TestDownloadFileExtended::test_download_file_with_provided_session PASSED [ 20%]
tests/test_data_downloader_extended.py::TestDownloadFileExtended::test_download_file_no_content_length PASSED [ 20%]
tests/test_data_downloader_extended.py::TestDownloadFileExtended::test_download_file_empty_chunks PASSED [ 20%]
tests/test_data_downloader_extended.py::TestDownloadParallelExtended::test_download_parallel_with_progress_bar PASSED [ 20%]
tests/test_data_downloader_extended.py::TestDownloadParallelExtended::test_download_parallel_validation_failure PASSED [ 20%]
tests/test_data_downloader_extended.py::TestDownloadParallelExtended::test_download_parallel_all_fail PASSED [ 20%]
tests/test_data_downloader_extended.py::TestDownloadParallelExtended::test_download_parallel_caches_successful_source PASSED [ 20%]
tests/test_data_downloader_extended.py::TestDownloadParallelExtended::test_download_parallel_no_tqdm PASSED [ 20%]
tests/test_data_downloader_extended.py::TestDownloadPreprocessedLibraryExtended::test_download_preprocessed_library_with_nuclide_list PASSED [ 20%]
tests/test_data_downloader_extended.py::TestDownloadPreprocessedLibraryExtended::test_download_preprocessed_library_with_nuclide_set_common_smr PASSED [ 20%]
tests/test_data_downloader_extended.py::TestDownloadEndfDataCoverage90::test_download_endf_data_requests_unavailable_raises PASSED [ 20%]
tests/test_data_downloader_extended.py::TestDownloadEndfDataCoverage90::test_download_endf_data_default_uses_common_smr PASSED [ 20%]
tests/test_data_downloader_extended.py::TestDownloadEndfDataCoverage90::test_get_endf_url_isomer_includes_meta_suffix PASSED [ 20%]
tests/test_data_downloader_extended.py::TestDownloadEndfDataCoverage90::test_get_download_urls_default_iaea_first PASSED [ 20%]
tests/test_data_downloader_extended.py::TestDownloadEndfDataCoverage90::test_get_download_urls_prefers_nndc_when_cached PASSED [ 20%]
tests/test_data_downloader_extended.py::TestDownloadEndfDataCoverage90::test_expand_elements_to_nuclides_unknown_element_skipped PASSED [ 20%]
tests/test_data_downloader_extended.py::TestDownloadEndfDataCoverage90::test_download_endf_data_organize_called_after_downloads PASSED [ 20%]
tests/test_data_downloader_extended.py::TestDownloadEndfDataCoverage90::test_download_endf_data_organize_uses_viii0_for_endf_b_viii PASSED [ 20%]
tests/test_data_downloader_extended.py::TestDownloadEndfDataCoverage90::test_download_endf_data_tqdm_unavailable_completes PASSED [ 21%]
tests/test_data_downloader_extended.py::TestDownloadEndfDataCoverage90::test_download_preprocessed_library_nuclides_list_calls_download_endf_data PASSED [ 21%]
tests/test_data_downloader_extended.py::TestHelperFunctionsAdditional::test_parse_isotope_string_edge_cases PASSED [ 21%]
tests/test_data_downloader_extended.py::TestHelperFunctionsAdditional::test_expand_elements_to_nuclides_edge_cases PASSED [ 21%]
tests/test_data_downloader_extended.py::TestHelperFunctionsAdditional::test_expand_elements_to_nuclides_element_not_in_common_isotopes PASSED [ 21%]
tests/test_data_downloader_extended.py::TestHelperFunctionsAdditional::test_get_nndc_url_fallback_edge_cases PASSED [ 21%]
tests/test_data_downloader_extended.py::TestHelperFunctionsAdditional::test_cache_successful_source_edge_cases PASSED [ 21%]
tests/test_data_downloader_extended.py::TestHelperFunctionsAdditional::test_download_file_error_handling PASSED [ 21%]
tests/test_data_downloader_extended.py::TestHelperFunctionsAdditional::test_download_file_resume_edge_cases PASSED [ 21%]
tests/test_data_validation.py::TestValidationResult::test_validation_result_creation PASSED [ 21%]
tests/test_data_validation.py::TestValidationResult::test_add_issue PASSED [ 21%]
tests/test_data_validation.py::TestValidationResult::test_has_errors PASSED [ 21%]
tests/test_data_validation.py::TestValidationResult::test_summary PASSED [ 21%]
tests/test_data_validation.py::TestValidationResult::test_print_report_no_issues PASSED [ 21%]
tests/test_data_validation.py::TestValidationResult::test_print_report_with_errors_and_warnings PASSED [ 21%]
tests/test_data_validation.py::TestValidationIssue::test_validation_issue_creation PASSED [ 21%]
tests/test_data_validation.py::TestValidationIssue::test_validation_issue_str PASSED [ 21%]
tests/test_data_validation.py::TestPhysicalValidator::test_validate_temperature_valid PASSED [ 21%]
tests/test_data_validation.py::TestPhysicalValidator::test_validate_temperature_too_low PASSED [ 21%]
tests/test_data_validation.py::TestPhysicalValidator::test_validate_temperature_too_high PASSED [ 21%]
tests/test_data_validation.py::TestPhysicalValidator::test_validate_temperature_rejects_non_numeric_and_nan PASSED [ 21%]
tests/test_data_validation.py::TestPhysicalValidator::test_validate_pressure_valid PASSED [ 21%]
tests/test_data_validation.py::TestPhysicalValidator::test_validate_pressure_negative PASSED [ 21%]
tests/test_data_validation.py::TestPhysicalValidator::test_validate_pressure_too_high PASSED [ 21%]
tests/test_data_validation.py::TestPhysicalValidator::test_validate_pressure_rejects_non_numeric_and_inf PASSED [ 21%]
tests/test_data_validation.py::TestPhysicalValidator::test_validate_enrichment_valid PASSED [ 21%]
tests/test_data_validation.py::TestPhysicalValidator::test_validate_enrichment_too_high PASSED [ 21%]
tests/test_data_validation.py::TestPhysicalValidator::test_validate_enrichment_class_limits PASSED [ 21%]
tests/test_data_validation.py::TestPhysicalValidator::test_validate_enrichment_rejects_non_numeric_and_negative PASSED [ 21%]
tests/test_data_validation.py::TestPhysicalValidator::test_validate_power_valid PASSED [ 21%]
tests/test_data_validation.py::TestPhysicalValidator::test_validate_power_negative PASSED [ 21%]
tests/test_data_validation.py::TestPhysicalValidator::test_validate_power_rejects_non_numeric_and_type_specific_warning PASSED [ 21%]
tests/test_data_validation.py::TestPhysicalValidator::test_validate_k_eff_branches PASSED [ 21%]
tests/test_data_validation.py::TestGeometryValidator::test_validate_dimensions_valid PASSED [ 21%]
tests/test_data_validation.py::TestGeometryValidator::test_validate_dimensions_negative PASSED [ 21%]
tests/test_data_validation.py::TestGeometryValidator::test_validate_dimensions_extremes_and_aspect_ratio PASSED [ 21%]
tests/test_data_validation.py::TestGeometryValidator::test_validate_mesh_valid PASSED [ 21%]
tests/test_data_validation.py::TestGeometryValidator::test_validate_mesh_too_small PASSED [ 21%]
tests/test_data_validation.py::TestGeometryValidator::test_validate_mesh_too_large PASSED [ 21%]
tests/test_data_validation.py::TestNeutronicsValidator::test_validate_cross_sections_valid PASSED [ 21%]
tests/test_data_validation.py::TestNeutronicsValidator::test_validate_flux_valid PASSED [ 21%]
tests/test_data_validation.py::TestNeutronicsValidator::test_validate_cross_sections_invalid_branches PASSED [ 21%]
tests/test_data_validation.py::TestNeutronicsValidator::test_validate_flux_invalid_branches PASSED [ 21%]
tests/test_data_validation.py::TestThermalValidator::test_validate_heat_transfer_valid PASSED [ 21%]
tests/test_data_validation.py::TestThermalValidator::test_validate_heat_transfer_invalid PASSED [ 21%]
tests/test_data_validation.py::TestThermalValidator::test_validate_reynolds_number PASSED [ 21%]
tests/test_data_validation.py::TestThermalValidator::test_validate_heat_transfer_regime_warnings PASSED [ 21%]
tests/test_data_validation.py::TestThermalValidator::test_validate_reynolds_number_high_and_transitional PASSED [ 21%]
tests/test_data_validation.py::TestConsistencyValidator::test_validate_material_conservation_valid PASSED [ 21%]
tests/test_data_validation.py::TestConsistencyValidator::test_validate_energy_balance_error_and_warning PASSED [ 21%]
tests/test_data_validation.py::TestConsistencyValidator::test_validate_material_conservation_error PASSED [ 21%]
tests/test_data_validation.py::TestDataValidator::test_data_validator_initialization PASSED [ 22%]
tests/test_data_validation.py::TestDataValidator::test_validate_reactor_spec_valid PASSED [ 22%]
tests/test_data_validation.py::TestDataValidator::test_validate_reactor_spec_inlet_ge_outlet_adds_error PASSED [ 22%]
tests/test_data_validation.py::TestDataValidator::test_validate_solver_inputs_branches PASSED [ 22%]
tests/test_data_validation.py::TestDataValidator::test_validate_solution_valid PASSED [ 22%]
tests/test_data_validation.py::test_validate_k_eff_additional_branches PASSED [ 22%]
tests/test_data_validation.py::test_validate_cross_sections_additional_branches PASSED [ 22%]
tests/test_data_validation.py::test_validate_flux_high_flux_warning PASSED [ 22%]
tests/test_decay_chain_utils.py::TestDecayChain::test_decay_chain_init PASSED [ 22%]
tests/test_decay_chain_utils.py::TestDecayChain::test_decay_chain_init_with_decay_data PASSED [ 22%]
tests/test_decay_chain_utils.py::TestDecayChain::test_build_relationships PASSED [ 22%]
tests/test_decay_chain_utils.py::TestDecayChain::test_build_decay_matrix PASSED [ 22%]
tests/test_decay_chain_utils.py::TestDecayChain::test_evolve PASSED      [ 22%]
tests/test_decay_chain_utils.py::TestDecayChain::test_get_chain_depth PASSED [ 22%]
tests/test_decay_chain_utils.py::TestDecayChain::test_get_chain_depth_nonexistent PASSED [ 22%]
tests/test_decay_chain_utils.py::TestDecayChain::test_get_chain_string PASSED [ 22%]
tests/test_decay_chain_utils.py::TestBuildFissionProductChain::test_build_fission_product_chain PASSED [ 22%]
tests/test_decay_chain_utils.py::TestBuildFissionProductChain::test_build_fission_product_chain_with_decay_data PASSED [ 22%]
tests/test_decay_chain_utils.py::TestBuildFissionProductChain::test_build_fission_product_chain_max_depth PASSED [ 22%]
tests/test_decay_chain_utils.py::TestBuildFissionProductChain::test_build_fission_product_chain_max_depth_zero PASSED [ 22%]
tests/test_decay_chain_utils.py::TestSolveBatemanEquations::test_solve_bateman_equations_dense_matrix PASSED [ 22%]
tests/test_decay_chain_utils.py::TestSolveBatemanEquations::test_solve_bateman_equations_sparse_matrix PASSED [ 22%]
tests/test_decay_chain_utils.py::TestSolveBatemanEquations::test_solve_bateman_equations_single_time_point PASSED [ 22%]
tests/test_decay_chain_utils.py::TestSolveBatemanEquations::test_get_chain_string_with_daughters PASSED [ 22%]
tests/test_decay_chain_utils.py::TestSolveBatemanEquations::test_get_chain_string_stable_nuclide PASSED [ 22%]
tests/test_decay_chain_utils.py::TestSolveBatemanEquations::test_build_fission_product_chain_empty_daughters PASSED [ 22%]
tests/test_decay_chain_utils.py::TestGetPromptDelayedChiForTransient::test_get_prompt_delayed_chi_for_transient_with_cache PASSED [ 22%]
tests/test_decay_chain_utils.py::TestGetPromptDelayedChiForTransient::test_get_prompt_delayed_chi_for_transient_default_delayed_data PASSED [ 22%]
tests/test_decay_chain_utils.py::TestCollapseWithAdjointForSensitivity::test_collapse_with_adjoint_for_sensitivity PASSED [ 22%]
tests/test_decay_chain_utils.py::TestCollapseWithAdjointForSensitivity::test_collapse_with_adjoint_for_sensitivity_no_overlap PASSED [ 22%]
tests/test_decay_chain_utils.py::TestCollapseWithAdjointForSensitivity::test_collapse_with_adjoint_for_sensitivity_zero_total_de PASSED [ 22%]
tests/test_decay_chain_utils.py::TestDecayChainEdgeCases::test_decay_chain_evolve_zero_time PASSED [ 22%]
tests/test_decay_chain_utils.py::TestDecayChainEdgeCases::test_decay_chain_evolve_very_long_time PASSED [ 22%]
tests/test_decay_chain_utils.py::TestDecayChainEdgeCasesAdditional::test_build_fission_product_chain_different_max_depth PASSED [ 22%]
tests/test_decay_chain_utils.py::TestDecayChainEdgeCasesAdditional::test_build_fission_product_chain_max_depth_zero PASSED [ 22%]
tests/test_decay_chain_utils.py::TestDecayChainEdgeCasesAdditional::test_solve_bateman_equations_empty_times PASSED [ 22%]
tests/test_decay_chain_utils.py::TestDecayChainEdgeCasesAdditional::test_solve_bateman_equations_very_small_times PASSED [ 22%]
tests/test_decay_chain_utils.py::TestDecayChainEdgeCasesAdditional::test_decay_chain_build_relationships_filters_nuclides PASSED [ 22%]
tests/test_decay_chain_utils.py::TestDecayChainEdgeCasesAdditional::test_get_prompt_delayed_chi_for_transient PASSED [ 22%]
tests/test_decay_chain_utils.py::TestDecayChainEdgeCasesAdditional::test_get_prompt_delayed_chi_for_transient_no_delayed_data PASSED [ 22%]
tests/test_decay_chain_utils.py::TestCollapseWithAdjointForSensitivityAdditional::test_collapse_with_adjoint_for_sensitivity_with_mock PASSED [ 22%]
tests/test_decay_chain_utils.py::TestCollapseWithAdjointForSensitivityAdditional::test_collapse_with_adjoint_for_sensitivity_overlap_math PASSED [ 22%]
tests/test_decay_heat_calculator_comprehensive.py::TestDecayHeatCalculatorComprehensive::test_calculate_decay_heat_basic PASSED [ 22%]
tests/test_decay_heat_calculator_comprehensive.py::TestDecayHeatCalculatorComprehensive::test_calculate_decay_heat_multiple_nuclides PASSED [ 22%]
tests/test_decay_heat_calculator_comprehensive.py::TestDecayHeatCalculatorComprehensive::test_calculate_decay_heat_with_gamma_spectrum PASSED [ 22%]
tests/test_decay_heat_calculator_comprehensive.py::TestDecayHeatCalculatorComprehensive::test_calculate_decay_heat_with_beta_spectrum PASSED [ 22%]
tests/test_decay_heat_calculator_comprehensive.py::TestDecayHeatCalculatorComprehensive::test_calculate_gamma_source PASSED [ 22%]
tests/test_decay_heat_calculator_comprehensive.py::TestDecayHeatCalculatorComprehensive::test_calculate_gamma_source_with_spectrum PASSED [ 22%]
tests/test_decay_heat_calculator_comprehensive.py::TestDecayHeatCalculatorComprehensive::test_get_gamma_energy_per_decay PASSED [ 22%]
tests/test_decay_heat_calculator_comprehensive.py::TestDecayHeatCalculatorComprehensive::test_estimate_gamma_energy PASSED [ 22%]
tests/test_decay_heat_calculator_comprehensive.py::TestDecayHeatCalculatorComprehensive::test_estimate_beta_energy PASSED [ 23%]
tests/test_decay_heat_calculator_comprehensive.py::TestDecayHeatCalculatorComprehensive::test_decay_heat_result_get_heat_at_time PASSED [ 23%]
tests/test_decay_heat_calculator_comprehensive.py::TestDecayHeatCalculatorComprehensive::test_zero_concentration PASSED [ 23%]
tests/test_decay_heat_calculator_comprehensive.py::TestDecayHeatCalculatorComprehensive::test_no_decay_data PASSED [ 23%]
tests/test_decay_heat_calculator_comprehensive.py::TestDecayHeatCalculatorComprehensive::test_stable_nuclide PASSED [ 23%]
tests/test_decay_heat_calculator_comprehensive.py::TestDecayHeatCalculatorComprehensive::test_initial_time_offset PASSED [ 23%]
tests/test_decay_heat_calculator_comprehensive.py::TestDecayHeatCalculatorComprehensive::test_get_decay_data_with_file_loading PASSED [ 23%]
tests/test_decay_heat_calculator_comprehensive.py::TestDecayHeatCalculatorComprehensive::test_get_decay_data_fallback PASSED [ 23%]
tests/test_decay_heat_calculator_comprehensive.py::TestDecayHeatCalculatorComprehensive::test_get_decay_data_zero_decay_constant PASSED [ 23%]
tests/test_decay_heat_calculator_comprehensive.py::TestDecayHeatCalculatorComprehensive::test_get_gamma_energy_per_decay_with_gamma_production PASSED [ 23%]
tests/test_decay_heat_calculator_comprehensive.py::TestDecayHeatCalculatorComprehensive::test_get_gamma_energy_per_decay_fallback PASSED [ 23%]
tests/test_decay_heat_calculator_comprehensive.py::TestDecayHeatCalculatorComprehensive::test_calculate_gamma_source_with_decay_spectrum PASSED [ 23%]
tests/test_decay_heat_calculator_comprehensive.py::TestDecayHeatCalculatorComprehensive::test_calculate_gamma_source_uniform_fallback PASSED [ 23%]
tests/test_decay_heat_calculator_comprehensive.py::TestDecayHeatCalculatorComprehensive::test_calculate_gamma_source_zero_total_energy PASSED [ 23%]
tests/test_decay_heat_calculator_comprehensive.py::TestDecayHeatCalculatorComprehensive::test_get_decay_data_caching PASSED [ 23%]
tests/test_decay_heat_remaining_coverage.py::test_get_decay_heat_at_time_idx_beyond_last PASSED [ 23%]
tests/test_decay_heat_remaining_coverage.py::test_get_decay_heat_at_time_idx_zero PASSED [ 23%]
tests/test_decay_heat_remaining_coverage.py::test_get_decay_heat_at_time_interpolation PASSED [ 23%]
tests/test_decay_heat_remaining_coverage.py::test_get_decay_heat_at_time_t2_eq_t1_returns_h1 PASSED [ 23%]
tests/test_decay_heat_remaining_coverage.py::test_init_decay_data_typeerror_fallback PASSED [ 23%]
tests/test_decay_heat_remaining_coverage.py::test_calculate_decay_heat_n0_zero_continue PASSED [ 23%]
tests/test_decay_heat_remaining_coverage.py::test_calculate_decay_heat_decay_info_none_continue PASSED [ 23%]
tests/test_decay_heat_remaining_coverage.py::test_calculate_decay_heat_lambda_decay_zero_continue PASSED [ 23%]
tests/test_decay_heat_remaining_coverage.py::test_get_gamma_energy_per_decay_fission_spectrum_path PASSED [ 23%]
tests/test_decay_heat_remaining_coverage.py::test_get_gamma_energy_per_decay_exception_and_estimate_fallback PASSED [ 23%]
tests/test_decay_heat_remaining_coverage.py::test_get_decay_data_fallback_path PASSED [ 23%]
tests/test_decay_heat_remaining_coverage.py::test_calculate_decay_heat_beta_energy_estimate_branch PASSED [ 23%]
tests/test_decay_heat_remaining_coverage.py::test_calculate_gamma_source_n0_zero_continue PASSED [ 23%]
tests/test_decay_heat_remaining_coverage.py::test_calculate_gamma_source_lambda_decay_zero_continue PASSED [ 23%]
tests/test_decay_heat_remaining_coverage.py::test_calculate_gamma_source_decay_info_none_continue PASSED [ 23%]
tests/test_decay_heat_remaining_coverage.py::test_calculate_gamma_source_fission_spectrum_path PASSED [ 23%]
tests/test_decay_heat_remaining_coverage.py::test_calculate_gamma_source_get_gamma_production_exception_pass PASSED [ 23%]
tests/test_decay_heat_remaining_coverage.py::test_calculate_gamma_source_gamma_yield_zero_default PASSED [ 23%]
tests/test_decay_parser.py::TestDecayData::test_decay_data_creation PASSED [ 23%]
tests/test_decay_parser.py::TestDecayData::test_decay_constant_calculation PASSED [ 23%]
tests/test_decay_parser.py::TestDecayData::test_decay_data_stable PASSED [ 23%]
tests/test_decay_parser.py::TestDecayData::test_decay_data_gamma_spectrum PASSED [ 23%]
tests/test_decay_parser.py::TestDecayData::test_decay_data_beta_spectrum PASSED [ 23%]
tests/test_decay_parser.py::TestENDFDecayParser::test_parser_initialization PASSED [ 23%]
tests/test_decay_parser.py::TestENDFDecayParser::test_parse_filename PASSED [ 23%]
tests/test_decay_parser.py::TestENDFDecayParser::test_parse_file_nonexistent PASSED [ 23%]
tests/test_decay_parser.py::TestENDFDecayParser::test_parse_filename_with_metastable PASSED [ 23%]
tests/test_decay_parser.py::TestENDFDecayParser::test_parse_filename_invalid PASSED [ 23%]
tests/test_decay_parser.py::TestENDFDecayParser::test_parse_half_life_with_zero PASSED [ 23%]
tests/test_decay_parser.py::TestENDFDecayParser::test_parse_half_life_not_found PASSED [ 23%]
tests/test_decay_parser.py::TestENDFDecayParser::test_build_daughters_dict PASSED [ 23%]
tests/test_decay_parser.py::TestENDFDecayParser::test_parse_gamma_spectrum PASSED [ 23%]
tests/test_decay_parser.py::TestENDFDecayParser::test_parse_beta_spectrum PASSED [ 23%]
tests/test_decay_parser.py::TestENDFDecayParser::test_parse_half_life_short_line PASSED [ 23%]
tests/test_decay_parser.py::TestENDFDecayParser::test_parse_half_life_value_error PASSED [ 23%]
tests/test_decay_parser.py::TestENDFDecayParser::test_parse_half_life_positive_value PASSED [ 23%]
tests/test_decay_parser.py::TestENDFDecayParser::test_parse_decay_modes_short_line PASSED [ 24%]
tests/test_decay_parser.py::TestENDFDecayParser::test_parse_filename_metastable_m_only PASSED [ 24%]
tests/test_decay_parser.py::TestENDFDecayParser::test_parse_filename_metastable_uppercase PASSED [ 24%]
tests/test_decay_parser.py::TestENDFDecayParser::test_parse_file_exception_handling PASSED [ 24%]
tests/test_decay_parser.py::TestENDFDecayParser::test_parse_file_invalid_filename PASSED [ 24%]
tests/test_decay_parser.py::TestENDFDecayParser::test_parse_gamma_spectrum_short_line PASSED [ 24%]
tests/test_decay_parser.py::TestENDFDecayParser::test_parse_beta_spectrum_short_line PASSED [ 24%]
tests/test_decay_parser.py::TestDecayIntegration::test_decay_data_class PASSED [ 24%]
tests/test_decay_parser.py::TestDecayIntegration::test_decay_constant PASSED [ 24%]
tests/test_decay_parser.py::TestDecayIntegration::test_get_daughters PASSED [ 24%]
tests/test_design_study_plots.py::TestPlotSensitivityRanking::test_plot_sensitivity_ranking_plotly PASSED [ 24%]
tests/test_design_study_plots.py::TestPlotSensitivityRanking::test_plot_sensitivity_ranking_matplotlib PASSED [ 24%]
tests/test_design_study_plots.py::TestPlotSobolWorkflow::test_plot_sobol_workflow_plotly PASSED [ 24%]
tests/test_design_study_plots.py::TestPlotSafetyMargins::test_plot_safety_margins_plotly PASSED [ 24%]
tests/test_design_study_plots.py::TestPlotScenarioComparison::test_plot_scenario_comparison_plotly PASSED [ 24%]
tests/test_design_study_plots.py::TestPlotParetoWithKnee::test_plot_pareto_with_knee_plotly PASSED [ 24%]
tests/test_design_study_plots.py::TestPlotAtlasDesigns::test_plot_atlas_designs_plotly PASSED [ 24%]
tests/test_doe.py::TestFullFactorial::test_single_factor PASSED          [ 24%]
tests/test_doe.py::TestFullFactorial::test_two_factors PASSED            [ 24%]
tests/test_doe.py::TestFullFactorial::test_empty_levels PASSED           [ 24%]
tests/test_doe.py::TestLatinHypercube::test_lhs_basic PASSED             [ 24%]
tests/test_doe.py::TestLatinHypercube::test_lhs_raises_without_scipy SKIPPED [ 24%]
tests/test_doe.py::TestRandomSpaceFilling::test_random_basic PASSED      [ 24%]
tests/test_doe.py::TestRandomSpaceFilling::test_reproducibility PASSED   [ 24%]
tests/test_doe.py::TestSobolSpaceFilling::test_sobol_basic PASSED        [ 24%]
tests/test_doppler_broaden.py::TestDopplerBroaden::test_doppler_broaden_same_temperature PASSED [ 24%]
tests/test_doppler_broaden.py::TestDopplerBroaden::test_doppler_broaden_invalid_temperature_zero PASSED [ 24%]
tests/test_doppler_broaden.py::TestDopplerBroaden::test_doppler_broaden_increase_temperature PASSED [ 24%]
tests/test_doppler_broaden.py::TestDopplerBroaden::test_doppler_broaden_decrease_temperature PASSED [ 24%]
tests/test_doppler_broaden.py::TestDopplerBroaden::test_doppler_broaden_htgr_temperature PASSED [ 24%]
tests/test_doppler_broaden.py::TestDopplerBroaden::test_doppler_broaden_high_temperature PASSED [ 24%]
tests/test_doppler_broaden.py::TestDopplerBroaden::test_doppler_broaden_different_mass_numbers PASSED [ 24%]
tests/test_doppler_broaden.py::TestDopplerBroaden::test_doppler_broaden_low_energy_preference PASSED [ 24%]
tests/test_doppler_broaden.py::TestDopplerBroaden::test_doppler_broaden_zero_energy PASSED [ 24%]
tests/test_doppler_broaden.py::TestDopplerBroaden::test_doppler_broaden_single_point PASSED [ 24%]
tests/test_doppler_broaden.py::TestDopplerBroaden::test_doppler_broaden_large_array PASSED [ 24%]
tests/test_doppler_broaden.py::TestDopplerBroaden::test_doppler_broaden_zero_cross_section PASSED [ 24%]
tests/test_doppler_broaden.py::TestDopplerBroaden::test_doppler_broaden_reversibility PASSED [ 24%]
tests/test_economics_cost_modeling.py::TestCapitalCostEstimator::test_overnight_cost_basic PASSED [ 24%]
tests/test_economics_cost_modeling.py::TestCapitalCostEstimator::test_modularity_factor PASSED [ 24%]
tests/test_economics_cost_modeling.py::TestCapitalCostEstimator::test_learning_curve PASSED [ 24%]
tests/test_economics_cost_modeling.py::TestCapitalCostEstimator::test_cost_breakdown PASSED [ 24%]
tests/test_economics_cost_modeling.py::TestCapitalCostEstimator::test_construction_cost PASSED [ 24%]
tests/test_economics_cost_modeling.py::TestOperatingCostEstimator::test_annual_fuel_cost PASSED [ 24%]
tests/test_economics_cost_modeling.py::TestOperatingCostEstimator::test_annual_o_m_cost PASSED [ 24%]
tests/test_economics_cost_modeling.py::TestOperatingCostEstimator::test_total_annual_cost PASSED [ 24%]
tests/test_economics_cost_modeling.py::TestOperatingCostEstimator::test_cost_breakdown PASSED [ 24%]
tests/test_economics_cost_modeling.py::TestLCOECalculator::test_lcoe_basic PASSED [ 24%]
tests/test_economics_cost_modeling.py::TestLCOECalculator::test_lcoe_with_operating_costs PASSED [ 24%]
tests/test_economics_cost_modeling.py::TestLCOECalculator::test_discount_rate_effect PASSED [ 24%]
tests/test_economics_cost_modeling.py::TestLCOECalculator::test_capacity_factor_effect PASSED [ 25%]
tests/test_economics_cost_modeling.py::TestLCOECalculator::test_cost_breakdown PASSED [ 25%]
tests/test_economics_cost_modeling.py::TestCostBreakdown::test_complete_breakdown PASSED [ 25%]
tests/test_economics_cost_modeling.py::TestCostBreakdown::test_total_lifetime_cost PASSED [ 25%]
tests/test_economics_integration.py::TestEstimateCostsFromSpec::test_basic_estimation_with_electric_power PASSED [ 25%]
tests/test_economics_integration.py::TestEstimateCostsFromSpec::test_estimation_without_electric_power PASSED [ 25%]
tests/test_economics_integration.py::TestEstimateCostsFromSpec::test_estimation_with_custom_parameters PASSED [ 25%]
tests/test_economics_integration.py::TestEstimateCostsFromSpec::test_estimation_with_spec_fuel_cost PASSED [ 25%]
tests/test_economics_integration.py::TestEstimateCostsFromSpec::test_estimation_without_fuel_cost PASSED [ 25%]
tests/test_economics_integration.py::TestEstimateCostsFromSpec::test_estimation_override_fuel_cost PASSED [ 25%]
tests/test_economics_integration.py::TestEstimateCostsFromSpec::test_estimation_different_reactor_types PASSED [ 25%]
tests/test_economics_integration.py::TestEstimateCostsFromSpec::test_estimation_nth_of_a_kind_effect PASSED [ 25%]
tests/test_economics_integration.py::TestEstimateCostsFromSpec::test_estimation_modularity_factor_effect PASSED [ 25%]
tests/test_economics_integration.py::TestEstimateCostsFromSpec::test_estimation_discount_rate_effect PASSED [ 25%]
tests/test_economics_integration.py::TestEstimateCostsFromSpec::test_estimation_plant_lifetime_effect PASSED [ 25%]
tests/test_economics_integration.py::TestEconomicsIntegrationEdgeCases::test_estimation_with_zero_electric_power PASSED [ 25%]
tests/test_economics_integration.py::TestEconomicsIntegrationEdgeCases::test_estimation_with_very_small_electric_power PASSED [ 25%]
tests/test_economics_integration.py::TestEconomicsIntegrationEdgeCases::test_estimation_thermal_power_estimates_electric PASSED [ 25%]
tests/test_economics_integration.py::TestEconomicsIntegrationEdgeCases::test_estimation_fuel_cost_priority PASSED [ 25%]
tests/test_economics_integration.py::TestEconomicsIntegrationEdgeCases::test_estimation_no_spec_fuel_cost_no_param PASSED [ 25%]
tests/test_economics_integration.py::TestEconomicsIntegrationEdgeCases::test_estimation_extreme_nth_of_a_kind PASSED [ 25%]
tests/test_economics_integration.py::TestEconomicsIntegrationEdgeCases::test_estimation_extreme_modularity_factors PASSED [ 25%]
tests/test_economics_integration.py::TestEconomicsIntegrationEdgeCases::test_estimation_all_custom_parameters PASSED [ 25%]
tests/test_endf_compatibility_wrappers.py::TestENDFCompatibilityContains::test_contains_existing_reaction PASSED [ 25%]
tests/test_endf_compatibility_wrappers.py::TestENDFCompatibilityContains::test_contains_nonexistent_reaction PASSED [ 25%]
tests/test_endf_compatibility_wrappers.py::TestENDFCompatibilityContains::test_contains_delegates_to_evaluation PASSED [ 25%]
tests/test_endf_compatibility_wrappers.py::TestENDFCompatibilityGetItem::test_getitem_returns_reaction_wrapper PASSED [ 25%]
tests/test_endf_compatibility_wrappers.py::TestENDFCompatibilityGetItem::test_getitem_energy_attribute PASSED [ 25%]
tests/test_endf_compatibility_wrappers.py::TestENDFCompatibilityGetItem::test_getitem_cross_section_attribute PASSED [ 25%]
tests/test_endf_compatibility_wrappers.py::TestENDFCompatibilityGetItem::test_getitem_xs_dictionary_structure PASSED [ 25%]
tests/test_endf_compatibility_wrappers.py::TestENDFCompatibilityGetItem::test_getitem_multiple_reactions PASSED [ 25%]
tests/test_endf_compatibility_wrappers.py::TestENDFCompatibilityGetItem::test_getitem_raises_keyerror_for_missing PASSED [ 25%]
tests/test_endf_compatibility_wrappers.py::TestENDFCompatibilityToPolars::test_to_polars_returns_dataframe PASSED [ 25%]
tests/test_endf_compatibility_wrappers.py::TestENDFCompatibilityToPolars::test_to_polars_contains_all_reactions PASSED [ 25%]
tests/test_endf_compatibility_wrappers.py::TestENDFCompatibilityToPolars::test_to_polars_data_correctness PASSED [ 25%]
tests/test_endf_compatibility_wrappers.py::TestENDFCompatibilityGetReactionsDataframe::test_get_reactions_dataframe_returns_summary PASSED [ 25%]
tests/test_endf_compatibility_wrappers.py::TestENDFCompatibilityGetReactionsDataframe::test_get_reactions_dataframe_contains_all_reactions PASSED [ 25%]
tests/test_endf_compatibility_wrappers.py::TestENDFCompatibilityGetReactionsDataframe::test_get_reactions_dataframe_summary_statistics PASSED [ 25%]
tests/test_endf_evaluation_parsing.py::TestParseHeader::test_parse_header_extracts_metadata PASSED [ 25%]
tests/test_endf_evaluation_parsing.py::TestParseHeader::test_parse_header_handles_missing_header PASSED [ 25%]
tests/test_endf_evaluation_parsing.py::TestParseHeader::test_parse_header_handles_invalid_za_line PASSED [ 25%]
tests/test_endf_evaluation_parsing.py::TestParseHeader::test_parse_header_finds_header_in_middle_of_file PASSED [ 25%]
tests/test_endf_evaluation_parsing.py::TestParseMf3::test_parse_mf3_finds_all_reactions PASSED [ 25%]
tests/test_endf_evaluation_parsing.py::TestParseMf3::test_parse_mf3_skips_non_mf3_sections PASSED [ 25%]
tests/test_endf_evaluation_parsing.py::TestParseMf3::test_parse_mf3_creates_reaction_data_objects PASSED [ 25%]
tests/test_endf_evaluation_parsing.py::TestParseMf3::test_parse_mf3_handles_empty_sections PASSED [ 25%]
tests/test_endf_evaluation_parsing.py::TestParseMf3::test_parse_mf3_handles_short_lines PASSED [ 25%]
tests/test_endf_evaluation_parsing.py::TestParseMf3::test_parse_mf3_handles_invalid_control_records PASSED [ 25%]
tests/test_endf_evaluation_parsing.py::TestParseFile::test_parse_file_full_workflow PASSED [ 25%]
tests/test_endf_evaluation_parsing.py::TestParseFile::test_parse_file_reads_file_correctly PASSED [ 25%]
tests/test_endf_evaluation_parsing.py::TestParseFile::test_parse_file_integration_with_header_and_reactions PASSED [ 25%]
tests/test_endf_parser.py::TestENDFEvaluation::test_endf_evaluation_initialization_file_not_found PASSED [ 26%]
tests/test_endf_parser.py::TestENDFEvaluation::test_endf_evaluation_initialization_empty_file PASSED [ 26%]
tests/test_endf_parser.py::TestENDFCompatibility::test_endf_compatibility_initialization_file_not_found PASSED [ 26%]
tests/test_endf_parser.py::TestENDFCompatibility::test_endf_compatibility_initialization_path_object PASSED [ 26%]
tests/test_endf_parser.py::TestENDFCompatibility::test_endf_compatibility_get_reactions_dataframe PASSED [ 26%]
tests/test_endf_parser.py::TestReactionData::test_reaction_data_interpolation SKIPPED [ 26%]
tests/test_endf_parser_complete_coverage.py::TestENDFEvaluationContainsAndGetItem::test_contains_returns_true_when_mt_exists PASSED [ 26%]
tests/test_endf_parser_complete_coverage.py::TestENDFEvaluationContainsAndGetItem::test_contains_returns_false_when_mt_not_exists PASSED [ 26%]
tests/test_endf_parser_complete_coverage.py::TestENDFEvaluationContainsAndGetItem::test_getitem_raises_keyerror_when_mt_not_found PASSED [ 26%]
tests/test_endf_parser_complete_coverage.py::TestENDFEvaluationContainsAndGetItem::test_getitem_returns_reaction_data_when_mt_exists PASSED [ 26%]
tests/test_endf_parser_complete_coverage.py::TestToPolarsWithPolarsAvailable::test_to_polars_returns_dataframe PASSED [ 26%]
tests/test_endf_parser_complete_coverage.py::TestToPolarsWithPolarsAvailable::test_to_polars_empty_reactions PASSED [ 26%]
tests/test_endf_parser_complete_coverage.py::TestToPolarsWithoutPolars::test_to_polars_returns_none_when_polars_unavailable SKIPPED [ 26%]
tests/test_endf_parser_complete_coverage.py::TestGetReactionsDataframeWithPolarsAvailable::test_get_reactions_dataframe_returns_summary PASSED [ 26%]
tests/test_endf_parser_complete_coverage.py::TestGetReactionsDataframeWithoutPolars::test_get_reactions_dataframe_returns_none_when_polars_unavailable SKIPPED [ 26%]
tests/test_endf_parser_complete_coverage.py::TestParseMf3ExceptionHandling::test_parse_mf3_handles_invalid_control_record PASSED [ 26%]
tests/test_endf_parser_complete_coverage.py::TestParseMf3SectionEdgeCases::test_parse_mf3_section_start_idx_geq_len_lines PASSED [ 26%]
tests/test_endf_parser_complete_coverage.py::TestParseMf3SectionEdgeCases::test_parse_mf3_section_break_on_short_line PASSED [ 26%]
tests/test_endf_parser_complete_coverage.py::TestENDFCompatibilityContains::test_endf_compatibility_contains PASSED [ 26%]
tests/test_endf_parser_complete_coverage.py::TestENDFCompatibilityToPolars::test_endf_compatibility_to_polars_delegates PASSED [ 26%]
tests/test_endf_parser_complete_coverage.py::TestParseMf3SectionAdditionalEdgeCases::test_parse_mf3_section_next_mt_equals_zero PASSED [ 26%]
tests/test_endf_parser_complete_coverage.py::TestParseMf3SectionAdditionalEdgeCases::test_parse_mf3_section_next_mf_different PASSED [ 26%]
tests/test_endf_parser_complete_coverage.py::TestParseMf3SectionAdditionalEdgeCases::test_parse_mf3_section_exception_in_mf_mt_parsing PASSED [ 26%]
tests/test_endf_parser_complete_coverage.py::TestParseMf3SectionAdditionalEdgeCases::test_parse_mf3_line_length_check PASSED [ 26%]
tests/test_endf_parser_complete_coverage.py::TestParseMf3SectionAdditionalEdgeCases::test_parse_mf3_section_exception_in_value_parsing PASSED [ 26%]
tests/test_endf_parser_complete_coverage.py::TestParseHeaderExceptionHandling::test_parse_header_exception_handling PASSED [ 26%]
tests/test_endf_parser_complete_coverage.py::TestEndfEvaluationFileNotFound::test_endf_evaluation_file_not_found PASSED [ 26%]
tests/test_endf_parser_edge_cases.py::TestParseMf3SectionEdgeCases::test_parse_mf3_section_single_data_point PASSED [ 26%]
tests/test_endf_parser_edge_cases.py::TestParseMf3SectionEdgeCases::test_parse_mf3_section_zero_energy PASSED [ 26%]
tests/test_endf_parser_edge_cases.py::TestParseMf3SectionEdgeCases::test_parse_mf3_section_zero_cross_section PASSED [ 26%]
tests/test_endf_parser_edge_cases.py::TestParseMf3SectionEdgeCases::test_parse_mf3_section_very_large_numbers PASSED [ 26%]
tests/test_endf_parser_edge_cases.py::TestParseMf3SectionEdgeCases::test_parse_mf3_section_very_small_numbers PASSED [ 26%]
tests/test_endf_parser_edge_cases.py::TestParseMf3SectionEdgeCases::test_parse_mf3_section_blank_lines PASSED [ 26%]
tests/test_endf_parser_edge_cases.py::TestParseMf3SectionEdgeCases::test_parse_mf3_section_all_zero_pairs PASSED [ 26%]
tests/test_endf_parser_edge_cases.py::TestParseMf3SectionEdgeCases::test_parse_mf3_section_number_format_with_uppercase_e PASSED [ 26%]
tests/test_endf_parser_edge_cases.py::TestENDFCompatibilityEdgeCases::test_endf_compatibility_xs_dictionary_structure PASSED [ 26%]
tests/test_endf_parser_edge_cases.py::TestENDFCompatibilityEdgeCases::test_endf_compatibility_xs_dictionary_only_has_0k PASSED [ 26%]
tests/test_endf_parser_edge_cases.py::TestENDFCompatibilityEdgeCases::test_endf_compatibility_multiple_reactions_xs_dictionaries PASSED [ 26%]
tests/test_endf_parser_edge_cases.py::TestParseHeaderEdgeCases::test_parse_header_no_header_in_file PASSED [ 26%]
tests/test_endf_parser_edge_cases.py::TestParseHeaderEdgeCases::test_parse_header_invalid_za_format PASSED [ 26%]
tests/test_endf_parser_polars_unavailable.py::TestENDFEvaluationPolarsUnavailable::test_to_polars_returns_none_when_polars_unavailable PASSED [ 26%]
tests/test_endf_parser_polars_unavailable.py::TestENDFEvaluationPolarsUnavailable::test_get_reactions_dataframe_returns_none_when_polars_unavailable PASSED [ 26%]
tests/test_endf_parser_polars_unavailable.py::TestENDFEvaluationPolarsUnavailable::test_to_polars_with_no_reactions_returns_none PASSED [ 26%]
tests/test_endf_parser_polars_unavailable.py::TestENDFEvaluationPolarsUnavailable::test_get_reactions_dataframe_with_no_reactions_returns_none PASSED [ 26%]
tests/test_endf_parser_polars_unavailable.py::TestENDFCompatibilityPolarsUnavailable::test_compatibility_to_polars_returns_none_when_polars_unavailable PASSED [ 26%]
tests/test_endf_parser_polars_unavailable.py::TestENDFCompatibilityPolarsUnavailable::test_compatibility_get_reactions_dataframe_returns_none_when_polars_unavailable PASSED [ 26%]
tests/test_endf_parser_polars_unavailable.py::TestENDFCompatibilityPolarsUnavailable::test_compatibility_other_methods_work_when_polars_unavailable PASSED [ 26%]
tests/test_endf_parser_remaining.py::TestMtToReactionName::test_mt_to_reaction_name_total PASSED [ 26%]
tests/test_endf_parser_remaining.py::TestMtToReactionName::test_mt_to_reaction_name_elastic PASSED [ 26%]
tests/test_endf_parser_remaining.py::TestMtToReactionName::test_mt_to_reaction_name_non_elastic PASSED [ 26%]
tests/test_endf_parser_remaining.py::TestMtToReactionName::test_mt_to_reaction_name_inelastic PASSED [ 26%]
tests/test_endf_parser_remaining.py::TestMtToReactionName::test_mt_to_reaction_name_n2n PASSED [ 27%]
tests/test_endf_parser_remaining.py::TestMtToReactionName::test_mt_to_reaction_name_n3n PASSED [ 27%]
tests/test_endf_parser_remaining.py::TestMtToReactionName::test_mt_to_reaction_name_fission PASSED [ 27%]
tests/test_endf_parser_remaining.py::TestMtToReactionName::test_mt_to_reaction_name_fission_first_chance PASSED [ 27%]
tests/test_endf_parser_remaining.py::TestMtToReactionName::test_mt_to_reaction_name_fission_second_chance PASSED [ 27%]
tests/test_endf_parser_remaining.py::TestMtToReactionName::test_mt_to_reaction_name_fission_third_chance PASSED [ 27%]
tests/test_endf_parser_remaining.py::TestMtToReactionName::test_mt_to_reaction_name_nn_alpha PASSED [ 27%]
tests/test_endf_parser_remaining.py::TestMtToReactionName::test_mt_to_reaction_name_nn_p PASSED [ 27%]
tests/test_endf_parser_remaining.py::TestMtToReactionName::test_mt_to_reaction_name_capture PASSED [ 27%]
tests/test_endf_parser_remaining.py::TestMtToReactionName::test_mt_to_reaction_name_ngamma PASSED [ 27%]
tests/test_endf_parser_remaining.py::TestMtToReactionName::test_mt_to_reaction_name_nalpha PASSED [ 27%]
tests/test_endf_parser_remaining.py::TestMtToReactionName::test_mt_to_reaction_name_n2alpha PASSED [ 27%]
tests/test_endf_parser_remaining.py::TestMtToReactionName::test_mt_to_reaction_name_n3alpha PASSED [ 27%]
tests/test_endf_parser_remaining.py::TestMtToReactionName::test_mt_to_reaction_name_unknown_returns_mt_format PASSED [ 27%]
tests/test_endf_parser_remaining.py::TestMtToReactionName::test_mt_to_reaction_name_negative_number PASSED [ 27%]
tests/test_endf_parser_remaining.py::TestMtToReactionName::test_mt_to_reaction_name_large_number PASSED [ 27%]
tests/test_endf_parser_remaining.py::TestMtToReactionName::test_mt_to_reaction_name_all_known_mappings PASSED [ 27%]
tests/test_endf_parser_remaining.py::TestMtToReactionName::test_mt_to_reaction_name_is_static_method PASSED [ 27%]
tests/test_endf_parser_remaining.py::TestENDFEvaluationGetItemKeyError::test_getitem_raises_keyerror_for_missing_reaction PASSED [ 27%]
tests/test_endf_parser_remaining.py::TestENDFEvaluationGetItemKeyError::test_getitem_keyerror_for_multiple_missing_reactions PASSED [ 27%]
tests/test_endf_parser_remaining.py::TestENDFEvaluationGetItemKeyError::test_getitem_keyerror_message_includes_filename PASSED [ 27%]
tests/test_endf_parser_remaining.py::TestENDFEvaluationGetItemKeyError::test_getitem_keyerror_format PASSED [ 27%]
tests/test_endf_parser_remaining.py::TestENDFEvaluationGetItemKeyError::test_getitem_keyerror_vs_contains PASSED [ 27%]
tests/test_endf_reactor_core_integration.py::TestEndfReactorCoreIntegration::test_endf_evaluation_to_reactor_core_workflow SKIPPED [ 27%]
tests/test_endf_reactor_core_integration.py::TestEndfReactorCoreIntegration::test_endf_compatibility_with_reactor_core PASSED [ 27%]
tests/test_endf_reactor_core_integration.py::TestEndfReactorCoreIntegration::test_reactor_core_uses_endf_parser_backend SKIPPED [ 27%]
tests/test_endf_reactor_core_integration.py::TestEndfReactorCoreIntegration::test_cross_section_table_from_endf_evaluation PASSED [ 27%]
tests/test_endf_reactor_core_integration.py::TestEndfReactorCoreIntegration::test_multigroup_collapse_with_endf_data PASSED [ 27%]
tests/test_endf_reactor_core_integration.py::TestEndfReactorCoreIntegration::test_file_caching_integration SKIPPED [ 27%]
tests/test_endf_reactor_core_integration.py::TestEndfReactorCoreIntegration::test_error_handling_integration PASSED [ 27%]
tests/test_endf_reactor_core_integration.py::TestEndfReactorCoreIntegration::test_data_consistency_between_parsers PASSED [ 27%]
tests/test_endf_setup_comprehensive.py::TestEndfSetupPrintFunctions::test_print_step PASSED [ 27%]
tests/test_endf_setup_comprehensive.py::TestEndfSetupPrintFunctions::test_print_success PASSED [ 27%]
tests/test_endf_setup_comprehensive.py::TestEndfSetupPrintFunctions::test_print_error PASSED [ 27%]
tests/test_endf_setup_comprehensive.py::TestEndfSetupPrintFunctions::test_print_info PASSED [ 27%]
tests/test_endf_setup_comprehensive.py::TestEndfSetupPrintFunctions::test_print_warning PASSED [ 27%]
tests/test_endf_setup_comprehensive.py::TestEndfSetupWizard::test_setup_endf_data_interactive_cancel PASSED [ 27%]
tests/test_endf_setup_comprehensive.py::TestEndfSetupWizard::test_setup_endf_data_interactive_option_2 PASSED [ 27%]
tests/test_endf_setup_comprehensive.py::TestEndfSetupWizard::test_setup_existing_files_cancel PASSED [ 27%]
tests/test_endf_setup_comprehensive.py::TestEndfSetupWizard::test_setup_existing_files_invalid_path PASSED [ 27%]
tests/test_endf_setup_comprehensive.py::TestEndfSetupWizard::test_setup_download_instructions PASSED [ 27%]
tests/test_endf_setup_comprehensive.py::TestEndfSetupValidation::test_validate_endf_setup_nonexistent_dir PASSED [ 27%]
tests/test_endf_setup_comprehensive.py::TestEndfSetupValidation::test_validate_endf_setup_empty_dir PASSED [ 27%]
tests/test_endf_setup_comprehensive.py::TestEndfSetupValidation::test_validate_endf_setup_default PASSED [ 27%]
tests/test_endf_setup_comprehensive.py::TestEndfSetupEdgeCases::test_setup_existing_files_retry_path PASSED [ 27%]
tests/test_endf_setup_comprehensive.py::TestEndfSetupEdgeCases::test_setup_existing_files_with_organization PASSED [ 27%]
tests/test_endf_setup_comprehensive.py::TestEndfSetupEdgeCases::test_setup_existing_files_organization_error PASSED [ 27%]
tests/test_endf_setup_comprehensive.py::TestEndfSetupEdgeCases::test_setup_existing_files_validation_exception PASSED [ 27%]
tests/test_endf_setup_comprehensive.py::TestEndfSetupEdgeCases::test_setup_download_instructions_yes_path PASSED [ 27%]
tests/test_endf_setup_comprehensive.py::TestEndfSetupEdgeCases::test_validate_endf_setup_with_cache_test PASSED [ 27%]
tests/test_endf_setup_comprehensive.py::TestEndfSetupEdgeCases::test_validate_endf_setup_cache_test_failure PASSED [ 28%]
tests/test_endf_setup_comprehensive.py::TestEndfSetupEdgeCases::test_validate_endf_setup_no_test_nuclides_found PASSED [ 28%]
tests/test_endf_setup_comprehensive.py::TestEndfSetupEdgeCases::test_validate_endf_setup_scan_exception PASSED [ 28%]
tests/test_endf_setup_comprehensive.py::TestEndfSetupEdgeCases::test_setup_endf_data_interactive_option_1 PASSED [ 28%]
tests/test_endf_setup_comprehensive.py::TestEndfSetupEdgeCases::test_setup_endf_data_interactive_invalid_option PASSED [ 28%]
tests/test_endf_setup_comprehensive.py::TestEndfSetupEdgeCases::test_validate_endf_setup_no_valid_files PASSED [ 28%]
tests/test_endf_validation.py::TestTSLValidation::test_tsl_file_discovery PASSED [ 28%]
tests/test_endf_validation.py::TestTSLValidation::test_parse_h2o_tsl SKIPPED [ 28%]
tests/test_endf_validation.py::TestTSLValidation::test_parse_graphite_tsl SKIPPED [ 28%]
tests/test_endf_validation.py::TestFissionYieldValidation::test_parse_u235_yields PASSED [ 28%]
tests/test_endf_validation.py::TestFissionYieldValidation::test_parse_u238_yields PASSED [ 28%]
tests/test_endf_validation.py::TestDecayDataValidation::test_parse_u235_decay PASSED [ 28%]
tests/test_endf_validation.py::TestDecayDataValidation::test_parse_cs137_decay PASSED [ 28%]
tests/test_endf_validation.py::TestDecayDataValidation::test_parse_sr90_decay PASSED [ 28%]
tests/test_endf_validation.py::TestCrossSectionValidation::test_u235_fission_xs PASSED [ 28%]
tests/test_endf_validation.py::TestCrossSectionValidation::test_u235_capture_xs PASSED [ 28%]
tests/test_endf_validation.py::TestPhotonValidation::test_photon_file_discovery PASSED [ 28%]
tests/test_endf_validation.py::TestPhotonValidation::test_parse_hydrogen_photon PASSED [ 28%]
tests/test_endf_validation.py::TestPhotonValidation::test_get_photon_cross_section PASSED [ 28%]
tests/test_endf_validation.py::TestGammaProductionValidation::test_parse_u235_gamma_production PASSED [ 28%]
tests/test_endf_validation.py::TestGammaTransportIntegration::test_gamma_transport_with_photon_data PASSED [ 28%]
tests/test_endf_validation.py::TestIntegrationValidation::test_burnup_integration PASSED [ 28%]
tests/test_endf_workflows_e2e.py::TestENDFFileDiscovery::test_neutron_file_discovery PASSED [ 28%]
tests/test_endf_workflows_e2e.py::TestENDFFileDiscovery::test_decay_file_discovery PASSED [ 28%]
tests/test_endf_workflows_e2e.py::TestENDFFileDiscovery::test_fission_yield_file_discovery PASSED [ 28%]
tests/test_endf_workflows_e2e.py::TestENDFFileDiscovery::test_tsl_file_discovery PASSED [ 28%]
tests/test_endf_workflows_e2e.py::TestENDFFileDiscovery::test_photon_file_discovery PASSED [ 28%]
tests/test_endf_workflows_e2e.py::TestENDFFileDiscovery::test_gamma_production_file_discovery PASSED [ 28%]
tests/test_endf_workflows_e2e.py::TestENDFDataParsing::test_neutron_cross_section_parsing PASSED [ 28%]
tests/test_endf_workflows_e2e.py::TestENDFDataParsing::test_decay_data_parsing PASSED [ 28%]
tests/test_endf_workflows_e2e.py::TestENDFDataParsing::test_fission_yield_parsing PASSED [ 28%]
tests/test_endf_workflows_e2e.py::TestENDFDataParsing::test_tsl_parsing PASSED [ 28%]
tests/test_endf_workflows_e2e.py::TestENDFDataParsing::test_photon_cross_section_parsing PASSED [ 28%]
tests/test_endf_workflows_e2e.py::TestENDFDataParsing::test_gamma_production_parsing PASSED [ 28%]
tests/test_endf_workflows_e2e.py::TestNeutronicsWorkflow::test_neutronics_with_endf_data PASSED [ 28%]
tests/test_endf_workflows_e2e.py::TestBurnupWorkflow::test_burnup_with_endf_data PASSED [ 28%]
tests/test_endf_workflows_e2e.py::TestDecayHeatWorkflow::test_decay_heat_with_endf_data PASSED [ 28%]
tests/test_endf_workflows_e2e.py::TestDecayHeatWorkflow::test_gamma_source_generation PASSED [ 28%]
tests/test_endf_workflows_e2e.py::TestGammaTransportWorkflow::test_gamma_transport_with_photon_data PASSED [ 28%]
tests/test_endf_workflows_e2e.py::TestGammaTransportWorkflow::test_gamma_transport_time_dependent PASSED [ 28%]
tests/test_endf_workflows_e2e.py::TestIntegratedWorkflow::test_complete_reactor_analysis PASSED [ 28%]
tests/test_energy_angle_parser.py::TestAngularDistribution::test_isotropic_distribution PASSED [ 28%]
tests/test_energy_angle_parser.py::TestAngularDistribution::test_legendre_distribution PASSED [ 28%]
tests/test_energy_angle_parser.py::TestAngularDistribution::test_tabular_distribution PASSED [ 28%]
tests/test_energy_angle_parser.py::TestEnergyAngleData::test_energy_angle_data_creation PASSED [ 28%]
tests/test_energy_angle_parser.py::TestEnergyAngleData::test_get_legendre_moments_from_legendre PASSED [ 28%]
tests/test_energy_angle_parser.py::TestEnergyAngleData::test_get_legendre_moments_from_tabular PASSED [ 28%]
tests/test_energy_angle_parser.py::TestENDFEnergyAngleParser::test_parser_creation PASSED [ 28%]
tests/test_energy_angle_parser.py::TestENDFEnergyAngleParser::test_parse_filename PASSED [ 28%]
tests/test_energy_angle_parser.py::TestENDFEnergyAngleParser::test_parse_file_missing PASSED [ 28%]
tests/test_energy_angle_parser.py::TestENDFEnergyAngleParser::test_get_energy_angle_data PASSED [ 28%]
tests/test_error_messages.py::TestFormatValidationError::test_format_validation_error_negative_power PASSED [ 29%]
tests/test_error_messages.py::TestFormatValidationError::test_format_validation_error_negative_temperature PASSED [ 29%]
tests/test_error_messages.py::TestFormatValidationError::test_format_validation_error_negative_enrichment PASSED [ 29%]
tests/test_error_messages.py::TestFormatValidationError::test_format_validation_error_out_of_range_enrichment_high PASSED [ 29%]
tests/test_error_messages.py::TestFormatValidationError::test_format_validation_error_out_of_range_enrichment_low PASSED [ 29%]
tests/test_error_messages.py::TestFormatValidationError::test_format_validation_error_temperature_order PASSED [ 29%]
tests/test_error_messages.py::TestFormatValidationError::test_format_validation_error_missing_required PASSED [ 29%]
tests/test_error_messages.py::TestFormatValidationError::test_format_validation_error_with_suggestions PASSED [ 29%]
tests/test_error_messages.py::TestFormatValidationError::test_format_validation_error_base_message PASSED [ 29%]
tests/test_error_messages.py::TestSuggestCorrection::test_suggest_correction_enrichment_percentage PASSED [ 29%]
tests/test_error_messages.py::TestSuggestCorrection::test_suggest_correction_enrichment_negative PASSED [ 29%]
tests/test_error_messages.py::TestSuggestCorrection::test_suggest_correction_enrichment_valid PASSED [ 29%]
tests/test_error_messages.py::TestSuggestCorrection::test_suggest_correction_power_small PASSED [ 29%]
tests/test_error_messages.py::TestSuggestCorrection::test_suggest_correction_temperature_celsius PASSED [ 29%]
tests/test_error_messages.py::TestSuggestCorrection::test_suggest_correction_temperature_negative PASSED [ 29%]
tests/test_error_messages.py::TestSuggestCorrection::test_suggest_correction_no_suggestion PASSED [ 29%]
tests/test_error_messages.py::TestFormatCrossSectionError::test_format_cross_section_error PASSED [ 29%]
tests/test_error_messages.py::TestFormatSolverError::test_format_solver_error_basic PASSED [ 29%]
tests/test_error_messages.py::TestFormatSolverError::test_format_solver_error_convergence PASSED [ 29%]
tests/test_error_messages.py::TestFormatSolverError::test_format_solver_error_nan PASSED [ 29%]
tests/test_error_messages.py::TestFormatSolverError::test_format_solver_error_with_custom_suggestions PASSED [ 29%]
tests/test_error_messages.py::TestFormatGeometryError::test_format_geometry_error_basic PASSED [ 29%]
tests/test_error_messages.py::TestFormatGeometryError::test_format_geometry_error_mesh PASSED [ 29%]
tests/test_error_messages.py::TestFormatGeometryError::test_format_geometry_error_material PASSED [ 29%]
tests/test_error_messages.py::TestFormatGeometryError::test_format_validation_error_negative_power_thermal PASSED [ 29%]
tests/test_error_messages.py::TestFormatGeometryError::test_format_validation_error_negative_inlet_temperature PASSED [ 29%]
tests/test_error_messages.py::TestFormatGeometryError::test_format_validation_error_negative_outlet_temperature PASSED [ 29%]
tests/test_error_messages.py::TestFormatGeometryError::test_format_validation_error_non_numeric_value PASSED [ 29%]
tests/test_error_messages.py::TestFormatGeometryError::test_suggest_correction_enrichment_over_100 PASSED [ 29%]
tests/test_error_messages.py::TestFormatGeometryError::test_suggest_correction_power_mw_valid PASSED [ 29%]
tests/test_error_messages.py::TestFormatGeometryError::test_suggest_correction_temperature_valid PASSED [ 29%]
tests/test_error_messages.py::TestFormatGeometryError::test_suggest_correction_temperature_too_high PASSED [ 29%]
tests/test_error_messages.py::TestFormatGeometryError::test_suggest_correction_temperature_too_low PASSED [ 29%]
tests/test_error_messages.py::TestFormatGeometryError::test_format_solver_error_inf PASSED [ 29%]
tests/test_error_messages.py::TestFormatGeometryError::test_format_solver_error_converged PASSED [ 29%]
tests/test_error_messages.py::TestFormatGeometryError::test_format_solver_error_no_suggestions PASSED [ 29%]
tests/test_error_messages.py::TestFormatGeometryError::test_format_geometry_error_no_keywords PASSED [ 29%]
tests/test_extract_mf3_data.py::TestExtractMf3Data::test_extract_mf3_data_pattern1_E_XS_keys PASSED [ 29%]
tests/test_extract_mf3_data.py::TestExtractMf3Data::test_extract_mf3_data_pattern2_energy_cross_section_keys PASSED [ 29%]
tests/test_extract_mf3_data.py::TestExtractMf3Data::test_extract_mf3_data_pattern3_data_field_with_pairs PASSED [ 29%]
tests/test_extract_mf3_data.py::TestExtractMf3Data::test_extract_mf3_data_pattern4_data_field_with_array_pairs PASSED [ 29%]
tests/test_extract_mf3_data.py::TestExtractMf3Data::test_extract_mf3_data_pattern5_xy_keys PASSED [ 29%]
tests/test_extract_mf3_data.py::TestExtractMf3Data::test_extract_mf3_data_empty_data_returns_none PASSED [ 29%]
tests/test_extract_mf3_data.py::TestExtractMf3Data::test_extract_mf3_data_mismatched_lengths_returns_none PASSED [ 29%]
tests/test_extract_mf3_data.py::TestExtractMf3Data::test_extract_mf3_data_none_input_returns_none PASSED [ 29%]
tests/test_extract_mf3_data.py::TestExtractMf3Data::test_extract_mf3_data_non_dict_input_returns_none PASSED [ 29%]
tests/test_extract_mf3_data.py::TestExtractMf3Data::test_extract_mf3_data_dict_without_matching_keys_returns_none PASSED [ 29%]
tests/test_extract_mf3_data.py::TestExtractMf3Data::test_extract_mf3_data_large_array PASSED [ 29%]
tests/test_extract_mf3_data.py::TestExtractMf3Data::test_extract_mf3_data_single_point PASSED [ 29%]
tests/test_extract_mf3_data.py::TestExtractMf3Data::test_extract_mf3_data_with_numpy_arrays PASSED [ 29%]
tests/test_extract_mf3_data.py::TestExtractMf3Data::test_extract_mf3_data_with_lists PASSED [ 30%]
tests/test_extract_mf3_data.py::TestExtractMf3Data::test_extract_mf3_data_data_field_with_list_of_tuples PASSED [ 30%]
tests/test_extract_mf3_data.py::TestExtractMf3Data::test_extract_mf3_data_data_field_with_empty_list PASSED [ 30%]
tests/test_extract_mf3_data.py::TestExtractMf3Data::test_extract_mf3_data_data_field_with_single_tuple PASSED [ 30%]
tests/test_extract_mf3_data.py::TestExtractMf3Data::test_extract_mf3_data_prefers_pattern1_over_pattern2 PASSED [ 30%]
tests/test_extract_mf3_data_pattern3_flat.py::TestExtractMf3DataPattern3Flat::test_extract_mf3_data_pattern3_flat_array_interleaved PASSED [ 30%]
tests/test_extract_mf3_data_pattern3_flat.py::TestExtractMf3DataPattern3Flat::test_extract_mf3_data_pattern3_flat_array_two_points PASSED [ 30%]
tests/test_extract_mf3_data_pattern3_flat.py::TestExtractMf3DataPattern3Flat::test_extract_mf3_data_pattern3_flat_array_many_points PASSED [ 30%]
tests/test_extract_mf3_data_pattern3_flat.py::TestExtractMf3DataPattern3Flat::test_extract_mf3_data_pattern3_flat_array_odd_elements_skipped PASSED [ 30%]
tests/test_extract_mf3_data_pattern3_flat.py::TestExtractMf3DataPattern3Flat::test_extract_mf3_data_pattern3_flat_array_single_point_fails_check PASSED [ 30%]
tests/test_extract_mf3_data_pattern4.py::TestExtractMf3DataPattern4::test_extract_mf3_data_pattern4_energy_cross_section_keys PASSED [ 30%]
tests/test_extract_mf3_data_pattern4.py::TestExtractMf3DataPattern4::test_extract_mf3_data_pattern4_sigma_key PASSED [ 30%]
tests/test_extract_mf3_data_pattern4.py::TestExtractMf3DataPattern4::test_extract_mf3_data_pattern4_lowercase_keys PASSED [ 30%]
tests/test_extract_mf3_data_pattern4.py::TestExtractMf3DataPattern4::test_extract_mf3_data_pattern4_mixed_case_keys PASSED [ 30%]
tests/test_extract_mf3_data_pattern4.py::TestExtractMf3DataPattern4::test_extract_mf3_data_pattern4_excludes_xs_in_key PASSED [ 30%]
tests/test_extract_mf3_data_pattern4.py::TestExtractMf3DataPattern4::test_extract_mf3_data_pattern4_list_values PASSED [ 30%]
tests/test_extract_mf3_data_pattern4.py::TestExtractMf3DataPattern4::test_extract_mf3_data_pattern4_array_values PASSED [ 30%]
tests/test_extract_mf3_data_pattern4.py::TestExtractMf3DataPattern4::test_extract_mf3_data_pattern4_string_values_excluded PASSED [ 30%]
tests/test_extract_mf3_data_pattern4.py::TestExtractMf3DataPattern4::test_extract_mf3_data_pattern4_mismatched_lengths_returns_none PASSED [ 30%]
tests/test_extract_mf3_data_pattern4.py::TestExtractMf3DataPattern4::test_extract_mf3_data_pattern4_empty_arrays_returns_none PASSED [ 30%]
tests/test_extract_mf3_data_pattern4.py::TestExtractMf3DataPattern4::test_extract_mf3_data_pattern4_single_point PASSED [ 30%]
tests/test_extract_mf3_data_patterns.py::TestExtractMf3DataPatterns::test_extract_mf3_data_list_pairs_format PASSED [ 30%]
tests/test_extract_mf3_data_patterns.py::TestExtractMf3DataPatterns::test_extract_mf3_data_array_pairs_format PASSED [ 30%]
tests/test_extract_mf3_data_patterns.py::TestExtractMf3DataPatterns::test_extract_mf3_data_flat_pairs_list PASSED [ 30%]
tests/test_extract_mf3_data_patterns.py::TestExtractMf3DataPatterns::test_extract_mf3_data_flat_pairs_array PASSED [ 30%]
tests/test_extract_mf3_data_patterns.py::TestExtractMf3DataPatterns::test_extract_mf3_data_flat_odd_elements_returns_none PASSED [ 30%]
tests/test_extract_mf3_data_patterns.py::TestExtractMf3DataPatterns::test_extract_mf3_data_flat_array_odd_elements_returns_none PASSED [ 30%]
tests/test_extract_mf3_data_patterns.py::TestExtractMf3DataPatterns::test_extract_mf3_data_list_single_pair PASSED [ 30%]
tests/test_extract_mf3_data_patterns.py::TestExtractMf3DataPatterns::test_extract_mf3_data_array_single_pair PASSED [ 30%]
tests/test_extract_mf3_data_patterns.py::TestExtractMf3DataPatterns::test_extract_mf3_data_flat_single_pair PASSED [ 30%]
tests/test_extract_mf3_data_patterns.py::TestExtractMf3DataPatterns::test_extract_mf3_data_list_empty_returns_none PASSED [ 30%]
tests/test_extract_mf3_data_patterns.py::TestExtractMf3DataPatterns::test_extract_mf3_data_array_three_columns_splits_incorrectly PASSED [ 30%]
tests/test_extract_mf3_data_patterns.py::TestExtractMf3DataPatterns::test_extract_mf3_data_list_tuple_pairs PASSED [ 30%]
tests/test_extract_mf3_data_patterns.py::TestExtractMf3DataPatterns::test_extract_mf3_data_exception_handling PASSED [ 30%]
tests/test_fast_reactor_smr.py::TestWireWrapSpacer::test_wire_wrap_creation PASSED [ 30%]
tests/test_fast_reactor_smr.py::TestWireWrapSpacer::test_wire_length PASSED [ 30%]
tests/test_fast_reactor_smr.py::TestFastReactorFuelPin::test_fuel_pin_creation PASSED [ 30%]
tests/test_fast_reactor_smr.py::TestFastReactorFuelPin::test_fuel_pin_volume PASSED [ 30%]
tests/test_fast_reactor_smr.py::TestFastReactorAssembly::test_assembly_creation PASSED [ 30%]
tests/test_fast_reactor_smr.py::TestFastReactorAssembly::test_build_hexagonal_lattice PASSED [ 30%]
tests/test_fast_reactor_smr.py::TestFastReactorAssembly::test_total_fuel_volume PASSED [ 30%]
tests/test_fast_reactor_smr.py::TestFastReactorSMRCore::test_core_creation PASSED [ 30%]
tests/test_fast_reactor_smr.py::TestFastReactorSMRCore::test_build_hexagonal_core_lattice PASSED [ 30%]
tests/test_fast_reactor_smr.py::TestFastReactorSMRCore::test_core_fuel_volume PASSED [ 30%]
tests/test_fast_reactor_smr.py::TestLiquidMetalChannel::test_channel_creation PASSED [ 30%]
tests/test_fetch_and_cache.py::TestFetchAndCacheBackends::test_fetch_and_cache_endf_parserpy_success PASSED [ 30%]
tests/test_fetch_and_cache.py::TestFetchAndCacheBackends::test_fetch_and_cache_sandy_success PASSED [ 30%]
tests/test_fetch_and_cache.py::TestFetchAndCacheBackends::test_fetch_and_cache_endf_compatibility_success PASSED [ 30%]
tests/test_fetch_and_cache.py::TestFetchAndCacheBackends::test_fetch_and_cache_simple_parser_success PASSED [ 30%]
tests/test_fetch_and_cache.py::TestFetchAndCacheBackends::test_fetch_and_cache_doppler_broadening PASSED [ 30%]
tests/test_fetch_and_cache.py::TestFetchAndCacheBackends::test_fetch_and_cache_no_doppler_broadening_standard_temp PASSED [ 30%]
tests/test_fetch_and_cache.py::TestFetchAndCacheBackends::test_fetch_and_cache_saves_to_cache PASSED [ 31%]
tests/test_fetch_and_cache.py::TestFetchAndCacheBackends::test_fetch_and_cache_backend_fallback_chain PASSED [ 31%]
tests/test_fetch_and_cache.py::TestFetchAndCacheBackends::test_fetch_and_cache_all_backends_fail PASSED [ 31%]
tests/test_fetch_and_cache_async_comprehensive.py::TestGetCrossSectionAsync::test_get_cross_section_async_memory_cache_hit PASSED [ 31%]
tests/test_fetch_and_cache_async_comprehensive.py::TestGetCrossSectionAsync::test_get_cross_section_async_zarr_cache_hit PASSED [ 31%]
tests/test_fetch_and_cache_async_comprehensive.py::TestGetCrossSectionAsync::test_get_cross_section_async_cache_miss_calls_fetch_async PASSED [ 31%]
tests/test_fetch_and_cache_async_comprehensive.py::TestFetchAndCacheAsync::test_fetch_and_cache_async_with_endf_parserpy_success PASSED [ 31%]
tests/test_fetch_and_cache_async_comprehensive.py::TestFetchAndCacheAsync::test_fetch_and_cache_async_with_sandy_backend PASSED [ 31%]
tests/test_fetch_and_cache_async_comprehensive.py::TestFetchAndCacheAsync::test_fetch_and_cache_async_with_endf_compatibility_backend PASSED [ 31%]
tests/test_fetch_and_cache_async_comprehensive.py::TestFetchAndCacheAsync::test_fetch_and_cache_async_with_simple_parser_fallback PASSED [ 31%]
tests/test_fetch_and_cache_async_comprehensive.py::TestFetchAndCacheAsync::test_fetch_and_cache_async_applies_doppler_broadening PASSED [ 31%]
tests/test_fetch_and_cache_async_comprehensive.py::TestFetchAndCacheAsync::test_fetch_and_cache_async_no_doppler_broadening_standard_temp PASSED [ 31%]
tests/test_fetch_and_cache_async_comprehensive.py::TestFetchAndCacheAsync::test_fetch_and_cache_async_backend_fallback_chain PASSED [ 31%]
tests/test_fetch_and_cache_async_comprehensive.py::TestFetchAndCacheAsync::test_fetch_and_cache_async_all_backends_fail_error_message PASSED [ 31%]
tests/test_fetch_and_cache_complete_coverage.py::TestFetchAndCacheMissingDataScenarios::test_fetch_and_cache_missing_mf3_in_endf_dict PASSED [ 31%]
tests/test_fetch_and_cache_complete_coverage.py::TestFetchAndCacheMissingDataScenarios::test_fetch_and_cache_missing_reaction_mt_in_mf3 PASSED [ 31%]
tests/test_fetch_and_cache_complete_coverage.py::TestFetchAndCacheMissingDataScenarios::test_fetch_and_cache_extract_mf3_data_returns_none PASSED [ 31%]
tests/test_fetch_and_cache_complete_coverage.py::TestFetchAndCacheMissingDataScenarios::test_fetch_and_cache_extract_mf3_data_returns_empty_arrays PASSED [ 31%]
tests/test_fetch_and_cache_complete_coverage.py::TestFetchAndCacheMissingDataScenarios::test_fetch_and_cache_sandy_missing_reaction_mt PASSED [ 31%]
tests/test_fetch_and_cache_complete_coverage.py::TestFetchAndCacheMissingDataScenarios::test_fetch_and_cache_sandy_empty_mf3_filter PASSED [ 31%]
tests/test_fetch_and_cache_complete_coverage.py::TestFetchAndCacheMissingDataScenarios::test_fetch_and_cache_endf_compatibility_missing_reaction PASSED [ 31%]
tests/test_fetch_and_cache_complete_coverage.py::TestFetchAndCacheAsyncMissingDataScenarios::test_fetch_and_cache_async_missing_mf3_in_endf_dict PASSED [ 31%]
tests/test_fetch_and_cache_complete_coverage.py::TestFetchAndCacheAsyncMissingDataScenarios::test_fetch_and_cache_async_extract_mf3_data_returns_none PASSED [ 31%]
tests/test_fetch_and_cache_complete_coverage.py::TestZarrCacheStorageComplete::test_save_to_cache_small_array_chunk_size PASSED [ 31%]
tests/test_fetch_and_cache_complete_coverage.py::TestZarrCacheStorageComplete::test_save_to_cache_medium_array_chunk_size PASSED [ 31%]
tests/test_fetch_and_cache_complete_coverage.py::TestZarrCacheStorageComplete::test_save_to_cache_large_array_chunk_size PASSED [ 31%]
tests/test_fetch_and_cache_complete_coverage.py::TestZarrCacheStorageComplete::test_save_to_cache_overwrite_existing_key PASSED [ 31%]
tests/test_fetch_and_cache_complete_coverage.py::TestZarrCacheStorageComplete::test_save_to_cache_zarr_group_creation_failure PASSED [ 31%]
tests/test_fetch_and_cache_complete_coverage.py::TestZarrCacheStorageComplete::test_save_to_cache_zarr_array_creation_failure PASSED [ 31%]
tests/test_fetch_and_cache_complete_coverage.py::TestZarrCacheStorageComplete::test_save_to_cache_persistence_across_sessions PASSED [ 31%]
tests/test_fetch_and_cache_complete_coverage.py::TestZarrCacheStorageComplete::test_save_to_cache_with_dtype_conversion PASSED [ 31%]
tests/test_fetch_and_cache_complete_coverage.py::TestZarrCacheStorageComplete::test_save_to_cache_single_point_array PASSED [ 31%]
tests/test_fetch_and_cache_complete_coverage.py::TestZarrCacheStorageComplete::test_save_to_cache_exactly_1024_points PASSED [ 31%]
tests/test_fetch_and_cache_complete_coverage.py::TestZarrCacheStorageComplete::test_save_to_cache_exactly_8192_points PASSED [ 31%]
tests/test_fetch_and_cache_temperature.py::TestFetchAndCacheTemperature::test_fetch_and_cache_applies_doppler_broadening PASSED [ 31%]
tests/test_fetch_and_cache_temperature.py::TestFetchAndCacheTemperature::test_fetch_and_cache_no_broadening_at_standard_temp PASSED [ 31%]
tests/test_fetch_and_cache_temperature.py::TestFetchAndCacheTemperature::test_fetch_and_cache_broadening_tolerance PASSED [ 31%]
tests/test_fetch_and_cache_temperature.py::TestFetchAndCacheTemperature::test_fetch_and_cache_broadening_high_temperature PASSED [ 31%]
tests/test_fetch_and_cache_temperature.py::TestFetchAndCacheTemperature::test_fetch_and_cache_broadening_low_temperature PASSED [ 31%]
tests/test_fetch_and_cache_temperature.py::TestFetchAndCacheTemperature::test_fetch_and_cache_broadening_multiple_temperatures PASSED [ 31%]
tests/test_fetch_and_cache_with_mock_files.py::TestFetchAndCacheWithRealEndfFiles::test_fetch_and_cache_with_endf_parserpy_success PASSED [ 31%]
tests/test_fetch_and_cache_with_mock_files.py::TestFetchAndCacheWithRealEndfFiles::test_fetch_and_cache_with_endf_parserpy_updates_metadata PASSED [ 31%]
tests/test_fetch_and_cache_with_mock_files.py::TestFetchAndCacheWithRealEndfFiles::test_fetch_and_cache_with_sandy_backend PASSED [ 31%]
tests/test_fetch_and_cache_with_mock_files.py::TestFetchAndCacheWithRealEndfFiles::test_fetch_and_cache_with_endf_compatibility_backend PASSED [ 31%]
tests/test_fetch_and_cache_with_mock_files.py::TestFetchAndCacheWithRealEndfFiles::test_fetch_and_cache_with_simple_parser_fallback PASSED [ 31%]
tests/test_fetch_and_cache_with_mock_files.py::TestFetchAndCacheWithRealEndfFiles::test_fetch_and_cache_applies_doppler_broadening PASSED [ 31%]
tests/test_fetch_and_cache_with_mock_files.py::TestFetchAndCacheWithRealEndfFiles::test_fetch_and_cache_no_doppler_broadening_standard_temp PASSED [ 31%]
tests/test_fetch_and_cache_with_mock_files.py::TestFetchAndCacheWithRealEndfFiles::test_fetch_and_cache_backend_fallback_chain PASSED [ 31%]
tests/test_fetch_and_cache_with_mock_files.py::TestFetchAndCacheWithRealEndfFiles::test_fetch_and_cache_all_backends_fail_error_message PASSED [ 31%]
tests/test_fission_yield_parser.py::TestFissionYieldData::test_fission_yield_data_creation PASSED [ 31%]
tests/test_fission_yield_parser.py::TestFissionYieldData::test_get_yield PASSED [ 32%]
tests/test_fission_yield_parser.py::TestFissionYieldData::test_get_total_yield PASSED [ 32%]
tests/test_fission_yield_parser.py::TestENDFFissionYieldParser::test_parser_initialization PASSED [ 32%]
tests/test_fission_yield_parser.py::TestENDFFissionYieldParser::test_parse_filename PASSED [ 32%]
tests/test_fission_yield_parser.py::TestENDFFissionYieldParser::test_parse_file_nonexistent PASSED [ 32%]
tests/test_fission_yield_parser.py::TestFissionYieldIntegration::test_get_fission_yield_data PASSED [ 32%]
tests/test_fuel_cycle_advanced_optimization.py::TestOptimizationResult::test_optimization_result_initialization PASSED [ 32%]
tests/test_fuel_cycle_advanced_optimization.py::TestOptimizationResult::test_optimization_result_defaults PASSED [ 32%]
tests/test_fuel_cycle_advanced_optimization.py::TestGeneticAlgorithm::test_genetic_algorithm_initialization PASSED [ 32%]
tests/test_fuel_cycle_advanced_optimization.py::TestGeneticAlgorithm::test_genetic_algorithm_initialization_defaults PASSED [ 32%]
tests/test_fuel_cycle_advanced_optimization.py::TestGeneticAlgorithm::test_genetic_algorithm_invalid_bounds_empty PASSED [ 32%]
tests/test_fuel_cycle_advanced_optimization.py::TestGeneticAlgorithm::test_genetic_algorithm_invalid_bounds_inverted PASSED [ 32%]
tests/test_fuel_cycle_advanced_optimization.py::TestGeneticAlgorithm::test_initialize_population PASSED [ 32%]
tests/test_fuel_cycle_advanced_optimization.py::TestGeneticAlgorithm::test_tournament_selection PASSED [ 32%]
tests/test_fuel_cycle_advanced_optimization.py::TestGeneticAlgorithm::test_roulette_selection PASSED [ 32%]
tests/test_fuel_cycle_advanced_optimization.py::TestGeneticAlgorithm::test_rank_selection PASSED [ 32%]
tests/test_fuel_cycle_advanced_optimization.py::TestGeneticAlgorithm::test_selection_dispatch_roulette_and_rank PASSED [ 32%]
tests/test_fuel_cycle_advanced_optimization.py::TestGeneticAlgorithm::test_crossover PASSED [ 32%]
tests/test_fuel_cycle_advanced_optimization.py::TestGeneticAlgorithm::test_crossover_handles_odd_parent_count PASSED [ 32%]
tests/test_fuel_cycle_advanced_optimization.py::TestGeneticAlgorithm::test_mutation PASSED [ 32%]
tests/test_fuel_cycle_advanced_optimization.py::TestGeneticAlgorithm::test_selection_invalid_method PASSED [ 32%]
tests/test_fuel_cycle_advanced_optimization.py::TestGeneticAlgorithm::test_optimize_basic PASSED [ 32%]
tests/test_fuel_cycle_advanced_optimization.py::TestGeneticAlgorithm::test_optimize_with_elitism PASSED [ 32%]
tests/test_fuel_cycle_advanced_optimization.py::TestParticleSwarmOptimization::test_pso_initialization PASSED [ 32%]
tests/test_fuel_cycle_advanced_optimization.py::TestParticleSwarmOptimization::test_pso_initialization_defaults PASSED [ 32%]
tests/test_fuel_cycle_advanced_optimization.py::TestParticleSwarmOptimization::test_pso_invalid_bounds_empty PASSED [ 32%]
tests/test_fuel_cycle_advanced_optimization.py::TestParticleSwarmOptimization::test_pso_invalid_bounds_inverted PASSED [ 32%]
tests/test_fuel_cycle_advanced_optimization.py::TestParticleSwarmOptimization::test_initialize_positions PASSED [ 32%]
tests/test_fuel_cycle_advanced_optimization.py::TestParticleSwarmOptimization::test_initialize_velocities PASSED [ 32%]
tests/test_fuel_cycle_advanced_optimization.py::TestParticleSwarmOptimization::test_optimize_basic PASSED [ 32%]
tests/test_fuel_cycle_advanced_optimization.py::TestParticleSwarmOptimization::test_optimize_convergence PASSED [ 32%]
tests/test_fuel_cycle_init.py::test_fuel_cycle_init_exports_advanced_when_available PASSED [ 32%]
tests/test_fuel_cycle_init.py::test_fuel_cycle_init_handles_missing_advanced_optimization PASSED [ 32%]
tests/test_fuel_cycle_optimization.py::TestFuelCycleOptimizer::test_optimize_cycle_length PASSED [ 32%]
tests/test_fuel_cycle_optimization.py::TestFuelCycleOptimizer::test_optimize_cycle_length_hits_good_match_branch PASSED [ 32%]
tests/test_fuel_cycle_optimization.py::TestFuelCycleOptimizer::test_optimize_cycle_length_increases_low_when_too_short PASSED [ 32%]
tests/test_fuel_cycle_optimization.py::TestFuelCycleOptimizer::test_optimize_enrichment PASSED [ 32%]
tests/test_fuel_cycle_optimization.py::TestFuelCycleOptimizer::test_optimize_enrichment_hits_good_match_branch PASSED [ 32%]
tests/test_fuel_cycle_optimization.py::TestFuelCycleOptimizer::test_multi_objective_optimization PASSED [ 32%]
tests/test_fuel_cycle_optimization.py::TestFuelCycleOptimizer::test_multi_objective_optimization_grid_search_fallback_for_unknown_method PASSED [ 32%]
tests/test_fuel_cycle_optimization.py::TestFuelCycleOptimizer::test_multi_objective_optimization_grid_search_all_fail PASSED [ 32%]
tests/test_fuel_cycle_optimization.py::TestFuelCycleOptimizer::test_multi_objective_optimization_genetic_algorithm_path_with_stub PASSED [ 32%]
tests/test_fuel_cycle_optimization.py::TestFuelCycleOptimizer::test_multi_objective_optimization_particle_swarm_path_with_stub PASSED [ 32%]
tests/test_fuel_cycle_optimization.py::test_fuel_cycle_optimization_import_without_advanced_opt PASSED [ 32%]
tests/test_fuel_cycle_optimization.py::TestRefuelingStrategyOptimizer::test_optimize_batch_configuration PASSED [ 32%]
tests/test_fuel_cycle_optimization.py::TestRefuelingStrategyOptimizer::test_optimize_batch_configuration_objective_variants PASSED [ 32%]
tests/test_fuel_cycle_optimization.py::TestRefuelingStrategyOptimizer::test_optimize_refueling_frequency PASSED [ 32%]
tests/test_fuel_cycle_optimization.py::TestRefuelingStrategyOptimizer::test_optimize_refueling_frequency_handles_zero_burnup PASSED [ 32%]
tests/test_fuel_management_integration.py::TestBurnupFuelManagerIntegration::test_integration_init PASSED [ 32%]
tests/test_fuel_management_integration.py::TestBurnupFuelManagerIntegration::test_run_cycle_burnup PASSED [ 32%]
tests/test_fuel_management_integration.py::TestBurnupFuelManagerIntegration::test_run_cycle_burnup_no_update PASSED [ 32%]
tests/test_fuel_management_integration.py::TestBurnupFuelManagerIntegration::test_update_assembly_burnup_values PASSED [ 33%]
tests/test_fuel_management_integration.py::TestBurnupFuelManagerIntegration::test_get_assembly_inventory PASSED [ 33%]
tests/test_fuel_management_integration.py::TestBurnupFuelManagerIntegration::test_get_batch_burnup_summary PASSED [ 33%]
tests/test_fuel_management_integration.py::TestBurnupFuelManagerIntegration::test_prepare_for_refueling PASSED [ 33%]
tests/test_fuel_management_integration.py::TestBurnupFuelManagerIntegration::test_apply_refueling_with_smr_manager PASSED [ 33%]
tests/test_fuel_management_integration.py::TestBurnupFuelManagerIntegration::test_apply_refueling_without_smr_manager PASSED [ 33%]
tests/test_fuel_management_integration.py::TestBurnupFuelManagerIntegration::test_run_multi_cycle_burnup PASSED [ 33%]
tests/test_fuel_management_integration.py::TestBurnupFuelManagerIntegration::test_run_multi_cycle_burnup_no_pattern PASSED [ 33%]
tests/test_fuel_performance.py::TestFuelProperties::test_fuel_properties_creation PASSED [ 33%]
tests/test_fuel_performance.py::TestFuelProperties::test_fuel_properties_default_burnup PASSED [ 33%]
tests/test_fuel_performance.py::TestCladProperties::test_clad_properties_creation PASSED [ 33%]
tests/test_fuel_performance.py::TestCladProperties::test_clad_properties_default_material PASSED [ 33%]
tests/test_fuel_performance.py::TestFuelPerformance::test_fuel_performance_initialization PASSED [ 33%]
tests/test_fuel_performance.py::TestFuelPerformance::test_fuel_centerline_temperature PASSED [ 33%]
tests/test_fuel_performance.py::TestFuelPerformance::test_fission_gas_release_low_temp PASSED [ 33%]
tests/test_fuel_performance.py::TestFuelPerformance::test_fission_gas_release_high_temp PASSED [ 33%]
tests/test_fuel_performance.py::TestFuelPerformance::test_fuel_swelling PASSED [ 33%]
tests/test_fuel_performance.py::TestFuelPerformance::test_fuel_swelling_high_temp PASSED [ 33%]
tests/test_fuel_performance.py::TestFuelPerformance::test_analyze_comprehensive PASSED [ 33%]
tests/test_fuel_performance.py::TestFuelPerformance::test_analyze_with_default_burnup PASSED [ 33%]
tests/test_gamma_production_parser_comprehensive.py::TestENDFGammaProductionParserComprehensive::test_parse_file_success PASSED [ 33%]
tests/test_gamma_production_parser_comprehensive.py::TestENDFGammaProductionParserComprehensive::test_parse_file_nonexistent PASSED [ 33%]
tests/test_gamma_production_parser_comprehensive.py::TestENDFGammaProductionParserComprehensive::test_parse_filename_valid PASSED [ 33%]
tests/test_gamma_production_parser_comprehensive.py::TestENDFGammaProductionParserComprehensive::test_parse_filename_variations PASSED [ 33%]
tests/test_gamma_production_parser_comprehensive.py::TestENDFGammaProductionParserComprehensive::test_parse_filename_invalid PASSED [ 33%]
tests/test_gamma_production_parser_comprehensive.py::TestENDFGammaProductionParserComprehensive::test_parse_mf12 PASSED [ 33%]
tests/test_gamma_production_parser_comprehensive.py::TestENDFGammaProductionParserComprehensive::test_parse_mf13_14 PASSED [ 33%]
tests/test_gamma_production_parser_comprehensive.py::TestENDFGammaProductionParserComprehensive::test_parse_gamma_spectrum_section PASSED [ 33%]
tests/test_gamma_production_parser_comprehensive.py::TestENDFGammaProductionParserComprehensive::test_gamma_production_data_methods PASSED [ 33%]
tests/test_gamma_production_parser_comprehensive.py::TestENDFGammaProductionParserComprehensive::test_parse_file_exception_handling PASSED [ 33%]
tests/test_gamma_production_parser_comprehensive.py::TestENDFGammaProductionParserComprehensive::test_reaction_mt_mapping PASSED [ 33%]
tests/test_gamma_production_parser_comprehensive.py::TestENDFGammaProductionParserComprehensive::test_parse_file_empty_file PASSED [ 33%]
tests/test_gamma_production_parser_comprehensive.py::TestENDFGammaProductionParserComprehensive::test_parse_file_read_exception PASSED [ 33%]
tests/test_gamma_production_parser_comprehensive.py::TestENDFGammaProductionParserComprehensive::test_parse_filename_multiple_patterns PASSED [ 33%]
tests/test_gamma_production_parser_comprehensive.py::TestENDFGammaProductionParserComprehensive::test_parse_filename_with_metastable PASSED [ 33%]
tests/test_gamma_production_parser_comprehensive.py::TestENDFGammaProductionParserComprehensive::test_parse_filename_invalid_format PASSED [ 33%]
tests/test_gamma_production_parser_comprehensive.py::TestENDFGammaProductionParserComprehensive::test_parse_mf12_no_sections PASSED [ 33%]
tests/test_gamma_production_parser_comprehensive.py::TestENDFGammaProductionParserComprehensive::test_parse_mf12_invalid_mt PASSED [ 33%]
tests/test_gamma_production_parser_comprehensive.py::TestENDFGammaProductionParserComprehensive::test_parse_mf13_14_no_sections PASSED [ 33%]
tests/test_gamma_production_parser_comprehensive.py::TestENDFGammaProductionParserComprehensive::test_parse_gamma_spectrum_section_invalid_index PASSED [ 33%]
tests/test_gamma_production_parser_comprehensive.py::TestENDFGammaProductionParserComprehensive::test_parse_gamma_spectrum_section_exception PASSED [ 33%]
tests/test_gamma_production_parser_comprehensive.py::TestENDFGammaProductionParserComprehensive::test_parse_mf12_alternative_mf_position PASSED [ 33%]
tests/test_gamma_production_parser_comprehensive.py::TestENDFGammaProductionParserComprehensive::test_parse_mf12_no_mt_str PASSED [ 33%]
tests/test_gamma_production_parser_comprehensive.py::TestENDFGammaProductionParserComprehensive::test_parse_mf12_extract_mt_from_context PASSED [ 33%]
tests/test_gamma_production_parser_comprehensive.py::TestENDFGammaProductionParserComprehensive::test_parse_gamma_spectrum_section_short_line PASSED [ 33%]
tests/test_gamma_production_parser_comprehensive.py::TestENDFGammaProductionParserComprehensive::test_parse_gamma_spectrum_section_new_mf_break PASSED [ 33%]
tests/test_gamma_production_parser_comprehensive.py::TestENDFGammaProductionParserComprehensive::test_parse_gamma_spectrum_section_scientific_notation_error PASSED [ 33%]
tests/test_gamma_production_parser_comprehensive.py::TestENDFGammaProductionParserComprehensive::test_gamma_production_data_empty_spectra PASSED [ 33%]
tests/test_gamma_production_parser_comprehensive.py::TestENDFGammaProductionParserComprehensive::test_gamma_production_data_delayed_only PASSED [ 33%]
tests/test_gamma_production_parser_comprehensive.py::TestENDFGammaProductionParserComprehensive::test_parse_filename_keyerror_is_handled PASSED [ 33%]
tests/test_gamma_production_parser_comprehensive.py::TestENDFGammaProductionParserComprehensive::test_parse_mf12_context_extraction_and_unknown_mt PASSED [ 34%]
tests/test_gamma_production_parser_comprehensive.py::TestENDFGammaProductionParserComprehensive::test_parse_mf13_14_invalid_mt_is_skipped PASSED [ 34%]
tests/test_gamma_production_parser_comprehensive.py::TestENDFGammaProductionParserComprehensive::test_parse_gamma_spectrum_section_header_parse_error_and_end_marker PASSED [ 34%]
tests/test_gamma_production_parser_comprehensive.py::TestENDFGammaProductionParserComprehensive::test_parse_file_invalid_filename_returns_none PASSED [ 34%]
tests/test_gamma_production_parser_comprehensive.py::TestENDFGammaProductionParserComprehensive::test_parse_mf13_14_success_and_unknown_mt_mapping PASSED [ 34%]
tests/test_gamma_transport_solver_comprehensive.py::TestGammaTransportSolverComprehensive::test_solver_initialization PASSED [ 34%]
tests/test_gamma_transport_solver_comprehensive.py::TestGammaTransportSolverComprehensive::test_initialize_cross_sections_simple_material PASSED [ 34%]
tests/test_gamma_transport_solver_comprehensive.py::TestGammaTransportSolverComprehensive::test_initialize_cross_sections_compound_material PASSED [ 34%]
tests/test_gamma_transport_solver_comprehensive.py::TestGammaTransportSolverComprehensive::test_load_photon_data_for_element PASSED [ 34%]
tests/test_gamma_transport_solver_comprehensive.py::TestGammaTransportSolverComprehensive::test_solve_steady_state PASSED [ 34%]
tests/test_gamma_transport_solver_comprehensive.py::TestGammaTransportSolverComprehensive::test_solve_time_dependent PASSED [ 34%]
tests/test_gamma_transport_solver_comprehensive.py::TestGammaTransportSolverComprehensive::test_interpolate_time_dependent_source PASSED [ 34%]
tests/test_gamma_transport_solver_comprehensive.py::TestGammaTransportSolverComprehensive::test_solve_group PASSED [ 34%]
tests/test_gamma_transport_solver_comprehensive.py::TestGammaTransportSolverComprehensive::test_calculate_dose_rate PASSED [ 34%]
tests/test_gamma_transport_solver_comprehensive.py::TestGammaTransportSolverComprehensive::test_cell_volumes PASSED [ 34%]
tests/test_gamma_transport_solver_comprehensive.py::TestGammaTransportSolverComprehensive::test_convergence PASSED [ 34%]
tests/test_gamma_transport_solver_comprehensive.py::TestGammaTransportSolverComprehensive::test_source_shape_validation PASSED [ 34%]
tests/test_gamma_transport_solver_comprehensive.py::TestGammaTransportSolverComprehensive::test_time_dependent_source_validation PASSED [ 34%]
tests/test_gamma_transport_solver_comprehensive.py::TestGammaTransportSolverComprehensive::test_single_time_point PASSED [ 34%]
tests/test_gamma_transport_solver_comprehensive.py::TestGammaTransportSolverComprehensive::test_initialize_cross_sections_compound_material_with_data PASSED [ 34%]
tests/test_gamma_transport_solver_comprehensive.py::TestGammaTransportSolverComprehensive::test_initialize_cross_sections_fallback_primary_element PASSED [ 34%]
tests/test_gamma_transport_solver_comprehensive.py::TestGammaTransportSolverComprehensive::test_load_photon_data_for_element_exception PASSED [ 34%]
tests/test_gamma_transport_solver_comprehensive.py::TestGammaTransportSolverComprehensive::test_load_photon_data_for_element_no_data PASSED [ 34%]
tests/test_gamma_transport_solver_comprehensive.py::TestGammaTransportSolverComprehensive::test_build_group_system PASSED [ 34%]
tests/test_gamma_transport_solver_comprehensive.py::TestGammaTransportSolverComprehensive::test_cell_volume_single PASSED [ 34%]
tests/test_gamma_transport_solver_comprehensive.py::TestGammaTransportSolverComprehensive::test_calculate_dose_rate_with_provided_flux PASSED [ 34%]
tests/test_gamma_transport_solver_comprehensive.py::TestGammaTransportSolverComprehensive::test_calculate_dose_rate_no_flux PASSED [ 34%]
tests/test_gamma_transport_solver_comprehensive.py::TestGammaTransportSolverComprehensive::test_solve_convergence_verbose PASSED [ 34%]
tests/test_gamma_transport_solver_comprehensive.py::TestGammaTransportSolverComprehensive::test_solve_no_convergence PASSED [ 34%]
tests/test_gamma_transport_solver_comprehensive.py::TestGammaTransportSolverComprehensive::test_interpolate_time_dependent_source_single_point PASSED [ 34%]
tests/test_gamma_transport_solver_comprehensive.py::TestGammaTransportSolverComprehensive::test_interpolate_time_dependent_source_exact_match PASSED [ 34%]
tests/test_gamma_transport_solver_comprehensive.py::TestGammaTransportSolverComprehensive::test_interpolate_time_dependent_source_before_start PASSED [ 34%]
tests/test_gamma_transport_solver_comprehensive.py::TestGammaTransportSolverComprehensive::test_interpolate_time_dependent_source_after_end PASSED [ 34%]
tests/test_gamma_transport_solver_comprehensive.py::TestGammaTransportSolverComprehensive::test_interpolate_time_dependent_source_validation PASSED [ 34%]
tests/test_generate_multigroup.py::TestGenerateMultigroup::test_generate_multigroup_basic PASSED [ 34%]
tests/test_generate_multigroup.py::TestGenerateMultigroup::test_generate_multigroup_multiple_nuclides_reactions PASSED [ 34%]
tests/test_generate_multigroup.py::TestGenerateMultigroup::test_generate_multigroup_with_weighting_flux PASSED [ 34%]
tests/test_generate_multigroup.py::TestGenerateMultigroup::test_generate_multigroup_dataframe_structure PASSED [ 34%]
tests/test_generate_multigroup.py::TestGenerateMultigroup::test_generate_multigroup_different_temperatures PASSED [ 34%]
tests/test_generate_multigroup.py::TestGenerateMultigroup::test_generate_multigroup_group_structure_validation PASSED [ 34%]
tests/test_generate_multigroup_complete_coverage.py::TestGenerateMultigroupErrorPaths::test_generate_multigroup_import_error_handling PASSED [ 34%]
tests/test_generate_multigroup_complete_coverage.py::TestGenerateMultigroupErrorPaths::test_generate_multigroup_file_not_found_error_handling PASSED [ 34%]
tests/test_generate_multigroup_complete_coverage.py::TestGenerateMultigroupErrorPaths::test_generate_multigroup_value_error_handling PASSED [ 34%]
tests/test_generate_multigroup_complete_coverage.py::TestGenerateMultigroupErrorPaths::test_generate_multigroup_none_data_handling PASSED [ 34%]
tests/test_generate_multigroup_complete_coverage.py::TestGenerateMultigroupErrorPaths::test_generate_multigroup_empty_data_handling PASSED [ 34%]
tests/test_generate_multigroup_complete_coverage.py::TestGenerateMultigroupErrorPaths::test_generate_multigroup_mismatched_array_lengths PASSED [ 34%]
tests/test_generate_multigroup_complete_coverage.py::TestGenerateMultigroupErrorPaths::test_generate_multigroup_partial_success_with_skipped_reactions PASSED [ 34%]
tests/test_generate_multigroup_complete_coverage.py::TestGenerateMultigroupErrorPaths::test_generate_multigroup_all_reactions_skipped PASSED [ 34%]
tests/test_generate_multigroup_complete_coverage.py::TestGenerateMultigroupErrorPaths::test_generate_multigroup_single_group_structure PASSED [ 34%]
tests/test_generate_multigroup_complete_coverage.py::TestGenerateMultigroupErrorPaths::test_generate_multigroup_with_weighting_flux PASSED [ 34%]
tests/test_generate_multigroup_complete_coverage.py::TestGenerateMultigroupErrorPaths::test_generate_multigroup_dataframe_structure PASSED [ 34%]
tests/test_generate_multigroup_complete_coverage.py::TestGenerateMultigroupAsyncComplete::test_generate_multigroup_async_success PASSED [ 35%]
tests/test_generate_multigroup_complete_coverage.py::TestGenerateMultigroupAsyncComplete::test_generate_multigroup_async_empty_nuclides PASSED [ 35%]
tests/test_generate_multigroup_complete_coverage.py::TestGenerateMultigroupAsyncComplete::test_generate_multigroup_async_empty_reactions PASSED [ 35%]
tests/test_generate_multigroup_complete_coverage.py::TestGenerateMultigroupAsyncComplete::test_generate_multigroup_async_exception_in_gather PASSED [ 35%]
tests/test_generate_multigroup_complete_coverage.py::TestGenerateMultigroupAsyncComplete::test_generate_multigroup_async_none_data PASSED [ 35%]
tests/test_generate_multigroup_complete_coverage.py::TestGenerateMultigroupAsyncComplete::test_generate_multigroup_async_empty_data PASSED [ 35%]
tests/test_generate_multigroup_complete_coverage.py::TestGenerateMultigroupAsyncComplete::test_generate_multigroup_async_mismatched_lengths PASSED [ 35%]
tests/test_generate_multigroup_complete_coverage.py::TestGenerateMultigroupAsyncComplete::test_generate_multigroup_async_multiple_nuclides_reactions PASSED [ 35%]
tests/test_generate_multigroup_complete_coverage.py::TestGenerateMultigroupAsyncComplete::test_generate_multigroup_async_with_weighting_flux PASSED [ 35%]
tests/test_generate_multigroup_complete_coverage.py::TestGenerateMultigroupAsyncComplete::test_generate_multigroup_async_single_group PASSED [ 35%]
tests/test_generate_multigroup_edge_cases.py::TestGenerateMultigroupEdgeCases::test_generate_multigroup_empty_nuclides PASSED [ 35%]
tests/test_generate_multigroup_edge_cases.py::TestGenerateMultigroupEdgeCases::test_generate_multigroup_empty_reactions PASSED [ 35%]
tests/test_generate_multigroup_edge_cases.py::TestGenerateMultigroupEdgeCases::test_generate_multigroup_single_group PASSED [ 35%]
tests/test_generate_multigroup_edge_cases.py::TestGenerateMultigroupEdgeCases::test_generate_multigroup_none_cross_section PASSED [ 35%]
tests/test_generate_multigroup_edge_cases.py::TestGenerateMultigroupEdgeCases::test_generate_multigroup_empty_cross_section PASSED [ 35%]
tests/test_generate_multigroup_edge_cases.py::TestGenerateMultigroupEdgeCases::test_generate_multigroup_mismatched_energy_xs PASSED [ 35%]
tests/test_generate_multigroup_edge_cases.py::TestGenerateMultigroupEdgeCases::test_generate_multigroup_very_large_group_structure PASSED [ 35%]
tests/test_generate_multigroup_edge_cases.py::TestGenerateMultigroupEdgeCases::test_generate_multigroup_weighting_flux_mismatch PASSED [ 35%]
tests/test_generate_multigroup_edge_cases.py::TestGenerateMultigroupEdgeCases::test_generate_multigroup_negative_temperature PASSED [ 35%]
tests/test_generate_multigroup_edge_cases.py::TestGenerateMultigroupEdgeCases::test_generate_multigroup_zero_temperature PASSED [ 35%]
tests/test_generate_multigroup_edge_cases.py::TestGenerateMultigroupEdgeCases::test_generate_multigroup_dataframe_persistence PASSED [ 35%]
tests/test_geometry.py::TestGeometryImports::test_geometry_module_import PASSED [ 35%]
tests/test_geometry.py::TestGeometryImports::test_prismatic_core_import PASSED [ 35%]
tests/test_geometry.py::TestGeometryImports::test_pebble_bed_core_import PASSED [ 35%]
tests/test_geometry.py::TestPrismaticCore::test_prismatic_core_creation PASSED [ 35%]
tests/test_geometry.py::TestPrismaticCore::test_hexagonal_lattice_build PASSED [ 35%]
tests/test_geometry.py::TestPrismaticCore::test_prismatic_core_mesh_generation PASSED [ 35%]
tests/test_geometry.py::TestPrismaticCore::test_different_lattice_sizes[1] PASSED [ 35%]
tests/test_geometry.py::TestPrismaticCore::test_different_lattice_sizes[2] PASSED [ 35%]
tests/test_geometry.py::TestPrismaticCore::test_different_lattice_sizes[3] PASSED [ 35%]
tests/test_geometry.py::TestPebbleBedCore::test_pebble_bed_core_creation PASSED [ 35%]
tests/test_geometry.py::TestPebbleBedCore::test_pebble_bed_build PASSED  [ 35%]
tests/test_geometry.py::TestGeometryUtilities::test_point3d_operations PASSED [ 35%]
tests/test_geometry.py::TestGeometryUtilities::test_geometry_export PASSED [ 35%]
tests/test_geometry.py::TestGeometryUtilities::test_prismatic_core_methods PASSED [ 35%]
tests/test_geometry.py::TestGeometryUtilities::test_material_region PASSED [ 35%]
tests/test_geometry.py::TestGeometryUtilities::test_fuel_channel PASSED  [ 35%]
tests/test_geometry.py::TestGeometryUtilities::test_pebble_bed_total_volume PASSED [ 35%]
tests/test_geometry.py::TestGeometryUtilities::test_generate_mesh_with_reflector PASSED [ 35%]
tests/test_geometry.py::TestGeometryUtilities::test_get_block_by_position PASSED [ 35%]
tests/test_geometry.py::TestGeometryUtilities::test_prismatic_to_dataframe PASSED [ 35%]
tests/test_geometry.py::TestGeometryUtilities::test_pebble_bed_to_dataframe PASSED [ 35%]
tests/test_geometry.py::TestGeometryUtilities::test_compute_distance_matrix PASSED [ 35%]
tests/test_geometry.py::TestGeometryUtilities::test_geometry_export_pebble_bed PASSED [ 35%]
tests/test_geometry.py::TestGeometryUtilities::test_point3d_to_array PASSED [ 35%]
tests/test_geometry.py::TestGeometryUtilities::test_point3d_subtraction PASSED [ 35%]
tests/test_geometry.py::TestGeometryUtilities::test_graphite_block_vertices PASSED [ 35%]
tests/test_geometry.py::TestGeometryUtilities::test_graphite_block_total_fuel_volume PASSED [ 35%]
tests/test_geometry.py::TestGeometryUtilities::test_graphite_block_power PASSED [ 35%]
tests/test_geometry.py::TestGeometryUtilities::test_pebble_volume PASSED [ 35%]
tests/test_geometry.py::TestGeometryUtilities::test_pebble_fuel_volume PASSED [ 36%]
tests/test_geometry.py::TestGeometryUtilities::test_coolant_channel PASSED [ 36%]
tests/test_geometry.py::TestPebbleBedCoreMethods::test_build_random_packing PASSED [ 36%]
tests/test_geometry.py::TestPebbleBedCoreMethods::test_build_random_packing_annular PASSED [ 36%]
tests/test_geometry.py::TestPebbleBedCoreMethods::test_simulate_recirculation PASSED [ 36%]
tests/test_geometry.py::TestPebbleBedCoreMethods::test_get_pebble_neighbors PASSED [ 36%]
tests/test_geometry.py::TestPebbleBedCoreMethods::test_geometry_export_pebble_bed_json PASSED [ 36%]
tests/test_geometry_advanced_import.py::TestCSGSurface::test_csg_surface_creation PASSED [ 36%]
tests/test_geometry_advanced_import.py::TestCSGSurface::test_csg_surface_default_boundary PASSED [ 36%]
tests/test_geometry_advanced_import.py::TestCSGCell::test_csg_cell_creation PASSED [ 36%]
tests/test_geometry_advanced_import.py::TestCSGCell::test_csg_cell_defaults PASSED [ 36%]
tests/test_geometry_advanced_import.py::TestLattice::test_lattice_creation PASSED [ 36%]
tests/test_geometry_advanced_import.py::TestAdvancedGeometryImporter::test_extract_surface_ids_from_region PASSED [ 36%]
tests/test_geometry_advanced_import.py::TestAdvancedGeometryImporter::test_extract_surface_ids_empty_region PASSED [ 36%]
tests/test_geometry_advanced_import.py::TestAdvancedGeometryImporter::test_extract_surface_ids_complex_region PASSED [ 36%]
tests/test_geometry_advanced_import.py::TestAdvancedGeometryImporter::test_from_openmc_full_without_openmc PASSED [ 36%]
tests/test_geometry_advanced_import.py::TestAdvancedGeometryImporter::test_from_openmc_full_file_not_found PASSED [ 36%]
tests/test_geometry_advanced_import.py::TestAdvancedGeometryImporter::test_from_openmc_xml_csg_without_et PASSED [ 36%]
tests/test_geometry_advanced_import.py::TestAdvancedGeometryImporter::test_from_openmc_xml_csg_invalid_xml PASSED [ 36%]
tests/test_geometry_advanced_import.py::TestAdvancedGeometryImporter::test_reconstruct_core_from_csg_basic PASSED [ 36%]
tests/test_geometry_advanced_import.py::TestGeometryConverter::test_converter_initialization PASSED [ 36%]
tests/test_geometry_advanced_import.py::TestAdvancedGeometryImporterExtended::test_from_openmc_full_with_openmc_available PASSED [ 36%]
tests/test_geometry_advanced_import.py::TestAdvancedGeometryImporterExtended::test_from_openmc_full_openmc_raises_exception PASSED [ 36%]
tests/test_geometry_advanced_import.py::TestAdvancedGeometryImporterExtended::test_from_openmc_xml_csg_parse_surfaces PASSED [ 36%]
tests/test_geometry_advanced_import.py::TestAdvancedGeometryImporterExtended::test_from_openmc_xml_csg_parse_cells PASSED [ 36%]
tests/test_geometry_advanced_import.py::TestAdvancedGeometryImporterExtended::test_from_openmc_xml_csg_parse_lattices PASSED [ 36%]
tests/test_geometry_advanced_import.py::TestAdvancedGeometryImporterExtended::test_reconstruct_core_from_csg_with_lattices PASSED [ 36%]
tests/test_geometry_advanced_import.py::TestAdvancedGeometryImporterExtended::test_reconstruct_lattice_hexagonal PASSED [ 36%]
tests/test_geometry_advanced_import.py::TestAdvancedGeometryImporterExtended::test_reconstruct_lattice_from_openmc PASSED [ 36%]
tests/test_geometry_advanced_import.py::TestAdvancedGeometryImporterExtended::test_from_serpent_full PASSED [ 36%]
tests/test_geometry_advanced_import.py::TestAdvancedGeometryImporterExtended::test_from_serpent_full_file_error PASSED [ 36%]
tests/test_geometry_advanced_import.py::TestAdvancedGeometryImporterExtended::test_parse_serpent_surfaces PASSED [ 36%]
tests/test_geometry_advanced_import.py::TestAdvancedGeometryImporterExtended::test_parse_serpent_cells PASSED [ 36%]
tests/test_geometry_advanced_import.py::TestAdvancedGeometryImporterExtended::test_parse_serpent_lattices PASSED [ 36%]
tests/test_geometry_advanced_import.py::TestAdvancedGeometryImporterExtended::test_reconstruct_from_serpent PASSED [ 36%]
tests/test_geometry_advanced_import.py::TestAdvancedGeometryImporterExtended::test_create_hex_lattice PASSED [ 36%]
tests/test_geometry_advanced_import.py::TestAdvancedGeometryImporterExtended::test_from_cad_with_trimesh PASSED [ 36%]
tests/test_geometry_advanced_import.py::TestAdvancedGeometryImporterExtended::test_from_cad_without_trimesh PASSED [ 36%]
tests/test_geometry_advanced_import.py::TestAdvancedGeometryImporterExtended::test_from_cad_auto_detect_format PASSED [ 36%]
tests/test_geometry_advanced_import.py::TestAdvancedGeometryImporterExtended::test_from_cad_parse_error PASSED [ 36%]
tests/test_geometry_advanced_import.py::TestAdvancedGeometryImporterExtended::test_from_mcnp PASSED [ 36%]
tests/test_geometry_advanced_import.py::TestAdvancedGeometryImporterExtended::test_from_mcnp_file_error PASSED [ 36%]
tests/test_geometry_advanced_import.py::TestAdvancedGeometryImporterExtended::test_parse_mcnp_surfaces PASSED [ 36%]
tests/test_geometry_advanced_import.py::TestAdvancedGeometryImporterExtended::test_parse_mcnp_surfaces_with_comments PASSED [ 36%]
tests/test_geometry_advanced_import.py::TestAdvancedGeometryImporterExtended::test_parse_mcnp_cells PASSED [ 36%]
tests/test_geometry_advanced_import.py::TestAdvancedGeometryImporterExtended::test_parse_mcnp_cells_void_material PASSED [ 36%]
tests/test_geometry_advanced_import.py::TestAdvancedGeometryImporterExtended::test_reconstruct_from_mcnp PASSED [ 36%]
tests/test_geometry_advanced_import.py::TestAdvancedGeometryImporterExtended::test_is_numeric PASSED [ 36%]
tests/test_geometry_advanced_import.py::TestGeometryConverterExtended::test_convert_format_openmc_to_json PASSED [ 36%]
tests/test_geometry_advanced_import.py::TestGeometryConverterExtended::test_convert_format_serpent_to_json PASSED [ 36%]
tests/test_geometry_advanced_import.py::TestGeometryConverterExtended::test_convert_format_cad_to_stl PASSED [ 36%]
tests/test_geometry_advanced_import.py::TestGeometryConverterExtended::test_convert_format_mcnp_to_json PASSED [ 37%]
tests/test_geometry_advanced_import.py::TestGeometryConverterExtended::test_convert_format_unsupported_input PASSED [ 37%]
tests/test_geometry_advanced_import.py::TestGeometryConverterExtended::test_convert_format_unsupported_output PASSED [ 37%]
tests/test_geometry_advanced_import.py::TestGeometryConverterExtended::test_convert_format_import_returns_none PASSED [ 37%]
tests/test_geometry_advanced_import.py::TestGeometryConverterExtended::test_export_to_stl_with_trimesh PASSED [ 37%]
tests/test_geometry_advanced_import.py::TestGeometryConverterExtended::test_export_to_stl_without_trimesh PASSED [ 37%]
tests/test_geometry_advanced_import.py::TestGeometryConverterExtended::test_export_to_stl_empty_blocks PASSED [ 37%]
tests/test_geometry_advanced_import_extended.py::TestReconstructCoreFromCSGExtended::test_reconstruct_core_from_csg_no_surfaces PASSED [ 37%]
tests/test_geometry_advanced_import_extended.py::TestReconstructCoreFromCSGExtended::test_reconstruct_core_from_csg_no_cells PASSED [ 37%]
tests/test_geometry_advanced_import_extended.py::TestReconstructCoreFromCSGExtended::test_reconstruct_core_from_csg_cell_with_fill PASSED [ 37%]
tests/test_geometry_advanced_import_extended.py::TestReconstructCoreFromCSGExtended::test_reconstruct_core_from_csg_empty_coeffs PASSED [ 37%]
tests/test_geometry_advanced_import_extended.py::TestReconstructCoreFromCSGExtended::test_reconstruct_core_from_csg_multiple_z_planes PASSED [ 37%]
tests/test_geometry_advanced_import_extended.py::TestReconstructLatticeExtended::test_reconstruct_lattice_rectangular PASSED [ 37%]
tests/test_geometry_advanced_import_extended.py::TestReconstructLatticeExtended::test_reconstruct_lattice_cylindrical PASSED [ 37%]
tests/test_geometry_advanced_import_extended.py::TestReconstructLatticeExtended::test_reconstruct_lattice_empty_dimension PASSED [ 37%]
tests/test_geometry_advanced_import_extended.py::TestReconstructLatticeExtended::test_reconstruct_lattice_empty_pitch PASSED [ 37%]
tests/test_geometry_advanced_import_extended.py::TestReconstructFromSerpentExtended::test_reconstruct_from_serpent_no_surfaces PASSED [ 37%]
tests/test_geometry_advanced_import_extended.py::TestReconstructFromSerpentExtended::test_reconstruct_from_serpent_multiple_pz_surfaces PASSED [ 37%]
tests/test_geometry_advanced_import_extended.py::TestReconstructFromSerpentExtended::test_reconstruct_from_serpent_hex_lattice_insufficient_params PASSED [ 37%]
tests/test_geometry_advanced_import_extended.py::TestReconstructFromSerpentExtended::test_reconstruct_from_serpent_non_hex_lattice PASSED [ 37%]
tests/test_geometry_advanced_import_extended.py::TestReconstructFromMCNPExtended::test_reconstruct_from_mcnp_no_surfaces PASSED [ 37%]
tests/test_geometry_advanced_import_extended.py::TestReconstructFromMCNPExtended::test_reconstruct_from_mcnp_multiple_pz_surfaces PASSED [ 37%]
tests/test_geometry_advanced_import_extended.py::TestReconstructFromMCNPExtended::test_reconstruct_from_mcnp_no_params PASSED [ 37%]
tests/test_geometry_advanced_import_extended.py::TestCreateHexLatticeExtended::test_create_hex_lattice_zero_diameter PASSED [ 37%]
tests/test_geometry_advanced_import_extended.py::TestParseMCNPSurfacesExtended::test_parse_mcnp_surfaces_negative_id PASSED [ 37%]
tests/test_geometry_advanced_import_extended.py::TestParseMCNPSurfacesExtended::test_parse_mcnp_surfaces_px_py_types PASSED [ 37%]
tests/test_geometry_advanced_import_extended.py::TestParseMCNPSurfacesExtended::test_parse_mcnp_surfaces_no_params PASSED [ 37%]
tests/test_geometry_advanced_import_extended.py::TestParseMCNPSurfacesExtended::test_parse_mcnp_surfaces_valueerror_continue PASSED [ 37%]
tests/test_geometry_advanced_import_extended.py::TestParseMCNPCellsExtended::test_parse_mcnp_cells_negative_material PASSED [ 37%]
tests/test_geometry_advanced_import_extended.py::TestParseMCNPCellsExtended::test_parse_mcnp_cells_non_numeric_material PASSED [ 37%]
tests/test_geometry_advanced_import_extended.py::TestParseMCNPCellsExtended::test_parse_mcnp_cells_minimal_region PASSED [ 37%]
tests/test_geometry_advanced_import_extended.py::TestParseMCNPCellsExtended::test_parse_mcnp_cells_valueerror_continue PASSED [ 37%]
tests/test_geometry_advanced_import_extended.py::TestIsNumericExtended::test_is_numeric_scientific_notation PASSED [ 37%]
tests/test_geometry_advanced_import_extended.py::TestIsNumericExtended::test_is_numeric_whitespace PASSED [ 37%]
tests/test_geometry_advanced_import_extended.py::TestFromOpenMCXMLExtended::test_from_openmc_xml_csg_empty_file PASSED [ 37%]
tests/test_geometry_advanced_import_extended.py::TestFromOpenMCXMLExtended::test_from_openmc_xml_csg_missing_attributes PASSED [ 37%]
tests/test_geometry_advanced_import_extended.py::TestFromOpenMCXMLExtended::test_from_openmc_xml_csg_invalid_universe_text PASSED [ 37%]
tests/test_geometry_advanced_import_extended.py::TestGeometryConverterAdditional::test_convert_format_json_input PASSED [ 37%]
tests/test_geometry_advanced_import_extended.py::TestGeometryConverterAdditional::test_convert_format_vtk_output PASSED [ 37%]
tests/test_geometry_advanced_import_extended.py::TestGeometryConverterAdditional::test_convert_format_unsupported_input_format PASSED [ 37%]
tests/test_geometry_advanced_import_extended.py::TestGeometryConverterAdditional::test_convert_format_unsupported_output_format PASSED [ 37%]
tests/test_geometry_advanced_import_extended.py::TestReconstructCoreFromCSGAdditional::test_reconstruct_core_from_csg_no_core_cell PASSED [ 37%]
tests/test_geometry_advanced_import_extended.py::TestReconstructCoreFromCSGAdditional::test_reconstruct_core_from_csg_no_dimensions PASSED [ 37%]
tests/test_geometry_advanced_import_extended.py::TestReconstructLatticeAdditional::test_reconstruct_lattice_no_pitch PASSED [ 37%]
tests/test_geometry_advanced_import_extended.py::TestReconstructLatticeAdditional::test_reconstruct_lattice_short_pitch PASSED [ 37%]
tests/test_geometry_advanced_mesh.py::TestStructuredMesh3D::test_structured_mesh_creation PASSED [ 37%]
tests/test_geometry_advanced_mesh.py::TestStructuredMesh3D::test_structured_mesh_to_mesh3d PASSED [ 37%]
tests/test_geometry_advanced_mesh.py::TestStructuredMesh3D::test_structured_mesh_to_mesh3d_with_materials PASSED [ 37%]
tests/test_geometry_advanced_mesh.py::TestAdvancedMeshGenerator3D::test_generator_initialization PASSED [ 37%]
tests/test_geometry_advanced_mesh.py::TestAdvancedMeshGenerator3D::test_generate_structured_3d_int_resolution PASSED [ 37%]
tests/test_geometry_advanced_mesh.py::TestAdvancedMeshGenerator3D::test_generate_structured_3d_tuple_resolution PASSED [ 38%]
tests/test_geometry_advanced_mesh.py::TestAdvancedMeshGenerator3D::test_generate_unstructured_3d_basic PASSED [ 38%]
tests/test_geometry_advanced_mesh.py::TestAdvancedMeshGenerator3D::test_generate_unstructured_3d_with_boundary PASSED [ 38%]
tests/test_geometry_advanced_mesh.py::TestAdvancedMeshGenerator3D::test_generate_unstructured_3d_invalid_method PASSED [ 38%]
tests/test_geometry_advanced_mesh.py::TestAdvancedMeshGenerator3D::test_generate_hybrid_3d_basic PASSED [ 38%]
tests/test_geometry_advanced_mesh.py::TestAdvancedMeshGenerator3D::test_generate_hybrid_3d_no_refinement PASSED [ 38%]
tests/test_geometry_advanced_mesh.py::TestAdvancedMeshGenerator3D::test_generate_hybrid_3d_parallel PASSED [ 38%]
tests/test_geometry_advanced_mesh.py::TestAdvancedMeshGenerator3D::test_generate_parallel_basic PASSED [ 38%]
tests/test_geometry_advanced_mesh.py::TestAdvancedMeshGenerator3D::test_generate_parallel_with_joblib PASSED [ 38%]
tests/test_geometry_advanced_mesh.py::TestMeshConverter::test_converter_initialization PASSED [ 38%]
tests/test_geometry_advanced_mesh.py::TestMeshConverter::test_export_to_vtk_basic PASSED [ 38%]
tests/test_geometry_importers.py::TestGeometryImporter::test_import_from_json_prismatic PASSED [ 38%]
tests/test_geometry_importers.py::TestGeometryImporter::test_import_from_json_pebble_bed PASSED [ 38%]
tests/test_geometry_importers.py::TestGeometryImporter::test_import_from_json_invalid_type PASSED [ 38%]
tests/test_geometry_importers.py::TestGeometryImporter::test_import_from_json_missing_file PASSED [ 38%]
tests/test_geometry_importers.py::TestGeometryImporter::test_validate_imported_geometry_prismatic PASSED [ 38%]
tests/test_geometry_importers.py::TestGeometryImporter::test_validate_imported_geometry_invalid_dimensions PASSED [ 38%]
tests/test_geometry_importers.py::TestGeometryImporter::test_validate_imported_geometry_overlapping_blocks PASSED [ 38%]
tests/test_geometry_importers.py::TestGeometryImporter::test_validate_imported_geometry_pebble_bed PASSED [ 38%]
tests/test_geometry_importers.py::TestGeometryImporter::test_validate_imported_geometry_unusual_packing PASSED [ 38%]
tests/test_geometry_importers.py::TestGeometryImporter::test_from_openmc_xml_basic PASSED [ 38%]
tests/test_geometry_importers.py::TestGeometryImporter::test_from_openmc_xml_no_dimensions PASSED [ 38%]
tests/test_geometry_importers.py::TestGeometryImporter::test_from_openmc_xml_invalid_xml PASSED [ 38%]
tests/test_geometry_importers.py::TestGeometryImporter::test_from_serpent_basic PASSED [ 38%]
tests/test_geometry_importers.py::TestGeometryImporter::test_from_serpent_hexprism PASSED [ 38%]
tests/test_geometry_importers.py::TestGeometryImporter::test_from_serpent_no_dimensions PASSED [ 38%]
tests/test_geometry_importers.py::TestGeometryImporter::test_from_serpent_file_not_found PASSED [ 38%]
tests/test_geometry_validation.py::TestGap::test_gap_creation PASSED     [ 38%]
tests/test_geometry_validation.py::TestGap::test_gap_severity_error PASSED [ 38%]
tests/test_geometry_validation.py::TestGap::test_gap_severity_warning_overlap PASSED [ 38%]
tests/test_geometry_validation.py::TestGap::test_gap_severity_warning_large_gap PASSED [ 38%]
tests/test_geometry_validation.py::TestValidationReport::test_validation_report_creation PASSED [ 38%]
tests/test_geometry_validation.py::TestValidationReport::test_validation_report_add_error PASSED [ 38%]
tests/test_geometry_validation.py::TestValidationReport::test_validation_report_add_warning PASSED [ 38%]
tests/test_geometry_validation.py::TestValidationReport::test_validation_report_add_info PASSED [ 38%]
tests/test_geometry_validation.py::TestValidationReport::test_validation_report_summary PASSED [ 38%]
tests/test_geometry_validation.py::TestValidationReport::test_validation_report_summary_valid PASSED [ 38%]
tests/test_geometry_validation.py::TestValidationReport::test_validation_report_summary_with_gaps_and_issues PASSED [ 38%]
tests/test_geometry_validation.py::TestValidateGeometryCompleteness::test_validate_prismatic_core_empty_blocks PASSED [ 38%]
tests/test_geometry_validation.py::TestValidateGeometryCompleteness::test_validate_prismatic_core_invalid_height PASSED [ 38%]
tests/test_geometry_validation.py::TestValidateGeometryCompleteness::test_validate_prismatic_core_invalid_diameter PASSED [ 38%]
tests/test_geometry_validation.py::TestValidateGeometryCompleteness::test_validate_prismatic_core_block_count_warning PASSED [ 38%]
tests/test_geometry_validation.py::TestValidateGeometryCompleteness::test_validate_pebble_bed_core_invalid_packing PASSED [ 38%]
tests/test_geometry_validation.py::TestValidateGeometryCompleteness::test_validate_pebble_bed_core_unusual_packing PASSED [ 38%]
tests/test_geometry_validation.py::TestValidateGeometryCompleteness::test_validate_pebble_bed_core_packing_zero_or_negative PASSED [ 38%]
tests/test_geometry_validation.py::TestValidateGeometryCompleteness::test_validate_pebble_bed_core_unusual_packing_high PASSED [ 38%]
tests/test_geometry_validation.py::TestValidateGeometryCompleteness::test_validate_geometry_unavailable PASSED [ 38%]
tests/test_geometry_validation.py::TestCheckGapsAndBoundaries::test_check_gaps_basic PASSED [ 38%]
tests/test_geometry_validation.py::TestCheckGapsAndBoundaries::test_check_gaps_empty_list PASSED [ 38%]
tests/test_geometry_validation.py::TestCheckGapsAndBoundaries::test_check_gaps_single_block PASSED [ 38%]
tests/test_geometry_validation.py::TestCheckGapsAndBoundaries::test_check_gaps_far_blocks_skipped PASSED [ 38%]
tests/test_geometry_validation.py::TestCheckGapsAndBoundaries::test_check_gaps_unavailable PASSED [ 39%]
tests/test_geometry_validation.py::TestValidateMaterialConnectivity::test_validate_connectivity_basic PASSED [ 39%]
tests/test_geometry_validation.py::TestValidateMaterialConnectivity::test_validate_connectivity_isolated_block PASSED [ 39%]
tests/test_geometry_validation.py::TestValidateMaterialConnectivity::test_validate_material_connectivity_checks_disabled PASSED [ 39%]
tests/test_geometry_validation.py::TestValidateMaterialConnectivity::test_validate_connectivity_unavailable PASSED [ 39%]
tests/test_geometry_validation.py::TestCheckDistancesAndClearances::test_check_clearances_basic PASSED [ 39%]
tests/test_geometry_validation.py::TestCheckDistancesAndClearances::test_check_clearances_unavailable PASSED [ 39%]
tests/test_geometry_validation.py::TestValidateAssemblyPlacement::test_validate_assembly_basic PASSED [ 39%]
tests/test_geometry_validation.py::TestValidateAssemblyPlacement::test_validate_assembly_empty_blocks PASSED [ 39%]
tests/test_geometry_validation.py::TestValidateAssemblyPlacement::test_validate_assembly_unavailable PASSED [ 39%]
tests/test_geometry_validation.py::TestValidateControlRodInsertion::test_validate_control_rods_no_rods PASSED [ 39%]
tests/test_geometry_validation.py::TestValidateControlRodInsertion::test_validate_control_rods_unavailable PASSED [ 39%]
tests/test_geometry_validation.py::TestValidateFuelLoadingPattern::test_validate_fuel_loading_basic PASSED [ 39%]
tests/test_geometry_validation.py::TestValidateFuelLoadingPattern::test_validate_fuel_loading_with_pattern PASSED [ 39%]
tests/test_geometry_validation.py::TestValidateFuelLoadingPattern::test_validate_fuel_loading_unavailable PASSED [ 39%]
tests/test_geometry_validation.py::TestComprehensiveValidation::test_comprehensive_validation_basic PASSED [ 39%]
tests/test_geometry_validation.py::TestComprehensiveValidation::test_comprehensive_validation_pebble_bed PASSED [ 39%]
tests/test_geometry_validation.py::TestComprehensiveValidation::test_comprehensive_validation_options PASSED [ 39%]
tests/test_geometry_validation.py::TestComprehensiveValidation::test_comprehensive_validation_with_gaps PASSED [ 39%]
tests/test_geometry_validation.py::TestGeometryValidationExtended::test_validate_block_invalid_flat_to_flat PASSED [ 39%]
tests/test_geometry_validation.py::TestGeometryValidationExtended::test_validate_block_invalid_height PASSED [ 39%]
tests/test_geometry_validation.py::TestGeometryValidationExtended::test_check_gaps_with_min_gap_tolerance PASSED [ 39%]
tests/test_geometry_validation.py::TestGeometryValidationExtended::test_check_gaps_with_large_gap PASSED [ 39%]
tests/test_geometry_validation.py::TestGeometryValidationExtended::test_validate_material_connectivity_check_boundaries PASSED [ 39%]
tests/test_geometry_validation.py::TestGeometryValidationExtended::test_check_distances_fuel_channels_too_close PASSED [ 39%]
tests/test_geometry_validation.py::TestGeometryValidationExtended::test_check_distances_fuel_channel_too_close_to_edge PASSED [ 39%]
tests/test_geometry_validation.py::TestGeometryValidationExtended::test_check_distances_coolant_channels_too_close PASSED [ 39%]
tests/test_geometry_validation.py::TestGeometryValidationExtended::test_validate_assembly_placement_spacing_issue PASSED [ 39%]
tests/test_geometry_validation.py::TestGeometryValidationExtended::test_validate_assembly_placement_inconsistent_z_levels PASSED [ 39%]
tests/test_geometry_validation.py::TestGeometryValidationExtended::test_validate_control_rod_negative_insertion_depth PASSED [ 39%]
tests/test_geometry_validation.py::TestGeometryValidationExtended::test_validate_control_rod_exceeds_core_height PASSED [ 39%]
tests/test_geometry_validation.py::TestGeometryValidationExtended::test_validate_control_rod_clearance_issue PASSED [ 39%]
tests/test_geometry_validation.py::TestGeometryValidationExtended::test_validate_fuel_loading_pattern_fuel_block_no_channels PASSED [ 39%]
tests/test_geometry_validation.py::TestGeometryValidationExtended::test_validate_fuel_loading_pattern_type_mismatch PASSED [ 39%]
tests/test_geometry_validation.py::TestGeometryValidationExtended::test_comprehensive_validation_gap_errors PASSED [ 39%]
tests/test_geometry_validation.py::TestGeometryValidationExtended::test_comprehensive_validation_gap_warnings PASSED [ 39%]
tests/test_geometry_validation.py::TestGeometryValidationExtended::test_comprehensive_validation_fuel_loading PASSED [ 39%]
tests/test_geometry_validation_extended.py::TestGapDataclass::test_gap_post_init_overlap PASSED [ 39%]
tests/test_geometry_validation_extended.py::TestGapDataclass::test_gap_post_init_small_overlap PASSED [ 39%]
tests/test_geometry_validation_extended.py::TestGapDataclass::test_gap_post_init_large_gap PASSED [ 39%]
tests/test_geometry_validation_extended.py::TestGapDataclass::test_gap_post_init_normal_gap PASSED [ 39%]
tests/test_geometry_validation_extended.py::TestValidationReportMethods::test_report_add_error PASSED [ 39%]
tests/test_geometry_validation_extended.py::TestValidationReportMethods::test_report_add_warning PASSED [ 39%]
tests/test_geometry_validation_extended.py::TestValidationReportMethods::test_report_add_info PASSED [ 39%]
tests/test_geometry_validation_extended.py::TestValidationReportMethods::test_report_summary PASSED [ 39%]
tests/test_geometry_validation_extended.py::TestCheckDistancesAndClearancesExtended::test_check_clearances_close_channels SKIPPED [ 39%]
tests/test_geometry_validation_extended.py::TestCheckDistancesAndClearancesExtended::test_check_clearances_channel_near_edge SKIPPED [ 39%]
tests/test_geometry_validation_extended.py::TestCheckDistancesAndClearancesExtended::test_check_clearances_coolant_channels PASSED [ 39%]
tests/test_geometry_validation_extended.py::TestCheckDistancesAndClearancesExtended::test_check_clearances_no_channels PASSED [ 39%]
tests/test_geometry_validation_extended.py::TestValidateAssemblyPlacementExtended::test_validate_assembly_block_count_mismatch PASSED [ 39%]
tests/test_geometry_validation_extended.py::TestValidateAssemblyPlacementExtended::test_validate_assembly_spacing_issue PASSED [ 40%]
tests/test_geometry_validation_extended.py::TestValidateAssemblyPlacementExtended::test_validate_assembly_inconsistent_z_levels PASSED [ 40%]
tests/test_geometry_validation_extended.py::TestValidateAssemblyPlacementExtended::test_validate_assembly_check_symmetry_false PASSED [ 40%]
tests/test_geometry_validation_extended.py::TestValidateAssemblyPlacementExtended::test_validate_assembly_check_lattice_false PASSED [ 40%]
tests/test_geometry_validation_extended.py::TestValidateControlRodInsertionExtended::test_validate_control_rods_negative_insertion PASSED [ 40%]
tests/test_geometry_validation_extended.py::TestValidateControlRodInsertionExtended::test_validate_control_rods_exceeds_height PASSED [ 40%]
tests/test_geometry_validation_extended.py::TestValidateControlRodInsertionExtended::test_validate_control_rods_clearance_issue SKIPPED [ 40%]
tests/test_geometry_validation_extended.py::TestValidateControlRodInsertionExtended::test_validate_control_rods_no_insertion_depth_attr PASSED [ 40%]
tests/test_geometry_validation_extended.py::TestValidateFuelLoadingPatternExtended::test_validate_fuel_loading_fuel_block_no_channels PASSED [ 40%]
tests/test_geometry_validation_extended.py::TestValidateFuelLoadingPatternExtended::test_validate_fuel_loading_type_mismatch PASSED [ 40%]
tests/test_geometry_validation_extended.py::TestValidateFuelLoadingPatternExtended::test_validate_fuel_loading_match PASSED [ 40%]
tests/test_geometry_validation_extended.py::TestComprehensiveValidationExtended::test_comprehensive_validation_all_checks PASSED [ 40%]
tests/test_geometry_validation_extended.py::TestComprehensiveValidationExtended::test_comprehensive_validation_only_gaps PASSED [ 40%]
tests/test_geometry_validation_extended.py::TestComprehensiveValidationExtended::test_comprehensive_validation_pebble_bed_all_checks PASSED [ 40%]
tests/test_geometry_validation_extended.py::TestCheckGapsAndBoundariesExtended::test_check_gaps_with_tolerance PASSED [ 40%]
tests/test_geometry_validation_extended.py::TestCheckGapsAndBoundariesExtended::test_check_gaps_far_apart PASSED [ 40%]
tests/test_geometry_validation_extended.py::TestCheckGapsAndBoundariesExtended::test_check_gaps_custom_min_max PASSED [ 40%]
tests/test_geometry_validation_extended.py::TestValidateMaterialConnectivityExtended::test_validate_connectivity_check_continuity_false PASSED [ 40%]
tests/test_geometry_validation_extended.py::TestValidateMaterialConnectivityExtended::test_validate_connectivity_check_boundaries_false PASSED [ 40%]
tests/test_geometry_validation_extended.py::TestValidateMaterialConnectivityExtended::test_validate_connectivity_both_false PASSED [ 40%]
tests/test_geometry_validation_extended.py::TestValidateGeometryCompletenessExtended::test_validate_pebble_bed_invalid_packing_fraction PASSED [ 40%]
tests/test_geometry_validation_extended.py::TestValidateGeometryCompletenessExtended::test_validate_pebble_bed_unusual_packing_fraction PASSED [ 40%]
tests/test_geometry_validation_extended.py::TestValidateGeometryCompletenessExtended::test_validate_prismatic_block_count_warning PASSED [ 40%]
tests/test_geometry_validation_extended.py::TestValidateGeometryCompletenessExtended::test_validate_prismatic_block_invalid_height PASSED [ 40%]
tests/test_geometry_validation_extended.py::TestCheckGapsAndBoundariesAdditional::test_check_gaps_empty_blocks PASSED [ 40%]
tests/test_geometry_validation_extended.py::TestCheckGapsAndBoundariesAdditional::test_check_gaps_single_block PASSED [ 40%]
tests/test_geometry_validation_extended.py::TestCheckGapsAndBoundariesAdditional::test_check_gaps_zero_flat_to_flat PASSED [ 40%]
tests/test_geometry_validation_extended.py::TestCheckGapsAndBoundariesAdditional::test_check_gaps_overlap_detection PASSED [ 40%]
tests/test_geometry_validation_extended.py::TestCheckGapsAndBoundariesAdditional::test_check_gaps_severity_warning_large_gap PASSED [ 40%]
tests/test_geometry_validation_extended.py::TestValidateMaterialConnectivityAdditional::test_validate_connectivity_empty_blocks PASSED [ 40%]
tests/test_geometry_validation_extended.py::TestValidateMaterialConnectivityAdditional::test_validate_connectivity_single_block PASSED [ 40%]
tests/test_geometry_validation_extended.py::TestValidateMaterialConnectivityAdditional::test_validate_connectivity_no_material_attribute PASSED [ 40%]
tests/test_geometry_validation_extended.py::TestValidateMaterialConnectivityAdditional::test_validate_connectivity_isolated_block PASSED [ 40%]
tests/test_geometry_validation_extended.py::TestComprehensiveValidationAdditional::test_comprehensive_validation_no_checks PASSED [ 40%]
tests/test_geometry_validation_extended.py::TestComprehensiveValidationAdditional::test_comprehensive_validation_with_gaps_only PASSED [ 40%]
tests/test_geometry_validation_extended.py::TestComprehensiveValidationAdditional::test_comprehensive_validation_clearances_only PASSED [ 40%]
tests/test_geometry_validation_extended.py::TestComprehensiveValidationAdditional::test_comprehensive_validation_connectivity_only PASSED [ 40%]
tests/test_geometry_validation_extended.py::TestComprehensiveValidationAdditional::test_comprehensive_validation_assemblies_only PASSED [ 40%]
tests/test_geometry_validation_extended.py::TestComprehensiveValidationAdditional::test_comprehensive_validation_control_rods_only PASSED [ 40%]
tests/test_get_endf_url.py::TestGetEndfUrl::test_get_endf_url_endf_b_viii PASSED [ 40%]
tests/test_get_endf_url.py::TestGetEndfUrl::test_get_endf_url_jeff_33 PASSED [ 40%]
tests/test_get_endf_url.py::TestGetEndfUrl::test_get_endf_url_jendl_5 PASSED [ 40%]
tests/test_get_endf_url.py::TestGetEndfUrl::test_get_endf_url_different_nuclides PASSED [ 40%]
tests/test_get_endf_url.py::TestGetEndfUrl::test_get_endf_url_metastable_nuclides PASSED [ 40%]
tests/test_get_endf_url.py::TestGetEndfUrl::test_get_endf_url_url_structure PASSED [ 40%]
tests/test_get_endf_url.py::TestGetEndfUrl::test_get_endf_url_all_libraries PASSED [ 40%]
tests/test_get_endf_url.py::TestGetEndfUrl::test_get_endf_url_large_atomic_number PASSED [ 40%]
tests/test_get_endf_url.py::TestGetEndfUrl::test_get_endf_url_large_mass_number PASSED [ 40%]
tests/test_get_endf_url.py::TestGetEndfUrl::test_get_endf_url_multiple_metastable_states PASSED [ 40%]
tests/test_get_endf_url.py::TestGetEndfUrl::test_get_endf_url_light_nuclei PASSED [ 40%]
tests/test_get_endf_url.py::TestGetEndfUrl::test_get_endf_url_consistency PASSED [ 40%]
tests/test_get_endf_url.py::TestGetEndfUrl::test_get_endf_url_https_protocol PASSED [ 41%]
tests/test_get_endf_url.py::TestGetEndfUrl::test_get_endf_url_iaea_domain PASSED [ 41%]
tests/test_get_endf_url.py::TestGetEndfUrl::test_get_endf_url_file_extension PASSED [ 41%]
tests/test_get_endf_url.py::TestGetEndfUrl::test_get_endf_url_library_value_in_url PASSED [ 41%]
tests/test_gui_callbacks_analysis.py::test_register_analysis_callbacks_no_dash_returns_early PASSED [ 41%]
tests/test_gui_callbacks_analysis.py::test_analysis_callbacks_cover_update_options_and_run_paths PASSED [ 41%]
tests/test_gui_callbacks_data_manager.py::test_register_data_manager_callbacks_no_dash_returns_early PASSED [ 41%]
tests/test_gui_callbacks_data_manager.py::test_data_manager_callbacks_cover_all_branches PASSED [ 41%]
tests/test_gui_callbacks_feature_lab.py::test_feature_lab_demo_functions_and_callback_dispatch PASSED [ 41%]
tests/test_gui_callbacks_geometry_designer.py::test_register_geometry_designer_callbacks_no_dash_returns_early PASSED [ 41%]
tests/test_gui_callbacks_geometry_designer.py::test_geometry_designer_callbacks_cover_branches PASSED [ 41%]
tests/test_gui_callbacks_navigation.py::test_register_navigation_callbacks_no_dash_returns_early PASSED [ 41%]
tests/test_gui_callbacks_navigation.py::test_navigation_update_main_content_all_branches PASSED [ 41%]
tests/test_gui_callbacks_projects.py::test_register_project_callbacks_no_dash_returns_early PASSED [ 41%]
tests/test_gui_callbacks_projects.py::test_project_callbacks_save_and_open_paths PASSED [ 41%]
tests/test_gui_callbacks_reactor_builder.py::test_register_reactor_builder_callbacks_no_dash_returns_early PASSED [ 41%]
tests/test_gui_callbacks_reactor_builder.py::test_reactor_builder_callbacks_cover_branches PASSED [ 41%]
tests/test_gui_callbacks_results.py::test_register_results_callbacks_no_dash_returns_early PASSED [ 41%]
tests/test_gui_callbacks_results.py::test_results_callbacks_cover_branches PASSED [ 41%]
tests/test_gui_callbacks_theme.py::test_register_theme_callbacks_no_dash_returns_early PASSED [ 41%]
tests/test_gui_callbacks_theme.py::test_register_theme_callbacks_registers_clientside_callbacks PASSED [ 41%]
tests/test_gui_components.py::test_gui_components_happy_and_no_dash_paths PASSED [ 41%]
tests/test_gui_web_app.py::test_web_app_no_dash_paths PASSED             [ 41%]
tests/test_gui_web_app.py::test_web_app_create_app_and_register_callbacks_and_run_server_branches PASSED [ 41%]
tests/test_help.py::TestGetSmrModule::test_get_smr_module_success PASSED [ 41%]
tests/test_help.py::TestGetSmrModule::test_get_smr_module_cached PASSED  [ 41%]
tests/test_help.py::TestGetSmrModule::test_get_smr_module_import_error PASSED [ 41%]
tests/test_help.py::TestIsCoreAvailable::test_is_core_available_true PASSED [ 41%]
tests/test_help.py::TestIsCoreAvailable::test_is_core_available_false PASSED [ 41%]
tests/test_help.py::TestIsCoreAvailable::test_is_core_available_none PASSED [ 41%]
tests/test_help.py::TestHelpFunction::test_help_no_topic_with_rich PASSED [ 41%]
tests/test_help.py::TestHelpFunction::test_help_no_topic_without_rich PASSED [ 41%]
tests/test_help.py::TestHelpFunction::test_help_string_topic PASSED      [ 41%]
tests/test_help.py::TestHelpFunction::test_help_object_topic PASSED      [ 41%]
tests/test_help.py::TestHelpFunction::test_help_with_category PASSED     [ 41%]
tests/test_help.py::TestHelpFunction::test_help_show_examples_false PASSED [ 41%]
tests/test_help.py::TestShowMainMenu::test_show_main_menu PASSED         [ 41%]
tests/test_help.py::TestShowTopicHelp::test_show_topic_help_category PASSED [ 41%]
tests/test_help.py::TestShowTopicHelp::test_show_topic_help_function PASSED [ 41%]
tests/test_help.py::TestShowTopicHelp::test_show_topic_help_builtin_topic PASSED [ 41%]
tests/test_help.py::TestShowTopicHelp::test_show_topic_help_not_found PASSED [ 41%]
tests/test_help.py::TestShowCategoryHelp::test_show_category_help_geometry PASSED [ 41%]
tests/test_help.py::TestShowCategoryHelp::test_show_category_help_neutronics PASSED [ 41%]
tests/test_help.py::TestShowCategoryHelp::test_show_category_help_unknown PASSED [ 41%]
tests/test_help.py::TestShowObjectHelp::test_show_object_help_with_docstring PASSED [ 41%]
tests/test_help.py::TestShowObjectHelp::test_show_object_help_without_docstring PASSED [ 41%]
tests/test_help.py::TestShowObjectHelp::test_show_object_help_with_signature PASSED [ 41%]
tests/test_help.py::TestHelpFunctions::test_help_getting_started PASSED  [ 41%]
tests/test_help.py::TestHelpFunctions::test_help_examples PASSED         [ 41%]
tests/test_help.py::TestHelpFunctions::test_help_workflows PASSED        [ 41%]
tests/test_help.py::TestHelpFunctions::test_help_geometry PASSED         [ 42%]
tests/test_help.py::TestHelpFunctions::test_help_neutronics PASSED       [ 42%]
tests/test_help.py::TestHelpFunctions::test_help_burnup PASSED           [ 42%]
tests/test_help.py::TestHelpFunctions::test_help_thermal PASSED          [ 42%]
tests/test_help.py::TestHelpFunctions::test_help_decay PASSED            [ 42%]
tests/test_help.py::TestHelpFunctions::test_help_gamma PASSED            [ 42%]
tests/test_help.py::TestHelpFunctions::test_help_visualization PASSED    [ 42%]
tests/test_help.py::TestHelpFunctions::test_help_materials PASSED        [ 42%]
tests/test_help.py::TestHelpFunctions::test_help_nuclides PASSED         [ 42%]
tests/test_help.py::TestHelpFunctions::test_help_convenience PASSED      [ 42%]
tests/test_help.py::TestHelpFunctions::test_help_presets PASSED          [ 42%]
tests/test_help.py::TestHelpFunctions::test_help_troubleshooting PASSED  [ 42%]
tests/test_help.py::TestPrintHelpPlain::test_print_help_plain PASSED     [ 42%]
tests/test_help.py::TestFormatDocstring::test_format_docstring_simple PASSED [ 42%]
tests/test_help.py::TestFormatDocstring::test_format_docstring_with_code_block PASSED [ 42%]
tests/test_help.py::TestFormatDocstring::test_format_docstring_with_examples PASSED [ 42%]
tests/test_help.py::TestGetExamples::test_get_examples_returns_dict PASSED [ 42%]
tests/test_help.py::TestGetExamples::test_get_examples_has_create_reactor PASSED [ 42%]
tests/test_help.py::TestGetExamples::test_get_examples_structure PASSED  [ 42%]
tests/test_help.py::TestShowExamplesForObject::test_show_examples_for_object_with_examples PASSED [ 42%]
tests/test_help.py::TestShowExamplesForObject::test_show_examples_for_object_without_examples PASSED [ 42%]
tests/test_help_and_readers_branches.py::test_help_importerror_path_and_formatting_and_signature_cleanup PASSED [ 42%]
tests/test_help_and_readers_branches.py::test_io_readers_yaml_importerror_branch PASSED [ 42%]
tests/test_help_comprehensive.py::TestHelpFunction::test_help_no_args PASSED [ 42%]
tests/test_help_comprehensive.py::TestHelpFunction::test_help_with_topic_string PASSED [ 42%]
tests/test_help_comprehensive.py::TestHelpFunction::test_help_with_topic_object PASSED [ 42%]
tests/test_help_comprehensive.py::TestHelpFunction::test_help_with_category PASSED [ 42%]
tests/test_help_comprehensive.py::TestHelpFunction::test_help_with_show_examples_false PASSED [ 42%]
tests/test_help_comprehensive.py::TestHelpFunction::test_help_no_rich_plain PASSED [ 42%]
tests/test_help_comprehensive.py::TestCategoryHelp::test_help_geometry PASSED [ 42%]
tests/test_help_comprehensive.py::TestCategoryHelp::test_help_neutronics PASSED [ 42%]
tests/test_help_comprehensive.py::TestCategoryHelp::test_help_burnup PASSED [ 42%]
tests/test_help_comprehensive.py::TestCategoryHelp::test_help_thermal PASSED [ 42%]
tests/test_help_comprehensive.py::TestCategoryHelp::test_help_decay PASSED [ 42%]
tests/test_help_comprehensive.py::TestCategoryHelp::test_help_gamma PASSED [ 42%]
tests/test_help_comprehensive.py::TestCategoryHelp::test_help_visualization PASSED [ 42%]
tests/test_help_comprehensive.py::TestCategoryHelp::test_help_materials PASSED [ 42%]
tests/test_help_comprehensive.py::TestCategoryHelp::test_help_nuclides PASSED [ 42%]
tests/test_help_comprehensive.py::TestCategoryHelp::test_help_convenience PASSED [ 42%]
tests/test_help_comprehensive.py::TestCategoryHelp::test_help_presets PASSED [ 42%]
tests/test_help_comprehensive.py::TestCategoryHelp::test_show_category_help_invalid PASSED [ 42%]
tests/test_help_comprehensive.py::TestObjectHelp::test_show_object_help_function PASSED [ 42%]
tests/test_help_comprehensive.py::TestObjectHelp::test_show_object_help_class PASSED [ 42%]
tests/test_help_comprehensive.py::TestObjectHelp::test_show_object_help_no_docstring PASSED [ 42%]
tests/test_help_comprehensive.py::TestObjectHelp::test_show_examples_for_object PASSED [ 42%]
tests/test_help_comprehensive.py::TestObjectHelp::test_show_examples_for_object_no_examples PASSED [ 42%]
tests/test_help_comprehensive.py::TestTopicHelp::test_show_topic_help_category PASSED [ 42%]
tests/test_help_comprehensive.py::TestTopicHelp::test_show_topic_help_function_name PASSED [ 42%]
tests/test_help_comprehensive.py::TestTopicHelp::test_show_topic_help_builtin_topic PASSED [ 42%]
tests/test_help_comprehensive.py::TestTopicHelp::test_show_topic_help_invalid_topic PASSED [ 42%]
tests/test_help_comprehensive.py::TestMainMenu::test_show_main_menu PASSED [ 42%]
tests/test_help_comprehensive.py::TestBuiltinHelpTopics::test_help_getting_started PASSED [ 43%]
tests/test_help_comprehensive.py::TestBuiltinHelpTopics::test_help_examples PASSED [ 43%]
tests/test_help_comprehensive.py::TestBuiltinHelpTopics::test_help_workflows PASSED [ 43%]
tests/test_help_comprehensive.py::TestBuiltinHelpTopics::test_help_troubleshooting PASSED [ 43%]
tests/test_help_comprehensive.py::TestPlainTextFallback::test_print_help_plain_no_topic PASSED [ 43%]
tests/test_help_comprehensive.py::TestPlainTextFallback::test_print_help_plain_with_topic PASSED [ 43%]
tests/test_help_comprehensive.py::TestPlainTextFallback::test_print_help_plain_with_category PASSED [ 43%]
tests/test_help_comprehensive.py::TestHelperFunctions::test_get_smr_module_first_call PASSED [ 43%]
tests/test_help_comprehensive.py::TestHelperFunctions::test_get_smr_module_cached PASSED [ 43%]
tests/test_help_comprehensive.py::TestHelperFunctions::test_is_core_available PASSED [ 43%]
tests/test_help_comprehensive.py::TestHelperFunctions::test_show_topic_help_no_smr_module PASSED [ 43%]
tests/test_help_comprehensive.py::TestHelperFunctions::test_show_topic_help_function_not_in_smr PASSED [ 43%]
tests/test_help_comprehensive.py::TestObjectHelpEdgeCases::test_show_object_help_no_signature PASSED [ 43%]
tests/test_help_comprehensive.py::TestObjectHelpEdgeCases::test_show_object_help_complex_type_annotations PASSED [ 43%]
tests/test_help_comprehensive.py::TestObjectHelpEdgeCases::test_show_object_help_long_default_value PASSED [ 43%]
tests/test_help_comprehensive.py::TestObjectHelpEdgeCases::test_show_object_help_no_name_attribute PASSED [ 43%]
tests/test_help_comprehensive.py::TestObjectHelpEdgeCases::test_show_object_help_return_annotation_edge_cases PASSED [ 43%]
tests/test_help_comprehensive.py::TestObjectHelpEdgeCases::test_format_docstring PASSED [ 43%]
tests/test_help_comprehensive.py::TestObjectHelpEdgeCases::test_get_examples PASSED [ 43%]
tests/test_help_comprehensive.py::TestObjectHelpEdgeCases::test_show_object_help_parameter_annotations PASSED [ 43%]
tests/test_hybrid_solver.py::TestRegionPartition::test_region_partition_init PASSED [ 43%]
tests/test_hybrid_solver.py::TestRegionPartition::test_region_partition_validation PASSED [ 43%]
tests/test_hybrid_solver.py::TestHybridSolver::test_hybrid_solver_init PASSED [ 43%]
tests/test_hybrid_solver.py::TestHybridSolver::test_identify_complex_regions PASSED [ 43%]
tests/test_hybrid_solver.py::TestHybridSolver::test_get_material_map PASSED [ 43%]
tests/test_hybrid_solver.py::TestHybridSolver::test_has_material_discontinuity PASSED [ 43%]
tests/test_hybrid_solver.py::TestHybridSolver::test_identify_complex_regions_from_flux PASSED [ 43%]
tests/test_hybrid_solver.py::TestHybridSolver::test_compute_flux_gradient_magnitude PASSED [ 43%]
tests/test_hybrid_solver.py::TestHybridSolver::test_solve_eigenvalue_adaptive PASSED [ 43%]
tests/test_hybrid_solver.py::TestHybridSolver::test_solve_eigenvalue_non_adaptive PASSED [ 43%]
tests/test_hybrid_solver.py::TestHybridSolver::test_solve_mc_regions PASSED [ 43%]
tests/test_hybrid_solver.py::TestHybridSolver::test_solve_eigenvalue_with_mc_correction PASSED [ 43%]
tests/test_hybrid_solver.py::TestCreateHybridSolver::test_create_hybrid_solver PASSED [ 43%]
tests/test_hybrid_solver.py::TestCreateHybridSolver::test_create_hybrid_solver_non_adaptive PASSED [ 43%]
tests/test_implicit_mc.py::TestIMCTimeStep::test_imc_time_step_init PASSED [ 43%]
tests/test_implicit_mc.py::TestIMCTimeStep::test_imc_time_step_defaults PASSED [ 43%]
tests/test_implicit_mc.py::TestIMCTimeStep::test_imc_time_step_validation_negative_dt PASSED [ 43%]
tests/test_implicit_mc.py::TestIMCTimeStep::test_imc_time_step_validation_zero_dt PASSED [ 43%]
tests/test_implicit_mc.py::TestIMCTimeStep::test_imc_time_step_validation_stability_factor_too_large PASSED [ 43%]
tests/test_implicit_mc.py::TestIMCTimeStep::test_imc_time_step_validation_stability_factor_negative PASSED [ 43%]
tests/test_implicit_mc.py::TestIMCTimeStep::test_imc_time_step_validation_stability_factor_zero PASSED [ 43%]
tests/test_implicit_mc.py::TestImplicitMonteCarloSolver::test_implicit_mc_solver_init PASSED [ 43%]
tests/test_implicit_mc.py::TestImplicitMonteCarloSolver::test_implicit_mc_solver_with_initial_time PASSED [ 43%]
tests/test_implicit_mc.py::TestImplicitMonteCarloSolver::test_advance_time_step_method PASSED [ 43%]
tests/test_implicit_mc.py::TestImplicitMonteCarloSolver::test_solver_state_access PASSED [ 43%]
tests/test_implicit_mc.py::TestImplicitMonteCarloSolver::test_compute_adaptive_time_step PASSED [ 43%]
tests/test_implicit_mc.py::TestImplicitMonteCarloSolver::test_solve_transient_basic PASSED [ 43%]
tests/test_import_compat_helpers.py::test_canonical_import_returns_existing_module PASSED [ 43%]
tests/test_import_compat_helpers.py::test_canonical_import_imports_when_missing PASSED [ 43%]
tests/test_import_compat_helpers.py::test_bind_parent_attr_from_modules_covers_early_returns_and_success PASSED [ 43%]
tests/test_import_compat_helpers.py::test_bind_parent_attr_from_modules_swallows_setattr_errors PASSED [ 44%]
tests/test_import_compat_helpers.py::test_delete_attr_if_present_covers_missing_parent_and_delattr_exception PASSED [ 44%]
tests/test_import_compat_helpers.py::test_delete_global_covers_success_and_exception PASSED [ 44%]
tests/test_init_modules.py::TestCoreInit::test_import_core_constants PASSED [ 44%]
tests/test_init_modules.py::TestCoreInit::test_import_core_materials_database PASSED [ 44%]
tests/test_init_modules.py::TestCoreInit::test_import_core_reactor_core PASSED [ 44%]
tests/test_init_modules.py::TestCoreInit::test_import_core_endf_parser PASSED [ 44%]
tests/test_init_modules.py::TestCoreInit::test_import_core_resonance_selfshield PASSED [ 44%]
tests/test_init_modules.py::TestCoreInit::test_core_init_all_attributes PASSED [ 44%]
tests/test_init_modules.py::TestNeutronicsInit::test_import_neutronics_solver PASSED [ 44%]
tests/test_init_modules.py::TestNeutronicsInit::test_import_neutronics_monte_carlo PASSED [ 44%]
tests/test_init_modules.py::TestNeutronicsInit::test_import_neutronics_transport PASSED [ 44%]
tests/test_init_modules.py::TestNeutronicsInit::test_neutronics_init_all_attributes PASSED [ 44%]
tests/test_init_modules.py::TestThermalInit::test_import_thermal_hydraulics PASSED [ 44%]
tests/test_init_modules.py::TestThermalInit::test_import_thermal_components PASSED [ 44%]
tests/test_init_modules.py::TestThermalInit::test_thermal_init_all_attributes PASSED [ 44%]
tests/test_init_modules.py::TestGeometryInit::test_import_geometry_core PASSED [ 44%]
tests/test_init_modules.py::TestGeometryInit::test_import_geometry_control_rods PASSED [ 44%]
tests/test_init_modules.py::TestGeometryInit::test_import_geometry_assembly PASSED [ 44%]
tests/test_init_modules.py::TestGeometryInit::test_import_geometry_mesh_3d PASSED [ 44%]
tests/test_init_modules.py::TestGeometryInit::test_import_geometry_validation PASSED [ 44%]
tests/test_init_modules.py::TestGeometryInit::test_geometry_init_all_attributes PASSED [ 44%]
tests/test_init_modules.py::TestUncertaintyInit::test_import_uncertainty PASSED [ 44%]
tests/test_init_modules.py::TestUncertaintyInit::test_uncertainty_init_all_attributes PASSED [ 44%]
tests/test_init_modules.py::TestUncertaintyInit::test_uncertainty_init_imports_from_uq PASSED [ 44%]
tests/test_init_modules.py::TestPresetsInit::test_import_presets_htgr PASSED [ 44%]
tests/test_init_modules.py::TestPresetsInit::test_presets_init_all_attributes PASSED [ 44%]
tests/test_init_modules.py::TestSafetyInit::test_import_safety_transients PASSED [ 44%]
tests/test_init_modules.py::TestSafetyInit::test_safety_init_all_attributes PASSED [ 44%]
tests/test_init_modules.py::TestMainInit::test_import_version PASSED     [ 44%]
tests/test_init_modules.py::TestMainInit::test_get_version_returns_version_string PASSED [ 44%]
tests/test_init_modules.py::TestMainInit::test_main_init_neutronics_available_flag PASSED [ 44%]
tests/test_init_modules.py::TestMainInit::test_import_constants PASSED   [ 44%]
tests/test_init_modules.py::TestMainInit::test_import_neutronics_from_main PASSED [ 44%]
tests/test_init_modules.py::TestMainInit::test_import_thermal_from_main PASSED [ 44%]
tests/test_init_modules.py::TestMainInit::test_import_convenience_from_main PASSED [ 44%]
tests/test_init_modules.py::TestMainInit::test_import_decay_heat_from_main PASSED [ 44%]
tests/test_init_modules.py::TestMainInit::test_import_gamma_transport_from_main PASSED [ 44%]
tests/test_init_modules.py::TestMainInit::test_import_help_from_main PASSED [ 44%]
tests/test_init_modules.py::TestMainInit::test_main_init_all_attributes PASSED [ 44%]
tests/test_init_modules.py::TestMainInit::test_main_init_transient_convenience_available_flag PASSED [ 44%]
tests/test_init_modules.py::TestInitImportErrors::test_main_init_import_error_neutronics PASSED [ 44%]
tests/test_init_modules.py::TestInitImportErrors::test_core_init_import_error_reactor_core PASSED [ 44%]
tests/test_init_modules.py::TestInitImportErrors::test_core_init_import_error_endf_setup PASSED [ 44%]
tests/test_init_modules.py::TestInitImportErrors::test_core_init_import_error_resonance PASSED [ 44%]
tests/test_init_modules.py::TestInitImportErrors::test_core_init_import_error_endf_parser PASSED [ 44%]
tests/test_init_modules.py::TestInitImportErrors::test_neutronics_init_import_error_solver PASSED [ 44%]
tests/test_init_modules.py::TestInitImportErrors::test_thermal_init_import_error PASSED [ 44%]
tests/test_init_modules.py::TestInitImportErrors::test_geometry_init_import_error SKIPPEDfic tests) [ 44%]
tests/test_init_modules.py::TestInitImportErrors::test_main_init_import_error SKIPPEDfic tests) [ 44%]
tests/test_init_modules.py::TestInitImportErrors::test_presets_init_import_error PASSED [ 44%]
tests/test_init_modules.py::TestInitImportErrors::test_safety_init_import_error PASSED [ 45%]
tests/test_init_modules.py::TestInitImportErrors::test_uncertainty_init_import_error PASSED [ 45%]
tests/test_init_modules.py::TestInitImportErrors::test_visualization_init_import_error_geometry PASSED [ 45%]
tests/test_init_modules.py::TestInitImportErrors::test_visualization_init_import_error_mesh3d PASSED [ 45%]
tests/test_init_modules.py::TestInitImportErrors::test_visualization_init_import_error_animations PASSED [ 45%]
tests/test_init_modules.py::TestInitImportErrors::test_visualization_init_import_error_comparison PASSED [ 45%]
tests/test_init_modules.py::TestInitImportErrors::test_geometry_init_import_error_control_rods PASSED [ 45%]
tests/test_init_modules.py::TestInitImportErrors::test_geometry_init_import_error_assembly PASSED [ 45%]
tests/test_init_modules.py::TestInitImportErrors::test_geometry_init_import_error_importers PASSED [ 45%]
tests/test_init_modules.py::TestInitImportErrors::test_geometry_init_import_error_advanced_import PASSED [ 45%]
tests/test_init_modules.py::TestInitImportErrors::test_geometry_init_import_error_mesh_generation PASSED [ 45%]
tests/test_init_modules.py::TestInitImportErrors::test_geometry_init_import_error_advanced_mesh PASSED [ 45%]
tests/test_init_modules.py::TestInitImportErrors::test_geometry_init_import_error_mesh_3d PASSED [ 45%]
tests/test_init_modules.py::TestInitImportErrors::test_geometry_init_core_geometry_import_error PASSED [ 45%]
tests/test_init_modules.py::TestInitImportErrors::test_geometry_init_import_error_validation PASSED [ 45%]
tests/test_init_modules.py::TestInitImportErrors::test_neutronics_init_import_error_monte_carlo PASSED [ 45%]
tests/test_init_modules.py::TestInitImportErrors::test_neutronics_init_import_error_transport PASSED [ 45%]
tests/test_init_modules.py::TestInitImportErrors::test_main_init_import_error_thermal PASSED [ 45%]
tests/test_init_modules.py::TestInitImportErrors::test_main_init_import_error_convenience PASSED [ 45%]
tests/test_init_modules.py::TestInitImportErrors::test_main_init_import_error_convenience_utils PASSED [ 45%]
tests/test_init_modules.py::TestInitImportErrors::test_main_init_import_error_decay_heat_gamma PASSED [ 45%]
tests/test_init_modules.py::TestInitImportErrors::test_main_init_import_error_help PASSED [ 45%]
tests/test_init_modules.py::TestInitImportErrors::test_main_init_import_error_photon_parsers PASSED [ 45%]
tests/test_init_modules.py::TestInitImportErrors::test_main_init_import_error_transient_convenience PASSED [ 45%]
tests/test_init_modules.py::TestInitImportErrors::test_main_init_import_error_convenience_fallback PASSED [ 45%]
tests/test_init_modules.py::TestInitImportErrors::test_main_init_import_error_data_downloader PASSED [ 45%]
tests/test_init_modules.py::TestInitImportErrors::test_main_init_import_error_gui PASSED [ 45%]
tests/test_init_modules.py::TestInitImportErrors::test_main_init_import_error_control PASSED [ 45%]
tests/test_init_modules.py::TestInitImportErrors::test_main_init_import_error_mechanics PASSED [ 45%]
tests/test_init_modules.py::TestInitImportErrors::test_main_init_import_error_economics PASSED [ 45%]
tests/test_init_modules.py::TestInitImportErrors::test_main_init_import_error_fuel_cycle PASSED [ 45%]
tests/test_init_modules.py::TestInitImportErrors::test_main_init_import_error_two_phase_advanced PASSED [ 45%]
tests/test_init_modules.py::TestBurnupInit::test_import_burnup_solver PASSED [ 45%]
tests/test_init_modules.py::TestBurnupInit::test_burnup_init_all_attributes PASSED [ 45%]
tests/test_init_modules.py::TestBurnupInit::test_burnup_init_import_error_lwr_burnup PASSED [ 45%]
tests/test_init_modules.py::TestBurnupInit::test_burnup_init_import_error_fuel_management PASSED [ 45%]
tests/test_init_modules.py::TestFuelInit::test_fuel_init_is_placeholder PASSED [ 45%]
tests/test_init_modules.py::TestIoInit::test_io_init_is_placeholder PASSED [ 45%]
tests/test_init_modules.py::TestOptimizationInit::test_optimization_init_is_placeholder PASSED [ 45%]
tests/test_init_modules.py::TestMaterialsInit::test_materials_init_has_all PASSED [ 45%]
tests/test_init_modules.py::TestGuiInit::test_gui_init_all_attributes PASSED [ 45%]
tests/test_init_modules.py::TestGuiInit::test_gui_init_import_error PASSED [ 45%]
tests/test_init_modules.py::TestUtilsInit::test_import_utils_logging PASSED [ 45%]
tests/test_init_modules.py::TestUtilsInit::test_import_utils_logo PASSED [ 45%]
tests/test_init_modules.py::TestUtilsInit::test_utils_init_all_attributes PASSED [ 45%]
tests/test_init_modules.py::TestUtilsInit::test_utils_init_import_error_parallel_batch PASSED [ 45%]
tests/test_init_modules.py::TestUtilsInit::test_utils_init_import_error_optimization_utils PASSED [ 45%]
tests/test_init_modules.py::TestUtilsInit::test_utils_init_import_error_memory_utils PASSED [ 45%]
tests/test_init_modules_importerror_branches.py::test_core_init_importerror_branches_and_getattr PASSED [ 45%]
tests/test_init_modules_importerror_branches.py::test_thermal_init_importerror_branches PASSED [ 45%]
tests/test_init_modules_importerror_branches.py::test_smrforge_init_convenience_fallback_exec_module_failure PASSED [ 46%]
tests/test_integral_reactor_designs.py::TestSteamGeneratorTube::test_tube_creation PASSED [ 46%]
tests/test_integral_reactor_designs.py::TestSteamGeneratorTube::test_flow_areas PASSED [ 46%]
tests/test_integral_reactor_designs.py::TestSteamGeneratorTube::test_heat_transfer_area PASSED [ 46%]
tests/test_integral_reactor_designs.py::TestInVesselSteamGenerator::test_steam_generator_creation PASSED [ 46%]
tests/test_integral_reactor_designs.py::TestInVesselSteamGenerator::test_build_tube_bundle PASSED [ 46%]
tests/test_integral_reactor_designs.py::TestInVesselSteamGenerator::test_total_heat_transfer_area PASSED [ 46%]
tests/test_integral_reactor_designs.py::TestInVesselSteamGenerator::test_temperature_properties PASSED [ 46%]
tests/test_integral_reactor_designs.py::TestIntegratedPrimarySystem::test_system_creation PASSED [ 46%]
tests/test_integral_reactor_designs.py::TestIntegratedPrimarySystem::test_vessel_volume PASSED [ 46%]
tests/test_integral_reactor_designs.py::TestIntegratedPrimarySystem::test_add_steam_generator PASSED [ 46%]
tests/test_integral_reactor_designs.py::TestIntegratedPrimarySystem::test_total_heat_transfer PASSED [ 46%]
tests/test_integral_reactor_designs.py::TestIntegratedPrimarySystem::test_get_steam_generators_by_position PASSED [ 46%]
tests/test_integral_reactor_designs.py::TestIntegratedPrimarySystem::test_integrated_system_with_core PASSED [ 46%]
tests/test_integration.py::TestValidateInputs::test_validate_inputs_valid PASSED [ 46%]
tests/test_integration.py::TestValidateInputs::test_validate_inputs_invalid_raises PASSED [ 46%]
tests/test_integration.py::TestValidateInputs::test_validate_inputs_warnings PASSED [ 46%]
tests/test_integration.py::TestValidateOutputs::test_validate_outputs_dict PASSED [ 46%]
tests/test_integration.py::TestValidateOutputs::test_validate_outputs_tuple PASSED [ 46%]
tests/test_integration.py::TestValidateOutputs::test_validate_outputs_invalid_raises PASSED [ 46%]
tests/test_integration.py::TestValidateOutputs::test_validate_outputs_dict_missing_key PASSED [ 46%]
tests/test_integration.py::TestValidateArray::test_validate_array_valid PASSED [ 46%]
tests/test_integration.py::TestValidateArray::test_validate_array_not_numpy PASSED [ 46%]
tests/test_integration.py::TestValidateArray::test_validate_array_empty PASSED [ 46%]
tests/test_integration.py::TestValidateArray::test_validate_array_with_nan PASSED [ 46%]
tests/test_integration.py::TestValidateArray::test_validate_array_with_inf PASSED [ 46%]
tests/test_integration.py::TestValidateArray::test_validate_array_with_negative PASSED [ 46%]
tests/test_integration.py::TestValidateArray::test_validate_array_with_min_val PASSED [ 46%]
tests/test_integration.py::TestValidateArray::test_validate_array_with_max_val PASSED [ 46%]
tests/test_integration.py::TestValidateArray::test_validate_array_nan PASSED [ 46%]
tests/test_integration.py::TestValidateArray::test_validate_array_inf PASSED [ 46%]
tests/test_integration.py::TestValidateArray::test_validate_array_negative PASSED [ 46%]
tests/test_integration.py::TestValidateArray::test_validate_array_min_max PASSED [ 46%]
tests/test_integration.py::TestValidatedClass::test_validated_class_initialization PASSED [ 46%]
tests/test_integration.py::TestValidatedClass::test_validated_class_validate PASSED [ 46%]
tests/test_integration.py::TestValidatedClass::test_validated_class_validate_raises_on_error PASSED [ 46%]
tests/test_integration.py::TestValidatedClass::test_validated_class_validate_no_raise_on_error PASSED [ 46%]
tests/test_integration.py::TestValidatedClass::test_validated_class_disable_enable_validation PASSED [ 46%]
tests/test_integration.py::TestValidatedReactorSpec::test_validated_reactor_spec_creation PASSED [ 46%]
tests/test_integration.py::TestValidatedSolver::test_validated_solver_creation SKIPPED [ 46%]
tests/test_integration.py::TestUtilityFunctions::test_check_positive_valid PASSED [ 46%]
tests/test_integration.py::TestUtilityFunctions::test_check_positive_invalid PASSED [ 46%]
tests/test_integration.py::TestUtilityFunctions::test_check_range_valid PASSED [ 46%]
tests/test_integration.py::TestUtilityFunctions::test_check_range_invalid PASSED [ 46%]
tests/test_integration.py::TestUtilityFunctions::test_check_normalized_valid PASSED [ 46%]
tests/test_integration.py::TestUtilityFunctions::test_check_normalized_invalid PASSED [ 46%]
tests/test_integration.py::TestUtilityFunctions::test_check_physical_temperature_valid PASSED [ 46%]
tests/test_integration.py::TestUtilityFunctions::test_check_physical_temperature_invalid PASSED [ 46%]
tests/test_integration.py::TestUtilityFunctions::test_check_physical_temperature_too_high PASSED [ 46%]
tests/test_integration.py::TestUtilityFunctions::test_check_physical_temperature_zero PASSED [ 46%]
tests/test_integration.py::TestValidationContext::test_validation_context PASSED [ 46%]
tests/test_integration.py::TestValidationContext::test_validation_context_with_exception PASSED [ 47%]
tests/test_integration.py::TestValidatedSolverMethods::test_validated_solver_solve_with_validation PASSED [ 47%]
tests/test_integration.py::TestValidatedSolverMethods::test_validated_solver_solve_with_validation_enabled SKIPPED [ 47%]
tests/test_integration.py::TestValidatedSolverMethods::test_validated_solver_solve_with_validation_raises_on_validation_errors PASSED [ 47%]
tests/test_integration.py::TestValidateArrayEdgeCases::test_validate_array_empty_array PASSED [ 47%]
tests/test_integration.py::TestValidateArrayEdgeCases::test_validate_array_not_numpy_array PASSED [ 47%]
tests/test_integration.py::TestValidateArrayEdgeCases::test_validate_array_with_nan PASSED [ 47%]
tests/test_integration.py::TestValidateArrayEdgeCases::test_validate_array_with_nan_allowed PASSED [ 47%]
tests/test_integration.py::TestValidateArrayEdgeCases::test_validate_array_with_inf PASSED [ 47%]
tests/test_integration.py::TestValidateArrayEdgeCases::test_validate_array_with_inf_allowed PASSED [ 47%]
tests/test_integration.py::TestValidateArrayEdgeCases::test_validate_array_min_max_val PASSED [ 47%]
tests/test_io_readers.py::TestInputReader::test_read_json PASSED         [ 47%]
tests/test_io_readers.py::TestInputReader::test_read_json_file_not_found PASSED [ 47%]
tests/test_io_readers.py::TestInputReader::test_read_json_invalid PASSED [ 47%]
tests/test_io_readers.py::TestInputReader::test_read_yaml PASSED         [ 47%]
tests/test_io_readers.py::TestInputReader::test_read_yaml_not_available PASSED [ 47%]
tests/test_io_readers.py::TestInputReader::test_read_legacy_input PASSED [ 47%]
tests/test_io_readers.py::TestInputReader::test_read_legacy_input_with_comments PASSED [ 47%]
tests/test_io_readers.py::TestOutputWriter::test_write_json PASSED       [ 47%]
tests/test_io_readers.py::TestOutputWriter::test_write_json_with_indent PASSED [ 47%]
tests/test_io_readers.py::TestOutputWriter::test_write_csv PASSED        [ 47%]
tests/test_io_readers.py::TestOutputWriter::test_write_csv_empty PASSED  [ 47%]
tests/test_io_readers.py::TestOutputWriter::test_write_yaml PASSED       [ 47%]
tests/test_io_readers.py::TestOutputWriter::test_write_yaml_not_available PASSED [ 47%]
tests/test_k_eff_benchmarking.py::TestKEffBenchmarking::test_compare_k_eff_with_benchmark PASSED [ 47%]
tests/test_k_eff_benchmarking.py::TestKEffBenchmarking::test_k_eff_within_uncertainty PASSED [ 47%]
tests/test_k_eff_benchmarking.py::TestKEffBenchmarking::test_load_burnup_benchmark_from_database PASSED [ 47%]
tests/test_k_eff_benchmarking.py::TestKEffBenchmarking::test_compare_multiple_k_eff_values PASSED [ 47%]
tests/test_k_eff_benchmarking.py::TestKEffBenchmarking::test_load_benchmark_from_json_file PASSED [ 47%]
tests/test_k_eff_benchmarking_integration.py::TestKEffBenchmarkingIntegration::test_benchmark_k_eff_with_validation_benchmarker PASSED [ 47%]
tests/test_k_eff_benchmarking_integration.py::TestKEffBenchmarkingIntegration::test_benchmark_k_eff_with_database_lookup PASSED [ 47%]
tests/test_k_eff_benchmarking_integration.py::TestKEffBenchmarkingIntegration::test_benchmark_k_eff_outside_tolerance PASSED [ 47%]
tests/test_logging.py::TestGetLogger::test_get_logger_with_name PASSED   [ 47%]
tests/test_logging.py::TestGetLogger::test_get_logger_with_none PASSED   [ 47%]
tests/test_logging.py::TestGetLogger::test_get_logger_default PASSED     [ 47%]
tests/test_logging.py::TestSetupLogging::test_setup_logging_default PASSED [ 47%]
tests/test_logging.py::TestSetupLogging::test_setup_logging_with_level PASSED [ 47%]
tests/test_logging.py::TestSetupLogging::test_setup_logging_with_log_file PASSED [ 47%]
tests/test_logging.py::TestSetupLogging::test_setup_logging_with_custom_format PASSED [ 47%]
tests/test_logging.py::TestSetupLogging::test_setup_logging_with_date_format PASSED [ 47%]
tests/test_logging.py::TestSetupLogging::test_setup_logging_creates_directory PASSED [ 47%]
tests/test_logging.py::TestLogSolverIteration::test_log_solver_iteration_with_logger PASSED [ 47%]
tests/test_logging.py::TestLogSolverIteration::test_log_solver_iteration_without_logger PASSED [ 47%]
tests/test_logging.py::TestLogSolverIteration::test_log_solver_iteration_no_logger_param PASSED [ 47%]
tests/test_logging.py::TestLogConvergence::test_log_convergence_with_logger PASSED [ 47%]
tests/test_logging.py::TestLogConvergence::test_log_convergence_without_logger PASSED [ 47%]
tests/test_logging.py::TestLogConvergence::test_log_convergence_no_logger_param PASSED [ 47%]
tests/test_logging.py::TestLogNuclearDataFetch::test_log_nuclear_data_fetch_with_logger PASSED [ 47%]
tests/test_logging.py::TestLogNuclearDataFetch::test_log_nuclear_data_fetch_without_logger PASSED [ 47%]
tests/test_logging.py::TestLogNuclearDataFetch::test_log_nuclear_data_fetch_no_logger_param PASSED [ 47%]
tests/test_logging.py::TestLogCacheOperation::test_log_cache_operation_with_logger PASSED [ 48%]
tests/test_logging.py::TestLogCacheOperation::test_log_cache_operation_without_logger PASSED [ 48%]
tests/test_logging.py::TestLogCacheOperation::test_log_cache_operation_no_logger_param PASSED [ 48%]
tests/test_logging.py::TestLogCacheOperation::test_log_cache_operation_write PASSED [ 48%]
tests/test_logo.py::TestGetLogoPath::test_get_logo_path_returns_path PASSED [ 48%]
tests/test_logo.py::TestGetLogoPath::test_get_logo_path_file_not_found PASSED [ 48%]
tests/test_logo.py::TestGetLogoData::test_get_logo_data_returns_bytes PASSED [ 48%]
tests/test_logo.py::TestGetLogoData::test_get_logo_data_returns_none_when_not_found PASSED [ 48%]
tests/test_logo.py::TestGetLogoData::test_get_logo_data_reads_file PASSED [ 48%]
tests/test_long_term_thermal.py::TestLongTermThermalCoupling::test_initialization PASSED [ 48%]
tests/test_long_term_thermal.py::TestLongTermThermalCoupling::test_update_temperature PASSED [ 48%]
tests/test_long_term_thermal.py::TestLongTermThermalCoupling::test_get_temperature_feedback PASSED [ 48%]
tests/test_long_term_thermal.py::TestLongTermThermalCoupling::test_solve_long_term_coupled PASSED [ 48%]
tests/test_lwr_burnup.py::TestGadoliniumPoison::test_gadolinium_poison_init PASSED [ 48%]
tests/test_lwr_burnup.py::TestGadoliniumPoison::test_gadolinium_poison_with_depletion_rates PASSED [ 48%]
tests/test_lwr_burnup.py::TestAssemblyBurnup::test_assembly_burnup_init PASSED [ 48%]
tests/test_lwr_burnup.py::TestAssemblyBurnup::test_assembly_burnup_no_inventory PASSED [ 48%]
tests/test_lwr_burnup.py::TestRodBurnup::test_rod_burnup_init PASSED     [ 48%]
tests/test_lwr_burnup.py::TestRodBurnup::test_rod_burnup_with_all_params PASSED [ 48%]
tests/test_lwr_burnup.py::TestGadoliniumDepletion::test_gadolinium_depletion_init_default PASSED [ 48%]
tests/test_lwr_burnup.py::TestGadoliniumDepletion::test_gadolinium_depletion_init_with_cache PASSED [ 48%]
tests/test_lwr_burnup.py::TestGadoliniumDepletion::test_get_capture_cross_section_gd155 PASSED [ 48%]
tests/test_lwr_burnup.py::TestGadoliniumDepletion::test_get_capture_cross_section_gd157 PASSED [ 48%]
tests/test_lwr_burnup.py::TestGadoliniumDepletion::test_get_capture_cross_section_fallback PASSED [ 48%]
tests/test_lwr_burnup.py::TestGadoliniumDepletion::test_deplete PASSED   [ 48%]
tests/test_lwr_burnup.py::TestGadoliniumDepletion::test_deplete_zero_time PASSED [ 48%]
tests/test_lwr_burnup.py::TestGadoliniumDepletion::test_deplete_zero_flux PASSED [ 48%]
tests/test_lwr_burnup.py::TestGadoliniumDepletion::test_deplete_zero_initial_concentration PASSED [ 48%]
tests/test_lwr_burnup.py::TestGadoliniumDepletion::test_deplete_negative_initial_concentration PASSED [ 48%]
tests/test_lwr_burnup.py::TestGadoliniumDepletion::test_deplete_negative_flux_returns_initial PASSED [ 48%]
tests/test_lwr_burnup.py::TestGadoliniumDepletion::test_deplete_negative_time_returns_initial PASSED [ 48%]
tests/test_lwr_burnup.py::TestGadoliniumDepletion::test_get_capture_cross_section_other_nuclide PASSED [ 48%]
tests/test_lwr_burnup.py::TestGadoliniumDepletion::test_get_capture_cross_section_gd157_fallback PASSED [ 48%]
tests/test_lwr_burnup.py::TestGadoliniumDepletion::test_calculate_reactivity_worth PASSED [ 48%]
tests/test_lwr_burnup.py::TestGadoliniumDepletion::test_calculate_reactivity_worth_zero_initial PASSED [ 48%]
tests/test_lwr_burnup.py::TestAssemblyWiseBurnupTracker::test_init_with_n_assemblies PASSED [ 48%]
tests/test_lwr_burnup.py::TestAssemblyWiseBurnupTracker::test_init_with_lattice_size PASSED [ 48%]
tests/test_lwr_burnup.py::TestAssemblyWiseBurnupTracker::test_get_assembly_position PASSED [ 48%]
tests/test_lwr_burnup.py::TestAssemblyWiseBurnupTracker::test_get_assembly_position_invalid_negative PASSED [ 48%]
tests/test_lwr_burnup.py::TestAssemblyWiseBurnupTracker::test_get_assembly_position_invalid_too_large PASSED [ 48%]
tests/test_lwr_burnup.py::TestAssemblyWiseBurnupTracker::test_update_assembly PASSED [ 48%]
tests/test_lwr_burnup.py::TestAssemblyWiseBurnupTracker::test_update_assembly_defaults PASSED [ 48%]
tests/test_lwr_burnup.py::TestAssemblyWiseBurnupTracker::test_get_burnup_distribution PASSED [ 48%]
tests/test_lwr_burnup.py::TestAssemblyWiseBurnupTracker::test_get_burnup_distribution_out_of_bounds PASSED [ 48%]
tests/test_lwr_burnup.py::TestAssemblyWiseBurnupTracker::test_get_average_burnup PASSED [ 48%]
tests/test_lwr_burnup.py::TestAssemblyWiseBurnupTracker::test_get_peak_burnup PASSED [ 48%]
tests/test_lwr_burnup.py::TestRodWiseBurnupTracker::test_init PASSED     [ 48%]
tests/test_lwr_burnup.py::TestRodWiseBurnupTracker::test_get_rod_position PASSED [ 48%]
tests/test_lwr_burnup.py::TestRodWiseBurnupTracker::test_get_rod_position_invalid_negative PASSED [ 48%]
tests/test_lwr_burnup.py::TestRodWiseBurnupTracker::test_get_rod_position_invalid_too_large PASSED [ 48%]
tests/test_lwr_burnup.py::TestRodWiseBurnupTracker::test_calculate_shadowing_factor_no_control_rods PASSED [ 48%]
tests/test_lwr_burnup.py::TestRodWiseBurnupTracker::test_calculate_shadowing_factor_single_control_rod PASSED [ 49%]
tests/test_lwr_burnup.py::TestRodWiseBurnupTracker::test_calculate_shadowing_factor_distant_control_rod PASSED [ 49%]
tests/test_lwr_burnup.py::TestRodWiseBurnupTracker::test_calculate_shadowing_factor_multiple_control_rods PASSED [ 49%]
tests/test_lwr_burnup.py::TestRodWiseBurnupTracker::test_calculate_shadowing_factor_custom_pitch PASSED [ 49%]
tests/test_lwr_burnup.py::TestRodWiseBurnupTracker::test_update_rod PASSED [ 49%]
tests/test_lwr_burnup.py::TestRodWiseBurnupTracker::test_update_rod_defaults PASSED [ 49%]
tests/test_lwr_burnup.py::TestRodWiseBurnupTracker::test_get_burnup_distribution PASSED [ 49%]
tests/test_lwr_burnup.py::TestRodWiseBurnupTracker::test_get_burnup_distribution_out_of_bounds PASSED [ 49%]
tests/test_lwr_burnup.py::TestRodWiseBurnupTracker::test_get_average_burnup PASSED [ 49%]
tests/test_lwr_burnup.py::TestRodWiseBurnupTracker::test_get_peak_burnup PASSED [ 49%]
tests/test_lwr_burnup.py::TestLWRBurnupEdgeCases::test_gadolinium_depletion_get_capture_cross_section_thermal_energy_not_exact PASSED [ 49%]
tests/test_lwr_burnup.py::TestLWRBurnupEdgeCases::test_gadolinium_depletion_deplete_very_long_time PASSED [ 49%]
tests/test_lwr_burnup.py::TestLWRBurnupEdgeCases::test_gadolinium_depletion_deplete_very_high_flux PASSED [ 49%]
tests/test_lwr_burnup.py::TestLWRBurnupEdgeCases::test_gadolinium_depletion_calculate_reactivity_worth_empty_poison PASSED [ 49%]
tests/test_lwr_burnup.py::TestLWRBurnupEdgeCases::test_gadolinium_depletion_calculate_reactivity_worth_single_nuclide PASSED [ 49%]
tests/test_lwr_burnup.py::TestLWRBurnupEdgeCases::test_assembly_wise_burnup_tracker_lattice_size_calculation PASSED [ 49%]
tests/test_lwr_burnup.py::TestLWRBurnupEdgeCases::test_assembly_wise_burnup_tracker_get_assembly_position_edge_cases PASSED [ 49%]
tests/test_lwr_burnup.py::TestLWRBurnupEdgeCases::test_rod_wise_burnup_tracker_calculate_shadowing_factor_zero_distance PASSED [ 49%]
tests/test_lwr_burnup.py::TestLWRBurnupEdgeCases::test_rod_wise_burnup_tracker_calculate_shadowing_factor_very_close PASSED [ 49%]
tests/test_lwr_burnup.py::TestLWRBurnupEdgeCases::test_rod_wise_burnup_tracker_get_rod_position_edge_cases PASSED [ 49%]
tests/test_lwr_burnup.py::TestLWRBurnupEdgeCases::test_assembly_wise_burnup_tracker_get_burnup_distribution_empty PASSED [ 49%]
tests/test_lwr_burnup.py::TestLWRBurnupEdgeCases::test_rod_wise_burnup_tracker_get_burnup_distribution_empty PASSED [ 49%]
tests/test_lwr_burnup.py::TestLWRBurnupEdgeCases::test_assembly_wise_burnup_tracker_get_average_burnup_single_assembly PASSED [ 49%]
tests/test_lwr_burnup.py::TestLWRBurnupEdgeCases::test_rod_wise_burnup_tracker_get_average_burnup_single_rod PASSED [ 49%]
tests/test_lwr_burnup.py::TestLWRBurnupEdgeCases::test_assembly_wise_burnup_tracker_get_peak_burnup_single_assembly PASSED [ 49%]
tests/test_lwr_burnup.py::TestLWRBurnupEdgeCases::test_rod_wise_burnup_tracker_get_peak_burnup_single_rod PASSED [ 49%]
tests/test_lwr_burnup.py::TestLWRBurnupEdgeCases::test_rod_wise_burnup_tracker_calculate_shadowing_factor_edge_distances PASSED [ 49%]
tests/test_lwr_burnup.py::TestLWRBurnupEdgeCases::test_rod_wise_burnup_tracker_calculate_shadowing_factor_clipping PASSED [ 49%]
tests/test_lwr_burnup.py::TestLWRBurnupEdgeCases::test_rod_wise_burnup_tracker_calculate_shadowing_factor_distance_calculation PASSED [ 49%]
tests/test_lwr_burnup.py::TestLWRBurnupEdgeCases::test_gadolinium_depletion_calculate_reactivity_worth_multiple_nuclides PASSED [ 49%]
tests/test_lwr_burnup.py::TestLWRBurnupEdgeCases::test_gadolinium_depletion_calculate_reactivity_worth_partial_depletion PASSED [ 49%]
tests/test_lwr_burnup.py::TestLWRBurnupEdgeCases::test_gadolinium_depletion_get_capture_cross_section_exception_handling PASSED [ 49%]
tests/test_lwr_burnup.py::TestLWRBurnupEdgeCases::test_gadolinium_depletion_deplete_exponential_decay_edge_cases PASSED [ 49%]
tests/test_lwr_burnup.py::TestLWRBurnupEdgeCases::test_assembly_wise_burnup_tracker_get_burnup_distribution_partial_fill PASSED [ 49%]
tests/test_lwr_burnup.py::TestLWRBurnupEdgeCases::test_rod_wise_burnup_tracker_get_burnup_distribution_partial_fill PASSED [ 49%]
tests/test_lwr_smr_geometry.py::TestFuelRod::test_fuel_rod_creation PASSED [ 49%]
tests/test_lwr_smr_geometry.py::TestFuelRod::test_fuel_rod_volume PASSED [ 49%]
tests/test_lwr_smr_geometry.py::TestFuelRod::test_fuel_rod_power PASSED  [ 49%]
tests/test_lwr_smr_geometry.py::TestFuelAssembly::test_fuel_assembly_creation PASSED [ 49%]
tests/test_lwr_smr_geometry.py::TestFuelAssembly::test_fuel_assembly_build_square_lattice PASSED [ 49%]
tests/test_lwr_smr_geometry.py::TestFuelAssembly::test_fuel_assembly_with_guide_tubes PASSED [ 49%]
tests/test_lwr_smr_geometry.py::TestFuelAssembly::test_fuel_assembly_volume PASSED [ 49%]
tests/test_lwr_smr_geometry.py::TestFuelAssembly::test_fuel_assembly_power PASSED [ 49%]
tests/test_lwr_smr_geometry.py::TestFuelAssembly::test_fuel_assembly_pitch PASSED [ 49%]
tests/test_lwr_smr_geometry.py::TestPWRSMRCore::test_pwr_smr_core_creation PASSED [ 49%]
tests/test_lwr_smr_geometry.py::TestPWRSMRCore::test_build_square_lattice_core PASSED [ 49%]
tests/test_lwr_smr_geometry.py::TestPWRSMRCore::test_core_dimensions PASSED [ 49%]
tests/test_lwr_smr_geometry.py::TestPWRSMRCore::test_core_fuel_volume PASSED [ 49%]
tests/test_lwr_smr_geometry.py::TestPWRSMRCore::test_core_power PASSED   [ 49%]
tests/test_lwr_smr_geometry.py::TestPWRSMRCore::test_generate_mesh PASSED [ 49%]
tests/test_lwr_smr_geometry.py::TestPWRSMRCore::test_to_dataframe PASSED [ 50%]
tests/test_lwr_smr_geometry.py::TestWaterChannel::test_water_channel_creation PASSED [ 50%]
tests/test_lwr_smr_geometry.py::TestControlRodCluster::test_control_rod_cluster_creation PASSED [ 50%]
tests/test_lwr_smr_geometry.py::TestControlBlade::test_control_blade_creation PASSED [ 50%]
tests/test_material_aging.py::TestMaterialAging::test_graphite_aging PASSED [ 50%]
tests/test_material_aging.py::TestMaterialAging::test_zircaloy_aging PASSED [ 50%]
tests/test_material_aging.py::TestMaterialAging::test_fuel_aging PASSED  [ 50%]
tests/test_material_aging.py::TestMaterialAging::test_get_aging_rate PASSED [ 50%]
tests/test_material_aging.py::TestMaterialAging::test_custom_aging_model PASSED [ 50%]
tests/test_material_mapping.py::TestMaterialComposition::test_material_composition_creation PASSED [ 50%]
tests/test_material_mapping.py::TestMaterialComposition::test_material_composition_normalization PASSED [ 50%]
tests/test_material_mapping.py::TestMaterialComposition::test_material_composition_length_mismatch PASSED [ 50%]
tests/test_material_mapping.py::TestMaterialComposition::test_material_composition_zero_total PASSED [ 50%]
tests/test_material_mapping.py::TestMaterialComposition::test_material_composition_with_densities PASSED [ 50%]
tests/test_material_mapping.py::TestMaterialMapper::test_get_composition_known_material PASSED [ 50%]
tests/test_material_mapping.py::TestMaterialMapper::test_get_composition_case_insensitive PASSED [ 50%]
tests/test_material_mapping.py::TestMaterialMapper::test_get_composition_unknown_material PASSED [ 50%]
tests/test_material_mapping.py::TestMaterialMapper::test_get_density_known_material PASSED [ 50%]
tests/test_material_mapping.py::TestMaterialMapper::test_get_density_case_insensitive PASSED [ 50%]
tests/test_material_mapping.py::TestMaterialMapper::test_get_density_unknown_material PASSED [ 50%]
tests/test_material_mapping.py::TestMaterialMapper::test_get_primary_element_simple PASSED [ 50%]
tests/test_material_mapping.py::TestMaterialMapper::test_get_primary_element_compound PASSED [ 50%]
tests/test_material_mapping.py::TestMaterialMapper::test_get_primary_element_unknown PASSED [ 50%]
tests/test_material_mapping.py::TestMaterialMapper::test_compute_weighted_cross_section PASSED [ 50%]
tests/test_material_mapping.py::TestMaterialMapper::test_compute_weighted_cross_section_unknown_material PASSED [ 50%]
tests/test_material_mapping.py::TestMaterialMapper::test_compute_weighted_cross_section_deuterium PASSED [ 50%]
tests/test_material_mapping.py::TestMaterialMapper::test_compute_weighted_cross_section_missing_element PASSED [ 50%]
tests/test_material_mapping_comprehensive.py::TestMaterialMapperComprehensive::test_get_composition_simple PASSED [ 50%]
tests/test_material_mapping_comprehensive.py::TestMaterialMapperComprehensive::test_get_composition_compound PASSED [ 50%]
tests/test_material_mapping_comprehensive.py::TestMaterialMapperComprehensive::test_get_composition_case_insensitive PASSED [ 50%]
tests/test_material_mapping_comprehensive.py::TestMaterialMapperComprehensive::test_get_composition_unknown PASSED [ 50%]
tests/test_material_mapping_comprehensive.py::TestMaterialMapperComprehensive::test_get_density PASSED [ 50%]
tests/test_material_mapping_comprehensive.py::TestMaterialMapperComprehensive::test_get_density_case_insensitive PASSED [ 50%]
tests/test_material_mapping_comprehensive.py::TestMaterialMapperComprehensive::test_get_density_unknown PASSED [ 50%]
tests/test_material_mapping_comprehensive.py::TestMaterialMapperComprehensive::test_get_primary_element_simple PASSED [ 50%]
tests/test_material_mapping_comprehensive.py::TestMaterialMapperComprehensive::test_get_primary_element_compound PASSED [ 50%]
tests/test_material_mapping_comprehensive.py::TestMaterialMapperComprehensive::test_get_primary_element_unknown PASSED [ 50%]
tests/test_material_mapping_comprehensive.py::TestMaterialMapperComprehensive::test_compute_weighted_cross_section_simple PASSED [ 50%]
tests/test_material_mapping_comprehensive.py::TestMaterialMapperComprehensive::test_compute_weighted_cross_section_compound PASSED [ 50%]
tests/test_material_mapping_comprehensive.py::TestMaterialMapperComprehensive::test_compute_weighted_cross_section_deuterium PASSED [ 50%]
tests/test_material_mapping_comprehensive.py::TestMaterialMapperComprehensive::test_compute_weighted_cross_section_missing_element PASSED [ 50%]
tests/test_material_mapping_comprehensive.py::TestMaterialMapperComprehensive::test_compute_weighted_cross_section_unknown_material PASSED [ 50%]
tests/test_material_mapping_comprehensive.py::TestMaterialMapperComprehensive::test_material_composition_validation PASSED [ 50%]
tests/test_material_mapping_comprehensive.py::TestMaterialMapperComprehensive::test_all_materials PASSED [ 50%]
tests/test_material_mapping_comprehensive.py::TestMaterialMapperComprehensive::test_compute_weighted_cross_section_empty_dict PASSED [ 50%]
tests/test_material_mapping_comprehensive.py::TestMaterialMapperComprehensive::test_compute_weighted_cross_section_no_matching_elements PASSED [ 50%]
tests/test_material_mapping_comprehensive.py::TestMaterialMapperComprehensive::test_compute_weighted_cross_section_zero_total_fraction PASSED [ 50%]
tests/test_material_mapping_comprehensive.py::TestMaterialMapperComprehensive::test_compute_weighted_cross_section_unknown_with_element PASSED [ 50%]
tests/test_material_mapping_comprehensive.py::TestMaterialMapperComprehensive::test_compute_weighted_cross_section_unknown_no_element PASSED [ 50%]
tests/test_material_mapping_comprehensive.py::TestMaterialMapperComprehensive::test_compute_weighted_cross_section_deuterium_no_h_data PASSED [ 50%]
tests/test_material_mapping_comprehensive.py::TestMaterialMapperComprehensive::test_compute_weighted_cross_section_partial_match PASSED [ 50%]
tests/test_material_mapping_comprehensive.py::TestMaterialMapperComprehensive::test_get_primary_element_tie_breaker PASSED [ 51%]
tests/test_material_mapping_comprehensive.py::TestMaterialMapperComprehensive::test_get_primary_element_single_element PASSED [ 51%]
tests/test_material_mapping_comprehensive.py::TestMaterialMapperComprehensive::test_get_density_all_materials PASSED [ 51%]
tests/test_material_mapping_comprehensive.py::TestMaterialMapperComprehensive::test_get_composition_normalization PASSED [ 51%]
tests/test_material_mapping_comprehensive.py::TestMaterialMapperComprehensive::test_material_composition_with_densities PASSED [ 51%]
tests/test_material_mapping_comprehensive.py::TestMaterialMapperComprehensive::test_material_composition_without_densities PASSED [ 51%]
tests/test_material_mapping_comprehensive.py::TestMaterialMapperComprehensive::test_get_density_case_variations PASSED [ 51%]
tests/test_material_mapping_comprehensive.py::TestMaterialMapperComprehensive::test_get_composition_case_variations PASSED [ 51%]
tests/test_material_mapping_comprehensive.py::TestMaterialMapperComprehensive::test_compute_weighted_cross_section_different_lengths PASSED [ 51%]
tests/test_material_mapping_comprehensive.py::TestMaterialMapperComprehensive::test_get_composition_nonexistent_alias PASSED [ 51%]
tests/test_material_mapping_comprehensive.py::TestMaterialMapperComprehensive::test_get_density_nonexistent PASSED [ 51%]
tests/test_material_mapping_comprehensive.py::TestMaterialMapperComprehensive::test_atomic_masses_lookup PASSED [ 51%]
tests/test_material_mapping_comprehensive.py::TestMaterialMapperComprehensive::test_material_composition_mismatched_lengths PASSED [ 51%]
tests/test_material_mapping_comprehensive.py::TestMaterialMapperComprehensive::test_material_composition_zero_total_fraction PASSED [ 51%]
tests/test_material_mapping_comprehensive.py::TestMaterialMapperComprehensive::test_compute_weighted_cross_section_zero_total_fraction_path PASSED [ 51%]
tests/test_material_mapping_comprehensive.py::TestMaterialMapperComprehensive::test_compute_weighted_cross_section_element_key_not_in_cross_sections PASSED [ 51%]
tests/test_material_mapping_comprehensive.py::TestMaterialMapperComprehensive::test_compute_weighted_cross_section_with_partial_element_match PASSED [ 51%]
tests/test_material_mapping_comprehensive.py::TestMaterialMapperComprehensive::test_get_composition_with_case_insensitive_iteration PASSED [ 51%]
tests/test_material_mapping_comprehensive.py::TestMaterialMapperComprehensive::test_get_density_with_case_insensitive_iteration PASSED [ 51%]
tests/test_material_mapping_comprehensive.py::TestMaterialMapperComprehensive::test_get_primary_element_with_tie_breaker PASSED [ 51%]
tests/test_material_mapping_comprehensive.py::TestMaterialMapperComprehensive::test_compute_weighted_cross_section_all_elements_match PASSED [ 51%]
tests/test_materials_database.py::TestMaterialProperty::test_material_property_creation PASSED [ 51%]
tests/test_materials_database.py::TestMaterialProperty::test_material_property_call PASSED [ 51%]
tests/test_materials_database.py::TestMaterialProperty::test_material_property_temperature_range_error PASSED [ 51%]
tests/test_materials_database.py::TestMaterialProperty::test_material_property_evaluate_array PASSED [ 51%]
tests/test_materials_database.py::TestGraphiteMaterial::test_graphite_material_initialization_default PASSED [ 51%]
tests/test_materials_database.py::TestGraphiteMaterial::test_graphite_material_initialization_custom_grade PASSED [ 51%]
tests/test_materials_database.py::TestGraphiteMaterial::test_graphite_material_properties_ig110 PASSED [ 51%]
tests/test_materials_database.py::TestGraphiteMaterial::test_graphite_material_properties_h451 PASSED [ 51%]
tests/test_materials_database.py::TestGraphiteMaterial::test_graphite_material_properties_nbg18 PASSED [ 51%]
tests/test_materials_database.py::TestGraphiteMaterial::test_graphite_material_thermal_expansion_coefficient PASSED [ 51%]
tests/test_materials_database.py::TestGraphiteMaterial::test_graphite_material_integrate_cte PASSED [ 51%]
tests/test_materials_database.py::TestGraphiteMaterial::test_graphite_material_properties_at_temperature PASSED [ 51%]
tests/test_materials_database.py::TestHeliumCoolant::test_helium_coolant_initialization PASSED [ 51%]
tests/test_materials_database.py::TestHeliumCoolant::test_helium_coolant_density PASSED [ 51%]
tests/test_materials_database.py::TestHeliumCoolant::test_helium_coolant_density_func_callable PASSED [ 51%]
tests/test_materials_database.py::TestHeliumCoolant::test_helium_coolant_dynamic_viscosity PASSED [ 51%]
tests/test_materials_database.py::TestHeliumCoolant::test_helium_coolant_thermal_conductivity PASSED [ 51%]
tests/test_materials_database.py::TestHeliumCoolant::test_helium_coolant_specific_heat PASSED [ 51%]
tests/test_materials_database.py::TestHeliumCoolant::test_helium_coolant_prandtl_number PASSED [ 51%]
tests/test_materials_database.py::TestHeliumCoolant::test_helium_coolant_reynolds_number PASSED [ 51%]
tests/test_materials_database.py::TestHeliumCoolant::test_helium_coolant_density_correlation PASSED [ 51%]
tests/test_materials_database.py::TestTRISOFuel::test_triso_fuel_initialization_uco PASSED [ 51%]
tests/test_materials_database.py::TestTRISOFuel::test_triso_fuel_initialization_uo2 PASSED [ 51%]
tests/test_materials_database.py::TestTRISOFuel::test_triso_fuel_uo2_kernel_conductivity PASSED [ 51%]
tests/test_materials_database.py::TestTRISOFuel::test_triso_fuel_geometry_properties PASSED [ 51%]
tests/test_materials_database.py::TestTRISOFuel::test_triso_fuel_effective_conductivity PASSED [ 51%]
tests/test_materials_database.py::TestTRISOFuel::test_triso_fuel_failure_probability PASSED [ 51%]
tests/test_materials_database.py::TestMaterialDatabase::test_material_database_initialization PASSED [ 51%]
tests/test_materials_database.py::TestMaterialDatabase::test_material_database_get_graphite PASSED [ 51%]
tests/test_materials_database.py::TestMaterialDatabase::test_material_database_get_helium PASSED [ 51%]
tests/test_materials_database.py::TestMaterialDatabase::test_material_database_get_triso PASSED [ 52%]
tests/test_materials_database.py::TestMaterialDatabase::test_material_database_get_nonexistent PASSED [ 52%]
tests/test_materials_database.py::TestMaterialDatabase::test_material_database_list_materials PASSED [ 52%]
tests/test_materials_database.py::TestMaterialDatabase::test_material_database_list_materials_filtered PASSED [ 52%]
tests/test_materials_database.py::TestMaterialDatabase::test_material_database_compare_properties PASSED [ 52%]
tests/test_materials_database.py::TestMaterialDatabase::test_material_database_compare_properties_helium PASSED [ 52%]
tests/test_materials_database.py::TestMaterialDatabase::test_material_database_compare_properties_nonexistent_property PASSED [ 52%]
tests/test_materials_database.py::TestMaterialDatabase::test_material_database_compare_properties_non_callable PASSED [ 52%]
tests/test_materials_database.py::TestMaterialDatabase::test_material_database_structural_materials PASSED [ 52%]
tests/test_materials_database.py::TestFastFunctions::test_graphite_conductivity_fast PASSED [ 52%]
tests/test_materials_database.py::TestFastFunctions::test_graphite_conductivity_fast_all_grades PASSED [ 52%]
tests/test_materials_database.py::TestFastFunctions::test_helium_properties_fast PASSED [ 52%]
tests/test_mechanics_fuel_rod.py::TestThermalExpansion::test_fuel_expansion PASSED [ 52%]
tests/test_mechanics_fuel_rod.py::TestThermalExpansion::test_cladding_expansion PASSED [ 52%]
tests/test_mechanics_fuel_rod.py::TestThermalExpansion::test_gap_change PASSED [ 52%]
tests/test_mechanics_fuel_rod.py::TestStressStrain::test_hoop_stress PASSED [ 52%]
tests/test_mechanics_fuel_rod.py::TestStressStrain::test_radial_stress PASSED [ 52%]
tests/test_mechanics_fuel_rod.py::TestStressStrain::test_von_mises_stress PASSED [ 52%]
tests/test_mechanics_fuel_rod.py::TestStressStrain::test_strain_from_stress PASSED [ 52%]
tests/test_mechanics_fuel_rod.py::TestPelletCladdingInteraction::test_gap_closure PASSED [ 52%]
tests/test_mechanics_fuel_rod.py::TestPelletCladdingInteraction::test_contact_pressure PASSED [ 52%]
tests/test_mechanics_fuel_rod.py::TestPelletCladdingInteraction::test_pci_stress_enhancement PASSED [ 52%]
tests/test_mechanics_fuel_rod.py::TestFuelSwelling::test_total_swelling PASSED [ 52%]
tests/test_mechanics_fuel_rod.py::TestFuelSwelling::test_radius_increase PASSED [ 52%]
tests/test_mechanics_fuel_rod.py::TestFuelRodMechanics::test_analyze PASSED [ 52%]
tests/test_mechanics_fuel_rod.py::TestFuelRodMechanics::test_analyze_with_pci PASSED [ 52%]
tests/test_memory_mapped.py::TestMemoryMappedArray::test_memory_mapped_array_creation PASSED [ 52%]
tests/test_memory_mapped.py::TestMemoryMappedArray::test_memory_mapped_array_read_write PASSED [ 52%]
tests/test_memory_mapped.py::TestMemoryMappedArray::test_memory_mapped_array_slicing PASSED [ 52%]
tests/test_memory_mapped.py::TestMemoryMappedArray::test_memory_mapped_array_property PASSED [ 52%]
tests/test_memory_mapped.py::TestMemoryMappedArray::test_memory_mapped_array_closed_access PASSED [ 52%]
tests/test_memory_mapped.py::TestMemoryMappedArray::test_memory_mapped_array_context_manager PASSED [ 52%]
tests/test_memory_mapped.py::TestMemoryMappedArray::test_memory_mapped_array_different_dtype PASSED [ 52%]
tests/test_memory_mapped.py::TestMemoryMappedArray::test_memory_mapped_array_read_only_mode PASSED [ 52%]
tests/test_memory_mapped.py::TestMemoryMappedArray::test_memory_mapped_array_array_conversion PASSED [ 52%]
tests/test_memory_mapped.py::TestCreateMemoryMappedCrossSections::test_create_memory_mapped_cross_sections PASSED [ 52%]
tests/test_memory_mapped.py::TestCreateMemoryMappedCrossSections::test_create_memory_mapped_cross_sections_custom_dtype PASSED [ 52%]
tests/test_memory_mapped.py::TestCreateMemoryMappedCrossSections::test_create_memory_mapped_cross_sections_directory_creation PASSED [ 52%]
tests/test_memory_mapped.py::TestLoadMemoryMappedCrossSections::test_load_memory_mapped_cross_sections PASSED [ 52%]
tests/test_memory_mapped.py::TestLoadMemoryMappedCrossSections::test_load_memory_mapped_cross_sections_read_write_mode PASSED [ 52%]
tests/test_memory_mapped.py::TestLoadMemoryMappedCrossSections::test_load_memory_mapped_cross_sections_file_not_found PASSED [ 52%]
tests/test_memory_mapped.py::TestLoadMemoryMappedCrossSections::test_load_memory_mapped_cross_sections_custom_dtype PASSED [ 52%]
tests/test_memory_mapped.py::TestMemoryMappedArrayEdgeCases::test_memory_mapped_array_mode_c PASSED [ 52%]
tests/test_memory_mapped.py::TestMemoryMappedArrayEdgeCases::test_memory_mapped_array_create_false_existing_file PASSED [ 52%]
tests/test_memory_mapped.py::TestMemoryMappedArrayEdgeCases::test_memory_mapped_array_del_cleanup PASSED [ 52%]
tests/test_memory_mapped.py::TestMemoryMappedArrayEdgeCases::test_memory_mapped_array_double_close PASSED [ 52%]
tests/test_memory_mapped.py::TestMemoryMappedArrayEdgeCases::test_memory_mapped_array_getitem_slice PASSED [ 52%]
tests/test_memory_mapped.py::TestMemoryMappedArrayEdgeCases::test_memory_mapped_array_setitem_slice PASSED [ 52%]
tests/test_memory_mapped.py::TestMemoryMappedArrayEdgeCases::test_create_memory_mapped_cross_sections_nested_path PASSED [ 52%]
tests/test_memory_mapped.py::TestMemoryMappedArrayEdgeCases::test_load_memory_mapped_cross_sections_mode_r_plus PASSED [ 52%]
tests/test_memory_mapped.py::TestMemoryMappedEdgeCases::test_memory_mapped_array_read_only_write_error PASSED [ 53%]
tests/test_memory_mapped.py::TestMemoryMappedEdgeCases::test_memory_mapped_array_close_multiple_times PASSED [ 53%]
tests/test_memory_mapped.py::TestMemoryMappedEdgeCases::test_memory_mapped_array_property_after_close PASSED [ 53%]
tests/test_memory_mapped.py::TestMemoryMappedEdgeCases::test_memory_mapped_array_context_manager PASSED [ 53%]
tests/test_memory_mapped.py::TestMemoryMappedEdgeCases::test_memory_mapped_array_array_conversion PASSED [ 53%]
tests/test_memory_mapped.py::TestMemoryMappedEdgeCases::test_memory_mapped_array_mode_c PASSED [ 53%]
tests/test_memory_mapped.py::TestMemoryMappedEdgeCases::test_memory_mapped_array_create_false_file_exists PASSED [ 53%]
tests/test_memory_mapped.py::TestMemoryMappedEdgeCases::test_create_memory_mapped_cross_sections_custom_dtype PASSED [ 53%]
tests/test_memory_mapped.py::TestMemoryMappedEdgeCases::test_load_memory_mapped_cross_sections_custom_dtype PASSED [ 53%]
tests/test_memory_pool.py::TestParticleMemoryPool::test_particle_memory_pool_initialization PASSED [ 53%]
tests/test_memory_pool.py::TestParticleMemoryPool::test_particle_memory_pool_custom_dtype PASSED [ 53%]
tests/test_memory_pool.py::TestParticleMemoryPool::test_get_arrays PASSED [ 53%]
tests/test_memory_pool.py::TestParticleMemoryPool::test_get_arrays_exceeds_capacity PASSED [ 53%]
tests/test_memory_pool.py::TestParticleMemoryPool::test_return_arrays PASSED [ 53%]
tests/test_memory_pool.py::TestParticleMemoryPool::test_reset PASSED     [ 53%]
tests/test_memory_pool.py::TestParticleMemoryPool::test_clear PASSED     [ 53%]
tests/test_memory_pool.py::TestParticleMemoryPool::test_array_views_are_shared PASSED [ 53%]
tests/test_memory_pool.py::TestParticleMemoryPool::test_grow_pool PASSED [ 53%]
tests/test_memory_pool.py::TestParticleMemoryPool::test_grow_pool_default PASSED [ 53%]
tests/test_memory_pool.py::TestParticleMemoryPool::test_grow_pool_no_change PASSED [ 53%]
tests/test_memory_pool.py::TestParticleMemoryPool::test_pool_repr PASSED [ 53%]
tests/test_memory_pool.py::TestParticleMemoryPool::test_memory_pool_manager PASSED [ 53%]
tests/test_memory_pool.py::TestParticleMemoryPool::test_memory_pool_manager_custom_capacity PASSED [ 53%]
tests/test_memory_pool.py::TestParticleMemoryPool::test_memory_pool_manager_clear_all PASSED [ 53%]
tests/test_memory_pool.py::TestParticleMemoryPool::test_memory_pool_manager_repr PASSED [ 53%]
tests/test_memory_pool.py::TestMemoryPoolEdgeCases::test_pool_get_arrays_exact_capacity PASSED [ 53%]
tests/test_memory_pool.py::TestMemoryPoolEdgeCases::test_pool_get_arrays_zero PASSED [ 53%]
tests/test_memory_pool.py::TestMemoryPoolEdgeCases::test_pool_grow_exact_current_capacity PASSED [ 53%]
tests/test_memory_pool.py::TestMemoryPoolEdgeCases::test_pool_grow_larger_multiple PASSED [ 53%]
tests/test_memory_pool.py::TestMemoryPoolEdgeCases::test_pool_grow_preserves_data PASSED [ 53%]
tests/test_memory_pool.py::TestMemoryPoolEdgeCases::test_pool_manager_get_pool_existing PASSED [ 53%]
tests/test_memory_pool.py::TestMemoryPoolEdgeCases::test_pool_manager_get_pool_custom_capacity_then_default PASSED [ 53%]
tests/test_memory_pool.py::TestMemoryPoolEdgeCases::test_pool_manager_clear_all_empty PASSED [ 53%]
tests/test_memory_pool.py::TestMemoryPoolEdgeCases::test_pool_manager_multiple_pools_different_capacities PASSED [ 53%]
tests/test_memory_pool.py::TestMemoryPoolEdgeCases::test_pool_repr_with_active_size PASSED [ 53%]
tests/test_memory_pool.py::TestMemoryPoolEdgeCases::test_pool_manager_repr_empty PASSED [ 53%]
tests/test_mesh_3d_comprehensive.py::TestMesh3D::test_mesh3d_init_minimal PASSED [ 53%]
tests/test_mesh_3d_comprehensive.py::TestMesh3D::test_mesh3d_init_with_faces PASSED [ 53%]
tests/test_mesh_3d_comprehensive.py::TestMesh3D::test_mesh3d_init_with_cells PASSED [ 53%]
tests/test_mesh_3d_comprehensive.py::TestMesh3D::test_mesh3d_init_with_materials PASSED [ 53%]
tests/test_mesh_3d_comprehensive.py::TestMesh3D::test_mesh3d_init_invalid_vertices_shape PASSED [ 53%]
tests/test_mesh_3d_comprehensive.py::TestMesh3D::test_mesh3d_init_invalid_vertices_columns PASSED [ 53%]
tests/test_mesh_3d_comprehensive.py::TestMesh3D::test_mesh3d_init_invalid_faces_shape PASSED [ 53%]
tests/test_mesh_3d_comprehensive.py::TestMesh3D::test_mesh3d_init_invalid_faces_vertices PASSED [ 53%]
tests/test_mesh_3d_comprehensive.py::TestMesh3D::test_mesh3d_init_invalid_cells_shape PASSED [ 53%]
tests/test_mesh_3d_comprehensive.py::TestMesh3D::test_mesh3d_init_invalid_cells_vertices PASSED [ 53%]
tests/test_mesh_3d_comprehensive.py::TestMesh3D::test_mesh3d_add_cell_data PASSED [ 53%]
tests/test_mesh_3d_comprehensive.py::TestMesh3D::test_mesh3d_add_cell_data_no_cells PASSED [ 53%]
tests/test_mesh_3d_comprehensive.py::TestMesh3D::test_mesh3d_add_cell_data_wrong_length PASSED [ 53%]
tests/test_mesh_3d_comprehensive.py::TestMesh3D::test_mesh3d_add_face_data PASSED [ 53%]
tests/test_mesh_3d_comprehensive.py::TestMesh3D::test_mesh3d_add_face_data_no_faces PASSED [ 53%]
tests/test_mesh_3d_comprehensive.py::TestMesh3D::test_mesh3d_add_face_data_wrong_length PASSED [ 54%]
tests/test_mesh_3d_comprehensive.py::TestMesh3D::test_mesh3d_get_bounds PASSED [ 54%]
tests/test_mesh_3d_comprehensive.py::TestMesh3D::test_mesh3d_get_center PASSED [ 54%]
tests/test_mesh_3d_comprehensive.py::TestSurface::test_surface_init_minimal PASSED [ 54%]
tests/test_mesh_3d_comprehensive.py::TestSurface::test_surface_init_with_material PASSED [ 54%]
tests/test_mesh_3d_comprehensive.py::TestSurface::test_surface_init_with_surface_type PASSED [ 54%]
tests/test_mesh_3d_comprehensive.py::TestSurface::test_surface_init_invalid_vertices PASSED [ 54%]
tests/test_mesh_3d_comprehensive.py::TestSurface::test_surface_init_invalid_faces PASSED [ 54%]
tests/test_mesh_3d_comprehensive.py::TestSurface::test_surface_to_mesh3d PASSED [ 54%]
tests/test_mesh_3d_comprehensive.py::TestSurface::test_surface_to_mesh3d_no_material PASSED [ 54%]
tests/test_mesh_3d_comprehensive.py::TestMeshGeneration::test_extract_hexagonal_prism_mesh PASSED [ 54%]
tests/test_mesh_3d_comprehensive.py::TestMeshGeneration::test_extract_hexagonal_prism_mesh_custom_segments PASSED [ 54%]
tests/test_mesh_3d_comprehensive.py::TestMeshGeneration::test_extract_cylinder_mesh PASSED [ 54%]
tests/test_mesh_3d_comprehensive.py::TestMeshGeneration::test_extract_cylinder_mesh_custom_segments PASSED [ 54%]
tests/test_mesh_3d_comprehensive.py::TestMeshGeneration::test_extract_sphere_mesh PASSED [ 54%]
tests/test_mesh_3d_comprehensive.py::TestMeshGeneration::test_extract_sphere_mesh_custom_segments PASSED [ 54%]
tests/test_mesh_3d_comprehensive.py::TestMeshCombination::test_combine_meshes_single PASSED [ 54%]
tests/test_mesh_3d_comprehensive.py::TestMeshCombination::test_combine_meshes_multiple PASSED [ 54%]
tests/test_mesh_3d_comprehensive.py::TestMeshCombination::test_combine_meshes_with_materials PASSED [ 54%]
tests/test_mesh_3d_comprehensive.py::TestMeshCombination::test_combine_meshes_with_data PASSED [ 54%]
tests/test_mesh_3d_comprehensive.py::TestMeshCombination::test_combine_meshes_empty_list PASSED [ 54%]
tests/test_mesh_3d_comprehensive.py::TestMeshCombination::test_combine_meshes_without_faces PASSED [ 54%]
tests/test_mesh_3d_comprehensive.py::TestMeshCombination::test_combine_meshes_without_cells PASSED [ 54%]
tests/test_mesh_3d_comprehensive.py::TestMeshCombination::test_combine_meshes_without_materials PASSED [ 54%]
tests/test_mesh_3d_comprehensive.py::TestMeshCombination::test_combine_meshes_without_cell_data PASSED [ 54%]
tests/test_mesh_3d_comprehensive.py::TestMeshCombination::test_combine_meshes_mixed_faces_and_no_faces PASSED [ 54%]
tests/test_mesh_3d_comprehensive.py::TestMeshCombination::test_combine_meshes_mixed_cells_and_no_cells PASSED [ 54%]
tests/test_mesh_3d_comprehensive.py::TestMeshCombination::test_combine_meshes_partial_materials PASSED [ 54%]
tests/test_mesh_3d_comprehensive.py::TestMeshCombination::test_combine_meshes_partial_cell_data PASSED [ 54%]
tests/test_mesh_3d_comprehensive.py::TestMeshCombination::test_combine_meshes_multiple_cell_data_fields PASSED [ 54%]
tests/test_mesh_3d_comprehensive.py::TestMeshGenerationEdgeCases::test_extract_hexagonal_prism_mesh_zero_height PASSED [ 54%]
tests/test_mesh_3d_comprehensive.py::TestMeshGenerationEdgeCases::test_extract_cylinder_mesh_zero_height PASSED [ 54%]
tests/test_mesh_3d_comprehensive.py::TestMeshGenerationEdgeCases::test_extract_cylinder_mesh_zero_radius PASSED [ 54%]
tests/test_mesh_3d_comprehensive.py::TestMeshGenerationEdgeCases::test_extract_sphere_mesh_zero_radius PASSED [ 54%]
tests/test_mesh_3d_comprehensive.py::TestMeshGenerationEdgeCases::test_extract_sphere_mesh_single_segment PASSED [ 54%]
tests/test_mesh_3d_comprehensive.py::TestMeshGenerationEdgeCases::test_extract_cylinder_mesh_single_segment PASSED [ 54%]
tests/test_mesh_3d_comprehensive.py::TestMeshGenerationEdgeCases::test_mesh3d_init_with_quad_faces PASSED [ 54%]
tests/test_mesh_3d_comprehensive.py::TestMeshGenerationEdgeCases::test_mesh3d_init_with_hex_cells PASSED [ 54%]
tests/test_mesh_3d_comprehensive.py::TestMeshGenerationEdgeCases::test_surface_to_mesh3d_multiple_faces PASSED [ 54%]
tests/test_mesh_extraction_comprehensive.py::TestBlockMeshExtraction::test_extract_block_mesh PASSED [ 54%]
tests/test_mesh_extraction_comprehensive.py::TestBlockMeshExtraction::test_extract_block_mesh_with_material PASSED [ 54%]
tests/test_mesh_extraction_comprehensive.py::TestChannelMeshExtraction::test_extract_fuel_channel_mesh PASSED [ 54%]
tests/test_mesh_extraction_comprehensive.py::TestChannelMeshExtraction::test_extract_fuel_channel_mesh_with_material PASSED [ 54%]
tests/test_mesh_extraction_comprehensive.py::TestChannelMeshExtraction::test_extract_fuel_channel_mesh_no_material_region PASSED [ 54%]
tests/test_mesh_extraction_comprehensive.py::TestChannelMeshExtraction::test_extract_coolant_channel_mesh PASSED [ 54%]
tests/test_mesh_extraction_comprehensive.py::TestChannelMeshExtraction::test_extract_coolant_channel_mesh_with_material PASSED [ 54%]
tests/test_mesh_extraction_comprehensive.py::TestPebbleMeshExtraction::test_extract_pebble_mesh PASSED [ 54%]
tests/test_mesh_extraction_comprehensive.py::TestPebbleMeshExtraction::test_extract_pebble_mesh_with_material PASSED [ 54%]
tests/test_mesh_extraction_comprehensive.py::TestPebbleMeshExtraction::test_extract_pebble_mesh_no_material_region PASSED [ 54%]
tests/test_mesh_extraction_comprehensive.py::TestPebbleMeshExtraction::test_extract_pebble_mesh_sets_cell_materials_when_cells_present PASSED [ 54%]
tests/test_mesh_extraction_comprehensive.py::TestCoreMeshExtraction::test_extract_core_surface_mesh PASSED [ 55%]
tests/test_mesh_extraction_comprehensive.py::TestCoreMeshExtraction::test_extract_core_surface_mesh_no_reflector PASSED [ 55%]
tests/test_mesh_extraction_comprehensive.py::TestCoreMeshExtraction::test_extract_core_surface_mesh_empty_core PASSED [ 55%]
tests/test_mesh_extraction_comprehensive.py::TestCoreMeshExtraction::test_extract_core_volume_mesh PASSED [ 55%]
tests/test_mesh_extraction_comprehensive.py::TestCoreMeshExtraction::test_extract_core_volume_mesh_with_channels PASSED [ 55%]
tests/test_mesh_extraction_comprehensive.py::TestCoreMeshExtraction::test_extract_core_volume_mesh_with_coolant_channels PASSED [ 55%]
tests/test_mesh_extraction_comprehensive.py::TestCoreMeshExtraction::test_extract_core_volume_mesh_with_material_filter PASSED [ 55%]
tests/test_mesh_extraction_comprehensive.py::TestCoreMeshExtraction::test_extract_core_volume_mesh_empty_core PASSED [ 55%]
tests/test_mesh_extraction_comprehensive.py::TestCoreMeshExtraction::test_extract_core_volume_mesh_no_matching_materials PASSED [ 55%]
tests/test_mesh_extraction_comprehensive.py::TestPebbleBedMeshExtraction::test_extract_pebble_bed_volume_mesh PASSED [ 55%]
tests/test_mesh_extraction_comprehensive.py::TestPebbleBedMeshExtraction::test_extract_pebble_bed_volume_mesh_with_material_filter PASSED [ 55%]
tests/test_mesh_extraction_comprehensive.py::TestPebbleBedMeshExtraction::test_extract_pebble_bed_volume_mesh_empty_core PASSED [ 55%]
tests/test_mesh_extraction_comprehensive.py::TestPebbleBedMeshExtraction::test_extract_pebble_bed_volume_mesh_no_matching_materials PASSED [ 55%]
tests/test_mesh_extraction_comprehensive.py::TestMaterialBoundaryExtraction::test_extract_material_boundaries PASSED [ 55%]
tests/test_mesh_extraction_comprehensive.py::TestMaterialBoundaryExtraction::test_extract_material_boundaries_empty_core PASSED [ 55%]
tests/test_mesh_extraction_comprehensive.py::TestMaterialBoundaryExtraction::test_extract_material_boundaries_single_material PASSED [ 55%]
tests/test_mesh_extraction_comprehensive.py::TestAddFluxToMesh::test_add_flux_to_mesh_3d PASSED [ 55%]
tests/test_mesh_extraction_comprehensive.py::TestAddFluxToMesh::test_add_flux_to_mesh_2d PASSED [ 55%]
tests/test_mesh_extraction_comprehensive.py::TestAddFluxToMesh::test_add_flux_to_mesh_1d PASSED [ 55%]
tests/test_mesh_extraction_comprehensive.py::TestAddFluxToMesh::test_add_flux_to_mesh_short_array PASSED [ 55%]
tests/test_mesh_extraction_comprehensive.py::TestAddFluxToMesh::test_add_flux_to_mesh_no_cells PASSED [ 55%]
tests/test_mesh_extraction_comprehensive.py::TestAddPowerToMesh::test_add_power_to_mesh_2d PASSED [ 55%]
tests/test_mesh_extraction_comprehensive.py::TestAddPowerToMesh::test_add_power_to_mesh_1d PASSED [ 55%]
tests/test_mesh_extraction_comprehensive.py::TestAddPowerToMesh::test_add_power_to_mesh_short_array PASSED [ 55%]
tests/test_mesh_extraction_comprehensive.py::TestAddPowerToMesh::test_add_power_to_mesh_no_cells PASSED [ 55%]
tests/test_mesh_extraction_comprehensive.py::TestEdgeCases::test_extract_core_surface_mesh_single_block PASSED [ 55%]
tests/test_mesh_extraction_comprehensive.py::TestEdgeCases::test_extract_core_surface_mesh_block_with_no_faces PASSED [ 55%]
tests/test_mesh_extraction_comprehensive.py::TestEdgeCases::test_extract_core_surface_mesh_block_with_empty_faces PASSED [ 55%]
tests/test_mesh_extraction_comprehensive.py::TestEdgeCases::test_extract_core_volume_mesh_empty_channels PASSED [ 55%]
tests/test_mesh_extraction_comprehensive.py::TestEdgeCases::test_extract_material_boundaries_no_faces PASSED [ 55%]
tests/test_mesh_extraction_comprehensive.py::TestEdgeCases::test_add_flux_to_mesh_2d_array PASSED [ 55%]
tests/test_mesh_extraction_comprehensive.py::TestEdgeCases::test_add_flux_to_mesh_exact_length PASSED [ 55%]
tests/test_mesh_extraction_comprehensive.py::TestEdgeCases::test_add_power_to_mesh_exact_length PASSED [ 55%]
tests/test_mesh_extraction_comprehensive.py::TestEdgeCases::test_add_power_to_mesh_3d_array PASSED [ 55%]
tests/test_mesh_extraction_comprehensive.py::TestEdgeCases::test_extract_material_boundaries_empty_groups PASSED [ 55%]
tests/test_mesh_extraction_comprehensive.py::TestEdgeCases::test_extract_material_boundaries_multiple_materials PASSED [ 55%]
tests/test_mesh_generation.py::TestMeshType::test_mesh_type_values PASSED [ 55%]
tests/test_mesh_generation.py::TestAdvancedMeshGenerator::test_generator_creation PASSED [ 55%]
tests/test_mesh_generation.py::TestAdvancedMeshGenerator::test_generate_radial_mesh_uniform PASSED [ 55%]
tests/test_mesh_generation.py::TestAdvancedMeshGenerator::test_generate_radial_mesh_with_refinement PASSED [ 55%]
tests/test_mesh_generation.py::TestAdvancedMeshGenerator::test_generate_axial_mesh_uniform PASSED [ 55%]
tests/test_mesh_generation.py::TestAdvancedMeshGenerator::test_generate_axial_mesh_with_refinement PASSED [ 55%]
tests/test_mesh_generation.py::TestAdvancedMeshGenerator::test_generate_2d_unstructured_mesh PASSED [ 55%]
tests/test_mesh_generation.py::TestAdvancedMeshGenerator::test_generate_2d_unstructured_mesh_no_boundary PASSED [ 55%]
tests/test_mesh_generation.py::TestAdvancedMeshGenerator::test_evaluate_mesh_quality_good_mesh PASSED [ 55%]
tests/test_mesh_generation.py::TestAdvancedMeshGenerator::test_evaluate_mesh_quality_is_good PASSED [ 55%]
tests/test_mesh_generation.py::TestAdvancedMeshGenerator::test_evaluate_mesh_quality_bad_mesh PASSED [ 55%]
tests/test_mesh_generation.py::TestAdvancedMeshGenerator::test_refine_mesh_no_criteria PASSED [ 55%]
tests/test_mesh_generation.py::TestAdvancedMeshGenerator::test_refine_mesh_with_criteria PASSED [ 55%]
tests/test_mesh_generation.py::TestAdvancedMeshGenerator::test_refine_mesh_with_low_criteria PASSED [ 55%]
tests/test_mesh_generation.py::TestAdvancedMeshGenerator::test_refine_mesh_midpoint_cache_and_mixed_refine_flags PASSED [ 55%]
tests/test_mesh_generation.py::TestAdvancedMeshGenerator::test_refine_mesh_criteria_length_mismatch PASSED [ 56%]
tests/test_mesh_generation.py::TestMeshQuality::test_mesh_quality_creation PASSED [ 56%]
tests/test_mesh_generation.py::TestMeshQuality::test_mesh_quality_is_good PASSED [ 56%]
tests/test_mesh_generation.py::TestComputeMeshGradient::test_compute_mesh_gradient_central PASSED [ 56%]
tests/test_mesh_generation.py::TestComputeMeshGradient::test_compute_mesh_gradient_forward PASSED [ 56%]
tests/test_mesh_generation.py::TestComputeMeshGradient::test_compute_mesh_gradient_backward PASSED [ 56%]
tests/test_mesh_generation.py::TestComputeMeshGradient::test_compute_mesh_gradient_invalid_method PASSED [ 56%]
tests/test_molten_salt_smr.py::TestMoltenSaltChannel::test_channel_creation PASSED [ 56%]
tests/test_molten_salt_smr.py::TestMoltenSaltChannel::test_flow_area PASSED [ 56%]
tests/test_molten_salt_smr.py::TestMoltenSaltChannel::test_volume PASSED [ 56%]
tests/test_molten_salt_smr.py::TestMoltenSaltChannel::test_fuel_mass PASSED [ 56%]
tests/test_molten_salt_smr.py::TestGraphiteModeratorBlock::test_block_creation PASSED [ 56%]
tests/test_molten_salt_smr.py::TestGraphiteModeratorBlock::test_volume_hexagonal PASSED [ 56%]
tests/test_molten_salt_smr.py::TestGraphiteModeratorBlock::test_volume_square PASSED [ 56%]
tests/test_molten_salt_smr.py::TestGraphiteModeratorBlock::test_mass PASSED [ 56%]
tests/test_molten_salt_smr.py::TestFreezePlug::test_plug_creation PASSED [ 56%]
tests/test_molten_salt_smr.py::TestFreezePlug::test_check_melt_condition PASSED [ 56%]
tests/test_molten_salt_smr.py::TestFreezePlug::test_volume PASSED        [ 56%]
tests/test_molten_salt_smr.py::TestSaltCirculationLoop::test_loop_creation PASSED [ 56%]
tests/test_molten_salt_smr.py::TestSaltCirculationLoop::test_total_volume PASSED [ 56%]
tests/test_molten_salt_smr.py::TestMSRSMRCore::test_core_creation PASSED [ 56%]
tests/test_molten_salt_smr.py::TestMSRSMRCore::test_build_liquid_fuel_core PASSED [ 56%]
tests/test_molten_salt_smr.py::TestMSRSMRCore::test_build_thermal_msr_core PASSED [ 56%]
tests/test_molten_salt_smr.py::TestMSRSMRCore::test_get_total_fuel_mass PASSED [ 56%]
tests/test_molten_salt_smr.py::TestMSRSMRCore::test_get_total_salt_volume PASSED [ 56%]
tests/test_molten_salt_smr.py::TestMSRSMRCore::test_check_freeze_plugs PASSED [ 56%]
tests/test_molten_salt_smr.py::TestPresetCores::test_create_liquid_fuel_msr_core PASSED [ 56%]
tests/test_molten_salt_smr.py::TestPresetCores::test_create_thermal_msr_core PASSED [ 56%]
tests/test_monte_carlo.py::TestMCParticle::test_particle_creation PASSED [ 56%]
tests/test_monte_carlo.py::TestMCParticle::test_particle_defaults PASSED [ 56%]
tests/test_monte_carlo.py::TestMCParticle::test_particle_position PASSED [ 56%]
tests/test_monte_carlo.py::TestMCParticle::test_particle_direction PASSED [ 56%]
tests/test_monte_carlo.py::TestMCTally::test_tally_creation PASSED       [ 56%]
tests/test_monte_carlo.py::TestMCTally::test_tally_with_bins PASSED      [ 56%]
tests/test_monte_carlo.py::TestMCTally::test_tally_add_score PASSED      [ 56%]
tests/test_monte_carlo.py::TestMCTally::test_tally_add_score_with_position PASSED [ 56%]
tests/test_monte_carlo.py::TestMCTally::test_tally_mean PASSED           [ 56%]
tests/test_monte_carlo.py::TestMCTally::test_tally_std PASSED            [ 56%]
tests/test_monte_carlo.py::TestMCTally::test_tally_relative_error PASSED [ 56%]
tests/test_monte_carlo.py::TestSimplifiedGeometry::test_geometry_creation PASSED [ 56%]
tests/test_monte_carlo.py::TestSimplifiedGeometry::test_get_material_fuel PASSED [ 56%]
tests/test_monte_carlo.py::TestSimplifiedGeometry::test_get_material_reflector PASSED [ 56%]
tests/test_monte_carlo.py::TestSimplifiedGeometry::test_get_material_outside PASSED [ 56%]
tests/test_monte_carlo.py::TestSimplifiedGeometry::test_distance_to_boundary_inside PASSED [ 56%]
tests/test_monte_carlo.py::TestSimplifiedGeometry::test_distance_to_boundary_radial PASSED [ 56%]
tests/test_monte_carlo.py::TestSimplifiedGeometry::test_distance_to_boundary_axial PASSED [ 56%]
tests/test_monte_carlo.py::TestMonteCarloSolver::test_solver_creation PASSED [ 56%]
tests/test_monte_carlo.py::TestMonteCarloSolver::test_add_tally PASSED   [ 56%]
tests/test_monte_carlo.py::TestMonteCarloSolver::test_initialize_source PASSED [ 56%]
tests/test_monte_carlo.py::TestMonteCarloSolver::test_sample_isotropic_direction PASSED [ 56%]
tests/test_monte_carlo.py::TestMonteCarloSolver::test_sample_fission_spectrum PASSED [ 57%]
tests/test_monte_carlo.py::TestMonteCarloSolver::test_get_total_xs PASSED [ 57%]
tests/test_monte_carlo.py::TestMonteCarloSolver::test_sample_reaction PASSED [ 57%]
tests/test_monte_carlo.py::TestMonteCarloSolver::test_resample_source PASSED [ 57%]
tests/test_monte_carlo.py::TestMonteCarloSolver::test_resample_source_empty PASSED [ 57%]
tests/test_monte_carlo.py::TestMonteCarloSolver::test_track_particle PASSED [ 57%]
tests/test_monte_carlo.py::TestMonteCarloSolver::test_track_particle_outside PASSED [ 57%]
tests/test_monte_carlo.py::TestMonteCarloSolver::test_score_tallies PASSED [ 57%]
tests/test_monte_carlo.py::TestMonteCarloSolver::test_run_eigenvalue_small PASSED [ 57%]
tests/test_monte_carlo.py::TestMonteCarloSolver::test_print_results PASSED [ 57%]
tests/test_monte_carlo_edge_cases.py::TestEdgeCases::test_distance_to_boundary_no_distances PASSED [ 57%]
tests/test_monte_carlo_edge_cases.py::TestEdgeCases::test_track_particle_zero_sigma_t PASSED [ 57%]
tests/test_monte_carlo_edge_cases.py::TestEdgeCases::test_track_particle_boundary_crossing PASSED [ 57%]
tests/test_monte_carlo_edge_cases.py::TestEdgeCases::test_run_eigenvalue_with_tallies PASSED [ 57%]
tests/test_monte_carlo_edge_cases.py::TestEdgeCases::test_track_particle_negative_sigma_t PASSED [ 57%]
tests/test_monte_carlo_optimized.py::TestReactionType::test_reaction_type_values PASSED [ 57%]
tests/test_monte_carlo_optimized.py::TestParticleBank::test_particle_bank_init_default PASSED [ 57%]
tests/test_monte_carlo_optimized.py::TestParticleBank::test_particle_bank_init_custom_capacity PASSED [ 57%]
tests/test_monte_carlo_optimized.py::TestParticleBank::test_add_particle PASSED [ 57%]
tests/test_monte_carlo_optimized.py::TestParticleBank::test_add_particle_auto_grow PASSED [ 57%]
tests/test_monte_carlo_optimized.py::TestParticleBank::test_clear PASSED [ 57%]
tests/test_monte_carlo_optimized.py::TestParticleBank::test_get_alive_mask PASSED [ 57%]
tests/test_monte_carlo_optimized.py::TestParticleBank::test_compact_all_alive PASSED [ 57%]
tests/test_monte_carlo_optimized.py::TestParticleBank::test_compact_some_dead PASSED [ 57%]
tests/test_monte_carlo_optimized.py::TestParticleBank::test_compact_all_dead PASSED [ 57%]
tests/test_monte_carlo_optimized.py::TestSamplingFunctions::test_sample_isotropic_direction PASSED [ 57%]
tests/test_monte_carlo_optimized.py::TestSamplingFunctions::test_sample_fission_spectrum PASSED [ 57%]
tests/test_monte_carlo_optimized.py::TestOptimizedMonteCarloSolver::test_solver_init PASSED [ 57%]
tests/test_monte_carlo_optimized.py::TestOptimizedMonteCarloSolver::test_solver_init_defaults PASSED [ 57%]
tests/test_monte_carlo_optimized.py::TestOptimizedMonteCarloSolver::test_initialize_source PASSED [ 57%]
tests/test_monte_carlo_optimized.py::TestOptimizedMonteCarloSolver::test_resample_source PASSED [ 57%]
tests/test_monte_carlo_optimized.py::TestOptimizedMonteCarloSolver::test_resample_source_empty_fission_bank PASSED [ 57%]
tests/test_monte_carlo_optimized.py::TestOptimizedMonteCarloSolver::test_track_generation PASSED [ 57%]
tests/test_monte_carlo_optimized.py::TestOptimizedMonteCarloSolver::test_run_eigenvalue_basic PASSED [ 57%]
tests/test_monte_carlo_optimized.py::TestOptimizedMonteCarloSolver::test_add_tally PASSED [ 57%]
tests/test_monte_carlo_optimized.py::TestOptimizedMonteCarloSolver::test_build_xs_tables PASSED [ 57%]
tests/test_monte_carlo_optimized.py::TestOptimizedMonteCarloSolver::test_solver_init_with_seed PASSED [ 57%]
tests/test_monte_carlo_optimized.py::TestOptimizedMonteCarloSolver::test_solver_init_with_parallel PASSED [ 57%]
tests/test_monte_carlo_optimized.py::TestOptimizedMonteCarloSolver::test_score_tallies_batch PASSED [ 57%]
tests/test_monte_carlo_optimized.py::TestOptimizedMonteCarloSolver::test_score_tallies_batch_empty_bank PASSED [ 57%]
tests/test_monte_carlo_optimized.py::TestOptimizedMonteCarloSolver::test_score_tallies_batch_all_dead PASSED [ 57%]
tests/test_monte_carlo_optimized.py::TestOptimizedMonteCarloSolver::test_print_results PASSED [ 57%]
tests/test_monte_carlo_optimized.py::TestOptimizedMonteCarloSolver::test_print_results_no_tallies PASSED [ 57%]
tests/test_monte_carlo_optimized.py::TestOptimizedMonteCarloSolver::test_run_eigenvalue_with_tallies PASSED [ 57%]
tests/test_monte_carlo_optimized.py::TestOptimizedMonteCarloSolver::test_run_eigenvalue_short_generations PASSED [ 57%]
tests/test_monte_carlo_optimized.py::TestOptimizedMonteCarloSolver::test_track_generation_updates_fission_bank PASSED [ 57%]
tests/test_monte_carlo_optimized.py::TestOptimizedMonteCarloSolver::test_resample_source_from_fission_bank PASSED [ 57%]
tests/test_monte_carlo_optimized.py::TestOptimizedMonteCarloSolver::test_particle_bank_material_id PASSED [ 57%]
tests/test_monte_carlo_optimized.py::TestOptimizedMonteCarloSolver::test_sample_isotropic_direction_multiple_calls PASSED [ 57%]
tests/test_monte_carlo_optimized.py::TestOptimizedMonteCarloSolver::test_sample_fission_spectrum_statistics PASSED [ 57%]
tests/test_monte_carlo_validation.py::TestMonteCarloValidation::test_invalid_geometry_type PASSED [ 57%]
tests/test_monte_carlo_validation.py::TestMonteCarloValidation::test_invalid_xs_data_type PASSED [ 58%]
tests/test_monte_carlo_validation.py::TestMonteCarloValidation::test_invalid_n_particles_zero PASSED [ 58%]
tests/test_monte_carlo_validation.py::TestMonteCarloValidation::test_invalid_n_particles_negative PASSED [ 58%]
tests/test_monte_carlo_validation.py::TestMonteCarloValidation::test_invalid_n_generations_zero PASSED [ 58%]
tests/test_monte_carlo_validation.py::TestMonteCarloValidation::test_invalid_n_generations_negative PASSED [ 58%]
tests/test_monte_carlo_validation.py::TestMonteCarloValidation::test_invalid_xs_data_zero_groups PASSED [ 58%]
tests/test_monte_carlo_validation.py::TestMonteCarloValidation::test_seed_parameter PASSED [ 58%]
tests/test_monte_carlo_validation.py::TestMonteCarloValidation::test_seed_none PASSED [ 58%]
tests/test_monte_carlo_validation.py::TestMonteCarloValidation::test_add_tally_invalid_type PASSED [ 58%]
tests/test_monte_carlo_validation.py::TestMonteCarloValidation::test_sample_reaction_invalid_material PASSED [ 58%]
tests/test_monte_carlo_validation.py::TestMonteCarloValidation::test_sample_reaction_zero_sigma_t PASSED [ 58%]
tests/test_monte_carlo_validation.py::TestMonteCarloValidation::test_run_eigenvalue_too_few_generations PASSED [ 58%]
tests/test_monte_carlo_validation.py::TestMonteCarloValidation::test_run_eigenvalue_success_with_enough_generations PASSED [ 58%]
tests/test_multigroup_advanced.py::TestSPHMethod::test_sph_method_creation PASSED [ 58%]
tests/test_multigroup_advanced.py::TestSPHMethod::test_calculate_sph_factors_basic PASSED [ 58%]
tests/test_multigroup_advanced.py::TestSPHMethod::test_apply_sph_correction PASSED [ 58%]
tests/test_multigroup_advanced.py::TestSPHMethod::test_apply_sph_correction_length_mismatch PASSED [ 58%]
tests/test_multigroup_advanced.py::TestSPHMethod::test_map_fine_to_coarse PASSED [ 58%]
tests/test_multigroup_advanced.py::TestEquivalenceTheory::test_equivalence_theory_creation PASSED [ 58%]
tests/test_multigroup_advanced.py::TestEquivalenceTheory::test_calculate_equivalent_xs PASSED [ 58%]
tests/test_multigroup_advanced.py::TestEquivalenceTheory::test_calculate_equivalent_xs_length_mismatch PASSED [ 58%]
tests/test_multigroup_advanced.py::TestEquivalenceTheory::test_calculate_dancoff_factor PASSED [ 58%]
tests/test_multigroup_advanced.py::TestEquivalenceTheory::test_calculate_escape_probability PASSED [ 58%]
tests/test_multigroup_advanced.py::TestEquivalenceTheory::test_equivalent_xs_with_dancoff PASSED [ 58%]
tests/test_multigroup_advanced.py::TestSPHTableApplication::test_apply_sph_to_table PASSED [ 58%]
tests/test_multigroup_advanced.py::TestSPHMethodExtended::test_calculate_sph_factors_with_cache PASSED [ 58%]
tests/test_multigroup_advanced.py::TestSPHMethodExtended::test_calculate_sph_factors_zero_reaction_rate PASSED [ 58%]
tests/test_multigroup_advanced.py::TestSPHMethodExtended::test_calculate_sph_factors_no_fine_groups PASSED [ 58%]
tests/test_multigroup_advanced.py::TestSPHMethodExtended::test_calculate_flux_weighted_xs_zero_flux PASSED [ 58%]
tests/test_multigroup_advanced.py::TestSPHMethodExtended::test_calculate_flux_weighted_xs_normal PASSED [ 58%]
tests/test_multigroup_advanced.py::TestCollapseWithAdjoint::test_collapse_cross_section_with_adjoint_wrapper PASSED [ 58%]
tests/test_multigroup_advanced.py::TestCollapseWithAdjoint::test_collapse_with_adjoint_weighting_basic PASSED [ 58%]
tests/test_multigroup_advanced.py::TestCollapseWithAdjoint::test_collapse_with_adjoint_weighting_length_mismatch_xs PASSED [ 58%]
tests/test_multigroup_advanced.py::TestCollapseWithAdjoint::test_collapse_with_adjoint_weighting_length_mismatch_flux PASSED [ 58%]
tests/test_multigroup_advanced.py::TestCollapseWithAdjoint::test_collapse_with_adjoint_weighting_length_mismatch_adjoint PASSED [ 58%]
tests/test_multigroup_advanced.py::TestCollapseWithAdjoint::test_collapse_with_adjoint_weighting_ascending_order PASSED [ 58%]
tests/test_multigroup_advanced.py::TestCollapseWithAdjoint::test_collapse_with_adjoint_weighting_zero_importance PASSED [ 58%]
tests/test_multigroup_advanced.py::TestCollapseWithAdjoint::test_collapse_with_adjoint_weighting_zero_flux_fallback PASSED [ 58%]
tests/test_multigroup_advanced.py::TestCollapseWithAdjoint::test_collapse_with_adjoint_weighting_edge_cases PASSED [ 58%]
tests/test_multigroup_advanced.py::TestApplySPHToTableExtended::test_apply_sph_to_table_empty_table PASSED [ 58%]
tests/test_multigroup_advanced.py::TestApplySPHToTableExtended::test_apply_sph_to_table_partial_factors PASSED [ 58%]
tests/test_multigroup_advanced.py::TestSPHMethodEdgeCases::test_calculate_sph_factors_cache_none PASSED [ 58%]
tests/test_multigroup_advanced.py::TestSPHMethodEdgeCases::test_calculate_sph_factors_zero_coarse_reaction_rate PASSED [ 58%]
tests/test_multigroup_advanced.py::TestCollapseWithAdjointEdgeCases::test_collapse_adjoint_edge_case_high_energy PASSED [ 58%]
tests/test_multigroup_advanced.py::TestCollapseWithAdjointEdgeCases::test_collapse_adjoint_edge_case_low_energy PASSED [ 58%]
tests/test_multigroup_advanced.py::TestCollapseWithAdjointEdgeCases::test_collapse_adjoint_fallback_denominator_zero PASSED [ 58%]
tests/test_multigroup_advanced.py::TestCollapseWithAdjointEdgeCases::test_collapse_adjoint_fallback_flux_weighted PASSED [ 58%]
tests/test_multigroup_advanced.py::TestCollapseWithAdjointEdgeCases::test_collapse_adjoint_fallback_uniform PASSED [ 58%]
tests/test_multigroup_advanced.py::TestCollapseWithAdjointEdgeCases::test_collapse_adjoint_no_importance_flux_weighted PASSED [ 58%]
tests/test_multigroup_advanced.py::TestCollapseWithAdjointEdgeCases::test_collapse_adjoint_ascending_edge_cases PASSED [ 58%]
tests/test_multigroup_advanced.py::TestCollapseWithAdjointEdgeCases::test_collapse_adjoint_descending_edge_cases PASSED [ 59%]
tests/test_multigroup_advanced.py::TestCollapseWithAdjointEdgeCases::test_collapse_adjoint_descending_high_energy_boundary PASSED [ 59%]
tests/test_multigroup_advanced.py::TestCollapseWithAdjointEdgeCases::test_collapse_adjoint_descending_low_energy_boundary PASSED [ 59%]
tests/test_multigroup_advanced.py::TestCollapseWithAdjointEdgeCases::test_collapse_adjoint_ascending_high_energy_boundary PASSED [ 59%]
tests/test_multigroup_advanced.py::TestCollapseWithAdjointEdgeCases::test_collapse_adjoint_ascending_low_energy_boundary PASSED [ 59%]
tests/test_multigroup_advanced.py::TestCollapseWithAdjointEdgeCases::test_collapse_adjoint_fallback_denominator_zero_ascending PASSED [ 59%]
tests/test_multigroup_advanced.py::TestCollapseWithAdjointEdgeCases::test_collapse_adjoint_fallback_uniform_ascending PASSED [ 59%]
tests/test_multigroup_advanced.py::TestCollapseWithAdjointEdgeCases::test_collapse_adjoint_no_importance_flux_weighted_ascending PASSED [ 59%]
tests/test_multigroup_advanced.py::TestCollapseWithAdjointEdgeCases::test_collapse_adjoint_fallback_flux_weighted_ascending_edge_cases PASSED [ 59%]
tests/test_multigroup_advanced.py::TestCollapseWithAdjointEdgeCases::test_collapse_adjoint_fallback_uniform_count_zero PASSED [ 59%]
tests/test_multigroup_advanced.py::TestEquivalenceTheoryEdgeCases::test_calculate_equivalent_xs_extreme_volume_fractions PASSED [ 59%]
tests/test_multigroup_advanced.py::TestEquivalenceTheoryEdgeCases::test_calculate_dancoff_factor_intermediate_values PASSED [ 59%]
tests/test_multigroup_advanced.py::TestEquivalenceTheoryEdgeCases::test_calculate_escape_probability_extreme_values PASSED [ 59%]
tests/test_multigroup_advanced.py::TestEquivalenceTheoryEdgeCases::test_calculate_escape_probability_clipping PASSED [ 59%]
tests/test_multigroup_advanced.py::TestEquivalenceTheoryEdgeCases::test_equivalence_theory_params_dataclass PASSED [ 59%]
tests/test_multigroup_advanced.py::TestEquivalenceTheoryEdgeCases::test_equivalence_theory_params_defaults PASSED [ 59%]
tests/test_multigroup_advanced.py::TestSPHFactorsEdgeCases::test_sph_factors_creation PASSED [ 59%]
tests/test_multigroup_advanced.py::TestSPHFactorsEdgeCases::test_sph_factors_creation_minimal PASSED [ 59%]
tests/test_multigroup_advanced.py::TestSPHMethodAdditionalEdgeCases::test_map_fine_to_coarse_overlapping_groups PASSED [ 59%]
tests/test_multigroup_advanced.py::TestSPHMethodAdditionalEdgeCases::test_map_fine_to_coarse_exact_boundary_match PASSED [ 59%]
tests/test_multigroup_advanced.py::TestSPHMethodAdditionalEdgeCases::test_calculate_flux_weighted_xs_single_group PASSED [ 59%]
tests/test_multigroup_advanced.py::TestSPHMethodAdditionalEdgeCases::test_calculate_flux_weighted_xs_negative_flux PASSED [ 59%]
tests/test_multigroup_advanced.py::TestMultigroupAdvancedAdditionalEdgeCases::test_calculate_flux_weighted_xs_zero_flux_sum PASSED [ 59%]
tests/test_multigroup_advanced.py::TestMultigroupAdvancedAdditionalEdgeCases::test_calculate_sph_factors_zero_fine_flux PASSED [ 59%]
tests/test_multigroup_advanced.py::TestMultigroupAdvancedAdditionalEdgeCases::test_apply_sph_correction_empty_arrays PASSED [ 59%]
tests/test_multigroup_advanced.py::TestMultigroupAdvancedAdditionalEdgeCases::test_equivalence_theory_calculate_equivalent_xs_length_mismatch PASSED [ 59%]
tests/test_multigroup_advanced.py::TestMultigroupAdvancedAdditionalEdgeCases::test_equivalence_theory_calculate_dancoff_factor_edge_cases PASSED [ 59%]
tests/test_multigroup_advanced.py::TestMultigroupAdvancedAdditionalEdgeCases::test_equivalence_theory_calculate_escape_probability_edge_cases PASSED [ 59%]
tests/test_multigroup_advanced.py::TestMultigroupAdvancedAdditionalEdgeCases::test_equivalence_theory_calculate_escape_probability_clipping PASSED [ 59%]
tests/test_multigroup_advanced.py::TestMultigroupAdvancedAdditionalEdgeCases::test_equivalence_theory_calculate_equivalent_xs_with_dancoff PASSED [ 59%]
tests/test_multigroup_advanced.py::TestMultigroupAdvancedAdditionalEdgeCases::test_equivalence_theory_calculate_equivalent_xs_extreme_volume_fractions PASSED [ 59%]
tests/test_multigroup_advanced.py::TestMultigroupAdvancedAdditionalEdgeCases::test_collapse_with_adjoint_weighting_empty_arrays PASSED [ 59%]
tests/test_multigroup_advanced.py::TestMultigroupAdvancedAdditionalEdgeCases::test_collapse_cross_section_with_adjoint_wrapper PASSED [ 59%]
tests/test_multigroup_advanced.py::TestMultigroupAdvancedAdditionalEdgeCases::test_apply_sph_to_multigroup_table_empty_table PASSED [ 59%]
tests/test_multigroup_advanced.py::TestMultigroupAdvancedAdditionalEdgeCases::test_apply_sph_to_multigroup_table_missing_reaction PASSED [ 59%]
tests/test_multigroup_advanced.py::TestMultigroupAdvancedAdditionalEdgeCases::test_collapse_with_adjoint_weighting_length_validation PASSED [ 59%]
tests/test_multigroup_advanced.py::TestMultigroupAdvancedAdditionalEdgeCases::test_collapse_with_adjoint_weighting_ascending_energy PASSED [ 59%]
tests/test_multigroup_advanced.py::TestMultigroupAdvancedAdditionalEdgeCases::test_collapse_with_adjoint_weighting_zero_importance PASSED [ 59%]
tests/test_multigroup_advanced.py::TestMultigroupAdvancedAdditionalEdgeCases::test_collapse_with_adjoint_weighting_edge_energy_bounds PASSED [ 59%]
tests/test_multigroup_advanced.py::TestMultigroupAdvancedAdditionalEdgeCases::test_collapse_with_adjoint_weighting_energy_out_of_bounds PASSED [ 59%]
tests/test_multigroup_advanced.py::TestMultigroupAdvancedAdditionalEdgeCases::test_collapse_with_adjoint_weighting_zero_denominator_fallback PASSED [ 59%]
tests/test_multigroup_advanced.py::TestMultigroupAdvancedAdditionalEdgeCases::test_equivalence_theory_params_dataclass_defaults PASSED [ 59%]
tests/test_multigroup_advanced.py::TestMultigroupAdvancedAdditionalEdgeCases::test_equivalence_theory_params_dataclass_all_params PASSED [ 59%]
tests/test_multigroup_advanced.py::TestMultigroupAdvanced70Percent::test_collapse_with_adjoint_weighting_ascending_order PASSED [ 59%]
tests/test_multigroup_advanced.py::TestMultigroupAdvanced70Percent::test_collapse_with_adjoint_weighting_ascending_edge_high PASSED [ 59%]
tests/test_multigroup_advanced.py::TestMultigroupAdvanced70Percent::test_collapse_with_adjoint_weighting_ascending_edge_low PASSED [ 59%]
tests/test_multigroup_advanced.py::TestMultigroupAdvanced70Percent::test_collapse_with_adjoint_weighting_ascending_zero_importance PASSED [ 59%]
tests/test_multigroup_advanced.py::TestMultigroupAdvanced70Percent::test_equivalence_theory_calculate_dancoff_factor_pitch_to_diameter_greater_than_2 PASSED [ 59%]
tests/test_multigroup_advanced.py::TestMultigroupAdvanced70Percent::test_equivalence_theory_calculate_dancoff_factor_pitch_to_diameter_less_than_1_2 PASSED [ 59%]
tests/test_multigroup_advanced.py::TestMultigroupAdvanced70Percent::test_equivalence_theory_calculate_dancoff_factor_linear_interpolation PASSED [ 59%]
tests/test_multigroup_advanced.py::TestMultigroupAdvanced70Percent::test_equivalence_theory_calculate_escape_probability_clipping_above_one PASSED [ 59%]
tests/test_multigroup_advanced.py::TestMultigroupAdvanced70Percent::test_equivalence_theory_calculate_escape_probability_clipping_below_zero PASSED [ 60%]
tests/test_multigroup_advanced.py::TestMultigroupAdvanced70Percent::test_collapse_with_adjoint_weighting_ascending_zero_importance_inner_loop PASSED [ 60%]
tests/test_multigroup_advanced.py::TestMultigroupAdvanced70Percent::test_collapse_with_adjoint_weighting_descending_zero_importance_inner_loop PASSED [ 60%]
tests/test_multigroup_advanced.py::TestMultigroupAdvanced70Percent::test_collapse_with_adjoint_weighting_ascending_inner_loop_edge_high PASSED [ 60%]
tests/test_multigroup_advanced.py::TestMultigroupAdvanced70Percent::test_collapse_with_adjoint_weighting_ascending_inner_loop_edge_low PASSED [ 60%]
tests/test_multigroup_advanced.py::TestMultigroupAdvanced70Percent::test_collapse_with_adjoint_weighting_descending_inner_loop PASSED [ 60%]
tests/test_multigroup_advanced.py::TestMultigroupAdvanced70Percent::test_collapse_with_adjoint_weighting_descending_inner_loop_edge_high PASSED [ 60%]
tests/test_multigroup_advanced.py::TestMultigroupAdvanced70Percent::test_collapse_with_adjoint_weighting_descending_inner_loop_edge_low PASSED [ 60%]
tests/test_multigroup_advanced.py::TestMultigroupAdvanced70Percent::test_collapse_with_adjoint_weighting_ascending_inner_loop_exact_boundary_match PASSED [ 60%]
tests/test_multigroup_advanced.py::TestMultigroupAdvanced70Percent::test_sph_method_apply_sph_correction_length_mismatch_error PASSED [ 60%]
tests/test_multigroup_advanced.py::TestMultigroupAdvanced70Percent::test_equivalence_theory_calculate_escape_probability_normal_case PASSED [ 60%]
tests/test_multigroup_advanced.py::TestMultigroupAdvanced70Percent::test_equivalence_theory_calculate_escape_probability_extreme_dancoff PASSED [ 60%]
tests/test_multigroup_advanced.py::TestMultigroupAdvanced70Percent::test_equivalence_theory_calculate_dancoff_factor_boundary_at_2_0 PASSED [ 60%]
tests/test_multigroup_advanced.py::TestMultigroupAdvanced70Percent::test_equivalence_theory_calculate_dancoff_factor_boundary_at_1_2 PASSED [ 60%]
tests/test_multigroup_advanced.py::test_multigroup_advanced_type_checking_import_branch PASSED [ 60%]
tests/test_multigroup_advanced.py::test_sph_method_calculate_sph_factors_branch_coverage PASSED [ 60%]
tests/test_multigroup_advanced.py::test_collapse_with_adjoint_weighting_edge_case_group_mapping PASSED [ 60%]
tests/test_neutronics.py::TestImports::test_neutronics_import PASSED     [ 60%]
tests/test_neutronics.py::TestImports::test_solver_import PASSED         [ 60%]
tests/test_neutronics.py::TestImports::test_validation_imports PASSED    [ 60%]
tests/test_neutronics.py::TestSolverInitialization::test_solver_creation PASSED [ 60%]
tests/test_neutronics.py::TestSolverInitialization::test_solver_mesh_setup PASSED [ 60%]
tests/test_neutronics.py::TestSolverInitialization::test_solver_arrays_allocated PASSED [ 60%]
tests/test_neutronics.py::TestSolverInitialization::test_invalid_xs_data PASSED [ 60%]
tests/test_neutronics.py::TestSolverMethods::test_solve_steady_state PASSED [ 60%]
tests/test_neutronics.py::TestSolverMethods::test_solve_convergence PASSED [ 60%]
tests/test_neutronics.py::TestSolverMethods::test_compute_power_distribution PASSED [ 60%]
tests/test_neutronics.py::TestSolverMethods::test_cell_volumes PASSED    [ 60%]
tests/test_neutronics.py::TestSolverMethods::test_compute_k_eff PASSED   [ 60%]
tests/test_neutronics.py::TestSolverValidation::test_solver_validates_physics PASSED [ 60%]
tests/test_neutronics.py::TestSolverValidation::test_solver_tolerance PASSED [ 60%]
tests/test_neutronics.py::TestSolverValidation::test_solver_max_iterations PASSED [ 60%]
tests/test_neutronics.py::TestSolverPerformance::test_solver_performance_small_mesh PASSED [ 60%]
tests/test_neutronics.py::TestSolverPerformance::test_solver_scaling PASSED [ 60%]
tests/test_neutronics.py::TestMultiGroupMethods::test_update_xs_maps PASSED [ 60%]
tests/test_neutronics.py::TestMultiGroupMethods::test_update_fission_source PASSED [ 60%]
tests/test_neutronics.py::TestMultiGroupMethods::test_update_scattering_source PASSED [ 60%]
tests/test_neutronics.py::TestArnoldiMethod::test_arnoldi_method_works PASSED [ 60%]
tests/test_neutronics.py::TestEdgeCases::test_empty_flux_before_solve PASSED [ 60%]
tests/test_neutronics.py::TestEdgeCases::test_zero_absorption PASSED     [ 60%]
tests/test_neutronics_coverage_gaps.py::TestSolverCoverageGaps::test_gmres_inner_solver PASSED [ 60%]
tests/test_neutronics_coverage_gaps.py::TestSolverCoverageGaps::test_arnoldi_method_works PASSED [ 60%]
tests/test_neutronics_coverage_gaps.py::TestSolverCoverageGaps::test_unknown_eigen_method PASSED [ 60%]
tests/test_neutronics_coverage_gaps.py::TestSolverCoverageGaps::test_bicgstab_failure PASSED [ 60%]
tests/test_neutronics_coverage_gaps.py::TestSolverCoverageGaps::test_compute_reactivity_coefficients_placeholder PASSED [ 60%]
tests/test_neutronics_coverage_gaps.py::TestSolverCoverageGaps::test_validation_warnings PASSED [ 60%]
tests/test_neutronics_coverage_gaps.py::TestSolverCoverageGaps::test_power_distribution_zero_total PASSED [ 60%]
tests/test_neutronics_parallel.py::TestParallelGroupSolve::test_parallel_vs_serial_correctness PASSED [ 60%]
tests/test_neutronics_parallel.py::TestParallelGroupSolve::test_parallel_fallback_single_group PASSED [ 60%]
tests/test_neutronics_parallel.py::TestParallelGroupSolve::test_parallel_spatial_operations PASSED [ 60%]
tests/test_neutronics_parallel.py::TestParallelGroupSolve::test_parallel_with_custom_threads PASSED [ 61%]
tests/test_neutronics_parallel.py::TestMPISupport::test_mpi_functions_exist PASSED [ 61%]
tests/test_neutronics_parallel.py::TestMPISupport::test_mpi_option PASSED [ 61%]
tests/test_neutronics_parallel.py::TestParallelScaling::test_parallel_enabled_by_default PASSED [ 61%]
tests/test_neutronics_parallel.py::TestParallelScaling::test_serial_fallback PASSED [ 61%]
tests/test_neutronics_robust.py::TestParametricVariations::test_multiple_group_structures[2] PASSED [ 61%]
tests/test_neutronics_robust.py::TestParametricVariations::test_multiple_group_structures[4] PASSED [ 61%]
tests/test_neutronics_robust.py::TestParametricVariations::test_multiple_group_structures[6] PASSED [ 61%]
tests/test_neutronics_robust.py::TestParametricVariations::test_different_core_sizes[100.0-200.0] PASSED [ 61%]
tests/test_neutronics_robust.py::TestParametricVariations::test_different_core_sizes[200.0-400.0] PASSED [ 61%]
tests/test_neutronics_robust.py::TestParametricVariations::test_different_core_sizes[300.0-600.0] PASSED [ 61%]
tests/test_neutronics_robust.py::TestParametricVariations::test_different_mesh_sizes[6-11] PASSED [ 61%]
tests/test_neutronics_robust.py::TestParametricVariations::test_different_mesh_sizes[11-21] PASSED [ 61%]
tests/test_neutronics_robust.py::TestParametricVariations::test_different_mesh_sizes[21-41] PASSED [ 61%]
tests/test_neutronics_robust.py::TestEdgeCases::test_very_small_core PASSED [ 61%]
tests/test_neutronics_robust.py::TestEdgeCases::test_very_large_core PASSED [ 61%]
tests/test_neutronics_robust.py::TestEdgeCases::test_single_material PASSED [ 61%]
tests/test_neutronics_robust.py::TestEdgeCases::test_subcritical_configuration PASSED [ 61%]
tests/test_neutronics_robust.py::TestEdgeCases::test_supercritical_configuration PASSED [ 61%]
tests/test_neutronics_robust.py::TestEdgeCases::test_high_scattering_ratio PASSED [ 61%]
tests/test_neutronics_robust.py::TestNumericalStability::test_tight_tolerance_convergence PASSED [ 61%]
tests/test_neutronics_robust.py::TestNumericalStability::test_large_mesh_stability PASSED [ 61%]
tests/test_neutronics_robust.py::TestNumericalStability::test_repeated_solves_consistency PASSED [ 61%]
tests/test_neutronics_robust.py::TestNumericalStability::test_power_distribution_conservation PASSED [ 61%]
tests/test_neutronics_robust.py::TestSolutionQuality::test_flux_monotonicity_center PASSED [ 61%]
tests/test_neutronics_robust.py::TestSolutionQuality::test_power_peaking_factor PASSED [ 61%]
tests/test_neutronics_robust.py::TestSolutionQuality::test_group_flux_ratios PASSED [ 61%]
tests/test_nuclide_inventory_tracker.py::TestNuclideInventoryTracker::test_tracker_creation PASSED [ 61%]
tests/test_nuclide_inventory_tracker.py::TestNuclideInventoryTracker::test_add_nuclide PASSED [ 61%]
tests/test_nuclide_inventory_tracker.py::TestNuclideInventoryTracker::test_get_atom_density PASSED [ 61%]
tests/test_nuclide_inventory_tracker.py::TestNuclideInventoryTracker::test_update_nuclide PASSED [ 61%]
tests/test_nuclide_inventory_tracker.py::TestNuclideInventoryTracker::test_remove_nuclide PASSED [ 61%]
tests/test_nuclide_inventory_tracker.py::TestNuclideInventoryTracker::test_get_total_atom_density PASSED [ 61%]
tests/test_nuclide_inventory_tracker.py::TestNuclideInventoryTracker::test_get_mass_fraction PASSED [ 61%]
tests/test_nuclide_inventory_tracker.py::TestNuclideInventoryTracker::test_get_heavy_metal_mass PASSED [ 61%]
tests/test_nuclide_inventory_tracker.py::TestNuclideInventoryTracker::test_to_dict PASSED [ 61%]
tests/test_nuclide_inventory_tracker.py::TestNuclideInventoryTracker::test_from_dict PASSED [ 61%]
tests/test_nuclide_inventory_tracker.py::TestNuclideInventoryTracker::test_burnup_tracking PASSED [ 61%]
tests/test_nuclide_inventory_tracker.py::TestNuclideInventoryTracker::test_units PASSED [ 61%]
tests/test_nuclide_inventory_tracker.py::TestNuclideInventoryTracker::test_multiple_updates PASSED [ 61%]
tests/test_optimization_design.py::TestOptimizationResult::test_optimization_result_creation PASSED [ 61%]
tests/test_optimization_design.py::TestDesignOptimizer::test_design_optimizer_initialization PASSED [ 61%]
tests/test_optimization_design.py::TestDesignOptimizer::test_optimize_genetic_algorithm PASSED [ 61%]
tests/test_optimization_design.py::TestDesignOptimizer::test_optimize_with_scipy_minimize PASSED [ 61%]
tests/test_optimization_design.py::TestDesignOptimizer::test_optimize_with_scipy_differential_evolution PASSED [ 61%]
tests/test_optimization_design.py::TestDesignOptimizer::test_selection PASSED [ 61%]
tests/test_optimization_design.py::TestDesignOptimizer::test_crossover PASSED [ 61%]
tests/test_optimization_design.py::TestDesignOptimizer::test_mutation PASSED [ 61%]
tests/test_optimization_design.py::TestDesignOptimizer::test_with_constraint_penalty PASSED [ 61%]
tests/test_optimization_design.py::TestLoadingPatternOptimizer::test_loading_pattern_optimizer_initialization PASSED [ 61%]
tests/test_optimization_design.py::TestLoadingPatternOptimizer::test_generate_random_pattern PASSED [ 61%]
tests/test_optimization_design.py::TestLoadingPatternOptimizer::test_optimize_loading_pattern PASSED [ 62%]
tests/test_optimization_design.py::TestLoadingPatternOptimizer::test_optimize_loading_pattern_unknown_method_raises PASSED [ 62%]
tests/test_optimization_design.py::TestLoadingPatternOptimizer::test_loading_pattern_selection PASSED [ 62%]
tests/test_optimization_design.py::TestLoadingPatternOptimizer::test_loading_pattern_crossover PASSED [ 62%]
tests/test_optimization_design.py::TestLoadingPatternOptimizer::test_loading_pattern_crossover_handles_odd_parent_count PASSED [ 62%]
tests/test_optimization_design.py::TestLoadingPatternOptimizer::test_loading_pattern_mutation PASSED [ 62%]
tests/test_optimization_design.py::test_design_module_import_without_scipy PASSED [ 62%]
tests/test_optimization_utils.py::TestEnsureContiguous::test_ensure_contiguous_already_contiguous PASSED [ 62%]
tests/test_optimization_utils.py::TestEnsureContiguous::test_ensure_contiguous_non_contiguous PASSED [ 62%]
tests/test_optimization_utils.py::TestEnsureContiguous::test_ensure_contiguous_force_copy PASSED [ 62%]
tests/test_optimization_utils.py::TestVectorizedCrossSectionLookup::test_vectorized_cross_section_lookup PASSED [ 62%]
tests/test_optimization_utils.py::TestVectorizedCrossSectionLookup::test_vectorized_cross_section_lookup_single PASSED [ 62%]
tests/test_optimization_utils.py::TestVectorizedNormalize::test_vectorized_normalize_whole_array PASSED [ 62%]
tests/test_optimization_utils.py::TestVectorizedNormalize::test_vectorized_normalize_along_axis PASSED [ 62%]
tests/test_optimization_utils.py::TestVectorizedNormalize::test_vectorized_normalize_inplace PASSED [ 62%]
tests/test_optimization_utils.py::TestVectorizedNormalize::test_vectorized_normalize_custom_norm_value PASSED [ 62%]
tests/test_optimization_utils.py::TestVectorizedNormalize::test_vectorized_normalize_zero_array PASSED [ 62%]
tests/test_optimization_utils.py::TestVectorizedNormalize::test_vectorized_normalize_empty_array PASSED [ 62%]
tests/test_optimization_utils.py::TestVectorizedNormalize::test_vectorized_normalize_empty_array_inplace PASSED [ 62%]
tests/test_optimization_utils.py::TestBatchVectorizedOperations::test_batch_vectorized_operations_sum PASSED [ 62%]
tests/test_optimization_utils.py::TestBatchVectorizedOperations::test_batch_vectorized_operations_mean PASSED [ 62%]
tests/test_optimization_utils.py::TestBatchVectorizedOperations::test_batch_vectorized_operations_max PASSED [ 62%]
tests/test_optimization_utils.py::TestBatchVectorizedOperations::test_batch_vectorized_operations_min PASSED [ 62%]
tests/test_optimization_utils.py::TestBatchVectorizedOperations::test_batch_vectorized_operations_empty PASSED [ 62%]
tests/test_optimization_utils.py::TestBatchVectorizedOperations::test_batch_vectorized_operations_unknown PASSED [ 62%]
tests/test_optimization_utils.py::TestZeroCopySlice::test_zero_copy_slice_basic PASSED [ 62%]
tests/test_optimization_utils.py::TestZeroCopySlice::test_zero_copy_slice_with_step PASSED [ 62%]
tests/test_optimization_utils.py::TestZeroCopySlice::test_zero_copy_slice_no_args PASSED [ 62%]
tests/test_optimization_utils.py::TestSmartArrayCopy::test_smart_array_copy_no_target PASSED [ 62%]
tests/test_optimization_utils.py::TestSmartArrayCopy::test_smart_array_copy_compatible_target PASSED [ 62%]
tests/test_optimization_utils.py::TestSmartArrayCopy::test_smart_array_copy_incompatible_target PASSED [ 62%]
tests/test_optimization_utils.py::TestSmartArrayCopy::test_smart_array_copy_force_copy PASSED [ 62%]
tests/test_optimization_utils.py::TestSmartArrayCopy::test_smart_array_copy_dtype_mismatch PASSED [ 62%]
tests/test_optimization_utils.py::TestSmartArrayCopy::test_smart_array_copy_non_contiguous_target PASSED [ 62%]
tests/test_optimization_utils.py::TestSmartArrayCopy::test_smart_array_copy_target_same_shape_different_dtype PASSED [ 62%]
tests/test_optimization_utils.py::TestSmartArrayCopy::test_smart_array_copy_target_same_shape_same_dtype_contiguous PASSED [ 62%]
tests/test_optimization_utils.py::TestOptimizationUtilsEdgeCases::test_vectorized_normalize_axis_zero PASSED [ 62%]
tests/test_optimization_utils.py::TestOptimizationUtilsEdgeCases::test_vectorized_normalize_very_small_values PASSED [ 62%]
tests/test_optimization_utils.py::TestOptimizationUtilsEdgeCases::test_vectorized_normalize_custom_norm_value_inplace PASSED [ 62%]
tests/test_optimization_utils.py::TestOptimizationUtilsEdgeCases::test_batch_vectorized_operations_single_array PASSED [ 62%]
tests/test_optimization_utils.py::TestOptimizationUtilsEdgeCases::test_batch_vectorized_operations_multiple_arrays PASSED [ 62%]
tests/test_optimization_utils.py::TestOptimizationUtilsEdgeCases::test_zero_copy_slice_negative_indices PASSED [ 62%]
tests/test_optimization_utils.py::TestOptimizationUtilsEdgeCases::test_zero_copy_slice_only_start PASSED [ 62%]
tests/test_optimization_utils.py::TestOptimizationUtilsEdgeCases::test_zero_copy_slice_only_stop PASSED [ 62%]
tests/test_optimization_utils.py::TestOptimizationUtilsEdgeCases::test_ensure_contiguous_fortran_order PASSED [ 62%]
tests/test_optimization_utils.py::TestOptimizationUtilsEdgeCases::test_vectorized_cross_section_lookup_empty PASSED [ 62%]
tests/test_optimization_utils.py::TestOptimizationUtilsAdditionalEdgeCases::test_vectorized_normalize_negative_values PASSED [ 62%]
tests/test_optimization_utils.py::TestOptimizationUtilsAdditionalEdgeCases::test_vectorized_normalize_mixed_signs PASSED [ 62%]
tests/test_optimization_utils.py::TestOptimizationUtilsAdditionalEdgeCases::test_vectorized_normalize_nan_handling PASSED [ 62%]
tests/test_optimization_utils.py::TestOptimizationUtilsAdditionalEdgeCases::test_vectorized_normalize_inf_handling PASSED [ 62%]
tests/test_optimization_utils.py::TestOptimizationUtilsAdditionalEdgeCases::test_vectorized_normalize_axis_negative PASSED [ 63%]
tests/test_optimization_utils.py::TestOptimizationUtilsAdditionalEdgeCases::test_vectorized_normalize_keepdims PASSED [ 63%]
tests/test_optimization_utils.py::TestOptimizationUtilsAdditionalEdgeCases::test_batch_vectorized_operations_different_shapes_error PASSED [ 63%]
tests/test_optimization_utils.py::TestOptimizationUtilsAdditionalEdgeCases::test_batch_vectorized_operations_single_element PASSED [ 63%]
tests/test_optimization_utils.py::TestOptimizationUtilsAdditionalEdgeCases::test_batch_vectorized_operations_2d_arrays PASSED [ 63%]
tests/test_optimization_utils.py::TestOptimizationUtilsAdditionalEdgeCases::test_zero_copy_slice_all_none PASSED [ 63%]
tests/test_optimization_utils.py::TestOptimizationUtilsAdditionalEdgeCases::test_zero_copy_slice_start_none PASSED [ 63%]
tests/test_optimization_utils.py::TestOptimizationUtilsAdditionalEdgeCases::test_zero_copy_slice_stop_none PASSED [ 63%]
tests/test_optimization_utils.py::TestOptimizationUtilsAdditionalEdgeCases::test_zero_copy_slice_step_none PASSED [ 63%]
tests/test_optimization_utils.py::TestOptimizationUtilsAdditionalEdgeCases::test_smart_array_copy_target_wrong_dtype_but_compatible PASSED [ 63%]
tests/test_optimization_utils.py::TestOptimizationUtilsAdditionalEdgeCases::test_smart_array_copy_target_fortran_order PASSED [ 63%]
tests/test_package_init_import_fallbacks.py::test_geometry_init_import_fallbacks PASSED [ 63%]
tests/test_package_init_import_fallbacks.py::test_visualization_init_import_fallbacks PASSED [ 63%]
tests/test_parallel_batch.py::TestBatchProcess::test_batch_process_empty_list PASSED [ 63%]
tests/test_parallel_batch.py::TestBatchProcess::test_batch_process_single_item PASSED [ 63%]
tests/test_parallel_batch.py::TestBatchProcess::test_batch_process_serial_execution PASSED [ 63%]
tests/test_parallel_batch.py::TestBatchProcess::test_batch_process_parallel_execution PASSED [ 63%]
tests/test_parallel_batch.py::TestBatchProcess::test_batch_process_with_threads PASSED [ 63%]
tests/test_parallel_batch.py::TestBatchProcess::test_batch_process_max_workers_limit PASSED [ 63%]
tests/test_parallel_batch.py::TestBatchProcess::test_batch_process_default_max_workers PASSED [ 63%]
tests/test_parallel_batch.py::TestBatchProcess::test_batch_process_custom_max_workers PASSED [ 63%]
tests/test_parallel_batch.py::TestBatchProcess::test_batch_process_error_handling PASSED [ 63%]
tests/test_parallel_batch.py::TestBatchProcess::test_batch_process_with_progress_bar PASSED [ 63%]
tests/test_parallel_batch.py::TestBatchSolveKeff::test_batch_solve_keff_empty_list PASSED [ 63%]
tests/test_parallel_batch.py::TestBatchSolveKeff::test_batch_solve_keff_single_reactor PASSED [ 63%]
tests/test_parallel_batch.py::TestBatchSolveKeff::test_batch_solve_keff_multiple_reactors PASSED [ 63%]
tests/test_parallel_batch.py::TestBatchSolveKeff::test_batch_solve_keff_parallel_execution PASSED [ 63%]
tests/test_parallel_batch.py::TestBatchSolveKeff::test_batch_solve_keff_custom_max_workers PASSED [ 63%]
tests/test_parallel_batch.py::TestBatchSolveKeff::test_batch_solve_keff_no_progress PASSED [ 63%]
tests/test_parallel_batch.py::TestBatchSolveKeff::test_batch_solve_keff_protocol_compliance PASSED [ 63%]
tests/test_parallel_batch.py::TestReactorLikeProtocol::test_protocol_accepts_mock_reactor PASSED [ 63%]
tests/test_parallel_batch.py::TestReactorLikeProtocol::test_protocol_requires_solve_keff_method PASSED [ 63%]
tests/test_parallel_batch.py::TestParallelBatchEdgeCases::test_batch_process_rich_unavailable PASSED [ 63%]
tests/test_parallel_batch.py::TestParallelBatchEdgeCases::test_batch_process_progress_without_rich PASSED [ 63%]
tests/test_parallel_batch.py::TestParallelBatchEdgeCases::test_batch_process_with_processes_error_handling PASSED [ 63%]
tests/test_parallel_batch.py::TestParallelBatchEdgeCases::test_batch_process_results_with_errors PASSED [ 63%]
tests/test_parallel_batch.py::TestParallelBatchEdgeCases::test_batch_process_max_workers_one PASSED [ 63%]
tests/test_parallel_batch.py::TestParallelBatchEdgeCases::test_batch_process_more_items_than_workers PASSED [ 63%]
tests/test_parallel_batch.py::TestParallelBatchEdgeCases::test_batch_solve_keff_empty_with_parallel PASSED [ 63%]
tests/test_parallel_batch.py::TestParallelBatchEdgeCases::test_batch_solve_keff_single_with_progress PASSED [ 63%]
tests/test_parallel_batch.py::TestParallelBatchEdgeCases::test_batch_process_state_preservation PASSED [ 63%]
tests/test_parallel_batch_extended.py::TestBatchProcessExtended::test_batch_process_with_processes_no_rich PASSED [ 63%]
tests/test_parallel_batch_extended.py::TestBatchProcessExtended::test_batch_process_rich_unavailable PASSED [ 63%]
tests/test_parallel_batch_extended.py::TestBatchProcessExtended::test_batch_process_error_stored_in_results PASSED [ 63%]
tests/test_parallel_batch_extended.py::TestBatchProcessExtended::test_batch_process_multiple_errors PASSED [ 63%]
tests/test_parallel_batch_extended.py::TestBatchSolveKeffExtended::test_batch_solve_keff_parallel_true PASSED [ 63%]
tests/test_parallel_batch_extended.py::TestBatchSolveKeffExtended::test_batch_solve_keff_parallel_false PASSED [ 63%]
tests/test_parallel_batch_extended.py::TestBatchSolveKeffExtended::test_batch_solve_keff_custom_max_workers PASSED [ 63%]
tests/test_parallel_batch_extended.py::TestBatchSolveKeffExtended::test_batch_solve_keff_show_progress_false PASSED [ 63%]
tests/test_parallel_batch_extended.py::TestParallelBatchAdditionalEdgeCases::test_batch_process_rich_available_with_progress PASSED [ 63%]
tests/test_parallel_batch_extended.py::TestParallelBatchAdditionalEdgeCases::test_batch_process_rich_available_no_progress PASSED [ 63%]
tests/test_parallel_batch_extended.py::TestParallelBatchAdditionalEdgeCases::test_batch_process_error_logging_path PASSED [ 64%]
tests/test_parallel_batch_extended.py::TestParallelBatchAdditionalEdgeCases::test_batch_process_max_workers_equals_items PASSED [ 64%]
tests/test_parallel_batch_extended.py::TestParallelBatchAdditionalEdgeCases::test_batch_process_max_workers_greater_than_items PASSED [ 64%]
tests/test_parallel_batch_extended.py::TestParallelBatchAdditionalEdgeCases::test_batch_process_duplicate_items PASSED [ 64%]
tests/test_parallel_batch_extended.py::TestParallelBatchAdditionalEdgeCases::test_batch_process_non_picklable_items_threads PASSED [ 64%]
tests/test_parallel_batch_extended.py::TestParallelBatchAdditionalEdgeCases::test_batch_process_zero_max_workers PASSED [ 64%]
tests/test_parallel_batch_extended.py::TestParallelBatchAdditionalEdgeCases::test_batch_solve_keff_parallel_with_progress PASSED [ 64%]
tests/test_parallel_batch_extended.py::TestParallelBatchAdditionalEdgeCases::test_batch_solve_keff_default_parameters PASSED [ 64%]
tests/test_parallel_batch_extended.py::TestParallelBatchAdditionalEdgeCases::test_batch_process_progress_with_multiple_errors PASSED [ 64%]
tests/test_parallel_batch_extended.py::TestParallelBatchAdditionalEdgeCases::test_batch_process_as_completed_exception_path PASSED [ 64%]
tests/test_parallel_batch_extended.py::TestParallelBatchAdditionalEdgeCases::test_batch_process_incomplete_futures_warning_path PASSED [ 64%]
tests/test_parameter_sweep.py::TestSweepConfig::test_get_parameter_values_range PASSED [ 64%]
tests/test_parameter_sweep.py::TestSweepConfig::test_get_parameter_values_list PASSED [ 64%]
tests/test_parameter_sweep.py::TestSweepConfig::test_get_parameter_values_invalid PASSED [ 64%]
tests/test_parameter_sweep.py::TestSweepConfig::test_get_all_combinations_single_param PASSED [ 64%]
tests/test_parameter_sweep.py::TestSweepConfig::test_get_all_combinations_multiple_params PASSED [ 64%]
tests/test_parameter_sweep.py::TestSweepConfig::test_get_all_combinations_range PASSED [ 64%]
tests/test_parameter_sweep.py::TestSweepConfig::test_from_file_json PASSED [ 64%]
tests/test_parameter_sweep.py::TestSweepConfig::test_from_file_range_tuple PASSED [ 64%]
tests/test_parameter_sweep.py::TestSweepConfig::test_from_file_not_found PASSED [ 64%]
tests/test_parameter_sweep.py::TestSweepResult::test_to_dataframe_empty PASSED [ 64%]
tests/test_parameter_sweep.py::TestSweepResult::test_to_dataframe_with_results PASSED [ 64%]
tests/test_parameter_sweep.py::TestSweepResult::test_save_json PASSED    [ 64%]
tests/test_parameter_sweep.py::TestSweepResult::test_save_parquet PASSED [ 64%]
tests/test_parameter_sweep.py::TestParameterSweep::test_init PASSED      [ 64%]
tests/test_parameter_sweep.py::TestParameterSweep::test_get_reactor_template_from_dict PASSED [ 64%]
tests/test_parameter_sweep.py::TestParameterSweep::test_get_reactor_template_from_file PASSED [ 64%]
tests/test_parameter_sweep.py::TestParameterSweep::test_get_reactor_template_preset_name PASSED [ 64%]
tests/test_parameter_sweep.py::TestParameterSweep::test_get_reactor_template_nonexistent_path PASSED [ 64%]
tests/test_parameter_sweep.py::TestParameterSweep::test_get_reactor_template_none PASSED [ 64%]
tests/test_parameter_sweep.py::TestParameterSweep::test_run_single_case_keff PASSED [ 64%]
tests/test_parameter_sweep.py::TestParameterSweep::test_run_single_case_error PASSED [ 64%]
tests/test_parameter_sweep.py::TestParameterSweep::test_run_single_case_neutronics PASSED [ 64%]
tests/test_parameter_sweep.py::TestParameterSweep::test_run_single_case_burnup PASSED [ 64%]
tests/test_parameter_sweep.py::TestParameterSweep::test_run_sequential PASSED [ 64%]
tests/test_parameter_sweep.py::TestParameterSweep::test_run_parallel PASSED [ 64%]
tests/test_parameter_sweep.py::TestParameterSweep::test_run_parallel_with_save_intermediate PASSED [ 64%]
tests/test_parameter_sweep.py::TestParameterSweep::test_run_with_failures PASSED [ 64%]
tests/test_parameter_sweep.py::TestParameterSweep::test_calculate_summary_stats_empty_results PASSED [ 64%]
tests/test_parameter_sweep.py::TestParameterSweep::test_calculate_summary_stats PASSED [ 64%]
tests/test_parameter_sweep.py::TestParameterSweep::test_calculate_summary_stats_with_correlations PASSED [ 64%]
tests/test_parameter_sweep.py::TestParameterSweep::test_save_intermediate PASSED [ 64%]
tests/test_parameter_sweep.py::TestParameterSweepIntegration::test_full_sweep_workflow PASSED [ 64%]
tests/test_parse_mf3_section.py::TestParseMf3Section::test_parse_mf3_section_basic_valid_data PASSED [ 64%]
tests/test_parse_mf3_section.py::TestParseMf3Section::test_parse_mf3_section_multiple_lines PASSED [ 64%]
tests/test_parse_mf3_section.py::TestParseMf3Section::test_parse_mf3_section_endf_number_formats PASSED [ 64%]
tests/test_parse_mf3_section.py::TestParseMf3Section::test_parse_mf3_section_sorts_by_energy PASSED [ 64%]
tests/test_parse_mf3_section.py::TestParseMf3Section::test_parse_mf3_section_removes_duplicates PASSED [ 64%]
tests/test_parse_mf3_section.py::TestParseMf3Section::test_parse_mf3_section_detects_section_boundary PASSED [ 64%]
tests/test_parse_mf3_section.py::TestParseMf3Section::test_parse_mf3_section_detects_different_mf PASSED [ 64%]
tests/test_parse_mf3_section.py::TestParseMf3Section::test_parse_mf3_section_empty_section PASSED [ 65%]
tests/test_parse_mf3_section.py::TestParseMf3Section::test_parse_mf3_section_start_idx_out_of_range PASSED [ 65%]
tests/test_parse_mf3_section.py::TestParseMf3Section::test_parse_mf3_section_incomplete_pairs PASSED [ 65%]
tests/test_parse_mf3_section.py::TestParseMf3Section::test_parse_mf3_section_handles_invalid_numbers PASSED [ 65%]
tests/test_parse_mf3_section.py::TestParseMf3Section::test_parse_mf3_section_short_lines PASSED [ 65%]
tests/test_parse_mf3_section.py::TestParseMf3Section::test_parse_mf3_section_negative_exponents PASSED [ 65%]
tests/test_parse_mf3_section.py::TestParseMf3Section::test_parse_mf3_section_handles_mt_zero_continuation PASSED [ 65%]
tests/test_photon_parser_comprehensive.py::TestENDFPhotonParserComprehensive::test_parse_file_success PASSED [ 65%]
tests/test_photon_parser_comprehensive.py::TestENDFPhotonParserComprehensive::test_parse_file_nonexistent PASSED [ 65%]
tests/test_photon_parser_comprehensive.py::TestENDFPhotonParserComprehensive::test_parse_filename_valid PASSED [ 65%]
tests/test_photon_parser_comprehensive.py::TestENDFPhotonParserComprehensive::test_parse_filename_variations PASSED [ 65%]
tests/test_photon_parser_comprehensive.py::TestENDFPhotonParserComprehensive::test_parse_filename_invalid PASSED [ 65%]
tests/test_photon_parser_comprehensive.py::TestENDFPhotonParserComprehensive::test_parse_mt_section PASSED [ 65%]
tests/test_photon_parser_comprehensive.py::TestENDFPhotonParserComprehensive::test_parse_mt_section_not_found PASSED [ 65%]
tests/test_photon_parser_comprehensive.py::TestENDFPhotonParserComprehensive::test_interpolate_to_grid PASSED [ 65%]
tests/test_photon_parser_comprehensive.py::TestENDFPhotonParserComprehensive::test_interpolate_to_grid_empty PASSED [ 65%]
tests/test_photon_parser_comprehensive.py::TestENDFPhotonParserComprehensive::test_photon_cross_section_interpolate PASSED [ 65%]
tests/test_photon_parser_comprehensive.py::TestENDFPhotonParserComprehensive::test_parse_file_missing_sections PASSED [ 65%]
tests/test_photon_parser_comprehensive.py::TestENDFPhotonParserComprehensive::test_parse_file_exception_handling PASSED [ 65%]
tests/test_photon_parser_comprehensive.py::TestENDFPhotonParserComprehensive::test_parse_file_empty_file PASSED [ 65%]
tests/test_photon_parser_comprehensive.py::TestENDFPhotonParserComprehensive::test_parse_file_read_exception PASSED [ 65%]
tests/test_photon_parser_comprehensive.py::TestENDFPhotonParserComprehensive::test_parse_filename_invalid_z PASSED [ 65%]
tests/test_photon_parser_comprehensive.py::TestENDFPhotonParserComprehensive::test_parse_filename_no_underscore PASSED [ 65%]
tests/test_photon_parser_comprehensive.py::TestENDFPhotonParserComprehensive::test_parse_mt_section_short_line PASSED [ 65%]
tests/test_photon_parser_comprehensive.py::TestENDFPhotonParserComprehensive::test_parse_mt_section_exception PASSED [ 65%]
tests/test_photon_parser_comprehensive.py::TestENDFPhotonParserComprehensive::test_parse_mt_section_no_data PASSED [ 65%]
tests/test_photon_parser_comprehensive.py::TestENDFPhotonParserComprehensive::test_interpolate_to_grid_extrapolation PASSED [ 65%]
tests/test_photon_parser_comprehensive.py::TestENDFPhotonParserComprehensive::test_interpolate_to_grid_single_point PASSED [ 65%]
tests/test_photon_parser_comprehensive.py::TestENDFPhotonParserComprehensive::test_interpolate_to_grid_exact_match PASSED [ 65%]
tests/test_photon_parser_comprehensive.py::TestENDFPhotonParserComprehensive::test_photon_cross_section_interpolate_exact_match PASSED [ 65%]
tests/test_photon_parser_comprehensive.py::TestENDFPhotonParserComprehensive::test_photon_cross_section_interpolate_zero_denominator PASSED [ 65%]
tests/test_photon_parser_comprehensive.py::TestENDFPhotonParserComprehensive::test_parse_file_no_cross_sections PASSED [ 65%]
tests/test_photon_parser_comprehensive.py::TestENDFPhotonParserComprehensive::test_parse_file_only_one_section PASSED [ 65%]
tests/test_photon_parser_comprehensive.py::TestENDFPhotonParserComprehensive::test_parse_filename_value_error_branch_via_mocked_match PASSED [ 65%]
tests/test_photon_parser_comprehensive.py::TestENDFPhotonParserComprehensive::test_parse_mt_section_last_part_digits_fallback_and_short_header_line PASSED [ 65%]
tests/test_photon_parser_comprehensive.py::TestENDFPhotonParserComprehensive::test_parse_mt_section_text_header_marker_path_and_parse_exceptions PASSED [ 65%]
tests/test_photon_parser_comprehensive.py::TestENDFPhotonParserComprehensive::test_parse_mt_section_try_block_exception_is_caught PASSED [ 65%]
tests/test_photon_parser_comprehensive.py::TestENDFPhotonParserComprehensive::test_parse_file_invalid_filename_returns_none PASSED [ 65%]
tests/test_photon_parser_comprehensive.py::TestENDFPhotonParserComprehensive::test_parse_mt_section_skips_text_header_lines PASSED [ 65%]
tests/test_photon_parser_comprehensive.py::TestENDFPhotonParserComprehensive::test_parse_mt_section_text_header_marker_try_except_branch PASSED [ 65%]
tests/test_photon_parser_comprehensive.py::TestENDFPhotonParserComprehensive::test_parse_mt_section_outer_parse_exception_branch PASSED [ 65%]
tests/test_photon_parser_comprehensive.py::TestENDFPhotonParserComprehensive::test_parse_mt_section_returns_none_when_no_data_after_header PASSED [ 65%]
tests/test_pivot_for_solver.py::TestPivotForSolver::test_pivot_for_solver_basic PASSED [ 65%]
tests/test_pivot_for_solver.py::TestPivotForSolver::test_pivot_for_solver_single_nuclide PASSED [ 65%]
tests/test_pivot_for_solver.py::TestPivotForSolver::test_pivot_for_solver_single_reaction PASSED [ 65%]
tests/test_pivot_for_solver.py::TestPivotForSolver::test_pivot_for_solver_many_groups PASSED [ 65%]
tests/test_pivot_for_solver.py::TestPivotForSolver::test_pivot_for_solver_subset_nuclides PASSED [ 65%]
tests/test_pivot_for_solver.py::TestPivotForSolver::test_pivot_for_solver_subset_reactions PASSED [ 65%]
tests/test_pivot_for_solver.py::TestPivotForSolver::test_pivot_for_solver_empty_data PASSED [ 65%]
tests/test_pivot_for_solver.py::TestPivotForSolver::test_pivot_for_solver_no_data_attribute PASSED [ 65%]
tests/test_pivot_for_solver.py::TestPivotForSolver::test_pivot_for_solver_missing_nuclide PASSED [ 65%]
tests/test_pivot_for_solver.py::TestPivotForSolver::test_pivot_for_solver_missing_reaction PASSED [ 66%]
tests/test_pivot_for_solver.py::TestPivotForSolver::test_pivot_for_solver_different_xs_values PASSED [ 66%]
tests/test_pivot_for_solver.py::TestPivotForSolver::test_pivot_for_solver_zero_xs_values PASSED [ 66%]
tests/test_pivot_for_solver.py::TestPivotForSolver::test_pivot_for_solver_very_large_xs_values PASSED [ 66%]
tests/test_pivot_for_solver.py::TestPivotForSolver::test_pivot_for_solver_order_independence PASSED [ 66%]
tests/test_presets_htgr.py::TestValarAtomicsReactor::test_valar_atomics_reactor_initialization PASSED [ 66%]
tests/test_presets_htgr.py::TestValarAtomicsReactor::test_valar_atomics_reactor_build_core PASSED [ 66%]
tests/test_presets_htgr.py::TestValarAtomicsReactor::test_valar_atomics_reactor_get_cross_sections PASSED [ 66%]
tests/test_presets_htgr.py::TestValarAtomicsReactor::test_valar_atomics_reactor_create_scattering_matrix PASSED [ 66%]
tests/test_presets_htgr.py::TestValarAtomicsReactor::test_valar_atomics_reactor_to_json PASSED [ 66%]
tests/test_presets_htgr.py::TestValarAtomicsReactor::test_valar_atomics_reactor_from_json PASSED [ 66%]
tests/test_presets_htgr.py::TestGTMHR350::test_gtmhr350_initialization PASSED [ 66%]
tests/test_presets_htgr.py::TestGTMHR350::test_gtmhr350_build_core PASSED [ 66%]
tests/test_presets_htgr.py::TestHTRPM200::test_htrpm200_initialization PASSED [ 66%]
tests/test_presets_htgr.py::TestHTRPM200::test_htrpm200_build_core PASSED [ 66%]
tests/test_presets_htgr.py::TestMicroHTGR::test_micro_htgr_initialization PASSED [ 66%]
tests/test_presets_htgr.py::TestMicroHTGR::test_micro_htgr_spec_properties PASSED [ 66%]
tests/test_presets_htgr.py::TestDesignLibrary::test_design_library_initialization PASSED [ 66%]
tests/test_presets_htgr.py::TestDesignLibrary::test_design_library_list_designs PASSED [ 66%]
tests/test_presets_htgr.py::TestDesignLibrary::test_design_library_get_design PASSED [ 66%]
tests/test_presets_htgr.py::TestDesignLibrary::test_design_library_get_design_invalid PASSED [ 66%]
tests/test_presets_htgr.py::TestDesignLibrary::test_design_library_export_design PASSED [ 66%]
tests/test_presets_htgr.py::TestDesignLibrary::test_design_library_import_design PASSED [ 66%]
tests/test_presets_htgr.py::TestDesignLibrary::test_design_library_validate_all_designs PASSED [ 66%]
tests/test_presets_htgr.py::TestDesignLibrary::test_design_library_compare_designs_handles_none_values PASSED [ 66%]
tests/test_presets_htgr.py::TestDesignLibrary::test_design_library_validate_all_designs_handles_validation_exceptions PASSED [ 66%]
tests/test_presets_htgr.py::TestDesignLibrary::test_design_library_compare_designs PASSED [ 66%]
tests/test_presets_htgr.py::TestDesignLibrary::test_design_library_compare_all_designs PASSED [ 66%]
tests/test_presets_htgr.py::test_htgr_module_import_when_lwr_presets_unavailable PASSED [ 66%]
tests/test_presets_init.py::TestPresetsInitImports::test_presets_init_imports_success PASSED [ 66%]
tests/test_presets_init.py::TestPresetsInitImports::test_presets_init_htgr_import_error PASSED [ 66%]
tests/test_prompt_delayed_chi.py::TestPromptDelayedChi::test_extract_chi_prompt_delayed PASSED [ 66%]
tests/test_prompt_delayed_chi.py::TestPromptDelayedChi::test_chi_normalization PASSED [ 66%]
tests/test_prompt_delayed_chi.py::TestPromptDelayedChi::test_delayed_chi_softer_spectrum PASSED [ 66%]
tests/test_pydantic_layer.py::TestValidationFunctions::test_validate_numpy_array_from_list PASSED [ 66%]
tests/test_pydantic_layer.py::TestValidationFunctions::test_validate_numpy_array_from_array PASSED [ 66%]
tests/test_pydantic_layer.py::TestValidationFunctions::test_validate_numpy_array_rejects_non_array PASSED [ 66%]
tests/test_pydantic_layer.py::TestValidationFunctions::test_validate_positive_array_valid PASSED [ 66%]
tests/test_pydantic_layer.py::TestValidationFunctions::test_validate_positive_array_rejects_negative PASSED [ 66%]
tests/test_pydantic_layer.py::TestValidationFunctions::test_validate_positive_array_rejects_nan PASSED [ 66%]
tests/test_pydantic_layer.py::TestValidationFunctions::test_validate_positive_array_rejects_inf PASSED [ 66%]
tests/test_pydantic_layer.py::TestValidationFunctions::test_validate_normalized_array_valid PASSED [ 66%]
tests/test_pydantic_layer.py::TestValidationFunctions::test_validate_normalized_array_rejects_not_normalized PASSED [ 66%]
tests/test_pydantic_layer.py::TestReactorSpecificationValidators::test_validate_temperatures_inlet_equals_outlet PASSED [ 66%]
tests/test_pydantic_layer.py::TestReactorSpecificationValidators::test_validate_temperatures_outlet_exceeds_max_fuel PASSED [ 66%]
tests/test_pydantic_layer.py::TestReactorSpecificationValidators::test_validate_temperatures_small_delta_t_warning PASSED [ 66%]
tests/test_pydantic_layer.py::TestReactorSpecificationValidators::test_validate_temperatures_large_delta_t_warning PASSED [ 66%]
tests/test_pydantic_layer.py::TestReactorSpecificationValidators::test_validate_enrichment_heu_warning PASSED [ 66%]
tests/test_pydantic_layer.py::TestReactorSpecificationValidators::test_validate_enrichment_haleu_warning PASSED [ 66%]
tests/test_pydantic_layer.py::TestReactorSpecificationValidators::test_validate_geometry_flat_core_warning PASSED [ 66%]
tests/test_pydantic_layer.py::TestReactorSpecificationValidators::test_validate_geometry_tall_core_warning PASSED [ 67%]
tests/test_pydantic_layer.py::TestReactorSpecificationValidators::test_validate_power_density_low_warning PASSED [ 67%]
tests/test_pydantic_layer.py::TestReactorSpecificationValidators::test_validate_power_density_high_warning PASSED [ 67%]
tests/test_pydantic_layer.py::TestReactorSpecificationValidators::test_validate_doppler_strong_warning PASSED [ 67%]
tests/test_pydantic_layer.py::TestReactorSpecificationProperties::test_aspect_ratio PASSED [ 67%]
tests/test_pydantic_layer.py::TestReactorSpecificationProperties::test_thermal_efficiency PASSED [ 67%]
tests/test_pydantic_layer.py::TestReactorSpecificationProperties::test_thermal_efficiency_none PASSED [ 67%]
tests/test_pydantic_layer.py::TestReactorSpecificationProperties::test_enrichment_class_natural PASSED [ 67%]
tests/test_pydantic_layer.py::TestReactorSpecificationProperties::test_enrichment_class_leu PASSED [ 67%]
tests/test_pydantic_layer.py::TestReactorSpecificationProperties::test_enrichment_class_haleu PASSED [ 67%]
tests/test_pydantic_layer.py::TestReactorSpecificationProperties::test_enrichment_class_heu PASSED [ 67%]
tests/test_pydantic_layer.py::TestReactorSpecificationProperties::test_core_volume PASSED [ 67%]
tests/test_pydantic_layer.py::TestReactorSpecificationProperties::test_power_density PASSED [ 67%]
tests/test_pydantic_layer.py::TestReactorSpecificationProperties::test_specific_power PASSED [ 67%]
tests/test_pydantic_layer.py::TestGeometryParameters::test_validate_mesh_quality_coarse_radial_warning PASSED [ 67%]
tests/test_pydantic_layer.py::TestGeometryParameters::test_validate_mesh_quality_coarse_axial_warning PASSED [ 67%]
tests/test_pydantic_layer.py::TestGeometryParameters::test_validate_mesh_quality_fine_warning PASSED [ 67%]
tests/test_pydantic_layer.py::TestMaterialComposition::test_validate_composition_empty_rejected PASSED [ 67%]
tests/test_pydantic_layer.py::TestMaterialComposition::test_validate_composition_negative_density_rejected PASSED [ 67%]
tests/test_pydantic_layer.py::TestMaterialComposition::test_validate_composition_high_density_warning PASSED [ 67%]
tests/test_pydantic_layer.py::TestMaterialComposition::test_total_number_density PASSED [ 67%]
tests/test_pydantic_layer.py::TestTransientConditions::test_validate_times_t_end_equals_t_start_rejected PASSED [ 67%]
tests/test_pydantic_layer.py::TestTransientConditions::test_validate_times_trigger_before_start_rejected PASSED [ 67%]
tests/test_pydantic_layer.py::TestTransientConditions::test_validate_times_trigger_after_end_rejected PASSED [ 67%]
tests/test_pydantic_layer.py::TestSolverOptions::test_validate_tolerance_tight_warning PASSED [ 67%]
tests/test_pydantic_layer.py::TestSolverOptions::test_validate_tolerance_loose_warning PASSED [ 67%]
tests/test_pydantic_layer.py::TestUtilityFunctions::test_save_and_load_json PASSED [ 67%]
tests/test_pydantic_layer.py::TestUtilityFunctions::test_load_reactor_from_yaml PASSED [ 67%]
tests/test_pydantic_layer.py::TestSMRForgeSettings::test_default_settings PASSED [ 67%]
tests/test_pydantic_layer.py::TestSMRForgeSettings::test_settings_fields PASSED [ 67%]
tests/test_reaction_data_interpolate.py::TestReactionDataInterpolate::test_interpolate_at_lower_boundary PASSED [ 67%]
tests/test_reaction_data_interpolate.py::TestReactionDataInterpolate::test_interpolate_below_lower_boundary PASSED [ 67%]
tests/test_reaction_data_interpolate.py::TestReactionDataInterpolate::test_interpolate_at_upper_boundary PASSED [ 67%]
tests/test_reaction_data_interpolate.py::TestReactionDataInterpolate::test_interpolate_above_upper_boundary PASSED [ 67%]
tests/test_reaction_data_interpolate.py::TestReactionDataInterpolate::test_interpolate_at_exact_grid_point PASSED [ 67%]
tests/test_reaction_data_interpolate.py::TestReactionDataInterpolate::test_interpolate_between_points_midpoint PASSED [ 67%]
tests/test_reaction_data_interpolate.py::TestReactionDataInterpolate::test_interpolate_between_points_quarter PASSED [ 67%]
tests/test_reaction_data_interpolate.py::TestReactionDataInterpolate::test_interpolate_between_upper_points PASSED [ 67%]
tests/test_reaction_data_interpolate.py::TestReactionDataInterpolate::test_interpolate_with_non_monotonic_energy PASSED [ 67%]
tests/test_reaction_data_interpolate.py::TestReactionDataInterpolate::test_interpolate_with_constant_cross_section PASSED [ 67%]
tests/test_reaction_data_interpolate.py::TestReactionDataInterpolate::test_interpolate_handles_negative_energy PASSED [ 67%]
tests/test_reaction_data_interpolate.py::TestReactionDataInterpolate::test_interpolate_with_single_point_array PASSED [ 67%]
tests/test_reaction_data_interpolate.py::TestReactionDataInterpolate::test_interpolate_with_two_points PASSED [ 67%]
tests/test_reaction_data_interpolate.py::TestReactionDataInterpolate::test_interpolate_with_large_energy_range PASSED [ 67%]
tests/test_reaction_data_interpolate.py::TestReactionDataInterpolate::test_interpolate_handles_identical_energy_points PASSED [ 67%]
tests/test_reaction_data_interpolate.py::TestReactionDataInterpolate::test_interpolate_accuracy_linear_function PASSED [ 67%]
tests/test_reaction_data_interpolate.py::TestReactionDataInterpolate::test_interpolate_returns_float PASSED [ 67%]
tests/test_reaction_data_interpolate.py::TestReactionDataInterpolate::test_interpolate_very_small_energy_difference PASSED [ 67%]
tests/test_reaction_to_mt.py::TestReactionToMt::test_reaction_to_mt_total PASSED [ 67%]
tests/test_reaction_to_mt.py::TestReactionToMt::test_reaction_to_mt_elastic PASSED [ 67%]
tests/test_reaction_to_mt.py::TestReactionToMt::test_reaction_to_mt_fission PASSED [ 67%]
tests/test_reaction_to_mt.py::TestReactionToMt::test_reaction_to_mt_capture PASSED [ 68%]
tests/test_reaction_to_mt.py::TestReactionToMt::test_reaction_to_mt_n_gamma PASSED [ 68%]
tests/test_reaction_to_mt.py::TestReactionToMt::test_reaction_to_mt_n_2n PASSED [ 68%]
tests/test_reaction_to_mt.py::TestReactionToMt::test_reaction_to_mt_n_alpha PASSED [ 68%]
tests/test_reaction_to_mt.py::TestReactionToMt::test_reaction_to_mt_unknown_reaction_defaults_to_total PASSED [ 68%]
tests/test_reaction_to_mt.py::TestReactionToMt::test_reaction_to_mt_case_insensitive PASSED [ 68%]
tests/test_reaction_to_mt.py::TestReactionToMt::test_reaction_to_mt_with_whitespace PASSED [ 68%]
tests/test_reaction_to_mt.py::TestReactionToMt::test_reaction_to_mt_all_supported_reactions PASSED [ 68%]
tests/test_reaction_to_mt.py::TestReactionToMt::test_reaction_to_mt_empty_string PASSED [ 68%]
tests/test_reaction_to_mt.py::TestReactionToMt::test_reaction_to_mt_numeric_string PASSED [ 68%]
tests/test_reaction_to_mt.py::TestReactionToMt::test_reaction_to_mt_special_characters PASSED [ 68%]
tests/test_reaction_to_mt.py::TestReactionToMt::test_reaction_to_mt_unicode PASSED [ 68%]
tests/test_reaction_to_mt.py::TestReactionToMt::test_reaction_to_mt_capture_and_n_gamma_equivalent PASSED [ 68%]
tests/test_reaction_to_mt.py::TestReactionToMt::test_reaction_to_mt_variations PASSED [ 68%]
tests/test_reaction_to_mt.py::TestReactionToMt::test_reaction_to_mt_none_input PASSED [ 68%]
tests/test_reactor_core.py::TestNuclide::test_nuclide_creation PASSED    [ 68%]
tests/test_reactor_core.py::TestNuclide::test_nuclide_zam PASSED         [ 68%]
tests/test_reactor_core.py::TestNuclide::test_nuclide_name PASSED        [ 68%]
tests/test_reactor_core.py::TestNuclide::test_nuclide_hash PASSED        [ 68%]
tests/test_reactor_core.py::TestNuclearDataCache::test_cache_initialization_default PASSED [ 68%]
tests/test_reactor_core.py::TestNuclearDataCache::test_cache_initialization_custom PASSED [ 68%]
tests/test_reactor_core.py::TestNuclearDataCache::test_reaction_to_mt PASSED [ 68%]
tests/test_reactor_core.py::TestNuclearDataCache::test_doppler_broaden PASSED [ 68%]
tests/test_reactor_core.py::TestNuclearDataCache::test_ensure_endf_file_handles_missing_file PASSED [ 68%]
tests/test_reactor_core.py::TestNuclearDataCache::test_save_to_cache_memory PASSED [ 68%]
tests/test_reactor_core.py::TestNuclearDataCache::test_cache_directory_creation PASSED [ 68%]
tests/test_reactor_core.py::TestLibrary::test_library_enum_values PASSED [ 68%]
tests/test_reactor_core.py::TestCrossSectionTable::test_cross_section_table_initialization PASSED [ 68%]
tests/test_reactor_core.py::TestCrossSectionTable::test_collapse_to_multigroup PASSED [ 68%]
tests/test_reactor_core.py::TestCrossSectionTable::test_collapse_to_multigroup_with_weighting PASSED [ 68%]
tests/test_reactor_core.py::TestCrossSectionTable::test_collapse_to_multigroup_single_point_in_group PASSED [ 68%]
tests/test_reactor_core.py::TestCrossSectionTable::test_collapse_to_multigroup_empty_group PASSED [ 68%]
tests/test_reactor_core.py::TestCrossSectionTable::test_pivot_for_solver PASSED [ 68%]
tests/test_reactor_core.py::TestDecayData::test_decay_data_initialization PASSED [ 68%]
tests/test_reactor_core.py::TestDecayData::test_get_decay_constant PASSED [ 68%]
tests/test_reactor_core.py::TestDecayData::test_get_decay_constant_zero_half_life PASSED [ 68%]
tests/test_reactor_core.py::TestDecayData::test_get_half_life PASSED     [ 68%]
tests/test_reactor_core.py::TestDecayData::test_get_daughters PASSED     [ 68%]
tests/test_reactor_core.py::TestDecayData::test_build_decay_matrix PASSED [ 68%]
tests/test_reactor_core.py::TestNuclearDataCacheAdditional::test_get_endf_url PASSED [ 68%]
tests/test_reactor_core.py::TestNuclearDataCacheAdditional::test_reaction_to_mt_unknown_reaction PASSED [ 68%]
tests/test_reactor_core.py::TestNuclearDataCacheAdditional::test_reaction_to_mt_case_insensitive PASSED [ 68%]
tests/test_reactor_core.py::TestNuclearDataCacheAdditional::test_ensure_endf_file_downloads_when_missing PASSED [ 68%]
tests/test_reactor_core.py::TestNuclearDataCacheAdditional::test_ensure_endf_file_uses_existing_file PASSED [ 68%]
tests/test_reactor_core.py::TestNuclearDataCacheAdditional::test_ensure_endf_file_invalid_nuclide PASSED [ 68%]
tests/test_reactor_core.py::TestNuclearDataCacheAdditional::test_fetch_and_cache_with_builtin_parser PASSED [ 68%]
tests/test_reactor_core.py::TestNuclearDataCacheAdditional::test_simple_endf_parse_basic PASSED [ 68%]
tests/test_reactor_core.py::TestNuclearDataCacheAdditional::test_get_cross_section_zarr_cache_hit PASSED [ 68%]
tests/test_reactor_core.py::TestNuclearDataCacheAdditional::test_get_cross_section_memory_cache_hit PASSED [ 68%]
tests/test_reactor_core.py::TestNuclearDataCacheAdditional::test_save_to_cache PASSED [ 68%]
tests/test_reactor_core.py::TestNuclearDataCacheAdditional::test_save_to_cache_memory_only PASSED [ 69%]
tests/test_reactor_core_additional_coverage.py::TestSaveToCache::test_save_to_cache_validation_length_mismatch PASSED [ 69%]
tests/test_reactor_core_additional_coverage.py::TestSaveToCache::test_save_to_cache_validation_nan_energy PASSED [ 69%]
tests/test_reactor_core_additional_coverage.py::TestSaveToCache::test_save_to_cache_validation_inf_energy PASSED [ 69%]
tests/test_reactor_core_additional_coverage.py::TestSaveToCache::test_save_to_cache_validation_nan_xs PASSED [ 69%]
tests/test_reactor_core_additional_coverage.py::TestSaveToCache::test_save_to_cache_validation_inf_xs PASSED [ 69%]
tests/test_reactor_core_additional_coverage.py::TestSaveToCache::test_save_to_cache_chunk_size_large_array PASSED [ 69%]
tests/test_reactor_core_additional_coverage.py::TestSaveToCache::test_save_to_cache_chunk_size_medium_array PASSED [ 69%]
tests/test_reactor_core_additional_coverage.py::TestSaveToCache::test_save_to_cache_chunk_size_small_array PASSED [ 69%]
tests/test_reactor_core_additional_coverage.py::TestExtractMf3Data::test_extract_mf3_data_pattern1_e_xs_keys PASSED [ 69%]
tests/test_reactor_core_additional_coverage.py::TestExtractMf3Data::test_extract_mf3_data_pattern2_energy_cross_section_keys PASSED [ 69%]
tests/test_reactor_core_additional_coverage.py::TestExtractMf3Data::test_extract_mf3_data_pattern3_data_field_pairs PASSED [ 69%]
tests/test_reactor_core_additional_coverage.py::TestExtractMf3Data::test_extract_mf3_data_pattern3_data_field_flat PASSED [ 69%]
tests/test_reactor_core_additional_coverage.py::TestExtractMf3Data::test_extract_mf3_data_pattern4_pattern_matching PASSED [ 69%]
tests/test_reactor_core_additional_coverage.py::TestExtractMf3Data::test_extract_mf3_data_pattern5_list_pairs PASSED [ 69%]
tests/test_reactor_core_additional_coverage.py::TestExtractMf3Data::test_extract_mf3_data_pattern5_flat_array PASSED [ 69%]
tests/test_reactor_core_additional_coverage.py::TestExtractMf3Data::test_extract_mf3_data_pattern6_2d_array PASSED [ 69%]
tests/test_reactor_core_additional_coverage.py::TestExtractMf3Data::test_extract_mf3_data_empty_dict PASSED [ 69%]
tests/test_reactor_core_additional_coverage.py::TestExtractMf3Data::test_extract_mf3_data_invalid_structure PASSED [ 69%]
tests/test_reactor_core_additional_coverage.py::TestExtractMf3Data::test_extract_mf3_data_mismatched_lengths PASSED [ 69%]
tests/test_reactor_core_additional_coverage.py::TestSimpleEndfParse::test_simple_endf_parse_valid_file PASSED [ 69%]
tests/test_reactor_core_additional_coverage.py::TestSimpleEndfParse::test_simple_endf_parse_file_not_found PASSED [ 69%]
tests/test_reactor_core_additional_coverage.py::TestSimpleEndfParse::test_simple_endf_parse_reaction_not_found PASSED [ 69%]
tests/test_reactor_core_additional_coverage.py::TestSimpleEndfParse::test_simple_endf_parse_empty_file PASSED [ 69%]
tests/test_reactor_core_additional_coverage.py::TestSimpleEndfParse::test_simple_endf_parse_invalid_format PASSED [ 69%]
tests/test_reactor_core_additional_coverage.py::TestFetchAndCacheErrorMessages::test_fetch_and_cache_all_backends_fail_error_message PASSED [ 69%]
tests/test_reactor_core_additional_coverage.py::TestFetchAndCacheErrorMessages::test_fetch_and_cache_error_message_with_parser_info PASSED [ 69%]
tests/test_reactor_core_additional_coverage.py::TestAsyncMethods::test_get_cross_section_async_memory_cache PASSED [ 69%]
tests/test_reactor_core_additional_coverage.py::TestAsyncMethods::test_get_cross_section_async_zarr_cache PASSED [ 69%]
tests/test_reactor_core_additional_coverage.py::TestAsyncMethods::test_fetch_and_cache_async_all_backends_fail PASSED [ 69%]
tests/test_reactor_core_additional_coverage.py::TestAsyncMethods::test_generate_multigroup_async PASSED [ 69%]
tests/test_reactor_core_additional_coverage.py::TestAdditionalEdgeCases::test_get_file_metadata_oserror PASSED [ 69%]
tests/test_reactor_core_additional_coverage.py::TestAdditionalEdgeCases::test_update_file_metadata_oserror PASSED [ 69%]
tests/test_reactor_core_additional_coverage.py::TestAdditionalEdgeCases::test_save_to_cache_zarr_exception_still_updates_memory PASSED [ 69%]
tests/test_reactor_core_additional_edge_cases.py::TestBuildLocalFileIndexEdgeCases::test_build_index_no_local_dir PASSED [ 69%]
tests/test_reactor_core_additional_edge_cases.py::TestBuildLocalFileIndexEdgeCases::test_build_index_nonexistent_dir PASSED [ 69%]
tests/test_reactor_core_additional_edge_cases.py::TestBuildLocalFileIndexEdgeCases::test_build_index_empty_dir PASSED [ 69%]
tests/test_reactor_core_additional_edge_cases.py::TestBuildLocalFileIndexEdgeCases::test_build_index_with_invalid_files PASSED [ 69%]
tests/test_reactor_core_additional_edge_cases.py::TestBuildLocalFileIndexEdgeCases::test_build_index_with_duplicate_nuclides PASSED [ 69%]
tests/test_reactor_core_additional_edge_cases.py::TestExtractMf3DataPatterns::test_extract_pattern1_e_xs_keys PASSED [ 69%]
tests/test_reactor_core_additional_edge_cases.py::TestExtractMf3DataPatterns::test_extract_pattern2_energy_cross_section_keys PASSED [ 69%]
tests/test_reactor_core_additional_edge_cases.py::TestExtractMf3DataPatterns::test_extract_pattern3_data_field_pairs PASSED [ 69%]
tests/test_reactor_core_additional_edge_cases.py::TestExtractMf3DataPatterns::test_extract_pattern3_data_field_flat_array PASSED [ 69%]
tests/test_reactor_core_additional_edge_cases.py::TestExtractMf3DataPatterns::test_extract_pattern4_energy_like_keys PASSED [ 69%]
tests/test_reactor_core_additional_edge_cases.py::TestExtractMf3DataPatterns::test_extract_pattern5_list_pairs PASSED [ 69%]
tests/test_reactor_core_additional_edge_cases.py::TestExtractMf3DataPatterns::test_extract_pattern5_flat_list PASSED [ 69%]
tests/test_reactor_core_additional_edge_cases.py::TestExtractMf3DataPatterns::test_extract_numpy_array_pairs PASSED [ 69%]
tests/test_reactor_core_additional_edge_cases.py::TestExtractMf3DataPatterns::test_extract_numpy_array_flat PASSED [ 69%]
tests/test_reactor_core_additional_edge_cases.py::TestExtractMf3DataPatterns::test_extract_invalid_data PASSED [ 69%]
tests/test_reactor_core_additional_edge_cases.py::TestAddFileToIndexEdgeCases::test_add_file_nonexistent PASSED [ 69%]
tests/test_reactor_core_additional_edge_cases.py::TestAddFileToIndexEdgeCases::test_add_file_directory_not_file PASSED [ 69%]
tests/test_reactor_core_additional_edge_cases.py::TestAddFileToIndexEdgeCases::test_add_file_invalid_filename PASSED [ 70%]
tests/test_reactor_core_additional_edge_cases.py::TestAddFileToIndexEdgeCases::test_add_file_validation_fails PASSED [ 70%]
tests/test_reactor_core_additional_edge_cases.py::TestValidateEndfFileEdgeCases::test_validate_nonexistent_file PASSED [ 70%]
tests/test_reactor_core_additional_edge_cases.py::TestValidateEndfFileEdgeCases::test_validate_directory PASSED [ 70%]
tests/test_reactor_core_additional_edge_cases.py::TestValidateEndfFileEdgeCases::test_validate_empty_file PASSED [ 70%]
tests/test_reactor_core_additional_edge_cases.py::TestValidateEndfFileEdgeCases::test_validate_file_too_small PASSED [ 70%]
tests/test_reactor_core_additional_edge_cases.py::TestValidateEndfFileEdgeCases::test_validate_file_with_endf_marker PASSED [ 70%]
tests/test_reactor_core_additional_edge_cases.py::TestValidateEndfFileEdgeCases::test_validate_file_with_endfb_marker PASSED [ 70%]
tests/test_reactor_core_additional_edge_cases.py::TestCollapseToMultigroupEdgeCases::test_collapse_single_point PASSED [ 70%]
tests/test_reactor_core_additional_edge_cases.py::TestCollapseToMultigroupEdgeCases::test_collapse_energy_outside_bounds PASSED [ 70%]
tests/test_reactor_core_additional_edge_cases.py::TestCollapseToMultigroupEdgeCases::test_collapse_energy_below_bounds PASSED [ 70%]
tests/test_reactor_core_additional_edge_cases.py::TestCollapseToMultigroupEdgeCases::test_collapse_with_weighting_flux PASSED [ 70%]
tests/test_reactor_core_additional_edge_cases.py::TestNuclearDataCacheAdditionalMethods::test_get_library_fallback PASSED [ 70%]
tests/test_reactor_core_additional_edge_cases.py::TestNuclearDataCacheAdditionalMethods::test_endf_filename_to_nuclide_standard PASSED [ 70%]
tests/test_reactor_core_additional_edge_cases.py::TestNuclearDataCacheAdditionalMethods::test_endf_filename_to_nuclide_metastable PASSED [ 70%]
tests/test_reactor_core_additional_edge_cases.py::TestNuclearDataCacheAdditionalMethods::test_endf_filename_to_nuclide_invalid PASSED [ 70%]
tests/test_reactor_core_additional_edge_cases.py::TestNuclearDataCacheAdditionalMethods::test_endf_filename_to_nuclide_mismatched_element PASSED [ 70%]
tests/test_reactor_core_additional_edge_cases.py::TestNuclearDataCacheAdditionalMethods::test_nuclide_to_endf_filename_standard PASSED [ 70%]
tests/test_reactor_core_additional_edge_cases.py::TestNuclearDataCacheAdditionalMethods::test_nuclide_to_endf_filename_metastable PASSED [ 70%]
tests/test_reactor_core_additional_edge_cases.py::TestNuclearDataCacheAdditionalMethods::test_find_local_endf_file_fallback PASSED [ 70%]
tests/test_reactor_core_additional_edge_cases.py::TestNuclearDataCacheAdditionalMethods::test_find_local_decay_file_metastable PASSED [ 70%]
tests/test_reactor_core_additional_edge_cases.py::TestNuclearDataCacheAdditionalMethods::test_find_local_tsl_file_case_insensitive PASSED [ 70%]
tests/test_reactor_core_additional_edge_cases.py::TestNuclearDataCacheAdditionalMethods::test_build_tsl_file_index_with_parser_error PASSED [ 70%]
tests/test_reactor_core_additional_edge_cases.py::TestNuclearDataCacheAdditionalMethods::test_build_photon_file_index_with_parser_error PASSED [ 70%]
tests/test_reactor_core_additional_edge_cases.py::TestNuclearDataCacheAdditionalMethods::test_get_photon_cross_section_no_file PASSED [ 70%]
tests/test_reactor_core_additional_edge_cases.py::TestNuclearDataCacheAdditionalMethods::test_get_gamma_production_data_no_file PASSED [ 70%]
tests/test_reactor_core_additional_edge_cases.py::TestNuclearDataCacheAdditionalMethods::test_list_available_tsl_materials PASSED [ 70%]
tests/test_reactor_core_additional_edge_cases.py::TestNuclearDataCacheAdditionalMethods::test_get_tsl_file PASSED [ 70%]
tests/test_reactor_core_additional_edge_cases.py::TestNuclearDataCacheAdditionalMethods::test_list_available_photon_elements PASSED [ 70%]
tests/test_reactor_core_additional_edge_cases.py::TestNuclearDataCacheAdditionalMethods::test_get_photon_file PASSED [ 70%]
tests/test_reactor_core_additional_utility_coverage.py::TestGetParserLoggerCalls::test_get_parser_logs_cpp_parser_info PASSED [ 70%]
tests/test_reactor_core_additional_utility_coverage.py::TestOrganizeBulkEndfDownloadsLoggerCalls::test_organize_bulk_endf_downloads_logs_warning_for_invalid_file PASSED [ 70%]
tests/test_reactor_core_additional_utility_coverage.py::TestOrganizeBulkEndfDownloadsLoggerCalls::test_organize_bulk_endf_downloads_logs_debug_for_duplicate PASSED [ 70%]
tests/test_reactor_core_additional_utility_coverage.py::TestScanEndfDirectoryVersionDetection::test_scan_endf_directory_detects_version_from_directory_name PASSED [ 70%]
tests/test_reactor_core_additional_utility_coverage.py::TestGenerateMultigroupAdditionalCoverage::test_generate_multigroup_handles_all_reactions_skipped PASSED [ 70%]
tests/test_reactor_core_additional_utility_coverage.py::TestGenerateMultigroupAdditionalCoverage::test_generate_multigroup_handles_empty_data_arrays PASSED [ 70%]
tests/test_reactor_core_additional_utility_coverage.py::TestGenerateMultigroupAdditionalCoverage::test_generate_multigroup_async_handles_all_reactions_success PASSED [ 70%]
tests/test_reactor_core_additional_utility_coverage.py::TestSimpleEndfParseAdditionalCoverage::test_simple_endf_parse_handles_control_record_skipping PASSED [ 70%]
tests/test_reactor_core_advanced_error_handling.py::TestFileCopyErrorHandling::test_copy_local_endf_file_ioerror SKIPPED [ 70%]
tests/test_reactor_core_advanced_error_handling.py::TestFileCopyErrorHandling::test_copy_local_endf_file_oserror SKIPPED [ 70%]
tests/test_reactor_core_advanced_error_handling.py::TestFileCopyErrorHandling::test_copy_local_endf_file_chained_exception SKIPPED [ 70%]
tests/test_reactor_core_advanced_error_handling.py::TestFileValidationErrorHandling::test_copy_invalid_endf_file PASSED [ 70%]
tests/test_reactor_core_advanced_error_handling.py::TestBulkDownloadErrorHandling::test_organize_bulk_copy_ioerror PASSED [ 70%]
tests/test_reactor_core_advanced_error_handling.py::TestBulkDownloadErrorHandling::test_organize_bulk_copy_oserror PASSED [ 70%]
tests/test_reactor_core_advanced_error_handling.py::TestBulkDownloadErrorHandling::test_organize_bulk_source_nonexistent PASSED [ 70%]
tests/test_reactor_core_advanced_error_handling.py::TestParserBackendErrorHandling::test_parser_import_failure_handling PASSED [ 70%]
tests/test_reactor_core_advanced_error_handling.py::TestParserBackendErrorHandling::test_sandy_unavailable_handling PASSED [ 70%]
tests/test_reactor_core_advanced_error_handling.py::TestParserBackendErrorHandling::test_parser_initialization_failure PASSED [ 70%]
tests/test_reactor_core_advanced_error_handling.py::TestAsyncErrorHandling::test_async_file_not_found_handling PASSED [ 70%]
tests/test_reactor_core_advanced_error_handling.py::TestErrorMessages::test_file_validation_error_message PASSED [ 70%]
tests/test_reactor_core_advanced_error_handling.py::TestErrorMessages::test_copy_error_message_includes_permissions_hint SKIPPED [ 71%]
tests/test_reactor_core_async_edge_cases.py::TestAsyncGatherErrorHandling::test_generate_multigroup_async_partial_failure PASSED [ 71%]
tests/test_reactor_core_async_edge_cases.py::TestAsyncGatherErrorHandling::test_generate_multigroup_async_all_fail PASSED [ 71%]
tests/test_reactor_core_async_edge_cases.py::TestAsyncGatherErrorHandling::test_generate_multigroup_async_empty_inputs PASSED [ 71%]
tests/test_reactor_core_async_edge_cases.py::TestAsyncGatherErrorHandling::test_generate_multigroup_async_missing_data PASSED [ 71%]
tests/test_reactor_core_async_edge_cases.py::TestAsyncConcurrentAccess::test_concurrent_get_cross_section_async PASSED [ 71%]
tests/test_reactor_core_async_edge_cases.py::TestAsyncExceptionPropagation::test_async_exception_propagates_correctly PASSED [ 71%]
tests/test_reactor_core_async_edge_cases.py::TestAsyncExceptionPropagation::test_async_exception_in_gather_stops_all PASSED [ 71%]
tests/test_reactor_core_async_edge_cases.py::TestAsyncTimeoutScenarios::test_async_slow_operation PASSED [ 71%]
tests/test_reactor_core_async_edge_cases.py::TestAsyncTimeoutScenarios::test_async_with_timeout PASSED [ 71%]
tests/test_reactor_core_async_edge_cases.py::TestAsyncDataConsistency::test_async_results_order_preserved PASSED [ 71%]
tests/test_reactor_core_comprehensive.py::TestNuclearDataCacheComprehensive::test_build_local_file_index PASSED [ 71%]
tests/test_reactor_core_comprehensive.py::TestNuclearDataCacheComprehensive::test_find_local_endf_file PASSED [ 71%]
tests/test_reactor_core_comprehensive.py::TestNuclearDataCacheComprehensive::test_find_local_endf_file_fallback PASSED [ 71%]
tests/test_reactor_core_comprehensive.py::TestNuclearDataCacheComprehensive::test_parse_alternative_endf_filename_pattern1 PASSED [ 71%]
tests/test_reactor_core_comprehensive.py::TestNuclearDataCacheComprehensive::test_parse_alternative_endf_filename_pattern2 PASSED [ 71%]
tests/test_reactor_core_comprehensive.py::TestNuclearDataCacheComprehensive::test_validate_endf_file PASSED [ 71%]
tests/test_reactor_core_comprehensive.py::TestNuclearDataCacheComprehensive::test_add_file_to_index_with_duplicate PASSED [ 71%]
tests/test_reactor_core_comprehensive.py::TestNuclearDataCacheComprehensive::test_add_file_to_index_with_filename_mismatch PASSED [ 71%]
tests/test_reactor_core_comprehensive.py::TestNuclearDataCacheComprehensive::test_add_file_to_index_nonexistent_file PASSED [ 71%]
tests/test_reactor_core_comprehensive.py::TestNuclearDataCacheComprehensive::test_build_local_file_index_with_alternative_naming PASSED [ 71%]
tests/test_reactor_core_comprehensive.py::TestNuclearDataCacheComprehensive::test_endf_filename_to_nuclide PASSED [ 71%]
tests/test_reactor_core_comprehensive.py::TestNuclearDataCacheComprehensive::test_nuclide_to_endf_filename PASSED [ 71%]
tests/test_reactor_core_comprehensive.py::TestNuclearDataCacheComprehensive::test_get_library_fallback PASSED [ 71%]
tests/test_reactor_core_comprehensive.py::TestNuclearDataCacheComprehensive::test_save_to_cache_validation PASSED [ 71%]
tests/test_reactor_core_comprehensive.py::TestNuclearDataCacheComprehensive::test_memory_cache_lru_eviction PASSED [ 71%]
tests/test_reactor_core_comprehensive.py::TestNuclearDataCacheComprehensive::test_find_local_decay_file PASSED [ 71%]
tests/test_reactor_core_comprehensive.py::TestNuclearDataCacheComprehensive::test_find_local_tsl_file PASSED [ 71%]
tests/test_reactor_core_comprehensive.py::TestNuclearDataCacheComprehensive::test_find_local_tsl_file_alternative_naming PASSED [ 71%]
tests/test_reactor_core_comprehensive.py::TestNuclearDataCacheComprehensive::test_find_local_tsl_file_alternative_patterns PASSED [ 71%]
tests/test_reactor_core_comprehensive.py::TestNuclearDataCacheComprehensive::test_find_local_tsl_file_no_local_dir PASSED [ 71%]
tests/test_reactor_core_comprehensive.py::TestNuclearDataCacheComprehensive::test_build_tsl_file_index PASSED [ 71%]
tests/test_reactor_core_comprehensive.py::TestNuclearDataCacheComprehensive::test_build_tsl_file_index_alternative_dir PASSED [ 71%]
tests/test_reactor_core_comprehensive.py::TestNuclearDataCacheComprehensive::test_build_tsl_file_index_no_local_dir PASSED [ 71%]
tests/test_reactor_core_comprehensive.py::TestNuclearDataCacheComprehensive::test_get_tsl_file PASSED [ 71%]
tests/test_reactor_core_comprehensive.py::TestNuclearDataCacheComprehensive::test_list_available_tsl_materials PASSED [ 71%]
tests/test_reactor_core_comprehensive.py::TestNuclearDataCacheComprehensive::test_find_local_fission_yield_file PASSED [ 71%]
tests/test_reactor_core_comprehensive.py::TestNuclearDataCacheComprehensive::test_find_local_fission_yield_file_no_dir PASSED [ 71%]
tests/test_reactor_core_comprehensive.py::TestNuclearDataCacheComprehensive::test_find_local_photon_file PASSED [ 71%]
tests/test_reactor_core_comprehensive.py::TestNuclearDataCacheComprehensive::test_build_photon_file_index PASSED [ 71%]
tests/test_reactor_core_comprehensive.py::TestNuclearDataCacheComprehensive::test_build_photon_file_index_no_dir PASSED [ 71%]
tests/test_reactor_core_comprehensive.py::TestNuclearDataCacheComprehensive::test_get_photon_file PASSED [ 71%]
tests/test_reactor_core_comprehensive.py::TestNuclearDataCacheComprehensive::test_list_available_photon_elements PASSED [ 71%]
tests/test_reactor_core_comprehensive.py::TestNuclearDataCacheComprehensive::test_find_local_gamma_production_file PASSED [ 71%]
tests/test_reactor_core_comprehensive.py::TestNuclearDataCacheComprehensive::test_find_local_gamma_production_file_no_dir PASSED [ 71%]
tests/test_reactor_core_comprehensive.py::TestNuclearDataCacheComprehensive::test_build_gamma_production_file_index PASSED [ 71%]
tests/test_reactor_core_comprehensive.py::TestNuclearDataCacheComprehensive::test_get_gamma_production_data PASSED [ 71%]
tests/test_reactor_core_comprehensive.py::TestCrossSectionTableComprehensive::test_collapse_to_multigroup PASSED [ 71%]
tests/test_reactor_core_comprehensive.py::TestCrossSectionTableComprehensive::test_collapse_to_multigroup_with_flux PASSED [ 71%]
tests/test_reactor_core_comprehensive.py::TestCrossSectionTableComprehensive::test_collapse_to_multigroup_single_point PASSED [ 71%]
tests/test_reactor_core_comprehensive.py::TestCrossSectionTableComprehensive::test_pivot_for_solver PASSED [ 71%]
tests/test_reactor_core_comprehensive.py::TestDecayDataComprehensive::test_build_decay_matrix PASSED [ 72%]
tests/test_reactor_core_comprehensive.py::TestDecayDataComprehensive::test_get_daughters PASSED [ 72%]
tests/test_reactor_core_comprehensive.py::TestDecayDataComprehensive::test_get_half_life PASSED [ 72%]
tests/test_reactor_core_comprehensive.py::TestAsyncOperations::test_get_cross_section_async_memory_cache PASSED [ 72%]
tests/test_reactor_core_comprehensive.py::TestAsyncOperations::test_get_cross_section_async_zarr_cache PASSED [ 72%]
tests/test_reactor_core_coverage_gaps.py::TestZarrCacheKeyError::test_get_cross_section_zarr_keyerror_falls_back_to_fetch PASSED [ 72%]
tests/test_reactor_core_coverage_gaps.py::TestBackendPaths::test_simple_parser_backend_with_doppler SKIPPED [ 72%]
tests/test_reactor_core_coverage_gaps.py::TestBackendPaths::test_all_backends_fail_error_message SKIPPED [ 72%]
tests/test_reactor_core_coverage_gaps.py::TestSimpleEndfParseControlRecords::test_simple_endf_parse_skips_second_control_record PASSED [ 72%]
tests/test_reactor_core_coverage_gaps.py::TestSimpleEndfParseControlRecords::test_simple_endf_parse_handles_blank_line PASSED [ 72%]
tests/test_reactor_core_coverage_gaps.py::TestSimpleEndfParseControlRecords::test_simple_endf_parse_handles_different_mt PASSED [ 72%]
tests/test_reactor_core_coverage_gaps.py::TestCollapseToMultigroup::test_collapse_to_multigroup_single_point PASSED [ 72%]
tests/test_reactor_core_coverage_gaps.py::TestCollapseToMultigroup::test_collapse_to_multigroup_empty_group PASSED [ 72%]
tests/test_reactor_core_coverage_gaps.py::TestCollapseToMultigroup::test_collapse_to_multigroup_custom_weighting PASSED [ 72%]
tests/test_reactor_core_coverage_gaps.py::TestCollapseToMultigroup::test_collapse_to_multigroup_zero_denominator PASSED [ 72%]
tests/test_reactor_core_coverage_gaps.py::TestCollapseToMultigroup::test_collapse_to_multigroup_multiple_groups PASSED [ 72%]
tests/test_reactor_core_coverage_gaps.py::TestBuildDecayMatrix::test_build_decay_matrix_with_daughters PASSED [ 72%]
tests/test_reactor_core_coverage_gaps.py::TestBuildDecayMatrix::test_build_decay_matrix_no_daughters PASSED [ 72%]
tests/test_reactor_core_critical.py::TestSimpleEndfParse::test_simple_endf_parse_total PASSED [ 72%]
tests/test_reactor_core_critical.py::TestSimpleEndfParse::test_simple_endf_parse_fission PASSED [ 72%]
tests/test_reactor_core_critical.py::TestSimpleEndfParse::test_simple_endf_parse_capture PASSED [ 72%]
tests/test_reactor_core_critical.py::TestSimpleEndfParse::test_simple_endf_parse_not_found PASSED [ 72%]
tests/test_reactor_core_critical.py::TestSimpleEndfParse::test_simple_endf_parse_invalid_file PASSED [ 72%]
tests/test_reactor_core_critical.py::TestSimpleEndfParse::test_simple_endf_parse_filtering PASSED [ 72%]
tests/test_reactor_core_critical.py::TestExtractMf3Data::test_extract_mf3_data_pattern1 PASSED [ 72%]
tests/test_reactor_core_critical.py::TestExtractMf3Data::test_extract_mf3_data_pattern2 PASSED [ 72%]
tests/test_reactor_core_critical.py::TestExtractMf3Data::test_extract_mf3_data_pattern3_pairs PASSED [ 72%]
tests/test_reactor_core_critical.py::TestExtractMf3Data::test_extract_mf3_data_pattern3_flat PASSED [ 72%]
tests/test_reactor_core_critical.py::TestExtractMf3Data::test_extract_mf3_data_pattern4_variable_names PASSED [ 72%]
tests/test_reactor_core_critical.py::TestExtractMf3Data::test_extract_mf3_data_pattern5_list_pairs PASSED [ 72%]
tests/test_reactor_core_critical.py::TestExtractMf3Data::test_extract_mf3_data_pattern5_array_pairs PASSED [ 72%]
tests/test_reactor_core_critical.py::TestExtractMf3Data::test_extract_mf3_data_pattern5_flat_array PASSED [ 72%]
tests/test_reactor_core_critical.py::TestExtractMf3Data::test_extract_mf3_data_invalid PASSED [ 72%]
tests/test_reactor_core_critical.py::TestExtractMf3Data::test_extract_mf3_data_empty PASSED [ 72%]
tests/test_reactor_core_critical.py::TestExtractMf3Data::test_extract_mf3_data_mismatched_lengths PASSED [ 72%]
tests/test_reactor_core_critical.py::TestFetchAndCache::test_fetch_and_cache_endf_parserpy PASSED [ 72%]
tests/test_reactor_core_critical.py::TestFetchAndCache::test_fetch_and_cache_sandy PASSED [ 72%]
tests/test_reactor_core_critical.py::TestFetchAndCache::test_fetch_and_cache_smrforge_parser PASSED [ 72%]
tests/test_reactor_core_critical.py::TestFetchAndCache::test_fetch_and_cache_simple_parser PASSED [ 72%]
tests/test_reactor_core_critical.py::TestFetchAndCache::test_fetch_and_cache_all_fail PASSED [ 72%]
tests/test_reactor_core_critical.py::TestFetchAndCache::test_fetch_and_cache_temperature_broadening PASSED [ 72%]
tests/test_reactor_core_critical.py::TestAsyncOperations::test_fetch_and_cache_async PASSED [ 72%]
tests/test_reactor_core_critical.py::TestAsyncOperations::test_ensure_endf_file_async PASSED [ 72%]
tests/test_reactor_core_critical.py::TestEnsureEndfFile::test_ensure_endf_file_from_local PASSED [ 72%]
tests/test_reactor_core_critical.py::TestEnsureEndfFile::test_ensure_endf_file_not_found PASSED [ 72%]
tests/test_reactor_core_critical.py::TestSaveToCache::test_save_to_cache_success PASSED [ 72%]
tests/test_reactor_core_critical.py::TestSaveToCache::test_save_to_cache_zarr_failure PASSED [ 72%]
tests/test_reactor_core_critical.py::TestSaveToCache::test_save_to_cache_zarr_success PASSED [ 72%]
tests/test_reactor_core_critical.py::TestDopplerBroadening::test_doppler_broaden_same_temperature PASSED [ 72%]
tests/test_reactor_core_critical.py::TestDopplerBroadening::test_doppler_broaden_zero_energy PASSED [ 72%]
tests/test_reactor_core_critical.py::TestDopplerBroadening::test_doppler_broaden_high_temperature PASSED [ 73%]
tests/test_reactor_core_critical.py::TestReactionToMt::test_reaction_to_mt_all_reactions PASSED [ 73%]
tests/test_reactor_core_critical.py::TestReactionToMt::test_reaction_to_mt_case_insensitive PASSED [ 73%]
tests/test_reactor_core_critical.py::TestReactionToMt::test_reaction_to_mt_unknown PASSED [ 73%]
tests/test_reactor_core_critical_comprehensive.py::TestNuclearDataCacheCritical::test_tsl_file_discovery PASSED [ 73%]
tests/test_reactor_core_critical_comprehensive.py::TestNuclearDataCacheCritical::test_photon_file_discovery PASSED [ 73%]
tests/test_reactor_core_critical_comprehensive.py::TestNuclearDataCacheCritical::test_get_tsl_file PASSED [ 73%]
tests/test_reactor_core_critical_comprehensive.py::TestNuclearDataCacheCritical::test_get_photon_file PASSED [ 73%]
tests/test_reactor_core_critical_comprehensive.py::TestNuclearDataCacheCritical::test_get_photon_cross_section PASSED [ 73%]
tests/test_reactor_core_critical_comprehensive.py::TestNuclearDataCacheCritical::test_get_gamma_production_data PASSED [ 73%]
tests/test_reactor_core_critical_comprehensive.py::TestNuclearDataCacheCritical::test_build_tsl_file_index PASSED [ 73%]
tests/test_reactor_core_critical_comprehensive.py::TestNuclearDataCacheCritical::test_build_photon_file_index PASSED [ 73%]
tests/test_reactor_core_critical_comprehensive.py::TestNuclearDataCacheCritical::test_find_local_decay_file PASSED [ 73%]
tests/test_reactor_core_critical_comprehensive.py::TestNuclearDataCacheCritical::test_find_local_fission_yield_file PASSED [ 73%]
tests/test_reactor_core_critical_comprehensive.py::TestNuclearDataCacheCritical::test_save_to_cache PASSED [ 73%]
tests/test_reactor_core_critical_comprehensive.py::TestNuclearDataCacheCritical::test_get_cross_section_cached PASSED [ 73%]
tests/test_reactor_core_critical_comprehensive.py::TestNuclearDataCacheCritical::test_get_cross_section_with_cache PASSED [ 73%]
tests/test_reactor_core_critical_comprehensive.py::TestNuclearDataCacheCritical::test_get_cross_section_temperature_broadening PASSED [ 73%]
tests/test_reactor_core_critical_comprehensive.py::TestCrossSectionTableCritical::test_generate_multigroup PASSED [ 73%]
tests/test_reactor_core_critical_comprehensive.py::TestCrossSectionTableCritical::test_pivot_for_solver PASSED [ 73%]
tests/test_reactor_core_critical_comprehensive.py::TestCrossSectionTableCritical::test_collapse_to_multigroup_static PASSED [ 73%]
tests/test_reactor_core_critical_comprehensive.py::TestCrossSectionTableCritical::test_collapse_to_multigroup_with_flux PASSED [ 73%]
tests/test_reactor_core_critical_comprehensive.py::TestDecayDataCritical::test_get_decay_constant PASSED [ 73%]
tests/test_reactor_core_critical_comprehensive.py::TestDecayDataCritical::test_build_decay_matrix PASSED [ 73%]
tests/test_reactor_core_critical_comprehensive.py::TestReactorCoreEdgeCases::test_cache_without_endf_dir PASSED [ 73%]
tests/test_reactor_core_critical_comprehensive.py::TestReactorCoreEdgeCases::test_get_cross_section_invalid_nuclide PASSED [ 73%]
tests/test_reactor_core_critical_comprehensive.py::TestReactorCoreEdgeCases::test_get_cross_section_invalid_reaction PASSED [ 73%]
tests/test_reactor_core_critical_comprehensive.py::TestReactorCoreEdgeCases::test_collapse_to_multigroup_empty_energy PASSED [ 73%]
tests/test_reactor_core_critical_comprehensive.py::TestReactorCoreEdgeCases::test_collapse_to_multigroup_single_group PASSED [ 73%]
tests/test_reactor_core_critical_comprehensive.py::TestReactorCoreEdgeCases::test_get_cross_section_zarr_cache_hit PASSED [ 73%]
tests/test_reactor_core_critical_comprehensive.py::TestReactorCoreEdgeCases::test_get_file_metadata_cached PASSED [ 73%]
tests/test_reactor_core_critical_comprehensive.py::TestReactorCoreEdgeCases::test_get_file_metadata_file_changed PASSED [ 73%]
tests/test_reactor_core_critical_comprehensive.py::TestReactorCoreEdgeCases::test_get_file_metadata_file_not_found PASSED [ 73%]
tests/test_reactor_core_critical_comprehensive.py::TestReactorCoreEdgeCases::test_update_file_metadata_exception PASSED [ 73%]
tests/test_reactor_core_critical_comprehensive.py::TestReactorCoreEdgeCases::test_get_parser_info_with_parser PASSED [ 73%]
tests/test_reactor_core_critical_comprehensive.py::TestReactorCoreEdgeCases::test_get_parser_info_no_parser PASSED [ 73%]
tests/test_reactor_core_critical_comprehensive.py::TestReactorCoreEdgeCases::test_get_parser_cpp_parser PASSED [ 73%]
tests/test_reactor_core_critical_comprehensive.py::TestReactorCoreEdgeCases::test_get_parser_factory_fallback PASSED [ 73%]
tests/test_reactor_core_critical_comprehensive.py::TestReactorCoreEdgeCases::test_get_parser_not_available PASSED [ 73%]
tests/test_reactor_core_critical_comprehensive.py::TestReactorCoreEdgeCases::test_save_to_cache_zarr_exception_handling PASSED [ 73%]
tests/test_reactor_core_critical_comprehensive.py::TestReactorCoreEdgeCases::test_save_to_cache_zarr_array_exception PASSED [ 73%]
tests/test_reactor_core_critical_comprehensive.py::TestReactorCoreEdgeCases::test_fetch_and_cache_all_backends_fail PASSED [ 73%]
tests/test_reactor_core_critical_comprehensive.py::TestReactorCoreEdgeCases::test_fetch_and_cache_endf_parserpy_fallback PASSED [ 73%]
tests/test_reactor_core_critical_comprehensive.py::TestReactorCoreEdgeCases::test_fetch_and_cache_update_file_metadata PASSED [ 73%]
tests/test_reactor_core_smr_features.py::TestResonanceSelfShielding::test_get_cross_section_with_self_shielding_basic PASSED [ 73%]
tests/test_reactor_core_smr_features.py::TestResonanceSelfShielding::test_get_cross_section_with_self_shielding_disabled PASSED [ 73%]
tests/test_reactor_core_smr_features.py::TestResonanceSelfShielding::test_self_shielding_fallback PASSED [ 73%]
tests/test_reactor_core_smr_features.py::TestFissionYields::test_get_fission_yields_basic PASSED [ 73%]
tests/test_reactor_core_smr_features.py::TestFissionYields::test_get_fission_yields_cumulative PASSED [ 73%]
tests/test_reactor_core_smr_features.py::TestFissionYields::test_get_fission_yields_invalid_type PASSED [ 73%]
tests/test_reactor_core_smr_features.py::TestDelayedNeutronData::test_get_delayed_neutron_data_basic PASSED [ 73%]
tests/test_reactor_core_smr_features.py::TestDelayedNeutronData::test_delayed_neutron_data_structure PASSED [ 74%]
tests/test_reactor_core_smr_features.py::TestSMRFeaturesIntegration::test_self_shielding_with_different_sigma_0 PASSED [ 74%]
tests/test_reactor_core_smr_features.py::TestSMRFeaturesIntegration::test_fission_yields_for_multiple_nuclides PASSED [ 74%]
tests/test_reactor_core_utility_functions.py::TestGetParserInfo::test_get_parser_info_no_parser PASSED [ 74%]
tests/test_reactor_core_utility_functions.py::TestGetParserInfo::test_get_parser_info_with_parser PASSED [ 74%]
tests/test_reactor_core_utility_functions.py::TestGetParserInfo::test_get_parser_info_cpp_parser_lowercase PASSED [ 74%]
tests/test_reactor_core_utility_functions.py::TestGetParserInfo::test_get_parser_info_cpp_parser_type_string PASSED [ 74%]
tests/test_reactor_core_utility_functions.py::TestGetParserInfo::test_get_parser_info_python_parser PASSED [ 74%]
tests/test_reactor_core_utility_functions.py::TestGetParserInfo::test_get_parser_info_import_error PASSED [ 74%]
tests/test_reactor_core_utility_functions.py::TestGetParser::test_get_parser_cpp_parser_available PASSED [ 74%]
tests/test_reactor_core_utility_functions.py::TestGetParser::test_get_parser_factory_fallback PASSED [ 74%]
tests/test_reactor_core_utility_functions.py::TestGetParser::test_get_parser_not_available PASSED [ 74%]
tests/test_reactor_core_utility_functions.py::TestGetParser::test_get_parser_cached_instance PASSED [ 74%]
tests/test_reactor_core_utility_functions.py::TestGetFileMetadata::test_get_file_metadata_file_not_in_cache PASSED [ 74%]
tests/test_reactor_core_utility_functions.py::TestGetFileMetadata::test_get_file_metadata_file_in_cache PASSED [ 74%]
tests/test_reactor_core_utility_functions.py::TestGetFileMetadata::test_get_file_metadata_file_changed PASSED [ 74%]
tests/test_reactor_core_utility_functions.py::TestGetFileMetadata::test_get_file_metadata_nonexistent_file PASSED [ 74%]
tests/test_reactor_core_utility_functions.py::TestUpdateFileMetadata::test_update_file_metadata_success PASSED [ 74%]
tests/test_reactor_core_utility_functions.py::TestUpdateFileMetadata::test_update_file_metadata_nonexistent_file PASSED [ 74%]
tests/test_reactor_core_utility_functions.py::TestGetFissionYieldData::test_get_fission_yield_data_with_cache PASSED [ 74%]
tests/test_reactor_core_utility_functions.py::TestGetFissionYieldData::test_get_fission_yield_data_no_cache PASSED [ 74%]
tests/test_reactor_core_utility_functions.py::TestGetFissionYieldData::test_get_fission_yield_data_file_not_found PASSED [ 74%]
tests/test_reactor_core_utility_functions.py::TestGetFissionYieldData::test_get_fission_yield_data_import_error SKIPPED parser_exception test) [ 74%]
tests/test_reactor_core_utility_functions.py::TestGetFissionYieldData::test_get_fission_yield_data_parser_exception PASSED [ 74%]
tests/test_reactor_core_utility_functions.py::TestGetThermalScatteringData::test_get_thermal_scattering_data_with_cache PASSED [ 74%]
tests/test_reactor_core_utility_functions.py::TestGetThermalScatteringData::test_get_thermal_scattering_data_no_cache PASSED [ 74%]
tests/test_reactor_core_utility_functions.py::TestGetThermalScatteringData::test_get_thermal_scattering_data_file_not_found PASSED [ 74%]
tests/test_reactor_core_utility_functions.py::TestGetThermalScatteringData::test_get_thermal_scattering_data_import_error SKIPPED
parser_exception test)                                                   [ 74%]
tests/test_reactor_core_utility_functions.py::TestGetThermalScatteringData::test_get_thermal_scattering_data_parser_exception PASSED [ 74%]
tests/test_reactor_core_utility_functions.py::TestGetStandardEndfDirectory::test_get_standard_endf_directory_returns_path PASSED [ 74%]
tests/test_reactor_core_utility_functions.py::TestGetStandardEndfDirectory::test_get_standard_endf_directory_uses_home PASSED [ 74%]
tests/test_reactor_core_utility_functions.py::TestOrganizeBulkEndfDownloads::test_organize_bulk_endf_downloads_basic PASSED [ 74%]
tests/test_reactor_core_utility_functions.py::TestOrganizeBulkEndfDownloads::test_organize_bulk_endf_downloads_no_create PASSED [ 74%]
tests/test_reactor_core_utility_functions.py::TestOrganizeBulkEndfDownloads::test_organize_bulk_endf_downloads_default_target PASSED [ 74%]
tests/test_reactor_core_utility_functions.py::TestOrganizeBulkEndfDownloads::test_organize_bulk_endf_downloads_invalid_file PASSED [ 74%]
tests/test_reactor_core_utility_functions.py::TestOrganizeBulkEndfDownloads::test_organize_bulk_endf_downloads_unparseable_filename PASSED [ 74%]
tests/test_reactor_core_utility_functions.py::TestOrganizeBulkEndfDownloads::test_organize_bulk_endf_downloads_duplicate PASSED [ 74%]
tests/test_reactor_core_utility_functions.py::TestOrganizeBulkEndfDownloads::test_organize_bulk_endf_downloads_nonexistent_source PASSED [ 74%]
tests/test_reactor_core_utility_functions.py::TestOrganizeBulkEndfDownloads::test_organize_bulk_endf_downloads_copy_error PASSED [ 74%]
tests/test_reactor_core_utility_functions.py::TestScanEndfDirectory::test_scan_endf_directory_standard_structure PASSED [ 74%]
tests/test_reactor_core_utility_functions.py::TestScanEndfDirectory::test_scan_endf_directory_flat_structure PASSED [ 74%]
tests/test_reactor_core_utility_functions.py::TestScanEndfDirectory::test_scan_endf_directory_nested_structure PASSED [ 74%]
tests/test_reactor_core_utility_functions.py::TestScanEndfDirectory::test_scan_endf_directory_viii0 PASSED [ 74%]
tests/test_reactor_core_utility_functions.py::TestScanEndfDirectory::test_scan_endf_directory_multiple_versions PASSED [ 74%]
tests/test_reactor_core_utility_functions.py::TestScanEndfDirectory::test_scan_endf_directory_invalid_files PASSED [ 74%]
tests/test_reactor_core_utility_functions.py::TestScanEndfDirectory::test_scan_endf_directory_unparseable_filenames PASSED [ 74%]
tests/test_reactor_core_utility_functions.py::TestScanEndfDirectory::test_scan_endf_directory_nonexistent PASSED [ 74%]
tests/test_reactor_core_utility_functions.py::TestScanEndfDirectory::test_scan_endf_directory_empty PASSED [ 74%]
tests/test_regulatory_traceability.py::TestModelAssumption::test_model_assumption_creation PASSED [ 74%]
tests/test_regulatory_traceability.py::TestModelAssumption::test_model_assumption_optional_fields PASSED [ 74%]
tests/test_regulatory_traceability.py::TestCalculationAuditTrail::test_audit_trail_creation PASSED [ 75%]
tests/test_regulatory_traceability.py::TestCalculationAuditTrail::test_audit_trail_with_assumptions PASSED [ 75%]
tests/test_regulatory_traceability.py::TestCalculationAuditTrail::test_audit_trail_to_dict PASSED [ 75%]
tests/test_regulatory_traceability.py::TestCalculationAuditTrail::test_audit_trail_serialize_numpy_array PASSED [ 75%]
tests/test_regulatory_traceability.py::TestCalculationAuditTrail::test_audit_trail_serialize_nested_dict PASSED [ 75%]
tests/test_regulatory_traceability.py::TestCalculationAuditTrail::test_audit_trail_serialize_list_with_arrays PASSED [ 75%]
tests/test_regulatory_traceability.py::TestCalculationAuditTrail::test_audit_trail_serialize_datetime PASSED [ 75%]
tests/test_regulatory_traceability.py::TestCalculationAuditTrail::test_audit_trail_serialize_pydantic_model PASSED [ 75%]
tests/test_regulatory_traceability.py::TestCalculationAuditTrail::test_audit_trail_save PASSED [ 75%]
tests/test_regulatory_traceability.py::TestCalculationAuditTrail::test_audit_trail_save_creates_directory PASSED [ 75%]
tests/test_regulatory_traceability.py::TestCalculationAuditTrail::test_audit_trail_load PASSED [ 75%]
tests/test_regulatory_traceability.py::TestCalculationAuditTrail::test_audit_trail_load_file_not_found PASSED [ 75%]
tests/test_regulatory_traceability.py::TestCalculationAuditTrail::test_audit_trail_load_invalid_json PASSED [ 75%]
tests/test_regulatory_traceability.py::TestCalculationAuditTrail::test_audit_trail_load_missing_timestamp PASSED [ 75%]
tests/test_regulatory_traceability.py::TestSafetyMargin::test_safety_margin_creation PASSED [ 75%]
tests/test_regulatory_traceability.py::TestSafetyMargin::test_calculate_absolute_margin PASSED [ 75%]
tests/test_regulatory_traceability.py::TestSafetyMargin::test_calculate_absolute_margin_zero_limit PASSED [ 75%]
tests/test_regulatory_traceability.py::TestSafetyMargin::test_calculate_absolute_margin_negative PASSED [ 75%]
tests/test_regulatory_traceability.py::TestSafetyMargin::test_calculate_relative_margin PASSED [ 75%]
tests/test_regulatory_traceability.py::TestSafetyMargin::test_calculate_relative_margin_zero_calculated PASSED [ 75%]
tests/test_regulatory_traceability.py::TestSafetyMargin::test_calculate_relative_margin_negative PASSED [ 75%]
tests/test_regulatory_traceability.py::TestSafetyMarginReport::test_safety_margin_report_creation PASSED [ 75%]
tests/test_regulatory_traceability.py::TestSafetyMarginReport::test_add_margin PASSED [ 75%]
tests/test_regulatory_traceability.py::TestSafetyMarginReport::test_update_summary_empty PASSED [ 75%]
tests/test_regulatory_traceability.py::TestSafetyMarginReport::test_update_summary_with_margins PASSED [ 75%]
tests/test_regulatory_traceability.py::TestSafetyMarginReport::test_to_dict PASSED [ 75%]
tests/test_regulatory_traceability.py::TestSafetyMarginReport::test_save PASSED [ 75%]
tests/test_regulatory_traceability.py::TestSafetyMarginReport::test_save_creates_directory PASSED [ 75%]
tests/test_regulatory_traceability.py::TestSafetyMarginReport::test_to_text PASSED [ 75%]
tests/test_regulatory_traceability.py::TestSafetyMarginReport::test_format_margin_falls_back_to_str_on_typeerror PASSED [ 75%]
tests/test_regulatory_traceability.py::TestCreateAuditTrail::test_create_audit_trail_basic PASSED [ 75%]
tests/test_regulatory_traceability.py::TestCreateAuditTrail::test_create_audit_trail_with_id PASSED [ 75%]
tests/test_regulatory_traceability.py::TestCreateAuditTrail::test_create_audit_trail_with_assumptions PASSED [ 75%]
tests/test_regulatory_traceability.py::TestCreateAuditTrail::test_create_audit_trail_with_metadata PASSED [ 75%]
tests/test_regulatory_traceability.py::TestCreateAuditTrail::test_create_audit_trail_solver_info PASSED [ 75%]
tests/test_regulatory_traceability.py::TestCreateAuditTrail::test_create_audit_trail_solver_info_defaults PASSED [ 75%]
tests/test_regulatory_traceability.py::TestGenerateSafetyMarginsFromReactor::test_generate_safety_margins_fuel_temperature PASSED [ 75%]
tests/test_regulatory_traceability.py::TestGenerateSafetyMarginsFromReactor::test_generate_safety_margins_shutdown_margin PASSED [ 75%]
tests/test_regulatory_traceability.py::TestGenerateSafetyMarginsFromReactor::test_generate_safety_margins_power_density PASSED [ 75%]
tests/test_regulatory_traceability.py::TestGenerateSafetyMarginsFromReactor::test_generate_safety_margins_power_density_default_limit PASSED [ 75%]
tests/test_regulatory_traceability.py::TestGenerateSafetyMarginsFromReactor::test_generate_safety_margins_all_parameters PASSED [ 75%]
tests/test_regulatory_traceability.py::TestGenerateSafetyMarginsFromReactor::test_generate_safety_margins_no_shutdown_margin_attr PASSED [ 75%]
tests/test_regulatory_traceability.py::TestGenerateSafetyMarginsFromReactor::test_generate_safety_margins_calculation_id_none PASSED [ 75%]
tests/test_regulatory_traceability.py::TestGenerateSafetyMarginsFromReactor::test_generate_safety_margins_calculation_id_not_string PASSED [ 75%]
tests/test_regulatory_traceability.py::TestGenerateSafetyMarginsFromReactor::test_generate_safety_margins_no_calculation_id PASSED [ 75%]
tests/test_regulatory_traceability.py::TestRegulatoryTraceabilityEdgeCases70Percent::test_serialize_dict_mixed_types PASSED [ 75%]
tests/test_regulatory_traceability.py::TestRegulatoryTraceabilityEdgeCases70Percent::test_serialize_dict_nested_mixed PASSED [ 75%]
tests/test_regulatory_traceability.py::TestRegulatoryTraceabilityEdgeCases70Percent::test_safety_margin_calculate_absolute_zero_calculated PASSED [ 75%]
tests/test_regulatory_traceability.py::TestRegulatoryTraceabilityEdgeCases70Percent::test_safety_margin_calculate_absolute_exact_match PASSED [ 75%]
tests/test_regulatory_traceability.py::TestRegulatoryTraceabilityEdgeCases70Percent::test_safety_margin_calculate_relative_exact_match PASSED [ 75%]
tests/test_regulatory_traceability.py::TestRegulatoryTraceabilityEdgeCases70Percent::test_safety_margin_report_update_summary_all_passing PASSED [ 75%]
tests/test_regulatory_traceability.py::TestRegulatoryTraceabilityEdgeCases70Percent::test_safety_margin_report_update_summary_min_margin PASSED [ 76%]
tests/test_regulatory_traceability.py::TestRegulatoryTraceabilityEdgeCases70Percent::test_safety_margin_report_to_text_empty PASSED [ 76%]
tests/test_regulatory_traceability.py::TestRegulatoryTraceabilityEdgeCases70Percent::test_create_audit_trail_all_parameters PASSED [ 76%]
tests/test_regulatory_traceability_extended.py::TestModelAssumption::test_model_assumption_creation PASSED [ 76%]
tests/test_regulatory_traceability_extended.py::TestModelAssumption::test_model_assumption_minimal PASSED [ 76%]
tests/test_regulatory_traceability_extended.py::TestModelAssumption::test_model_assumption_all_categories PASSED [ 76%]
tests/test_regulatory_traceability_extended.py::TestCalculationAuditTrail::test_audit_trail_creation PASSED [ 76%]
tests/test_regulatory_traceability_extended.py::TestCalculationAuditTrail::test_audit_trail_to_dict PASSED [ 76%]
tests/test_regulatory_traceability_extended.py::TestCalculationAuditTrail::test_audit_trail_serialize_numpy_array PASSED [ 76%]
tests/test_regulatory_traceability_extended.py::TestCalculationAuditTrail::test_audit_trail_serialize_nested_dict PASSED [ 76%]
tests/test_regulatory_traceability_extended.py::TestCalculationAuditTrail::test_audit_trail_serialize_list_with_arrays PASSED [ 76%]
tests/test_regulatory_traceability_extended.py::TestCalculationAuditTrail::test_audit_trail_save PASSED [ 76%]
tests/test_regulatory_traceability_extended.py::TestCalculationAuditTrail::test_audit_trail_save_creates_parent_dir PASSED [ 76%]
tests/test_regulatory_traceability_extended.py::TestCalculationAuditTrail::test_audit_trail_load PASSED [ 76%]
tests/test_regulatory_traceability_extended.py::TestCalculationAuditTrail::test_audit_trail_load_file_not_found PASSED [ 76%]
tests/test_regulatory_traceability_extended.py::TestCalculationAuditTrail::test_audit_trail_load_invalid_json PASSED [ 76%]
tests/test_regulatory_traceability_extended.py::TestCalculationAuditTrail::test_audit_trail_load_missing_timestamp PASSED [ 76%]
tests/test_regulatory_traceability_extended.py::TestCalculationAuditTrail::test_audit_trail_add_assumption PASSED [ 76%]
tests/test_regulatory_traceability_extended.py::TestCalculationAuditTrail::test_audit_trail_solver_info PASSED [ 76%]
tests/test_regulatory_traceability_extended.py::TestCalculationAuditTrail::test_audit_trail_metadata PASSED [ 76%]
tests/test_regulatory_traceability_extended.py::TestSafetyMargin::test_safety_margin_calculate_absolute PASSED [ 76%]
tests/test_regulatory_traceability_extended.py::TestSafetyMargin::test_safety_margin_calculate_absolute_zero_limit PASSED [ 76%]
tests/test_regulatory_traceability_extended.py::TestSafetyMargin::test_safety_margin_calculate_relative PASSED [ 76%]
tests/test_regulatory_traceability_extended.py::TestSafetyMargin::test_safety_margin_calculate_relative_zero_calculated PASSED [ 76%]
tests/test_regulatory_traceability_extended.py::TestSafetyMarginReport::test_safety_margin_report_creation PASSED [ 76%]
tests/test_regulatory_traceability_extended.py::TestSafetyMarginReport::test_safety_margin_report_add_margin PASSED [ 76%]
tests/test_regulatory_traceability_extended.py::TestSafetyMarginReport::test_safety_margin_report_add_failing_margin PASSED [ 76%]
tests/test_regulatory_traceability_extended.py::TestSafetyMarginReport::test_safety_margin_report_multiple_margins PASSED [ 76%]
tests/test_regulatory_traceability_extended.py::TestSafetyMarginReport::test_safety_margin_report_empty PASSED [ 76%]
tests/test_regulatory_traceability_extended.py::TestHelperFunctions::test_create_audit_trail PASSED [ 76%]
tests/test_regulatory_traceability_extended.py::TestHelperFunctions::test_create_audit_trail_auto_id PASSED [ 76%]
tests/test_regulatory_traceability_extended.py::TestHelperFunctions::test_create_audit_trail_with_metadata PASSED [ 76%]
tests/test_regulatory_traceability_extended.py::TestHelperFunctions::test_generate_safety_margins_from_reactor PASSED [ 76%]
tests/test_reporting_simple.py::TestGenerateMarkdownReport::test_basic_report PASSED [ 76%]
tests/test_reporting_simple.py::TestGenerateMarkdownReport::test_report_with_output_path PASSED [ 76%]
tests/test_reporting_simple.py::TestGenerateMarkdownReport::test_report_with_power_distribution PASSED [ 76%]
tests/test_reporting_simple.py::TestGenerateMarkdownReport::test_report_avoids_numpy_or_ambiguous PASSED [ 76%]
tests/test_reporting_simple.py::TestGenerateMarkdownReport::test_report_with_design_name_and_additional_keys PASSED [ 76%]
tests/test_reporting_simple.py::TestGeneratePdfReport::test_pdf_report_produces_output PASSED [ 76%]
tests/test_resonance_selfshield_comprehensive.py::TestBondarenkoMethodComprehensive::test_get_f_factor PASSED [ 76%]
tests/test_resonance_selfshield_comprehensive.py::TestBondarenkoMethodComprehensive::test_get_f_factor_extreme_values PASSED [ 76%]
tests/test_resonance_selfshield_comprehensive.py::TestBondarenkoMethodComprehensive::test_shield_cross_section PASSED [ 76%]
tests/test_resonance_selfshield_comprehensive.py::TestBondarenkoMethodComprehensive::test_compute_background_xs PASSED [ 76%]
tests/test_resonance_selfshield_comprehensive.py::TestBondarenkoMethodComprehensive::test_compute_background_xs_with_geometry PASSED [ 76%]
tests/test_resonance_selfshield_comprehensive.py::TestBondarenkoMethodComprehensive::test_get_potential_xs PASSED [ 76%]
tests/test_resonance_selfshield_comprehensive.py::TestBondarenkoMethodComprehensive::test_get_f_factor_u235_fission PASSED [ 76%]
tests/test_resonance_selfshield_comprehensive.py::TestBondarenkoMethodComprehensive::test_get_f_factor_pu239_fission PASSED [ 76%]
tests/test_resonance_selfshield_comprehensive.py::TestBondarenkoMethodComprehensive::test_get_f_factor_sigma_0_below_one PASSED [ 76%]
tests/test_resonance_selfshield_comprehensive.py::TestBondarenkoMethodComprehensive::test_get_f_factor_temperature_clamping PASSED [ 76%]
tests/test_resonance_selfshield_comprehensive.py::TestBondarenkoMethodComprehensive::test_compute_background_xs_zero_geometry_factor PASSED [ 76%]
tests/test_resonance_selfshield_comprehensive.py::TestSubgroupMethodComprehensive::test_compute_effective_xs PASSED [ 76%]
tests/test_resonance_selfshield_comprehensive.py::TestSubgroupMethodComprehensive::test_compute_effective_xs_unknown PASSED [ 77%]
tests/test_resonance_selfshield_comprehensive.py::TestSubgroupMethodComprehensive::test_tabulate_effective_xs PASSED [ 77%]
tests/test_resonance_selfshield_comprehensive.py::TestEquivalenceTheoryComprehensive::test_dancoff_factor_hexagonal PASSED [ 77%]
tests/test_resonance_selfshield_comprehensive.py::TestEquivalenceTheoryComprehensive::test_dancoff_factor_extreme_values PASSED [ 77%]
tests/test_resonance_selfshield_comprehensive.py::TestEquivalenceTheoryComprehensive::test_escape_probability_sphere PASSED [ 77%]
tests/test_resonance_selfshield_comprehensive.py::TestEquivalenceTheoryComprehensive::test_escape_probability_extreme_values PASSED [ 77%]
tests/test_resonance_selfshield_comprehensive.py::TestEquivalenceTheoryComprehensive::test_effective_background_xs PASSED [ 77%]
tests/test_resonance_selfshield_comprehensive.py::TestEquivalenceTheoryComprehensive::test_effective_background_xs_zero_dancoff PASSED [ 77%]
tests/test_resonance_selfshield_comprehensive.py::TestEquivalenceTheoryComprehensive::test_effective_background_xs_zero_escape_prob PASSED [ 77%]
tests/test_resonance_selfshield_comprehensive.py::TestEquivalenceTheoryComprehensive::test_effective_background_xs_high_dancoff PASSED [ 77%]
tests/test_resonance_selfshield_comprehensive.py::TestEquivalenceTheoryComprehensive::test_compute_triso_shielding_extreme_packing_fraction PASSED [ 77%]
tests/test_resonance_selfshield_comprehensive.py::TestEquivalenceTheoryComprehensive::test_compute_triso_shielding PASSED [ 77%]
tests/test_resonance_selfshield_comprehensive.py::TestResonanceSelfShieldingComprehensive::test_shield_multigroup_xs_bondarenko PASSED [ 77%]
tests/test_resonance_selfshield_comprehensive.py::TestResonanceSelfShieldingComprehensive::test_shield_multigroup_xs_subgroup PASSED [ 77%]
tests/test_resonance_selfshield_comprehensive.py::TestResonanceSelfShieldingComprehensive::test_shield_multigroup_xs_invalid_method PASSED [ 77%]
tests/test_resonance_selfshield_comprehensive.py::TestResonanceSelfShieldingComprehensive::test_htgr_fuel_shielding PASSED [ 77%]
tests/test_resonance_selfshield_comprehensive.py::TestResonanceSelfShieldingComprehensive::test_htgr_fuel_shielding_fissile PASSED [ 77%]
tests/test_resonance_selfshield_comprehensive.py::TestResonanceData::test_resonance_data_creation PASSED [ 77%]
tests/test_resonance_selfshield_comprehensive.py::TestResonanceData::test_htgr_fuel_shielding_non_fissile_only PASSED [ 77%]
tests/test_resonance_selfshield_comprehensive.py::TestResonanceData::test_htgr_fuel_shielding_empty_composition PASSED [ 77%]
tests/test_resonance_selfshield_comprehensive.py::TestResonanceData::test_shield_multigroup_xs_single_group_single_temp PASSED [ 77%]
tests/test_resonance_selfshield_comprehensive.py::TestResonanceData::test_shield_multigroup_xs_subgroup_single_group PASSED [ 77%]
tests/test_resonance_selfshield_comprehensive.py::TestResonanceData::test_htgr_fuel_shielding_multiple_fissile PASSED [ 77%]
tests/test_resonance_selfshield_comprehensive.py::TestResonanceData::test_shield_multigroup_xs_single_value PASSED [ 77%]
tests/test_resonance_selfshield_critical.py::TestBondarenkoMethodCritical::test_load_f_factors PASSED [ 77%]
tests/test_resonance_selfshield_critical.py::TestBondarenkoMethodCritical::test_get_f_factor_all_nuclides PASSED [ 77%]
tests/test_resonance_selfshield_critical.py::TestBondarenkoMethodCritical::test_get_f_factor_boundary_values PASSED [ 77%]
tests/test_resonance_selfshield_critical.py::TestBondarenkoMethodCritical::test_shield_cross_section_zero_xs PASSED [ 77%]
tests/test_resonance_selfshield_critical.py::TestBondarenkoMethodCritical::test_compute_background_xs_no_moderator PASSED [ 77%]
tests/test_resonance_selfshield_critical.py::TestBondarenkoMethodCritical::test_compute_background_xs_with_geometry PASSED [ 77%]
tests/test_resonance_selfshield_critical.py::TestSubgroupMethodCritical::test_generate_subgroup_parameters PASSED [ 77%]
tests/test_resonance_selfshield_critical.py::TestSubgroupMethodCritical::test_compute_effective_xs_thermal PASSED [ 77%]
tests/test_resonance_selfshield_critical.py::TestSubgroupMethodCritical::test_compute_effective_xs_fast PASSED [ 77%]
tests/test_resonance_selfshield_critical.py::TestSubgroupMethodCritical::test_compute_effective_xs_various_sigma_0 PASSED [ 77%]
tests/test_resonance_selfshield_critical.py::TestSubgroupMethodCritical::test_tabulate_effective_xs PASSED [ 77%]
tests/test_resonance_selfshield_critical.py::TestEquivalenceTheoryCritical::test_dancoff_factor_various_packing PASSED [ 77%]
tests/test_resonance_selfshield_critical.py::TestEquivalenceTheoryCritical::test_dancoff_factor_various_pitch PASSED [ 77%]
tests/test_resonance_selfshield_critical.py::TestEquivalenceTheoryCritical::test_escape_probability_various_optical_thickness PASSED [ 77%]
tests/test_resonance_selfshield_critical.py::TestEquivalenceTheoryCritical::test_effective_background_xs_various_dancoff PASSED [ 77%]
tests/test_resonance_selfshield_critical.py::TestEquivalenceTheoryCritical::test_compute_triso_shielding_various_geometries PASSED [ 77%]
tests/test_resonance_selfshield_critical.py::TestResonanceSelfShieldingCritical::test_shield_multigroup_xs_single_group PASSED [ 77%]
tests/test_resonance_selfshield_critical.py::TestResonanceSelfShieldingCritical::test_shield_multigroup_xs_many_groups PASSED [ 77%]
tests/test_resonance_selfshield_critical.py::TestResonanceSelfShieldingCritical::test_htgr_fuel_shielding_no_fissile PASSED [ 77%]
tests/test_resonance_selfshield_critical.py::TestComputeSubgroupFlux::test_compute_subgroup_flux PASSED [ 77%]
tests/test_resonance_selfshield_critical.py::TestComputeSubgroupFlux::test_compute_subgroup_flux_zero_background PASSED [ 77%]
tests/test_resonance_selfshield_critical.py::TestComputeSubgroupFlux::test_compute_subgroup_flux_high_background PASSED [ 77%]
tests/test_resonance_selfshield_critical_comprehensive.py::TestBondarenkoMethodCritical::test_initialization PASSED [ 77%]
tests/test_resonance_selfshield_critical_comprehensive.py::TestBondarenkoMethodCritical::test_get_f_factor_u238_capture PASSED [ 77%]
tests/test_resonance_selfshield_critical_comprehensive.py::TestBondarenkoMethodCritical::test_get_f_factor_u235_fission PASSED [ 77%]
tests/test_resonance_selfshield_critical_comprehensive.py::TestBondarenkoMethodCritical::test_get_f_factor_pu239_fission PASSED [ 77%]
tests/test_resonance_selfshield_critical_comprehensive.py::TestBondarenkoMethodCritical::test_get_f_factor_extrapolation PASSED [ 78%]
tests/test_resonance_selfshield_critical_comprehensive.py::TestBondarenkoMethodCritical::test_get_f_factor_unknown_nuclide PASSED [ 78%]
tests/test_resonance_selfshield_critical_comprehensive.py::TestBondarenkoMethodCritical::test_calculate_shielded_xs PASSED [ 78%]
tests/test_resonance_selfshield_critical_comprehensive.py::TestSubgroupMethodCritical::test_initialization PASSED [ 78%]
tests/test_resonance_selfshield_critical_comprehensive.py::TestSubgroupMethodCritical::test_subgroup_data_access PASSED [ 78%]
tests/test_resonance_selfshield_critical_comprehensive.py::TestSubgroupMethodCritical::test_calculate_resonance_integral PASSED [ 78%]
tests/test_resonance_selfshield_critical_comprehensive.py::TestSubgroupMethodCritical::test_calculate_shielded_xs_subgroup PASSED [ 78%]
tests/test_resonance_selfshield_critical_comprehensive.py::TestEquivalenceTheoryCritical::test_initialization PASSED [ 78%]
tests/test_resonance_selfshield_critical_comprehensive.py::TestEquivalenceTheoryCritical::test_calculate_equivalent_dilution PASSED [ 78%]
tests/test_resonance_selfshield_critical_comprehensive.py::TestEquivalenceTheoryCritical::test_calculate_shielded_xs_equivalence PASSED [ 78%]
tests/test_resonance_selfshield_critical_comprehensive.py::TestResonanceSelfShieldingCritical::test_initialization PASSED [ 78%]
tests/test_resonance_selfshield_critical_comprehensive.py::TestResonanceSelfShieldingCritical::test_shield_multigroup_xs PASSED [ 78%]
tests/test_resonance_selfshield_critical_comprehensive.py::TestResonanceSelfShieldingCritical::test_htgr_fuel_shielding PASSED [ 78%]
tests/test_resonance_selfshield_critical_comprehensive.py::TestResonanceDataCritical::test_resonance_data_creation PASSED [ 78%]
tests/test_resonance_selfshield_critical_comprehensive.py::TestResonanceSelfShieldEdgeCases::test_zero_background_xs PASSED [ 78%]
tests/test_resonance_selfshield_critical_comprehensive.py::TestResonanceSelfShieldEdgeCases::test_very_small_background_xs PASSED [ 78%]
tests/test_resonance_selfshield_critical_comprehensive.py::TestResonanceSelfShieldEdgeCases::test_negative_temperature PASSED [ 78%]
tests/test_resonance_selfshield_critical_comprehensive.py::TestResonanceSelfShieldEdgeCases::test_zero_infinite_dilution_xs PASSED [ 78%]
tests/test_safety_report.py::TestMarginEntry::test_margin_entry_within_limit PASSED [ 78%]
tests/test_safety_report.py::TestMarginEntry::test_margin_entry_violation PASSED [ 78%]
tests/test_safety_report.py::TestSafetyMarginReport::test_to_dict PASSED [ 78%]
tests/test_safety_report.py::TestSafetyMarginReportFunction::test_safety_margin_report_with_mock_reactor PASSED [ 78%]
tests/test_safety_report.py::TestSafetyMarginReportFunction::test_safety_margin_report_with_analysis_results PASSED [ 78%]
tests/test_safety_report.py::TestSafetyMarginReportFunction::test_safety_margin_report_with_uq_results PASSED [ 78%]
tests/test_safety_transient_optimizations.py::TestTransientOptimizations::test_adaptive_time_stepping PASSED [ 78%]
tests/test_safety_transient_optimizations.py::TestTransientOptimizations::test_long_term_optimization PASSED [ 78%]
tests/test_safety_transient_optimizations.py::TestTransientOptimizations::test_auto_max_step PASSED [ 78%]
tests/test_safety_validation.py::TestPointKineticsSolverValidation::test_invalid_params_type PASSED [ 78%]
tests/test_safety_validation.py::TestPointKineticsSolverValidation::test_mismatched_beta_lambda_length PASSED [ 78%]
tests/test_safety_validation.py::TestPointKineticsSolverValidation::test_empty_beta PASSED [ 78%]
tests/test_safety_validation.py::TestPointKineticsSolverValidation::test_invalid_lambda_negative PASSED [ 78%]
tests/test_safety_validation.py::TestPointKineticsSolverValidation::test_invalid_fuel_heat_capacity PASSED [ 78%]
tests/test_safety_validation.py::TestPointKineticsSolverValidation::test_invalid_moderator_heat_capacity PASSED [ 78%]
tests/test_safety_validation.py::TestPointKineticsSolverValidation::test_solve_transient_invalid_rho_external PASSED [ 78%]
tests/test_safety_validation.py::TestPointKineticsSolverValidation::test_solve_transient_invalid_power_removal PASSED [ 78%]
tests/test_safety_validation.py::TestPointKineticsSolverValidation::test_solve_transient_invalid_initial_state_type PASSED [ 78%]
tests/test_safety_validation.py::TestPointKineticsSolverValidation::test_solve_transient_missing_key PASSED [ 78%]
tests/test_safety_validation.py::TestPointKineticsSolverValidation::test_solve_transient_invalid_power PASSED [ 78%]
tests/test_safety_validation.py::TestPointKineticsSolverValidation::test_solve_transient_invalid_t_span PASSED [ 78%]
tests/test_safety_validation.py::TestPointKineticsSolverValidation::test_solve_transient_invalid_max_step PASSED [ 78%]
tests/test_safety_validation.py::TestTransientValidation::test_lofc_invalid_reactor_spec PASSED [ 78%]
tests/test_safety_validation.py::TestTransientValidation::test_lofc_invalid_geometry PASSED [ 78%]
tests/test_safety_validation.py::TestTransientValidation::test_lofc_invalid_conditions_type PASSED [ 78%]
tests/test_safety_validation.py::TestTransientValidation::test_lofc_invalid_initial_power PASSED [ 78%]
tests/test_safety_validation.py::TestTransientValidation::test_atws_invalid_reactor_spec PASSED [ 78%]
tests/test_safety_validation.py::TestTransientValidation::test_atws_invalid_conditions_type PASSED [ 78%]
tests/test_save_to_cache.py::TestSaveToCache::test_save_to_cache_basic PASSED [ 78%]
tests/test_save_to_cache.py::TestSaveToCache::test_save_to_cache_overwrite PASSED [ 78%]
tests/test_save_to_cache.py::TestSaveToCache::test_save_to_cache_large_arrays PASSED [ 78%]
tests/test_save_to_cache.py::TestSaveToCache::test_save_to_cache_single_point PASSED [ 78%]
tests/test_save_to_cache.py::TestSaveToCache::test_save_to_cache_different_keys PASSED [ 78%]
tests/test_save_to_cache.py::TestSaveToCache::test_save_to_cache_retrieval_after_save PASSED [ 79%]
tests/test_save_to_cache.py::TestSaveToCache::test_save_to_cache_zero_values PASSED [ 79%]
tests/test_save_to_cache.py::TestSaveToCache::test_save_to_cache_negative_energy_values PASSED [ 79%]
tests/test_self_shielding_integration.py::TestSelfShieldingIntegration::test_get_cross_section_with_self_shielding_bondarenko PASSED [ 79%]
tests/test_self_shielding_integration.py::TestSelfShieldingIntegration::test_get_cross_section_with_self_shielding_subgroup PASSED [ 79%]
tests/test_self_shielding_integration.py::TestSelfShieldingIntegration::test_get_cross_section_with_equivalence_theory PASSED [ 79%]
tests/test_self_shielding_integration.py::TestSelfShieldingIntegration::test_disable_self_shielding PASSED [ 79%]
tests/test_self_shielding_integration.py::TestSelfShieldingIntegration::test_get_cross_section_with_self_shielding_equivalence_method PASSED [ 79%]
tests/test_self_shielding_integration.py::TestSelfShieldingIntegration::test_get_cross_section_with_self_shielding_unknown_method PASSED [ 79%]
tests/test_self_shielding_integration.py::TestSelfShieldingIntegration::test_get_cross_section_with_self_shielding_no_resonance_available FAILED [ 79%]
tests/test_self_shielding_integration.py::TestSelfShieldingIntegration::test_get_cross_section_with_self_shielding_cross_section_error PASSED [ 79%]
tests/test_self_shielding_integration.py::TestSelfShieldingIntegration::test_get_cross_section_with_equivalence_theory_with_moderator_xs PASSED [ 79%]
tests/test_self_shielding_integration.py::TestSelfShieldingIntegration::test_get_cross_section_with_equivalence_theory_no_resonance_available FAILED [ 79%]
tests/test_self_shielding_integration.py::TestSelfShieldingIntegration::test_get_cross_section_with_self_shielding_subgroup_no_resonance_region PASSED [ 79%]
tests/test_self_shielding_integration.py::TestSelfShieldingIntegration::test_get_cross_section_with_self_shielding_subgroup_zero_resonance_xs PASSED [ 79%]
tests/test_self_shielding_integration.py::TestSelfShieldingIntegration::test_get_cross_section_with_self_shielding_subgroup_fast_energy_group PASSED [ 79%]
tests/test_self_shielding_integration.py::TestSelfShieldingIntegration::test_get_cross_section_with_self_shielding_subgroup_thermal_energy_group PASSED [ 79%]
tests/test_self_shielding_integration.py::TestSelfShieldingIntegration::test_import_error_handling FAILED [ 79%]
tests/test_self_shielding_integration.py::TestSelfShieldingIntegration::test_get_cross_section_with_self_shielding_different_reactions PASSED [ 79%]
tests/test_self_shielding_integration.py::TestSelfShieldingIntegration::test_get_cross_section_with_self_shielding_different_sigma_0 PASSED [ 79%]
tests/test_self_shielding_integration.py::TestSelfShieldingIntegration::test_get_cross_section_with_self_shielding_different_temperatures PASSED [ 79%]
tests/test_self_shielding_integration.py::TestSelfShieldingIntegration::test_get_cross_section_with_equivalence_theory_different_geometries PASSED [ 79%]
tests/test_self_shielding_integration.py::TestSelfShieldingIntegration::test_get_cross_section_with_equivalence_theory_custom_moderator_xs_shape PASSED [ 79%]
tests/test_self_shielding_integration.py::TestSelfShieldingIntegration::test_get_cross_section_with_self_shielding_subgroup_epithermal_energy_group PASSED [ 79%]
tests/test_self_shielding_integration.py::TestSelfShieldingIntegration::test_get_cross_section_with_self_shielding_subgroup_all_energy_regions PASSED [ 79%]
tests/test_self_shielding_integration.py::TestSelfShieldingIntegration::test_get_cross_section_with_self_shielding_warning_logging FAILED [ 79%]
tests/test_self_shielding_integration.py::TestSelfShieldingIntegration::test_get_cross_section_with_equivalence_theory_warning_logging FAILED [ 79%]
tests/test_self_shielding_integration.py::TestSelfShieldingIntegrationEdgeCases::test_get_cross_section_with_self_shielding_subgroup_non_resonance_region_path PASSED [ 79%]
tests/test_self_shielding_integration.py::TestSelfShieldingIntegrationEdgeCases::test_get_cross_section_with_self_shielding_equivalence_warning_logging PASSED [ 79%]
tests/test_self_shielding_integration.py::TestSelfShieldingIntegrationEdgeCases::test_get_cross_section_with_self_shielding_cross_section_import_error PASSED [ 79%]
tests/test_self_shielding_integration.py::TestSelfShieldingIntegrationEdgeCases::test_get_cross_section_with_self_shielding_cross_section_value_error PASSED [ 79%]
tests/test_self_shielding_integration.py::TestSelfShieldingIntegrationEdgeCases::test_get_cross_section_with_equivalence_theory_cross_section_error PASSED [ 79%]
tests/test_self_shielding_integration.py::TestSelfShieldingIntegration70Percent::test_subgroup_method_fast_energy_group_in_resonance PASSED [ 79%]
tests/test_self_shielding_integration.py::TestSelfShieldingIntegration70Percent::test_subgroup_method_non_resonance_mask_applied PASSED [ 79%]
tests/test_self_shielding_integration.py::TestSelfShieldingIntegration70Percent::test_equivalence_method_recursive_fallback PASSED [ 79%]
tests/test_self_shielding_integration.py::TestSelfShieldingIntegration70Percent::test_equivalence_theory_volume_fraction_calculation PASSED [ 79%]
tests/test_self_shielding_integration.py::TestSelfShieldingIntegration70Percent::test_equivalence_theory_sigma_0_eff_calculation PASSED [ 79%]
tests/test_self_shielding_integration.py::TestSelfShieldingIntegration70Percent::test_equivalence_theory_equivalent_xs_formula PASSED [ 79%]
tests/test_self_shielding_integration.py::TestSelfShieldingIntegration70Percent::test_subgroup_method_resonance_boundary_exact_match PASSED [ 79%]
tests/test_self_shielding_integration_extended.py::TestSelfShieldingIntegrationExtended::test_get_cross_section_with_self_shielding_enable_false PASSED [ 79%]
tests/test_self_shielding_integration_extended.py::TestSelfShieldingIntegrationExtended::test_get_cross_section_with_self_shielding_resonance_not_available PASSED [ 79%]
tests/test_self_shielding_integration_extended.py::TestSelfShieldingIntegrationExtended::test_get_cross_section_with_equivalence_theory_resonance_not_available PASSED [ 79%]
tests/test_self_shielding_integration_extended.py::TestSelfShieldingIntegrationExtended::test_get_cross_section_with_equivalence_theory_with_moderator_xs PASSED [ 79%]
tests/test_self_shielding_integration_extended.py::TestSelfShieldingIntegrationExtended::test_get_cross_section_with_equivalence_theory_moderator_xs_none_defaults PASSED [ 79%]
tests/test_self_shielding_integration_extended.py::TestSelfShieldingIntegrationExtended::test_get_cross_section_with_self_shielding_subgroup_zero_mean_resonance_xs PASSED [ 79%]
tests/test_serpent_run.py::TestRunSerpent::test_run_serpent_raises_when_input_missing PASSED [ 79%]
tests/test_serpent_run.py::TestRunSerpent::test_run_serpent_success PASSED [ 79%]
tests/test_serpent_run.py::TestRunSerpent::test_run_serpent_nonzero_returncode PASSED [ 79%]
tests/test_serpent_run.py::TestRunSerpent::test_run_serpent_with_env PASSED [ 79%]
tests/test_serpent_run.py::TestParseResFile::test_parse_res_file_not_found PASSED [ 79%]
tests/test_serpent_run.py::TestParseResFile::test_parse_res_file_extracts_keff PASSED [ 80%]
tests/test_serpent_run.py::TestParseResFile::test_parse_res_file_ana_keff_fallback PASSED [ 80%]
tests/test_serpent_run.py::TestParseResFile::test_parse_res_file_extracts_cycles PASSED [ 80%]
tests/test_serpent_run.py::TestRunAndParse::test_run_and_parse_success PASSED [ 80%]
tests/test_serpent_run.py::TestRunAndParse::test_run_and_parse_no_res_file PASSED [ 80%]
tests/test_serpent_run.py::TestRunAndParse::test_run_and_parse_nonzero_returncode PASSED [ 80%]
tests/test_serpent_run.py::TestIoConvenience::test_io_run_serpent PASSED [ 80%]
tests/test_serpent_run.py::TestIoConvenience::test_io_parse_serpent_res PASSED [ 80%]
tests/test_simple_endf_parse.py::TestSimpleEndfParse::test_simple_endf_parse_realistic_total PASSED [ 80%]
tests/test_simple_endf_parse.py::TestSimpleEndfParse::test_simple_endf_parse_realistic_elastic PASSED [ 80%]
tests/test_simple_endf_parse.py::TestSimpleEndfParse::test_simple_endf_parse_realistic_fission PASSED [ 80%]
tests/test_simple_endf_parse.py::TestSimpleEndfParse::test_simple_endf_parse_realistic_capture PASSED [ 80%]
tests/test_simple_endf_parse.py::TestSimpleEndfParse::test_simple_endf_parse_nonexistent_reaction PASSED [ 80%]
tests/test_simple_endf_parse.py::TestSimpleEndfParse::test_simple_endf_parse_nonexistent_file PASSED [ 80%]
tests/test_smr_compact_core.py::TestCompactReflector::test_reflector_creation PASSED [ 80%]
tests/test_smr_compact_core.py::TestCompactReflector::test_reflector_volume PASSED [ 80%]
tests/test_smr_compact_core.py::TestCompactReflector::test_reflector_thickness_calculation PASSED [ 80%]
tests/test_smr_compact_core.py::TestCompactSMRCore::test_core_creation PASSED [ 80%]
tests/test_smr_compact_core.py::TestCompactSMRCore::test_build_compact_core_square PASSED [ 80%]
tests/test_smr_compact_core.py::TestCompactSMRCore::test_build_compact_core_circular PASSED [ 80%]
tests/test_smr_compact_core.py::TestCompactSMRCore::test_build_compact_core_hexagonal PASSED [ 80%]
tests/test_smr_compact_core.py::TestCompactSMRCore::test_calculate_square_arrangement PASSED [ 80%]
tests/test_smr_compact_core.py::TestCompactSMRCore::test_get_assembly_count_by_batch PASSED [ 80%]
tests/test_smr_compact_core.py::TestCompactSMRCore::test_get_compact_core_metrics PASSED [ 80%]
tests/test_smr_compact_core.py::TestPresetCores::test_create_nuscale_compact_core PASSED [ 80%]
tests/test_smr_compact_core.py::TestPresetCores::test_create_mpower_compact_core PASSED [ 80%]
tests/test_smr_fuel_management.py::TestSMRRefuelingPattern::test_pattern_creation PASSED [ 80%]
tests/test_smr_fuel_management.py::TestSMRRefuelingPattern::test_pattern_validation PASSED [ 80%]
tests/test_smr_fuel_management.py::TestSMRFuelManager::test_manager_creation PASSED [ 80%]
tests/test_smr_fuel_management.py::TestSMRFuelManager::test_refuel_smr PASSED [ 80%]
tests/test_smr_fuel_management.py::TestSMRFuelManager::test_shuffle_out_in PASSED [ 80%]
tests/test_smr_fuel_management.py::TestSMRFuelManager::test_shuffle_in_out PASSED [ 80%]
tests/test_smr_fuel_management.py::TestSMRFuelManager::test_get_long_cycle_burnup PASSED [ 80%]
tests/test_smr_fuel_management.py::TestSMRFuelManager::test_simulate_long_cycle PASSED [ 80%]
tests/test_smr_mesh_optimization.py::TestSMRMeshParams::test_default_params PASSED [ 80%]
tests/test_smr_mesh_optimization.py::TestSMRMeshParams::test_custom_params PASSED [ 80%]
tests/test_smr_mesh_optimization.py::TestSMRMeshOptimizer::test_optimizer_creation PASSED [ 80%]
tests/test_smr_mesh_optimization.py::TestSMRMeshOptimizer::test_generate_smr_mesh_basic PASSED [ 80%]
tests/test_smr_mesh_optimization.py::TestSMRMeshOptimizer::test_generate_smr_mesh_no_refinement_returns_base_meshes PASSED [ 80%]
tests/test_smr_mesh_optimization.py::TestSMRMeshOptimizer::test_generate_smr_mesh_xy_no_refinement_when_positions_outside_core PASSED [ 80%]
tests/test_smr_mesh_optimization.py::TestSMRMeshOptimizer::test_generate_smr_mesh_with_assemblies PASSED [ 80%]
tests/test_smr_mesh_optimization.py::TestSMRMeshOptimizer::test_generate_smr_mesh_with_fuel_pins PASSED [ 80%]
tests/test_smr_mesh_optimization.py::TestSMRMeshOptimizer::test_custom_params PASSED [ 80%]
tests/test_smr_mesh_optimization.py::TestSMRMeshOptimizer::test_enforce_cell_sizes PASSED [ 80%]
tests/test_smr_mesh_optimization.py::TestSMRMeshOptimizer::test_enforce_cell_sizes_mesh_with_single_point_returns_unchanged PASSED [ 80%]
tests/test_smr_mesh_optimization.py::TestSMRMeshOptimizer::test_estimate_mesh_quality PASSED [ 80%]
tests/test_smr_mesh_optimization.py::TestSMRMeshOptimizer::test_optimize_mesh_for_flux PASSED [ 80%]
tests/test_smr_scram_system.py::TestSMRScramSequence::test_sequence_creation PASSED [ 80%]
tests/test_smr_scram_system.py::TestSMRScramSequence::test_calculate_scram_time_full PASSED [ 80%]
tests/test_smr_scram_system.py::TestSMRScramSequence::test_calculate_scram_time_emergency PASSED [ 80%]
tests/test_smr_scram_system.py::TestSMRScramSequence::test_calculate_scram_time_staged PASSED [ 80%]
tests/test_smr_scram_system.py::TestSMRScramSystem::test_system_creation PASSED [ 81%]
tests/test_smr_scram_system.py::TestSMRScramSystem::test_add_scram_sequence PASSED [ 81%]
tests/test_smr_scram_system.py::TestSMRScramSystem::test_scram_smr_full PASSED [ 81%]
tests/test_smr_scram_system.py::TestSMRScramSystem::test_scram_smr_emergency PASSED [ 81%]
tests/test_smr_scram_system.py::TestSMRScramSystem::test_calculate_scram_time PASSED [ 81%]
tests/test_smr_scram_system.py::TestSMRScramSystem::test_calculate_scram_worth PASSED [ 81%]
tests/test_smr_scram_system.py::TestSMRScramSystem::test_check_auto_scram PASSED [ 81%]
tests/test_smr_scram_system.py::TestSMRScramSystem::test_get_scram_statistics PASSED [ 81%]
tests/test_smr_scram_system.py::TestPresetScramSystems::test_create_nuscale_scram_system PASSED [ 81%]
tests/test_smrforge_pro/test_benchmarks.py::TestBenchmarkRunner::test_run_returns_dict PASSED [ 81%]
tests/test_smrforge_pro/test_benchmarks.py::TestBenchmarkRunner::test_run_passes_stub PASSED [ 81%]
tests/test_smrforge_pro/test_benchmarks.py::TestBenchmarkRunner::test_list_cases PASSED [ 81%]
tests/test_smrforge_pro/test_converters_pro.py::TestProSerpentConverter::test_export_reactor_creates_file PASSED [ 81%]
tests/test_smrforge_pro/test_converters_pro.py::TestProSerpentConverter::test_import_reactor_raises_not_implemented PASSED [ 81%]
tests/test_smrforge_pro/test_converters_pro.py::TestProOpenMCConverter::test_export_reactor_creates_geometry_and_materials PASSED [ 81%]
tests/test_smrforge_pro/test_converters_pro.py::TestProOpenMCConverter::test_import_reactor_raises_not_implemented PASSED [ 81%]
tests/test_smrforge_pro/test_licensing.py::TestValidateLicense::test_valid_license PASSED [ 81%]
tests/test_smrforge_pro/test_licensing.py::TestValidateLicense::test_expired_license PASSED [ 81%]
tests/test_smrforge_pro/test_licensing.py::TestValidateLicense::test_grace_period PASSED [ 81%]
tests/test_smrforge_pro/test_licensing.py::TestValidateLicense::test_missing_license_key PASSED [ 81%]
tests/test_smrforge_pro/test_licensing.py::TestValidateLicense::test_invalid_json_type PASSED [ 81%]
tests/test_smrforge_pro/test_licensing.py::TestParseLicenseKey::test_valid_json PASSED [ 81%]
tests/test_smrforge_pro/test_licensing.py::TestParseLicenseKey::test_invalid_json PASSED [ 81%]
tests/test_smrforge_pro/test_reporting.py::TestReportGenerator::test_generate_returns_html PASSED [ 81%]
tests/test_smrforge_pro/test_reporting.py::TestReportGenerator::test_export_pdf_writes_file PASSED [ 81%]
tests/test_standards_parser.py::TestStandardsParser::test_parse_ansi_ans_5_1_json PASSED [ 81%]
tests/test_standards_parser.py::TestStandardsParser::test_parse_ansi_ans_5_1_benchmark_format PASSED [ 81%]
tests/test_standards_parser.py::TestStandardsParser::test_parse_iaea_benchmark PASSED [ 81%]
tests/test_standards_parser.py::TestStandardsParser::test_parse_mcnp_reference PASSED [ 81%]
tests/test_standards_parser.py::TestStandardsParser::test_load_into_database PASSED [ 81%]
tests/test_standards_parser.py::TestStandardsParser::test_parse_nonexistent_file PASSED [ 81%]
tests/test_standards_parser.py::TestStandardsParser::test_parse_standards_data_convenience PASSED [ 81%]
tests/test_standards_parser.py::TestStandardsBenchmarkData::test_to_dict PASSED [ 81%]
tests/test_standards_parser.py::TestStandardsParserExtended::test_parse_ansi_ans_5_1_json_decode_error PASSED [ 81%]
tests/test_standards_parser.py::TestStandardsParserExtended::test_parse_ansi_ans_5_1_exception_handling PASSED [ 81%]
tests/test_standards_parser.py::TestStandardsParserExtended::test_parse_iaea_benchmark_yaml PASSED [ 81%]
tests/test_standards_parser.py::TestStandardsParserExtended::test_parse_iaea_benchmark_yaml_no_pyyaml SKIPPED [ 81%]
tests/test_standards_parser.py::TestStandardsParserExtended::test_parse_iaea_benchmark_exception PASSED [ 81%]
tests/test_standards_parser.py::TestStandardsParserExtended::test_parse_iaea_benchmark_problem_name_fallback PASSED [ 81%]
tests/test_standards_parser.py::TestStandardsParserExtended::test_parse_iaea_benchmark_stem_fallback PASSED [ 81%]
tests/test_standards_parser.py::TestStandardsParserExtended::test_parse_mcnp_reference_file_not_found PASSED [ 81%]
tests/test_standards_parser.py::TestStandardsParserExtended::test_parse_mcnp_reference_exception PASSED [ 81%]
tests/test_standards_parser.py::TestStandardsParserExtended::test_parse_mcnp_reference_problem_name_fallback PASSED [ 81%]
tests/test_standards_parser.py::TestStandardsParserExtended::test_parse_custom_benchmark PASSED [ 81%]
tests/test_standards_parser.py::TestStandardsParserExtended::test_parse_custom_benchmark_file_not_found PASSED [ 81%]
tests/test_standards_parser.py::TestStandardsParserExtended::test_parse_custom_benchmark_exception PASSED [ 81%]
tests/test_standards_parser.py::TestStandardsParserExtended::test_parse_custom_benchmark_stem_fallback PASSED [ 81%]
tests/test_standards_parser.py::TestStandardsParserExtended::test_load_into_database_decay_heat_values PASSED [ 81%]
tests/test_standards_parser.py::TestStandardsParserExtended::test_load_into_database_iaea_benchmark PASSED [ 81%]
tests/test_standards_parser.py::TestStandardsParserExtended::test_load_into_database_mcnp_gamma_transport PASSED [ 81%]
tests/test_standards_parser.py::TestStandardsParserExtended::test_load_into_database_exception_handling PASSED [ 82%]
tests/test_standards_parser.py::TestStandardsParserExtended::test_parse_directory PASSED [ 82%]
tests/test_standards_parser.py::TestStandardsParserExtended::test_parse_directory_not_dir PASSED [ 82%]
tests/test_standards_parser.py::TestStandardsParserExtended::test_parse_directory_custom_pattern PASSED [ 82%]
tests/test_standards_parser.py::TestStandardsParserExtended::test_parse_directory_exception_handling PASSED [ 82%]
tests/test_standards_parser.py::TestStandardsParserExtended::test_parse_standards_data_auto_detect_ansi PASSED [ 82%]
tests/test_standards_parser.py::TestStandardsParserExtended::test_parse_standards_data_auto_detect_decay_heat_benchmarks PASSED [ 82%]
tests/test_standards_parser.py::TestStandardsParserExtended::test_parse_standards_data_auto_detect_iaea PASSED [ 82%]
tests/test_standards_parser.py::TestStandardsParserExtended::test_parse_standards_data_auto_detect_mcnp PASSED [ 82%]
tests/test_standards_parser.py::TestStandardsParserExtended::test_parse_standards_data_auto_detect_custom PASSED [ 82%]
tests/test_standards_parser.py::TestStandardsParserExtended::test_parse_standards_data_specified_type_ansi PASSED [ 82%]
tests/test_standards_parser.py::TestStandardsParserExtended::test_parse_standards_data_specified_type_iaea PASSED [ 82%]
tests/test_standards_parser.py::TestStandardsParserExtended::test_parse_standards_data_specified_type_mcnp PASSED [ 82%]
tests/test_standards_parser.py::TestStandardsParserExtended::test_parse_standards_data_specified_type_custom PASSED [ 82%]
tests/test_standards_parser.py::TestStandardsParserExtended::test_parse_standards_data_json_decode_error PASSED [ 82%]
tests/test_standards_parser_extended.py::TestStandardType::test_standard_type_values PASSED [ 82%]
tests/test_standards_parser_extended.py::TestStandardType::test_standard_type_membership PASSED [ 82%]
tests/test_standards_parser_extended.py::TestStandardsBenchmarkData::test_benchmark_data_creation PASSED [ 82%]
tests/test_standards_parser_extended.py::TestStandardsBenchmarkData::test_benchmark_data_to_dict PASSED [ 82%]
tests/test_standards_parser_extended.py::TestStandardsBenchmarkData::test_benchmark_data_all_standard_types PASSED [ 82%]
tests/test_standards_parser_extended.py::TestStandardsParser::test_parser_initialization PASSED [ 82%]
tests/test_standards_parser_extended.py::TestStandardsParser::test_parse_ansi_ans_5_1_valid_json PASSED [ 82%]
tests/test_standards_parser_extended.py::TestStandardsParser::test_parse_ansi_ans_5_1_direct_format PASSED [ 82%]
tests/test_standards_parser_extended.py::TestStandardsParser::test_parse_ansi_ans_5_1_file_not_found PASSED [ 82%]
tests/test_standards_parser_extended.py::TestStandardsParser::test_parse_ansi_ans_5_1_invalid_json PASSED [ 82%]
tests/test_standards_parser_extended.py::TestStandardsParser::test_parse_ansi_ans_5_1_wrong_standard PASSED [ 82%]
tests/test_standards_parser_extended.py::TestStandardsParser::test_parse_ansi_ans_5_1_empty_benchmarks PASSED [ 82%]
tests/test_standards_parser_extended.py::TestStandardsParser::test_parse_iaea_benchmark_valid_json PASSED [ 82%]
tests/test_standards_parser_extended.py::TestStandardsParser::test_parse_iaea_benchmark_uses_filename PASSED [ 82%]
tests/test_standards_parser_extended.py::TestStandardsParser::test_parse_iaea_benchmark_file_not_found PASSED [ 82%]
tests/test_standards_parser_extended.py::TestStandardsParser::test_parse_iaea_benchmark_yaml_with_pyyaml PASSED [ 82%]
tests/test_standards_parser_extended.py::TestStandardsParser::test_parse_iaea_benchmark_yaml_without_pyyaml PASSED [ 82%]
tests/test_standards_parser_extended.py::TestStandardsParser::test_parse_iaea_benchmark_invalid_json PASSED [ 82%]
tests/test_standards_parser_extended.py::TestStandardsParser::test_parse_mcnp_reference_valid PASSED [ 82%]
tests/test_standards_parser_extended.py::TestStandardsParser::test_parse_mcnp_reference_file_not_found PASSED [ 82%]
tests/test_standards_parser_extended.py::TestStandardsParser::test_parse_mcnp_reference_invalid_json PASSED [ 82%]
tests/test_standards_parser_extended.py::TestStandardsParser::test_parse_custom_benchmark_valid PASSED [ 82%]
tests/test_standards_parser_extended.py::TestStandardsParser::test_parse_custom_benchmark_default_name PASSED [ 82%]
tests/test_standards_parser_extended.py::TestStandardsParser::test_parse_custom_benchmark_file_not_found PASSED [ 82%]
tests/test_standards_parser_extended.py::TestStandardsParser::test_parse_custom_benchmark_invalid_json PASSED [ 82%]
tests/test_standards_parser_extended.py::TestStandardsParser::test_parse_custom_benchmark_uses_filename PASSED [ 82%]
tests/test_standards_parser_extended.py::TestStandardsParser::test_load_into_database PASSED [ 82%]
tests/test_standards_parser_extended.py::TestParseStandardsData::test_parse_standards_data_ansi PASSED [ 82%]
tests/test_standards_parser_extended.py::TestParseStandardsData::test_parse_standards_data_iaea PASSED [ 82%]
tests/test_standards_parser_extended.py::TestParseStandardsData::test_parse_standards_data_mcnp PASSED [ 82%]
tests/test_standards_parser_extended.py::TestParseStandardsData::test_parse_standards_data_custom PASSED [ 82%]
tests/test_standards_parser_extended.py::TestParseStandardsData::test_parse_standards_data_file_not_found PASSED [ 82%]
tests/test_temperature_interpolation.py::TestCrossSectionTemperatureInterpolator::test_interpolator_creation PASSED [ 82%]
tests/test_temperature_interpolation.py::TestCrossSectionTemperatureInterpolator::test_interpolate_linear PASSED [ 82%]
tests/test_temperature_interpolation.py::TestCrossSectionTemperatureInterpolator::test_interpolate_log_log PASSED [ 82%]
tests/test_temperature_interpolation.py::TestCrossSectionTemperatureInterpolator::test_interpolate_spline PASSED [ 82%]
tests/test_temperature_interpolation.py::TestCrossSectionTemperatureInterpolator::test_interpolate_at_exact_temperature PASSED [ 83%]
tests/test_temperature_interpolation.py::TestCrossSectionTemperatureInterpolator::test_interpolate_at_specific_energy PASSED [ 83%]
tests/test_temperature_interpolation.py::TestCrossSectionTemperatureInterpolator::test_init_validates_shapes PASSED [ 83%]
tests/test_temperature_interpolation.py::TestCrossSectionTemperatureInterpolator::test_temperature_clamps_and_exact_match_energy_path PASSED [ 83%]
tests/test_temperature_interpolation.py::TestCrossSectionTemperatureInterpolator::test_unknown_interpolation_method_raises PASSED [ 83%]
tests/test_temperature_interpolation.py::TestCrossSectionTemperatureInterpolator::test_internal_duplicate_temperature_guards PASSED [ 83%]
tests/test_temperature_interpolation.py::TestInterpolationMethods::test_linear_vs_log_log PASSED [ 83%]
tests/test_temperature_interpolation.py::TestInterpolationMethods::test_spline_2d_path PASSED [ 83%]
tests/test_temperature_interpolation.py::TestInterpolationMethods::test_spline_fallbacks_when_scipy_splines_fail PASSED [ 83%]
tests/test_temperature_interpolation.py::TestInterpolateCrossSectionTemperature::test_default_temperatures_and_library_and_skip_failures PASSED [ 83%]
tests/test_temperature_interpolation.py::TestInterpolateCrossSectionTemperature::test_energy_grid_mismatch_interpolates_to_first_grid PASSED [ 83%]
tests/test_temperature_interpolation.py::TestInterpolateCrossSectionTemperature::test_raises_when_no_cross_sections_available PASSED [ 83%]
tests/test_temperature_interpolation.py::test_temperature_interpolation_type_checking_import_branch PASSED [ 83%]
tests/test_templates.py::TestReactorTemplate::test_to_dict PASSED        [ 83%]
tests/test_templates.py::TestReactorTemplate::test_instantiate_defaults PASSED [ 83%]
tests/test_templates.py::TestReactorTemplate::test_instantiate_with_overrides PASSED [ 83%]
tests/test_templates.py::TestReactorTemplate::test_instantiate_no_base_preset PASSED [ 83%]
tests/test_templates.py::TestReactorTemplate::test_validate_valid PASSED [ 83%]
tests/test_templates.py::TestReactorTemplate::test_validate_missing_name PASSED [ 83%]
tests/test_templates.py::TestReactorTemplate::test_validate_missing_default PASSED [ 83%]
tests/test_templates.py::TestReactorTemplate::test_validate_missing_type PASSED [ 83%]
tests/test_templates.py::TestReactorTemplate::test_save_json PASSED      [ 83%]
tests/test_templates.py::TestReactorTemplate::test_save_yaml PASSED      [ 83%]
tests/test_templates.py::TestReactorTemplate::test_load_json PASSED      [ 83%]
tests/test_templates.py::TestReactorTemplate::test_load_yaml PASSED      [ 83%]
tests/test_templates.py::TestReactorTemplate::test_from_preset PASSED    [ 83%]
tests/test_templates.py::TestReactorTemplate::test_from_preset_default_name PASSED [ 83%]
tests/test_templates.py::TestTemplateLibrary::test_init_default_dir PASSED [ 83%]
tests/test_templates.py::TestTemplateLibrary::test_init_custom_dir PASSED [ 83%]
tests/test_templates.py::TestTemplateLibrary::test_save_template PASSED  [ 83%]
tests/test_templates.py::TestTemplateLibrary::test_load_template PASSED  [ 83%]
tests/test_templates.py::TestTemplateLibrary::test_load_template_not_found PASSED [ 83%]
tests/test_templates.py::TestTemplateLibrary::test_list_templates PASSED [ 83%]
tests/test_templates.py::TestTemplateLibrary::test_list_templates_empty PASSED [ 83%]
tests/test_templates.py::TestTemplateLibrary::test_delete_template PASSED [ 83%]
tests/test_templates.py::TestTemplateLibrary::test_delete_template_not_found PASSED [ 83%]
tests/test_thermal.py::TestThermalImports::test_thermal_module_import PASSED [ 83%]
tests/test_thermal.py::TestThermalImports::test_channel_thermal_hydraulics_import PASSED [ 83%]
tests/test_thermal.py::TestThermalImports::test_channel_geometry_import PASSED [ 83%]
tests/test_thermal.py::TestChannelGeometry::test_channel_geometry_creation PASSED [ 83%]
tests/test_thermal.py::TestChannelGeometry::test_channel_geometry_hydraulic_diameter PASSED [ 83%]
tests/test_thermal.py::TestChannelThermalHydraulics::test_thermal_hydraulics_creation PASSED [ 83%]
tests/test_thermal.py::TestChannelThermalHydraulics::test_set_power_profile PASSED [ 83%]
tests/test_thermal.py::TestChannelThermalHydraulics::test_solve_steady_state PASSED [ 83%]
tests/test_thermal.py::TestChannelThermalHydraulics::test_solve_steady_state_with_fuel_temperature PASSED [ 83%]
tests/test_thermal.py::TestChannelThermalHydraulics::test_validate_inputs_rejects_nonpositive_flow_area_and_perimeter PASSED [ 83%]
tests/test_thermal.py::TestChannelThermalHydraulics::test_set_power_profile_converts_list_input PASSED [ 83%]
tests/test_thermal.py::TestChannelThermalHydraulics::test_solve_steady_state_converts_t_fuel_list_input PASSED [ 83%]
tests/test_thermal.py::TestChannelThermalHydraulics::test_solve_steady_state_raises_on_nonphysical_temperature PASSED [ 83%]
tests/test_thermal.py::TestChannelThermalHydraulics::test_solve_steady_state_raises_on_nonphysical_pressure PASSED [ 83%]
tests/test_thermal.py::TestChannelThermalHydraulics::test_validate_inputs_requires_geometry_type_and_dict PASSED [ 84%]
tests/test_thermal.py::TestChannelThermalHydraulics::test_validate_inputs_rejects_nonpositive_length_and_inlet_values PASSED [ 84%]
tests/test_thermal.py::TestChannelThermalHydraulics::test_set_power_profile_length_mismatch_raises PASSED [ 84%]
tests/test_thermal.py::TestChannelThermalHydraulics::test_set_power_profile_clamps_negative_values PASSED [ 84%]
tests/test_thermal.py::TestChannelThermalHydraulics::test_solve_steady_state_rejects_t_fuel_bad_inputs PASSED [ 84%]
tests/test_thermal.py::TestFluidProperties::test_fluid_properties_creation PASSED [ 84%]
tests/test_thermal.py::TestFluidProperties::test_density PASSED          [ 84%]
tests/test_thermal.py::TestFluidProperties::test_viscosity PASSED        [ 84%]
tests/test_thermal.py::TestFluidProperties::test_thermal_conductivity PASSED [ 84%]
tests/test_thermal.py::TestFluidProperties::test_specific_heat PASSED    [ 84%]
tests/test_thermal.py::TestFluidProperties::test_prandtl_number PASSED   [ 84%]
tests/test_thermal.py::TestFuelRodThermal::test_fuel_rod_thermal_creation PASSED [ 84%]
tests/test_thermal.py::TestFuelRodThermal::test_fuel_rod_thermal_creation_rejects_invalid_inputs PASSED [ 84%]
tests/test_thermal.py::TestFuelRodThermal::test_solve_steady_conduction PASSED [ 84%]
tests/test_thermal.py::TestFuelRodThermal::test_solve_steady_conduction_rejects_invalid_inputs PASSED [ 84%]
tests/test_thermal.py::TestFuelRodThermal::test_solve_transient_conduction PASSED [ 84%]
tests/test_thermal.py::TestPorousMediaFlow::test_porous_media_flow_creation PASSED [ 84%]
tests/test_thermal.py::TestPorousMediaFlow::test_porous_media_flow_creation_rejects_invalid_inputs PASSED [ 84%]
tests/test_thermal.py::TestPorousMediaFlow::test_solve_flow PASSED       [ 84%]
tests/test_thermal.py::TestPorousMediaFlow::test_solve_flow_rejects_invalid_inputs_and_length_mismatch PASSED [ 84%]
tests/test_thermal.py::TestPorousMediaFlow::test_solve_flow_converts_profile_and_clamps_negative PASSED [ 84%]
tests/test_thermal.py::TestPorousMediaFlow::test_solve_flow_raises_on_nonphysical_temperature PASSED [ 84%]
tests/test_thermal.py::TestPorousMediaFlow::test_solve_flow_raises_on_nonphysical_pressure PASSED [ 84%]
tests/test_thermal.py::TestFlowRegime::test_flow_regime_enum PASSED      [ 84%]
tests/test_thermal.py::TestConjugateHeatTransfer::test_conjugate_heat_transfer_creation PASSED [ 84%]
tests/test_thermal.py::TestConjugateHeatTransfer::test_solve_coupled_convergence PASSED [ 84%]
tests/test_thermal.py::TestConjugateHeatTransfer::test_solve_coupled_under_relaxation_updates_temperature PASSED [ 84%]
tests/test_thermal.py::TestHeatTransferCoefficient::test_heat_transfer_coefficient_laminar PASSED [ 84%]
tests/test_thermal.py::TestHeatTransferCoefficient::test_heat_transfer_coefficient_transitional PASSED [ 84%]
tests/test_thermal.py::TestFrictionFactor::test_friction_factor_laminar PASSED [ 84%]
tests/test_thermal.py::TestTridiagonalSolver::test_solve_tridiagonal_fast PASSED [ 84%]
tests/test_thermal_lumped.py::TestThermalLump::test_thermal_lump_creation PASSED [ 84%]
tests/test_thermal_lumped.py::TestThermalLump::test_thermal_lump_invalid_capacitance PASSED [ 84%]
tests/test_thermal_lumped.py::TestThermalLump::test_thermal_lump_invalid_temperature PASSED [ 84%]
tests/test_thermal_lumped.py::TestThermalResistance::test_thermal_resistance_creation PASSED [ 84%]
tests/test_thermal_lumped.py::TestThermalResistance::test_thermal_resistance_invalid PASSED [ 84%]
tests/test_thermal_lumped.py::TestLumpedThermalHydraulics::test_solver_creation PASSED [ 84%]
tests/test_thermal_lumped.py::TestLumpedThermalHydraulics::test_solver_invalid_lumps PASSED [ 84%]
tests/test_thermal_lumped.py::TestLumpedThermalHydraulics::test_solver_invalid_resistance_reference PASSED [ 84%]
tests/test_thermal_lumped.py::TestLumpedThermalHydraulics::test_solver_lumps_not_dict PASSED [ 84%]
tests/test_thermal_lumped.py::TestLumpedThermalHydraulics::test_solver_resistance_lump1_unknown PASSED [ 84%]
tests/test_thermal_lumped.py::TestLumpedThermalHydraulics::test_solver_ambient_temperature_invalid PASSED [ 84%]
tests/test_thermal_lumped.py::TestLumpedThermalHydraulics::test_solve_transient_t_span_invalid_length PASSED [ 84%]
tests/test_thermal_lumped.py::TestLumpedThermalHydraulics::test_solve_transient_t_span_reversed PASSED [ 84%]
tests/test_thermal_lumped.py::TestLumpedThermalHydraulics::test_solve_transient_max_step_none PASSED [ 84%]
tests/test_thermal_lumped.py::TestLumpedThermalHydraulics::test_solve_transient_ode_solver_fails_success_false PASSED [ 84%]
tests/test_thermal_lumped.py::TestLumpedThermalHydraulics::test_solve_transient_ode_solver_raises PASSED [ 84%]
tests/test_thermal_lumped.py::TestLumpedThermalHydraulics::test_solve_transient PASSED [ 84%]
tests/test_thermal_lumped.py::TestLumpedThermalHydraulics::test_solve_transient_adaptive PASSED [ 84%]
tests/test_thermal_lumped.py::TestLumpedThermalHydraulics::test_solve_transient_long_term PASSED [ 84%]
tests/test_thermal_multiphysics_coupling.py::TestMultiPhysicsOptions::test_default_options PASSED [ 84%]
tests/test_thermal_multiphysics_coupling.py::TestMultiPhysicsOptions::test_custom_options PASSED [ 85%]
tests/test_thermal_multiphysics_coupling.py::TestMultiPhysicsCoupling::test_initialization PASSED [ 85%]
tests/test_thermal_multiphysics_coupling.py::TestMultiPhysicsCoupling::test_initialization_with_all_solvers PASSED [ 85%]
tests/test_thermal_multiphysics_coupling.py::TestMultiPhysicsCoupling::test_solve_steady_state_converges PASSED [ 85%]
tests/test_thermal_multiphysics_coupling.py::TestMultiPhysicsCoupling::test_solve_steady_state_with_initial_conditions PASSED [ 85%]
tests/test_thermal_multiphysics_coupling.py::TestMultiPhysicsCoupling::test_solve_steady_state_with_structural_mechanics PASSED [ 85%]
tests/test_thermal_multiphysics_coupling.py::TestMultiPhysicsCoupling::test_solve_steady_state_with_control_system PASSED [ 85%]
tests/test_thermal_multiphysics_coupling.py::TestMultiPhysicsCoupling::test_solve_steady_state_with_burnup PASSED [ 85%]
tests/test_thermal_multiphysics_coupling.py::TestMultiPhysicsCoupling::test_solve_steady_state_max_iterations PASSED [ 85%]
tests/test_thermal_multiphysics_coupling.py::TestMultiPhysicsCoupling::test_solve_steady_state_under_relaxation PASSED [ 85%]
tests/test_thermal_multiphysics_coupling.py::TestMultiPhysicsCoupling::test_iteration_history_tracking PASSED [ 85%]
tests/test_thermal_multiphysics_coupling.py::TestMultiPhysicsCoupling::test_solve_transient PASSED [ 85%]
tests/test_thermal_multiphysics_coupling.py::TestMultiPhysicsCoupling::test_solve_transient_with_initial_conditions PASSED [ 85%]
tests/test_thermal_multiphysics_coupling.py::TestMultiPhysicsCoupling::test_solve_transient_default_time_step PASSED [ 85%]
tests/test_thermal_multiphysics_coupling.py::TestMultiPhysicsCoupling::test_get_coupling_matrix_no_optional PASSED [ 85%]
tests/test_thermal_multiphysics_coupling.py::TestMultiPhysicsCoupling::test_get_coupling_matrix_with_all_options PASSED [ 85%]
tests/test_thermal_scattering_parser.py::TestScatteringLawData::test_scattering_law_data_creation PASSED [ 85%]
tests/test_thermal_scattering_parser.py::TestScatteringLawData::test_get_s_interpolation PASSED [ 85%]
tests/test_thermal_scattering_parser.py::TestScatteringLawData::test_get_s_temperature_interpolation PASSED [ 85%]
tests/test_thermal_scattering_parser.py::TestThermalScatteringParser::test_parser_initialization PASSED [ 85%]
tests/test_thermal_scattering_parser.py::TestThermalScatteringParser::test_extract_material_name PASSED [ 85%]
tests/test_thermal_scattering_parser.py::TestThermalScatteringParser::test_create_placeholder_data PASSED [ 85%]
tests/test_thermal_scattering_parser.py::TestThermalScatteringParser::test_compute_thermal_scattering_xs PASSED [ 85%]
tests/test_thermal_scattering_parser.py::TestTSLMaterialMapping::test_get_tsl_material_name PASSED [ 85%]
tests/test_thermal_scattering_parser.py::TestTSLMaterialMapping::test_get_tsl_material_name_unknown PASSED [ 85%]
tests/test_thermal_scattering_parser.py::TestTSLIntegration::test_get_thermal_scattering_data PASSED [ 85%]
tests/test_thermal_scattering_parser.py::TestTSLIntegration::test_tsl_file_discovery PASSED [ 85%]
tests/test_thermal_scattering_parser_comprehensive.py::TestThermalScatteringParserComprehensive::test_parse_file_success PASSED [ 85%]
tests/test_thermal_scattering_parser_comprehensive.py::TestThermalScatteringParserComprehensive::test_parse_file_nonexistent PASSED [ 85%]
tests/test_thermal_scattering_parser_comprehensive.py::TestThermalScatteringParserComprehensive::test_parse_mt2_section PASSED [ 85%]
tests/test_thermal_scattering_parser_comprehensive.py::TestThermalScatteringParserComprehensive::test_parse_mt4_section PASSED [ 85%]
tests/test_thermal_scattering_parser_comprehensive.py::TestThermalScatteringParserComprehensive::test_parse_endf_mf7_tsl_data_not_none_early_return PASSED [ 85%]
tests/test_thermal_scattering_parser_comprehensive.py::TestThermalScatteringParserComprehensive::test_parse_endf_mf7_finds_mt_sections PASSED [ 85%]
tests/test_thermal_scattering_parser_comprehensive.py::TestThermalScatteringParserComprehensive::test_parse_endf_mf7_mt2_fallback_when_mt4_none PASSED [ 85%]
tests/test_thermal_scattering_parser_comprehensive.py::TestThermalScatteringParserComprehensive::test_parse_mt4_section_with_end_marker_new PASSED [ 85%]
tests/test_thermal_scattering_parser_comprehensive.py::TestThermalScatteringParserComprehensive::test_parse_mt4_section_multiple_alpha_values_new PASSED [ 85%]
tests/test_thermal_scattering_parser_comprehensive.py::TestThermalScatteringParserComprehensive::test_parse_mt4_section_beta_value_matrix_creation_new PASSED [ 85%]
tests/test_thermal_scattering_parser_comprehensive.py::TestThermalScatteringParserComprehensive::test_extract_material_name PASSED [ 85%]
tests/test_thermal_scattering_parser_comprehensive.py::TestThermalScatteringParserComprehensive::test_scattering_law_data PASSED [ 85%]
tests/test_thermal_scattering_parser_comprehensive.py::TestThermalScatteringParserComprehensive::test_scattering_law_data_multi_temperature PASSED [ 85%]
tests/test_thermal_scattering_parser_comprehensive.py::TestThermalScatteringParserComprehensive::test_parse_file_exception_handling PASSED [ 85%]
tests/test_thermal_scattering_parser_comprehensive.py::TestThermalScatteringParserComprehensive::test_parse_file_empty_file PASSED [ 85%]
tests/test_thermal_scattering_parser_comprehensive.py::TestThermalScatteringParserComprehensive::test_parse_file_fallback_to_placeholder PASSED [ 85%]
tests/test_thermal_scattering_parser_comprehensive.py::TestThermalScatteringParserComprehensive::test_parse_file_read_exception PASSED [ 85%]
tests/test_thermal_scattering_parser_comprehensive.py::TestThermalScatteringParserComprehensive::test_parse_mt2_section_exception PASSED [ 85%]
tests/test_thermal_scattering_parser_comprehensive.py::TestThermalScatteringParserComprehensive::test_parse_mt2_section_invalid_index PASSED [ 85%]
tests/test_thermal_scattering_parser_comprehensive.py::TestThermalScatteringParserComprehensive::test_parse_mt4_section_exception PASSED [ 85%]
tests/test_thermal_scattering_parser_comprehensive.py::TestThermalScatteringParserComprehensive::test_parse_mt4_section_invalid_index PASSED [ 85%]
tests/test_thermal_scattering_parser_comprehensive.py::TestThermalScatteringParserComprehensive::test_parse_mt4_section_no_data PASSED [ 85%]
tests/test_thermal_scattering_parser_comprehensive.py::TestThermalScatteringParserComprehensive::test_parse_endf_mf7_no_sections PASSED [ 85%]
tests/test_thermal_scattering_parser_comprehensive.py::TestThermalScatteringParserComprehensive::test_parse_endf_mf7_mt2_fallback PASSED [ 86%]
tests/test_thermal_scattering_parser_comprehensive.py::TestThermalScatteringParserComprehensive::test_get_s_no_data PASSED [ 86%]
tests/test_thermal_scattering_parser_comprehensive.py::TestThermalScatteringParserComprehensive::test_get_s_exact_match PASSED [ 86%]
tests/test_thermal_scattering_parser_comprehensive.py::TestThermalScatteringParserComprehensive::test_get_s_extrapolation PASSED [ 86%]
tests/test_thermal_scattering_parser_comprehensive.py::TestThermalScatteringParserComprehensive::test_get_s_single_point PASSED [ 86%]
tests/test_thermal_scattering_parser_comprehensive.py::TestThermalScatteringParserComprehensive::test_get_s_temperature_interpolation PASSED [ 86%]
tests/test_thermal_scattering_parser_comprehensive.py::TestThermalScatteringParserComprehensive::test_get_s_temperature_exact_match PASSED [ 86%]
tests/test_thermal_scattering_parser_comprehensive.py::TestThermalScatteringParserComprehensive::test_interpolate_temperature_no_multi_temp PASSED [ 86%]
tests/test_thermal_scattering_parser_comprehensive.py::TestThermalScatteringParserComprehensive::test_interpolate_temperature_single_temp PASSED [ 86%]
tests/test_thermal_scattering_parser_comprehensive.py::TestThermalScatteringParserComprehensive::test_compute_thermal_scattering_xs_zero_energy PASSED [ 86%]
tests/test_thermal_scattering_parser_comprehensive.py::TestThermalScatteringParserComprehensive::test_compute_thermal_scattering_xs_different_temperature PASSED [ 86%]
tests/test_thermal_scattering_parser_comprehensive.py::TestThermalScatteringParserComprehensive::test_create_placeholder_data_various_materials PASSED [ 86%]
tests/test_thermal_scattering_parser_comprehensive.py::TestThermalScatteringParserComprehensive::test_extract_material_name_various_patterns PASSED [ 86%]
tests/test_thermal_scattering_parser_comprehensive.py::TestThermalScatteringParserComprehensive::test_get_s_interpolation_edge_cases PASSED [ 86%]
tests/test_thermal_scattering_parser_comprehensive.py::TestThermalScatteringParserComprehensive::test_get_s_with_temperature_parameter PASSED [ 86%]
tests/test_thermal_scattering_parser_comprehensive.py::TestThermalScatteringParserComprehensive::test_interpolate_temperature_exact_match_within_1k PASSED [ 86%]
tests/test_thermal_scattering_parser_comprehensive.py::TestThermalScatteringParserComprehensive::test_parse_endf_mf7_line_length_check PASSED [ 86%]
tests/test_thermal_scattering_parser_comprehensive.py::TestThermalScatteringParserComprehensive::test_parse_endf_mf7_mt2_only_fallback PASSED [ 86%]
tests/test_thermal_scattering_parser_comprehensive.py::TestThermalScatteringParserComprehensive::test_parse_mt4_section_with_empty_alpha_list PASSED [ 86%]
tests/test_thermal_scattering_parser_comprehensive.py::TestThermalScatteringParserComprehensive::test_parse_mt4_section_malformed_data_line PASSED [ 86%]
tests/test_thermal_scattering_parser_comprehensive.py::TestThermalScatteringParserComprehensive::test_compute_thermal_scattering_xs_negative_energy_out PASSED [ 86%]
tests/test_thermal_scattering_parser_comprehensive.py::TestThermalScatteringParserComprehensive::test_get_s_alpha_high_equals_alpha_low PASSED [ 86%]
tests/test_thermal_scattering_parser_comprehensive.py::TestThermalScatteringParserComprehensive::test_parse_mt4_section_with_multiple_alpha_values PASSED [ 86%]
tests/test_thermal_scattering_parser_comprehensive.py::TestThermalScatteringParserComprehensive::test_parse_mt4_section_beta_values_extraction PASSED [ 86%]
tests/test_thermal_scattering_parser_comprehensive.py::TestThermalScatteringParserComprehensive::test_parse_mt4_section_same_alpha_different_beta PASSED [ 86%]
tests/test_thermal_scattering_parser_comprehensive.py::TestThermalScatteringParserComprehensive::test_parse_mt4_section_with_end_marker PASSED [ 86%]
tests/test_thermal_scattering_parser_comprehensive.py::TestThermalScatteringParserComprehensive::test_parse_mt4_section_different_mf_break PASSED [ 86%]
tests/test_thermal_scattering_parser_comprehensive.py::TestThermalScatteringParserComprehensive::test_parse_mt4_section_with_3_values_per_line PASSED [ 86%]
tests/test_thermal_scattering_parser_comprehensive.py::TestThermalScatteringParserComprehensive::test_parse_mt4_section_scientific_notation_error PASSED [ 86%]
tests/test_thermal_scattering_parser_comprehensive.py::TestThermalScatteringParserComprehensive::test_parse_endf_mf7_mt2_used_when_mt4_none PASSED [ 86%]
tests/test_thermal_scattering_parser_comprehensive.py::TestThermalScatteringParserComprehensive::test_parse_mt2_section_with_valid_zaid PASSED [ 86%]
tests/test_thermal_upscattering.py::TestThermalUpscattering::test_upscattering_in_thermal_groups PASSED [ 86%]
tests/test_thermal_upscattering.py::TestThermalUpscattering::test_upscattering_without_tsl PASSED [ 86%]
tests/test_thermal_upscattering.py::TestThermalUpscattering::test_upscattering_temperature_dependence PASSED [ 86%]
tests/test_thermal_upscattering.py::TestThermalUpscattering::test_scattering_matrix_conservation PASSED [ 86%]
tests/test_thermal_upscattering.py::TestThermalUpscattering::test_thermal_group_upscattering_probability PASSED [ 86%]
tests/test_thermal_validation.py::TestChannelThermalHydraulicsValidation::test_invalid_geometry_type PASSED [ 86%]
tests/test_thermal_validation.py::TestChannelThermalHydraulicsValidation::test_invalid_inlet_conditions_type PASSED [ 86%]
tests/test_thermal_validation.py::TestChannelThermalHydraulicsValidation::test_missing_inlet_key PASSED [ 86%]
tests/test_thermal_validation.py::TestChannelThermalHydraulicsValidation::test_invalid_temperature PASSED [ 86%]
tests/test_thermal_validation.py::TestChannelThermalHydraulicsValidation::test_invalid_pressure PASSED [ 86%]
tests/test_thermal_validation.py::TestChannelThermalHydraulicsValidation::test_invalid_mass_flow_rate PASSED [ 86%]
tests/test_thermal_validation.py::TestChannelThermalHydraulicsValidation::test_invalid_geometry_length PASSED [ 86%]
tests/test_thermal_validation.py::TestChannelThermalHydraulicsValidation::test_invalid_power_profile_length PASSED [ 86%]
tests/test_thermal_validation.py::TestChannelThermalHydraulicsValidation::test_negative_power_profile PASSED [ 86%]
tests/test_thermal_validation.py::TestChannelThermalHydraulicsValidation::test_invalid_t_fuel_length PASSED [ 86%]
tests/test_thermal_validation.py::TestChannelThermalHydraulicsValidation::test_invalid_t_fuel_negative PASSED [ 86%]
tests/test_thermal_validation.py::TestFuelRodThermalValidation::test_invalid_radius PASSED [ 86%]
tests/test_thermal_validation.py::TestFuelRodThermalValidation::test_invalid_n_nodes PASSED [ 86%]
tests/test_thermal_validation.py::TestFuelRodThermalValidation::test_invalid_q_vol PASSED [ 86%]
tests/test_thermal_validation.py::TestFuelRodThermalValidation::test_invalid_k_fuel PASSED [ 86%]
tests/test_thermal_validation.py::TestFuelRodThermalValidation::test_invalid_t_surface PASSED [ 87%]
tests/test_thermal_validation.py::TestPorousMediaFlowValidation::test_invalid_bed_height PASSED [ 87%]
tests/test_thermal_validation.py::TestPorousMediaFlowValidation::test_invalid_bed_diameter PASSED [ 87%]
tests/test_thermal_validation.py::TestPorousMediaFlowValidation::test_invalid_pebble_diameter PASSED [ 87%]
tests/test_thermal_validation.py::TestPorousMediaFlowValidation::test_invalid_porosity_too_low PASSED [ 87%]
tests/test_thermal_validation.py::TestPorousMediaFlowValidation::test_invalid_porosity_too_high PASSED [ 87%]
tests/test_thermal_validation.py::TestPorousMediaFlowValidation::test_invalid_mdot PASSED [ 87%]
tests/test_thermal_validation.py::TestPorousMediaFlowValidation::test_invalid_t_in PASSED [ 87%]
tests/test_thermal_validation.py::TestPorousMediaFlowValidation::test_invalid_p_in PASSED [ 87%]
tests/test_thermal_validation.py::TestPorousMediaFlowValidation::test_invalid_q_vol_profile_length PASSED [ 87%]
tests/test_transient_visualization.py::TestPlotTransient::test_plot_transient_plotly SKIPPED [ 87%]
tests/test_transient_visualization.py::TestPlotTransient::test_plot_transient_matplotlib PASSED [ 87%]
tests/test_transient_visualization.py::TestPlotTransient::test_plot_transient_missing_data PASSED [ 87%]
tests/test_transient_visualization.py::TestPlotTransient::test_plot_transient_invalid_backend PASSED [ 87%]
tests/test_transient_visualization.py::TestPlotLumpedThermal::test_plot_lumped_thermal_plotly PASSED [ 87%]
tests/test_transient_visualization.py::TestPlotLumpedThermal::test_plot_lumped_thermal_matplotlib PASSED [ 87%]
tests/test_transient_visualization.py::TestPlotLumpedThermal::test_plot_lumped_thermal_missing_data PASSED [ 87%]
tests/test_transient_visualization.py::TestPlotLumpedThermal::test_plot_lumped_thermal_multiple_lumps PASSED [ 87%]
tests/test_transient_visualization.py::TestConvenienceIntegration::test_quick_transient_with_plot SKIPPED [ 87%]
tests/test_transient_visualization.py::TestConvenienceIntegration::test_import_visualization_functions PASSED [ 87%]
tests/test_transport.py::TestParticleState::test_particle_state_values PASSED [ 87%]
tests/test_transport.py::TestCollisionType::test_collision_type_values PASSED [ 87%]
tests/test_transport.py::TestNeutron::test_neutron_creation PASSED       [ 87%]
tests/test_transport.py::TestNeutron::test_neutron_direction_normalization PASSED [ 87%]
tests/test_transport.py::TestCrossSection::test_cross_section_creation PASSED [ 87%]
tests/test_transport.py::TestCrossSection::test_interpolate_at_grid_point PASSED [ 87%]
tests/test_transport.py::TestCrossSection::test_interpolate_between_points PASSED [ 87%]
tests/test_transport.py::TestCrossSection::test_interpolate_below_range PASSED [ 87%]
tests/test_transport.py::TestCrossSection::test_interpolate_above_range PASSED [ 87%]
tests/test_transport.py::TestGeometry::test_sphere_creation PASSED       [ 87%]
tests/test_transport.py::TestGeometry::test_sphere_is_inside PASSED      [ 87%]
tests/test_transport.py::TestGeometry::test_sphere_distance_to_boundary PASSED [ 87%]
tests/test_transport.py::TestGeometry::test_cylinder_creation PASSED     [ 87%]
tests/test_transport.py::TestGeometry::test_cylinder_is_inside PASSED    [ 87%]
tests/test_transport.py::TestGeometry::test_cylinder_distance_to_boundary PASSED [ 87%]
tests/test_transport.py::TestGeometry::test_box_creation PASSED          [ 87%]
tests/test_transport.py::TestGeometry::test_box_is_inside PASSED         [ 87%]
tests/test_transport.py::TestGeometry::test_box_distance_to_boundary PASSED [ 87%]
tests/test_transport.py::TestMaterial::test_material_creation PASSED     [ 87%]
tests/test_transport.py::TestMaterial::test_material_number_density PASSED [ 87%]
tests/test_transport.py::TestRegion::test_region_creation PASSED         [ 87%]
tests/test_transport.py::TestTally::test_tally_creation PASSED           [ 87%]
tests/test_transport.py::TestTally::test_tally_score PASSED              [ 87%]
tests/test_transport.py::TestTally::test_tally_mean PASSED               [ 87%]
tests/test_transport.py::TestTally::test_tally_variance PASSED           [ 87%]
tests/test_transport.py::TestTally::test_tally_std_dev PASSED            [ 87%]
tests/test_transport.py::TestTally::test_tally_relative_error PASSED     [ 87%]
tests/test_transport.py::TestTally::test_flux_tally_creation PASSED      [ 87%]
tests/test_transport.py::TestTally::test_flux_tally_score_track_length PASSED [ 87%]
tests/test_transport.py::TestTally::test_reaction_rate_tally_creation PASSED [ 87%]
tests/test_transport.py::TestVarianceReduction::test_importance_sampler_creation SKIPPED [ 88%]
tests/test_transport.py::TestVarianceReduction::test_importance_sampler_get_weight_adjustment SKIPPED [ 88%]
tests/test_transport.py::TestVarianceReduction::test_weight_window_creation PASSED [ 88%]
tests/test_transport.py::TestVarianceReduction::test_weight_window_check_and_adjust PASSED [ 88%]
tests/test_transport.py::TestMonteCarloEngine::test_mc_engine_creation PASSED [ 88%]
tests/test_transport.py::TestMonteCarloEngine::test_mc_engine_add_tally PASSED [ 88%]
tests/test_transport.py::TestMonteCarloEngine::test_mc_engine_enable_variance_reduction PASSED [ 88%]
tests/test_transport.py::TestMonteCarloEngine::test_mc_engine_find_region PASSED [ 88%]
tests/test_transport.py::TestMonteCarloEngine::test_mc_engine_sample_distance PASSED [ 88%]
tests/test_transport.py::TestMonteCarloEngine::test_mc_engine_sample_collision_type PASSED [ 88%]
tests/test_transport.py::TestMonteCarloEngine::test_mc_engine_scatter_neutron PASSED [ 88%]
tests/test_transport.py::TestMonteCarloEngine::test_mc_engine_sample_fission_energy PASSED [ 88%]
tests/test_transport.py::TestMonteCarloEngine::test_mc_engine_run_history PASSED [ 88%]
tests/test_transport.py::TestMonteCarloEngine::test_mc_engine_run_batch PASSED [ 88%]
tests/test_transport.py::TestMonteCarloEngine::test_mc_engine_run_eigenvalue PASSED [ 88%]
tests/test_transport.py::TestMonteCarloEngine::test_mc_engine_process_fission PASSED [ 88%]
tests/test_transport.py::TestMonteCarloEngine::test_mc_engine_transport_neutron_leakage PASSED [ 88%]
tests/test_transport.py::TestMonteCarloEngine::test_mc_engine_transport_neutron_with_weight_window PASSED [ 88%]
tests/test_transport.py::TestMonteCarloEngine::test_mc_engine_transport_neutron_with_tally PASSED [ 88%]
tests/test_transport.py::TestMonteCarloEngine::test_mc_engine_sample_distance_infinite PASSED [ 88%]
tests/test_transport.py::TestMonteCarloEngine::test_mc_engine_sample_collision_type_zero_total PASSED [ 88%]
tests/test_transport.py::TestMonteCarloEngine::test_mc_engine_run_batch_zero_histories PASSED [ 88%]
tests/test_transport.py::TestParallelMonteCarlo::test_parallel_monte_carlo_creation PASSED [ 88%]
tests/test_transport_class.py::TestTransportCreation::test_transport_creation PASSED [ 88%]
tests/test_transport_class.py::TestTransportCreation::test_transport_invalid_regions_not_list PASSED [ 88%]
tests/test_transport_class.py::TestTransportCreation::test_transport_empty_regions PASSED [ 88%]
tests/test_transport_class.py::TestTransportCreation::test_transport_invalid_region_type PASSED [ 88%]
tests/test_transport_class.py::TestTransportCreation::test_transport_invalid_source_not_callable PASSED [ 88%]
tests/test_transport_class.py::TestTransportCreation::test_transport_seed_parameter PASSED [ 88%]
tests/test_transport_class.py::TestTransportMethods::test_add_tally PASSED [ 88%]
tests/test_transport_class.py::TestTransportMethods::test_add_tally_invalid_type PASSED [ 88%]
tests/test_transport_class.py::TestTransportMethods::test_enable_variance_reduction PASSED [ 88%]
tests/test_transport_class.py::TestTransportMethods::test_run_batch PASSED [ 88%]
tests/test_transport_class.py::TestTransportMethods::test_run_batch_invalid_n_histories PASSED [ 88%]
tests/test_transport_class.py::TestTransportMethods::test_run_eigenvalue PASSED [ 88%]
tests/test_transport_class.py::TestTransportMethods::test_run_eigenvalue_invalid_n_generations PASSED [ 88%]
tests/test_transport_class.py::TestTransportMethods::test_run_eigenvalue_invalid_n_per_generation PASSED [ 88%]
tests/test_transport_class.py::TestTransportMethods::test_run_eigenvalue_invalid_n_skip_negative PASSED [ 88%]
tests/test_transport_class.py::TestTransportMethods::test_run_eigenvalue_invalid_n_skip_too_large PASSED [ 88%]
tests/test_transport_class.py::TestTransportMethods::test_tallies_property PASSED [ 88%]
tests/test_transport_class.py::TestTransportMethods::test_n_histories_property PASSED [ 88%]
tests/test_transport_class.py::TestTransportMethods::test_n_collisions_property PASSED [ 88%]
tests/test_two_phase_advanced.py::TestDriftFluxModel::test_zuber_findlay_model PASSED [ 88%]
tests/test_two_phase_advanced.py::TestDriftFluxModel::test_chexal_lellouche_model PASSED [ 88%]
tests/test_two_phase_advanced.py::TestDriftFluxModel::test_ishii_mishima_model PASSED [ 88%]
tests/test_two_phase_advanced.py::TestDriftFluxModel::test_distribution_parameter PASSED [ 88%]
tests/test_two_phase_advanced.py::TestDriftFluxModel::test_drift_velocity PASSED [ 88%]
tests/test_two_phase_advanced.py::TestDriftFluxModel::test_void_fraction_quality_bounds_and_zero_mass_flux PASSED [ 88%]
tests/test_two_phase_advanced.py::TestDriftFluxModel::test_distribution_parameter_and_drift_velocity_overrides_and_unknown_model PASSED [ 88%]
tests/test_two_phase_advanced.py::TestDriftFluxModel::test_saturation_properties_scaling_paths PASSED [ 88%]
tests/test_two_phase_advanced.py::TestTwoFluidModel::test_solve_two_fluid PASSED [ 88%]
tests/test_two_phase_advanced.py::TestTwoFluidModel::test_pressure_drop_calculation PASSED [ 89%]
tests/test_two_phase_advanced.py::TestTwoFluidModel::test_two_fluid_saturation_property_scaling PASSED [ 89%]
tests/test_two_phase_advanced.py::TestBoilingHeatTransfer::test_chen_correlation PASSED [ 89%]
tests/test_two_phase_advanced.py::TestBoilingHeatTransfer::test_forster_zuber_correlation PASSED [ 89%]
tests/test_two_phase_advanced.py::TestBoilingHeatTransfer::test_gorenflo_correlation_and_default_fallback PASSED [ 89%]
tests/test_two_phase_advanced.py::TestBoilingHeatTransfer::test_heat_transfer_coefficient_delta_t_nonpositive PASSED [ 89%]
tests/test_two_phase_advanced.py::TestBoilingHeatTransfer::test_critical_heat_flux PASSED [ 89%]
tests/test_two_phase_advanced.py::TestBoilingHeatTransfer::test_biasi_chf PASSED [ 89%]
tests/test_two_phase_advanced.py::TestBoilingHeatTransfer::test_chf_groeneveld_and_default PASSED [ 89%]
tests/test_two_phase_advanced.py::TestBoilingHeatTransfer::test_boiling_saturation_property_scaling PASSED [ 89%]
tests/test_two_phase_advanced.py::TestInterfacialTransferModels::test_saturation_property_scaling PASSED [ 89%]
tests/test_two_phase_advanced.py::TestInterfacialTransferModels::test_mass_energy_and_momentum_transfer_branches PASSED [ 89%]
tests/test_two_phase_advanced.py::TestTwoPhaseThermalHydraulics::test_solve_drift_flux PASSED [ 89%]
tests/test_two_phase_advanced.py::TestTwoPhaseThermalHydraulics::test_solve_two_fluid PASSED [ 89%]
tests/test_two_phase_advanced.py::TestTwoPhaseThermalHydraulics::test_chf_margin PASSED [ 89%]
tests/test_two_phase_advanced.py::TestTwoPhaseThermalHydraulics::test_flow_regime_determination PASSED [ 89%]
tests/test_two_phase_advanced.py::TestTwoPhaseThermalHydraulics::test_flow_regime_boundaries_and_saturation_scaling PASSED [ 89%]
tests/test_two_phase_flow.py::TestTwoPhaseFlowRegion::test_region_creation PASSED [ 89%]
tests/test_two_phase_flow.py::TestTwoPhaseFlowRegion::test_calculate_void_fraction_from_quality PASSED [ 89%]
tests/test_two_phase_flow.py::TestTwoPhaseFlowRegion::test_calculate_quality_from_void_fraction PASSED [ 89%]
tests/test_two_phase_flow.py::TestTwoPhaseFlowRegion::test_determine_flow_regime PASSED [ 89%]
tests/test_two_phase_flow.py::TestTwoPhaseFlowRegion::test_void_fraction_quality_edges PASSED [ 89%]
tests/test_two_phase_flow.py::TestTwoPhaseFlowRegion::test_quality_void_fraction_edges PASSED [ 89%]
tests/test_two_phase_flow.py::TestTwoPhaseFlowRegion::test_saturation_cache_hit PASSED [ 89%]
tests/test_two_phase_flow.py::TestTwoPhaseFlowRegion::test_void_fraction_when_saturation_invalid PASSED [ 89%]
tests/test_two_phase_flow.py::TestTwoPhaseFlowRegion::test_quality_when_saturation_invalid PASSED [ 89%]
tests/test_two_phase_flow.py::TestTwoPhaseFlowRegion::test_calculate_pressure_drop PASSED [ 89%]
tests/test_two_phase_flow.py::TestTwoPhaseFlowRegion::test_update_from_heat_addition PASSED [ 89%]
tests/test_two_phase_flow.py::TestPresetFunctions::test_create_bwr_two_phase_region PASSED [ 89%]
tests/test_two_phase_integration.py::test_integrate_two_phase_with_thermal_hydraulics_smoke PASSED [ 89%]
tests/test_uncertainty.py::test_import PASSED                            [ 89%]
tests/test_uncertainty.py::test_uq PASSED                                [ 89%]
tests/test_uncertainty_comprehensive.py::TestUncertainParameter::test_normal_distribution_creation PASSED [ 89%]
tests/test_uncertainty_comprehensive.py::TestUncertainParameter::test_uniform_distribution_creation PASSED [ 89%]
tests/test_uncertainty_comprehensive.py::TestUncertainParameter::test_lognormal_distribution_creation PASSED [ 89%]
tests/test_uncertainty_comprehensive.py::TestUncertainParameter::test_triangular_distribution_creation PASSED [ 89%]
tests/test_uncertainty_comprehensive.py::TestUncertainParameter::test_invalid_distribution PASSED [ 89%]
tests/test_uncertainty_comprehensive.py::TestUncertainParameter::test_empty_name PASSED [ 89%]
tests/test_uncertainty_comprehensive.py::TestUncertainParameter::test_invalid_uncertainty_for_normal PASSED [ 89%]
tests/test_uncertainty_comprehensive.py::TestUncertainParameter::test_invalid_uncertainty_for_uniform PASSED [ 89%]
tests/test_uncertainty_comprehensive.py::TestUncertainParameter::test_invalid_nominal_for_triangular PASSED [ 89%]
tests/test_uncertainty_comprehensive.py::TestUncertainParameter::test_sample_normal PASSED [ 89%]
tests/test_uncertainty_comprehensive.py::TestUncertainParameter::test_sample_uniform PASSED [ 89%]
tests/test_uncertainty_comprehensive.py::TestUncertainParameter::test_sample_invalid_n PASSED [ 89%]
tests/test_uncertainty_comprehensive.py::TestUncertainParameter::test_to_salib_format PASSED [ 89%]
tests/test_uncertainty_comprehensive.py::TestMonteCarloSampler::test_sampler_creation PASSED [ 89%]
tests/test_uncertainty_comprehensive.py::TestMonteCarloSampler::test_invalid_parameters_type PASSED [ 89%]
tests/test_uncertainty_comprehensive.py::TestMonteCarloSampler::test_empty_parameters PASSED [ 89%]
tests/test_uncertainty_comprehensive.py::TestMonteCarloSampler::test_invalid_parameter_type PASSED [ 89%]
tests/test_uncertainty_comprehensive.py::TestMonteCarloSampler::test_sample_monte_carlo PASSED [ 89%]
tests/test_uncertainty_comprehensive.py::TestMonteCarloSampler::test_sample_monte_carlo_invalid_n PASSED [ 90%]
tests/test_uncertainty_comprehensive.py::TestMonteCarloSampler::test_sample_latin_hypercube PASSED [ 90%]
tests/test_uncertainty_comprehensive.py::TestMonteCarloSampler::test_sample_sobol_sequence PASSED [ 90%]
tests/test_uncertainty_comprehensive.py::TestUncertaintyPropagation::test_propagation_creation PASSED [ 90%]
tests/test_uncertainty_comprehensive.py::TestUncertaintyPropagation::test_invalid_parameters_empty PASSED [ 90%]
tests/test_uncertainty_comprehensive.py::TestUncertaintyPropagation::test_invalid_model PASSED [ 90%]
tests/test_uncertainty_comprehensive.py::TestUncertaintyPropagation::test_invalid_output_names_empty PASSED [ 90%]
tests/test_uncertainty_comprehensive.py::TestUncertaintyPropagation::test_invalid_output_name_type PASSED [ 90%]
tests/test_uncertainty_comprehensive.py::TestUncertaintyPropagation::test_propagate_mc PASSED [ 90%]
tests/test_uncertainty_comprehensive.py::TestUncertaintyPropagation::test_propagate_lhs PASSED [ 90%]
tests/test_uncertainty_comprehensive.py::TestUncertaintyPropagation::test_propagate_invalid_method PASSED [ 90%]
tests/test_uncertainty_comprehensive.py::TestUncertaintyPropagation::test_propagate_invalid_n_samples PASSED [ 90%]
tests/test_uncertainty_comprehensive.py::TestUncertaintyPropagation::test_propagate_model_returns_dict PASSED [ 90%]
tests/test_uncertainty_comprehensive.py::TestUncertaintyPropagation::test_propagate_model_returns_array PASSED [ 90%]
tests/test_uncertainty_comprehensive.py::TestUncertaintyPropagation::test_propagate_model_missing_output PASSED [ 90%]
tests/test_uncertainty_comprehensive.py::TestUncertaintyPropagation::test_propagate_model_raises_exception PASSED [ 90%]
tests/test_uncertainty_comprehensive.py::TestSensitivityAnalysis::test_sensitivity_analysis_creation PASSED [ 90%]
tests/test_uncertainty_comprehensive.py::TestSensitivityAnalysis::test_invalid_parameters_empty PASSED [ 90%]
tests/test_uncertainty_comprehensive.py::TestSensitivityAnalysis::test_invalid_model PASSED [ 90%]
tests/test_uncertainty_comprehensive.py::TestSensitivityAnalysis::test_invalid_output_names_empty PASSED [ 90%]
tests/test_uncertainty_comprehensive.py::TestSensitivityAnalysis::test_morris_screening_invalid_n_trajectories PASSED [ 90%]
tests/test_uncertainty_comprehensive.py::TestSensitivityAnalysis::test_morris_screening_invalid_n_levels PASSED [ 90%]
tests/test_uncertainty_comprehensive.py::TestSensitivityAnalysis::test_sobol_analysis_invalid_n_samples PASSED [ 90%]
tests/test_uncertainty_visualization.py::TestVisualizationTools::test_plot_distributions PASSED [ 90%]
tests/test_uncertainty_visualization.py::TestVisualizationTools::test_plot_distributions_invalid_results PASSED [ 90%]
tests/test_uncertainty_visualization.py::TestVisualizationTools::test_plot_distributions_invalid_output_idx PASSED [ 90%]
tests/test_uncertainty_visualization.py::TestVisualizationTools::test_plot_distributions_empty_samples PASSED [ 90%]
tests/test_uncertainty_visualization.py::TestVisualizationTools::test_plot_distributions_missing_statistics PASSED [ 90%]
tests/test_uncertainty_visualization.py::TestVisualizationTools::test_plot_scatter_matrix PASSED [ 90%]
tests/test_uncertainty_visualization.py::TestVisualizationTools::test_plot_scatter_matrix_invalid_results PASSED [ 90%]
tests/test_uncertainty_visualization.py::TestVisualizationTools::test_plot_scatter_matrix_invalid_output_idx PASSED [ 90%]
tests/test_uncertainty_visualization.py::TestVisualizationTools::test_plot_scatter_matrix_invalid_max_params PASSED [ 90%]
tests/test_uncertainty_visualization.py::TestVisualizationTools::test_plot_sobol_indices PASSED [ 90%]
tests/test_uncertainty_visualization.py::TestVisualizationTools::test_plot_sobol_indices_invalid_results PASSED [ 90%]
tests/test_uncertainty_visualization.py::TestVisualizationTools::test_plot_sobol_indices_missing_output PASSED [ 90%]
tests/test_uncertainty_visualization.py::TestVisualizationTools::test_plot_sobol_indices_invalid_parameter_names PASSED [ 90%]
tests/test_uncertainty_visualization.py::TestVisualizationTools::test_plot_sobol_indices_missing_keys PASSED [ 90%]
tests/test_uncertainty_visualization.py::TestVisualizationTools::test_plot_sobol_indices_length_mismatch PASSED [ 90%]
tests/test_units.py::TestUnitRegistry::test_get_ureg PASSED              [ 90%]
tests/test_units.py::TestUnitRegistry::test_reactor_units_defined PASSED [ 90%]
tests/test_units.py::TestUnitRegistry::test_define_reactor_units PASSED  [ 90%]
tests/test_units.py::TestUnitChecking::test_check_units_with_quantity PASSED [ 90%]
tests/test_units.py::TestUnitChecking::test_check_units_with_plain_number PASSED [ 90%]
tests/test_units.py::TestUnitChecking::test_check_units_dimensionality_error PASSED [ 90%]
tests/test_units.py::TestUnitChecking::test_check_units_with_quantity_expected_unit PASSED [ 90%]
tests/test_units.py::TestUnitChecking::test_convert_units PASSED         [ 90%]
tests/test_units.py::TestUnitChecking::test_with_units PASSED            [ 90%]
tests/test_units.py::TestUnitChecking::test_reactivity_units PASSED      [ 90%]
tests/test_units.py::TestUnitChecking::test_convert_units_with_quantity_target_str PASSED [ 90%]
tests/test_units.py::TestUnitChecking::test_convert_units_with_quantity_target_quantity PASSED [ 90%]
tests/test_units.py::TestUnitChecking::test_convert_units_plain_number PASSED [ 90%]
tests/test_units.py::TestUnitChecking::test_with_units_string_unit PASSED [ 91%]
tests/test_units.py::TestUnitChecking::test_with_units_quantity_unit PASSED [ 91%]
tests/test_units.py::TestUnitsEdgeCases::test_check_units_plain_number_string_unit PASSED [ 91%]
tests/test_units.py::TestUnitsEdgeCases::test_check_units_plain_number_quantity_unit PASSED [ 91%]
tests/test_units.py::TestUnitsEdgeCases::test_check_units_compatible_units PASSED [ 91%]
tests/test_units.py::TestUnitsEdgeCases::test_convert_units_incompatible_units PASSED [ 91%]
tests/test_units.py::TestUnitsEdgeCases::test_with_units_zero_value PASSED [ 91%]
tests/test_units.py::TestUnitsEdgeCases::test_with_units_negative_value PASSED [ 91%]
tests/test_units.py::TestUnitsEdgeCases::test_convert_units_quantity_to_same_unit PASSED [ 91%]
tests/test_units.py::TestUnitsEdgeCases::test_get_ureg_singleton PASSED  [ 91%]
tests/test_units.py::TestUnitsEdgeCases::test_check_units_name_parameter PASSED [ 91%]
tests/test_units.py::TestUnitsEdgeCases::test_convert_units_float_result PASSED [ 91%]
tests/test_units.py::TestUnitsEdgeCases::test_with_units_int_value PASSED [ 91%]
tests/test_units.py::TestUnitsEdgeCases::test_reactor_units_dollar_conversion SKIPPED) [ 91%]
tests/test_units.py::TestUnitsEdgeCases::test_reactor_units_pcm_conversion SKIPPED [ 91%]
tests/test_units.py::TestBackwardsCompatibility::test_get_ureg_raises_import_error PASSED [ 91%]
tests/test_units.py::TestBackwardsCompatibility::test_functions_without_pint PASSED [ 91%]
tests/test_units.py::TestBackwardsCompatibility::test_define_reactor_units PASSED [ 91%]
tests/test_uq_additional_coverage.py::TestUncertainParameterEdgeCases::test_parameter_sample_zero_n PASSED [ 91%]
tests/test_uq_additional_coverage.py::TestUncertainParameterEdgeCases::test_parameter_sample_very_large_n PASSED [ 91%]
tests/test_uq_additional_coverage.py::TestUncertainParameterEdgeCases::test_parameter_sample_triangular_nominal_at_bounds PASSED [ 91%]
tests/test_uq_additional_coverage.py::TestUncertainParameterEdgeCases::test_parameter_to_salib_format_triangular PASSED [ 91%]
tests/test_uq_additional_coverage.py::TestMonteCarloSamplerEdgeCases::test_sampler_empty_parameters_list PASSED [ 91%]
tests/test_uq_additional_coverage.py::TestMonteCarloSamplerEdgeCases::test_sampler_single_parameter PASSED [ 91%]
tests/test_uq_additional_coverage.py::TestMonteCarloSamplerEdgeCases::test_sampler_many_parameters PASSED [ 91%]
tests/test_uq_additional_coverage.py::TestMonteCarloSamplerEdgeCases::test_sampler_lhs_small_n PASSED [ 91%]
tests/test_uq_additional_coverage.py::TestMonteCarloSamplerEdgeCases::test_sampler_sobol_sequence_small_n PASSED [ 91%]
tests/test_uq_additional_coverage.py::TestUncertaintyPropagationEdgeCases::test_propagation_model_returns_scalar PASSED [ 91%]
tests/test_uq_additional_coverage.py::TestUncertaintyPropagationEdgeCases::test_propagation_model_returns_none PASSED [ 91%]
tests/test_uq_additional_coverage.py::TestUncertaintyPropagationEdgeCases::test_propagation_model_returns_empty_dict PASSED [ 91%]
tests/test_uq_additional_coverage.py::TestUncertaintyPropagationEdgeCases::test_propagation_model_returns_wrong_array_shape PASSED [ 91%]
tests/test_uq_additional_coverage.py::TestUncertaintyPropagationEdgeCases::test_propagation_single_output PASSED [ 91%]
tests/test_uq_additional_coverage.py::TestUncertaintyPropagationEdgeCases::test_propagation_many_outputs PASSED [ 91%]
tests/test_uq_additional_coverage.py::TestSensitivityAnalysisEdgeCases::test_sensitivity_sobol_analysis_single_parameter PASSED [ 91%]
tests/test_uq_additional_coverage.py::TestSensitivityAnalysisEdgeCases::test_sensitivity_sobol_analysis_model_returns_array PASSED [ 91%]
tests/test_uq_additional_coverage.py::TestSensitivityAnalysisEdgeCases::test_sensitivity_morris_screening_single_parameter PASSED [ 91%]
tests/test_uq_additional_coverage.py::TestUQResultsEdgeCases::test_results_empty_samples PASSED [ 91%]
tests/test_uq_additional_coverage.py::TestUQResultsEdgeCases::test_results_single_sample PASSED [ 91%]
tests/test_uq_additional_coverage.py::TestVisualizationToolsEdgeCases::test_plot_distributions_single_parameter PASSED [ 91%]
tests/test_uq_additional_coverage.py::TestVisualizationToolsEdgeCases::test_plot_scatter_matrix_single_parameter PASSED [ 91%]
tests/test_uq_comprehensive.py::TestUncertainParameter::test_parameter_creation_normal PASSED [ 91%]
tests/test_uq_comprehensive.py::TestUncertainParameter::test_parameter_creation_uniform PASSED [ 91%]
tests/test_uq_comprehensive.py::TestUncertainParameter::test_parameter_creation_lognormal PASSED [ 91%]
tests/test_uq_comprehensive.py::TestUncertainParameter::test_parameter_creation_triangular PASSED [ 91%]
tests/test_uq_comprehensive.py::TestUncertainParameter::test_parameter_validation_invalid_distribution PASSED [ 91%]
tests/test_uq_comprehensive.py::TestUncertainParameter::test_parameter_validation_empty_name PASSED [ 91%]
tests/test_uq_comprehensive.py::TestUncertainParameter::test_parameter_validation_normal_invalid_uncertainty PASSED [ 91%]
tests/test_uq_comprehensive.py::TestUncertainParameter::test_parameter_validation_uniform_invalid_uncertainty PASSED [ 91%]
tests/test_uq_comprehensive.py::TestUncertainParameter::test_parameter_validation_triangular_nominal_outside_bounds PASSED [ 91%]
tests/test_uq_comprehensive.py::TestUncertainParameter::test_parameter_sample_normal PASSED [ 91%]
tests/test_uq_comprehensive.py::TestUncertainParameter::test_parameter_sample_uniform PASSED [ 92%]
tests/test_uq_comprehensive.py::TestUncertainParameter::test_parameter_sample_lognormal PASSED [ 92%]
tests/test_uq_comprehensive.py::TestUncertainParameter::test_parameter_sample_triangular PASSED [ 92%]
tests/test_uq_comprehensive.py::TestUncertainParameter::test_parameter_sample_invalid_n PASSED [ 92%]
tests/test_uq_comprehensive.py::TestUncertainParameter::test_parameter_sample_unknown_distribution PASSED [ 92%]
tests/test_uq_comprehensive.py::TestUncertainParameter::test_parameter_to_salib_format_uniform PASSED [ 92%]
tests/test_uq_comprehensive.py::TestUncertainParameter::test_parameter_to_salib_format_normal PASSED [ 92%]
tests/test_uq_comprehensive.py::TestUncertainParameter::test_parameter_to_salib_format_other PASSED [ 92%]
tests/test_uq_comprehensive.py::TestMonteCarloSampler::test_sampler_creation PASSED [ 92%]
tests/test_uq_comprehensive.py::TestMonteCarloSampler::test_sampler_creation_invalid_parameters_type PASSED [ 92%]
tests/test_uq_comprehensive.py::TestMonteCarloSampler::test_sampler_creation_empty_parameters PASSED [ 92%]
tests/test_uq_comprehensive.py::TestMonteCarloSampler::test_sampler_creation_invalid_parameter_type PASSED [ 92%]
tests/test_uq_comprehensive.py::TestMonteCarloSampler::test_sampler_monte_carlo PASSED [ 92%]
tests/test_uq_comprehensive.py::TestMonteCarloSampler::test_sampler_monte_carlo_invalid_n_samples PASSED [ 92%]
tests/test_uq_comprehensive.py::TestMonteCarloSampler::test_sampler_latin_hypercube PASSED [ 92%]
tests/test_uq_comprehensive.py::TestMonteCarloSampler::test_sampler_latin_hypercube_invalid_n_samples PASSED [ 92%]
tests/test_uq_comprehensive.py::TestMonteCarloSampler::test_sampler_sobol_sequence PASSED [ 92%]
tests/test_uq_comprehensive.py::TestMonteCarloSampler::test_sampler_sobol_sequence_invalid_n_samples PASSED [ 92%]
tests/test_uq_comprehensive.py::TestUncertaintyPropagation::test_propagation_creation PASSED [ 92%]
tests/test_uq_comprehensive.py::TestUncertaintyPropagation::test_propagation_creation_invalid_parameters PASSED [ 92%]
tests/test_uq_comprehensive.py::TestUncertaintyPropagation::test_propagation_creation_invalid_model PASSED [ 92%]
tests/test_uq_comprehensive.py::TestUncertaintyPropagation::test_propagation_creation_invalid_output_names PASSED [ 92%]
tests/test_uq_comprehensive.py::TestUncertaintyPropagation::test_propagation_propagate_mc PASSED [ 92%]
tests/test_uq_comprehensive.py::TestUncertaintyPropagation::test_propagation_propagate_lhs PASSED [ 92%]
tests/test_uq_comprehensive.py::TestUncertaintyPropagation::test_propagation_propagate_sobol PASSED [ 92%]
tests/test_uq_comprehensive.py::TestUncertaintyPropagation::test_propagation_propagate_invalid_n_samples PASSED [ 92%]
tests/test_uq_comprehensive.py::TestUncertaintyPropagation::test_propagation_propagate_invalid_method PASSED [ 92%]
tests/test_uq_comprehensive.py::TestUncertaintyPropagation::test_propagation_propagate_model_returns_array PASSED [ 92%]
tests/test_uq_comprehensive.py::TestUncertaintyPropagation::test_propagation_propagate_model_raises_exception PASSED [ 92%]
tests/test_uq_comprehensive.py::TestUncertaintyPropagation::test_propagation_propagate_missing_output PASSED [ 92%]
tests/test_uq_comprehensive.py::TestUncertaintyPropagation::test_propagation_propagate_wrong_shape PASSED [ 92%]
tests/test_uq_comprehensive.py::TestSensitivityAnalysis::test_sensitivity_creation PASSED [ 92%]
tests/test_uq_comprehensive.py::TestSensitivityAnalysis::test_sensitivity_creation_invalid_parameters PASSED [ 92%]
tests/test_uq_comprehensive.py::TestSensitivityAnalysis::test_sensitivity_creation_invalid_model PASSED [ 92%]
tests/test_uq_comprehensive.py::TestSensitivityAnalysis::test_sensitivity_sobol_analysis_no_salib PASSED [ 92%]
tests/test_uq_comprehensive.py::TestSensitivityAnalysis::test_sensitivity_sobol_analysis_invalid_n_samples PASSED [ 92%]
tests/test_uq_comprehensive.py::TestSensitivityAnalysis::test_sensitivity_morris_screening_no_salib PASSED [ 92%]
tests/test_uq_comprehensive.py::TestSensitivityAnalysis::test_sensitivity_morris_screening_invalid_n_trajectories PASSED [ 92%]
tests/test_uq_comprehensive.py::TestSensitivityAnalysis::test_sensitivity_morris_screening_invalid_n_levels PASSED [ 92%]
tests/test_uq_comprehensive.py::TestUQResults::test_results_creation PASSED [ 92%]
tests/test_uq_comprehensive.py::TestVisualizationTools::test_plot_distributions_invalid_results_type PASSED [ 92%]
tests/test_uq_comprehensive.py::TestVisualizationTools::test_plot_distributions_invalid_output_idx PASSED [ 92%]
tests/test_uq_comprehensive.py::TestVisualizationTools::test_plot_distributions_empty_samples PASSED [ 92%]
tests/test_uq_comprehensive.py::TestVisualizationTools::test_plot_distributions_missing_statistics PASSED [ 92%]
tests/test_uq_comprehensive.py::TestVisualizationTools::test_plot_scatter_matrix_invalid_results_type PASSED [ 92%]
tests/test_uq_comprehensive.py::TestVisualizationTools::test_plot_scatter_matrix_invalid_output_idx PASSED [ 92%]
tests/test_uq_comprehensive.py::TestVisualizationTools::test_plot_scatter_matrix_invalid_max_params PASSED [ 92%]
tests/test_uq_comprehensive.py::TestVisualizationTools::test_plot_scatter_matrix_empty_parameter_samples PASSED [ 92%]
tests/test_uq_comprehensive.py::TestVisualizationTools::test_plot_scatter_matrix_no_seaborn PASSED [ 92%]
tests/test_uq_comprehensive.py::TestVisualizationTools::test_plot_sobol_indices_invalid_results_type PASSED [ 92%]
tests/test_uq_comprehensive.py::TestVisualizationTools::test_plot_sobol_indices_missing_output PASSED [ 92%]
tests/test_uq_comprehensive.py::TestVisualizationTools::test_plot_sobol_indices_invalid_parameter_names PASSED [ 93%]
tests/test_uq_comprehensive.py::TestVisualizationTools::test_plot_sobol_indices_missing_keys PASSED [ 93%]
tests/test_uq_comprehensive.py::TestVisualizationTools::test_plot_sobol_indices_length_mismatch PASSED [ 93%]
tests/test_uq_comprehensive.py::TestSensitivityAnalysisPrivateMethods::test_print_statistics PASSED [ 93%]
tests/test_uq_comprehensive.py::TestSensitivityAnalysisPrivateMethods::test_print_sobol_results_valid PASSED [ 93%]
tests/test_uq_comprehensive.py::TestSensitivityAnalysisPrivateMethods::test_print_sobol_results_invalid_structure PASSED [ 93%]
tests/test_uq_comprehensive.py::TestSensitivityAnalysisPrivateMethods::test_print_morris_results_valid PASSED [ 93%]
tests/test_uq_comprehensive.py::TestSensitivityAnalysisPrivateMethods::test_print_morris_results_invalid_structure PASSED [ 93%]
tests/test_utils_error_messages.py::TestFormatValidationError::test_format_validation_error_negative_power PASSED [ 93%]
tests/test_utils_error_messages.py::TestFormatValidationError::test_format_validation_error_negative_temperature PASSED [ 93%]
tests/test_utils_error_messages.py::TestFormatValidationError::test_format_validation_error_enrichment_negative PASSED [ 93%]
tests/test_utils_error_messages.py::TestFormatValidationError::test_format_validation_error_enrichment_out_of_range_high PASSED [ 93%]
tests/test_utils_error_messages.py::TestFormatValidationError::test_format_validation_error_enrichment_out_of_range_low PASSED [ 93%]
tests/test_utils_error_messages.py::TestFormatValidationError::test_format_validation_error_temperature_order PASSED [ 93%]
tests/test_utils_error_messages.py::TestFormatValidationError::test_format_validation_error_missing_required PASSED [ 93%]
tests/test_utils_error_messages.py::TestFormatValidationError::test_format_validation_error_with_suggestions PASSED [ 93%]
tests/test_utils_error_messages.py::TestFormatValidationError::test_format_validation_error_fallback PASSED [ 93%]
tests/test_utils_error_messages.py::TestSuggestCorrection::test_suggest_correction_enrichment_percent PASSED [ 93%]
tests/test_utils_error_messages.py::TestSuggestCorrection::test_suggest_correction_enrichment_negative PASSED [ 93%]
tests/test_utils_error_messages.py::TestSuggestCorrection::test_suggest_correction_power_units PASSED [ 93%]
tests/test_utils_error_messages.py::TestSuggestCorrection::test_suggest_correction_temperature_celsius PASSED [ 93%]
tests/test_utils_error_messages.py::TestSuggestCorrection::test_suggest_correction_temperature_negative PASSED [ 93%]
tests/test_utils_error_messages.py::TestSuggestCorrection::test_suggest_correction_no_suggestion PASSED [ 93%]
tests/test_utils_error_messages.py::TestFormatCrossSectionError::test_format_cross_section_error PASSED [ 93%]
tests/test_utils_error_messages.py::TestFormatSolverError::test_format_solver_error_basic PASSED [ 93%]
tests/test_utils_error_messages.py::TestFormatSolverError::test_format_solver_error_convergence PASSED [ 93%]
tests/test_utils_error_messages.py::TestFormatSolverError::test_format_solver_error_nan PASSED [ 93%]
tests/test_utils_error_messages.py::TestFormatSolverError::test_format_solver_error_with_suggestions PASSED [ 93%]
tests/test_utils_error_messages.py::TestFormatGeometryError::test_format_geometry_error_basic PASSED [ 93%]
tests/test_utils_error_messages.py::TestFormatGeometryError::test_format_geometry_error_mesh PASSED [ 93%]
tests/test_utils_error_messages.py::TestFormatGeometryError::test_format_geometry_error_material PASSED [ 93%]
tests/test_utils_error_messages.py::TestErrorMessagesEdgeCases::test_format_validation_error_negative_power_thermal PASSED [ 93%]
tests/test_utils_error_messages.py::TestErrorMessagesEdgeCases::test_format_validation_error_negative_outlet_temperature PASSED [ 93%]
tests/test_utils_error_messages.py::TestErrorMessagesEdgeCases::test_format_validation_error_negative_inlet_temperature PASSED [ 93%]
tests/test_utils_error_messages.py::TestErrorMessagesEdgeCases::test_format_validation_error_non_numeric_negative PASSED [ 93%]
tests/test_utils_error_messages.py::TestErrorMessagesEdgeCases::test_format_validation_error_integer_value PASSED [ 93%]
tests/test_utils_error_messages.py::TestErrorMessagesEdgeCases::test_format_validation_error_float_zero PASSED [ 93%]
tests/test_utils_error_messages.py::TestErrorMessagesEdgeCases::test_format_validation_error_enrichment_zero PASSED [ 93%]
tests/test_utils_error_messages.py::TestErrorMessagesEdgeCases::test_format_validation_error_enrichment_exactly_one PASSED [ 93%]
tests/test_utils_error_messages.py::TestErrorMessagesEdgeCases::test_format_validation_error_enrichment_just_over_one PASSED [ 93%]
tests/test_utils_error_messages.py::TestErrorMessagesEdgeCases::test_format_validation_error_suggestions_empty_list PASSED [ 93%]
tests/test_utils_error_messages.py::TestErrorMessagesEdgeCases::test_format_validation_error_suggestions_multiple PASSED [ 93%]
tests/test_utils_error_messages.py::TestErrorMessagesEdgeCases::test_suggest_correction_enrichment_exactly_one PASSED [ 93%]
tests/test_utils_error_messages.py::TestErrorMessagesEdgeCases::test_suggest_correction_enrichment_exactly_100 PASSED [ 93%]
tests/test_utils_error_messages.py::TestErrorMessagesEdgeCases::test_suggest_correction_enrichment_over_100 PASSED [ 93%]
tests/test_utils_error_messages.py::TestErrorMessagesEdgeCases::test_suggest_correction_enrichment_just_over_one PASSED [ 93%]
tests/test_utils_error_messages.py::TestErrorMessagesEdgeCases::test_suggest_correction_power_zero PASSED [ 93%]
tests/test_utils_error_messages.py::TestErrorMessagesEdgeCases::test_suggest_correction_power_boundary PASSED [ 93%]
tests/test_utils_error_messages.py::TestErrorMessagesEdgeCases::test_suggest_correction_power_just_below_boundary PASSED [ 93%]
tests/test_utils_error_messages.py::TestErrorMessagesEdgeCases::test_suggest_correction_temperature_exactly_200 PASSED [ 93%]
tests/test_utils_error_messages.py::TestErrorMessagesEdgeCases::test_suggest_correction_temperature_exactly_1000 PASSED [ 94%]
tests/test_utils_error_messages.py::TestErrorMessagesEdgeCases::test_suggest_correction_temperature_just_below_200 PASSED [ 94%]
tests/test_utils_error_messages.py::TestErrorMessagesEdgeCases::test_suggest_correction_temperature_just_above_1000 PASSED [ 94%]
tests/test_utils_error_messages.py::TestErrorMessagesEdgeCases::test_suggest_correction_temperature_zero PASSED [ 94%]
tests/test_utils_error_messages.py::TestErrorMessagesEdgeCases::test_suggest_correction_string_value PASSED [ 94%]
tests/test_utils_error_messages.py::TestErrorMessagesEdgeCases::test_suggest_correction_list_value PASSED [ 94%]
tests/test_utils_error_messages.py::TestErrorMessagesEdgeCases::test_suggest_correction_unknown_field PASSED [ 94%]
tests/test_utils_error_messages.py::TestErrorMessagesEdgeCases::test_format_cross_section_error_zero_values PASSED [ 94%]
tests/test_utils_error_messages.py::TestErrorMessagesEdgeCases::test_format_cross_section_error_negative_values PASSED [ 94%]
tests/test_utils_error_messages.py::TestErrorMessagesEdgeCases::test_format_cross_section_error_very_large_values PASSED [ 94%]
tests/test_utils_error_messages.py::TestErrorMessagesEdgeCases::test_format_cross_section_error_different_precision PASSED [ 94%]
tests/test_utils_error_messages.py::TestErrorMessagesEdgeCases::test_format_solver_error_convergence_and_nan PASSED [ 94%]
tests/test_utils_error_messages.py::TestErrorMessagesEdgeCases::test_format_solver_error_custom_solver_type PASSED [ 94%]
tests/test_utils_error_messages.py::TestErrorMessagesEdgeCases::test_format_solver_error_empty_suggestions PASSED [ 94%]
tests/test_utils_error_messages.py::TestErrorMessagesEdgeCases::test_format_solver_error_existing_suggestions_with_keyword PASSED [ 94%]
tests/test_utils_error_messages.py::TestErrorMessagesEdgeCases::test_format_solver_error_inf_keyword PASSED [ 94%]
tests/test_utils_error_messages.py::TestErrorMessagesEdgeCases::test_format_solver_error_nan_keyword_uppercase PASSED [ 94%]
tests/test_utils_error_messages.py::TestErrorMessagesEdgeCases::test_format_geometry_error_different_geometry_type PASSED [ 94%]
tests/test_utils_error_messages.py::TestErrorMessagesEdgeCases::test_format_geometry_error_uppercase_mesh PASSED [ 94%]
tests/test_utils_error_messages.py::TestErrorMessagesEdgeCases::test_format_geometry_error_uppercase_material PASSED [ 94%]
tests/test_utils_error_messages.py::TestErrorMessagesEdgeCases::test_format_geometry_error_mesh_and_material PASSED [ 94%]
tests/test_utils_error_messages.py::TestErrorMessagesEdgeCases::test_format_geometry_error_empty_message PASSED [ 94%]
tests/test_utils_error_messages.py::TestErrorMessagesEdgeCases::test_format_geometry_error_whitespace_only PASSED [ 94%]
tests/test_utils_init.py::TestUtilsInitImports::test_utils_init_imports_success PASSED [ 94%]
tests/test_utils_init.py::TestUtilsInitImports::test_utils_init_parallel_batch_import_error PASSED [ 94%]
tests/test_utils_init.py::TestUtilsInitImports::test_utils_init_optimization_utils_import_error PASSED [ 94%]
tests/test_utils_init.py::TestUtilsInitImports::test_utils_init_memory_mapped_import_error PASSED [ 94%]
tests/test_utils_init.py::TestUtilsInitImports::test_utils_init_memory_pool_import_error PASSED [ 94%]
tests/test_utils_logging.py::TestGetLogger::test_get_logger_default PASSED [ 94%]
tests/test_utils_logging.py::TestGetLogger::test_get_logger_custom_name PASSED [ 94%]
tests/test_utils_logging.py::TestGetLogger::test_get_logger_none PASSED  [ 94%]
tests/test_utils_logging.py::TestSetupLogging::test_setup_logging_default PASSED [ 94%]
tests/test_utils_logging.py::TestSetupLogging::test_setup_logging_custom_level PASSED [ 94%]
tests/test_utils_logging.py::TestSetupLogging::test_setup_logging_with_file PASSED [ 94%]
tests/test_utils_logging.py::TestSetupLogging::test_setup_logging_custom_format PASSED [ 94%]
tests/test_utils_logging.py::TestSetupLogging::test_setup_logging_invalid_level PASSED [ 94%]
tests/test_utils_logging.py::TestLogSolverIteration::test_log_solver_iteration_default_logger PASSED [ 94%]
tests/test_utils_logging.py::TestLogSolverIteration::test_log_solver_iteration_custom_logger PASSED [ 94%]
tests/test_utils_logging.py::TestLogConvergence::test_log_convergence_default_logger PASSED [ 94%]
tests/test_utils_logging.py::TestLogConvergence::test_log_convergence_custom_logger PASSED [ 94%]
tests/test_utils_logging.py::TestLogNuclearDataFetch::test_log_nuclear_data_fetch_default_logger PASSED [ 94%]
tests/test_utils_logging.py::TestLogNuclearDataFetch::test_log_nuclear_data_fetch_custom_logger PASSED [ 94%]
tests/test_utils_logging.py::TestLogCacheOperation::test_log_cache_operation_hit PASSED [ 94%]
tests/test_utils_logging.py::TestLogCacheOperation::test_log_cache_operation_miss PASSED [ 94%]
tests/test_utils_logging.py::TestLogCacheOperation::test_log_cache_operation_write PASSED [ 94%]
tests/test_utils_logging_extended.py::TestSetupLoggingEdgeCases::test_setup_logging_all_levels PASSED [ 94%]
tests/test_utils_logging_extended.py::TestSetupLoggingEdgeCases::test_setup_logging_lowercase_level PASSED [ 94%]
tests/test_utils_logging_extended.py::TestSetupLoggingEdgeCases::test_setup_logging_custom_date_format PASSED [ 94%]
tests/test_utils_logging_extended.py::TestSetupLoggingEdgeCases::test_setup_logging_file_creates_parent_dir PASSED [ 94%]
tests/test_utils_logging_extended.py::TestSetupLoggingEdgeCases::test_setup_logging_file_append_mode PASSED [ 94%]
tests/test_utils_logging_extended.py::TestSetupLoggingEdgeCases::test_setup_logging_file_encoding PASSED [ 94%]
tests/test_utils_logging_extended.py::TestSetupLoggingEdgeCases::test_setup_logging_clears_existing_handlers PASSED [ 95%]
tests/test_utils_logging_extended.py::TestSetupLoggingEdgeCases::test_setup_logging_propagate_false PASSED [ 95%]
tests/test_utils_logging_extended.py::TestSetupLoggingEdgeCases::test_setup_logging_logs_configuration PASSED [ 95%]
tests/test_utils_logging_extended.py::TestSetupLoggingEdgeCases::test_setup_logging_multiple_calls PASSED [ 95%]
tests/test_utils_logging_extended.py::TestLogSolverIterationExtended::test_log_solver_iteration_all_levels PASSED [ 95%]
tests/test_utils_logging_extended.py::TestLogSolverIterationExtended::test_log_solver_iteration_format_validation PASSED [ 95%]
tests/test_utils_logging_extended.py::TestLogSolverIterationExtended::test_log_solver_iteration_edge_values PASSED [ 95%]
tests/test_utils_logging_extended.py::TestLogConvergenceExtended::test_log_convergence_format_validation PASSED [ 95%]
tests/test_utils_logging_extended.py::TestLogConvergenceExtended::test_log_convergence_logs_at_info_level PASSED [ 95%]
tests/test_utils_logging_extended.py::TestLogNuclearDataFetchExtended::test_log_nuclear_data_fetch_format_validation PASSED [ 95%]
tests/test_utils_logging_extended.py::TestLogNuclearDataFetchExtended::test_log_nuclear_data_fetch_different_backends PASSED [ 95%]
tests/test_utils_logging_extended.py::TestLogNuclearDataFetchExtended::test_log_nuclear_data_fetch_metastable_nuclides PASSED [ 95%]
tests/test_utils_logging_extended.py::TestLogCacheOperationExtended::test_log_cache_operation_format_validation PASSED [ 95%]
tests/test_utils_logging_extended.py::TestLogCacheOperationExtended::test_log_cache_operation_all_operations PASSED [ 95%]
tests/test_utils_logging_extended.py::TestLogCacheOperationExtended::test_log_cache_operation_complex_keys PASSED [ 95%]
tests/test_utils_logging_extended.py::TestModuleInitialization::test_module_sets_global_logger PASSED [ 95%]
tests/test_utils_logging_extended.py::TestModuleInitialization::test_module_default_logging_level PASSED [ 95%]
tests/test_utils_logging_extended.py::TestModuleInitialization::test_get_logger_returns_same_instance PASSED [ 95%]
tests/test_utils_logging_extended.py::TestModuleInitialization::test_get_logger_different_names PASSED [ 95%]
tests/test_utils_logging_extended.py::TestIntegrationScenarios::test_full_logging_workflow PASSED [ 95%]
tests/test_utils_logging_extended.py::TestIntegrationScenarios::test_multiple_loggers_integration PASSED [ 95%]
tests/test_utils_logo.py::TestGetLogoPath::test_get_logo_path_success PASSED [ 95%]
tests/test_utils_logo.py::TestGetLogoPath::test_get_logo_path_not_found PASSED [ 95%]
tests/test_utils_logo.py::TestGetLogoData::test_get_logo_data_success PASSED [ 95%]
tests/test_utils_logo.py::TestGetLogoData::test_get_logo_data_not_found PASSED [ 95%]
tests/test_utils_profiling.py::test_run_with_memory_profile_returns_report_and_result PASSED [ 95%]
tests/test_utils_profiling.py::test_format_memory_report_contains_expected_sections PASSED [ 95%]
tests/test_utils_units.py::TestUnitsModule::test_pint_available_flag PASSED [ 95%]
tests/test_utils_units.py::TestUnitsModule::test_get_ureg_with_pint PASSED [ 95%]
tests/test_utils_units.py::TestUnitsModule::test_get_ureg_without_pint PASSED [ 95%]
tests/test_utils_units.py::TestUnitsModule::test_check_units_without_pint PASSED [ 95%]
tests/test_utils_units.py::TestUnitsModule::test_check_units_with_pint PASSED [ 95%]
tests/test_utils_units.py::TestUnitsModule::test_convert_units_without_pint PASSED [ 95%]
tests/test_utils_units.py::TestUnitsModule::test_convert_units_with_pint PASSED [ 95%]
tests/test_utils_units.py::TestUnitsModule::test_with_units_without_pint PASSED [ 95%]
tests/test_utils_units.py::TestUnitsModule::test_with_units_with_pint PASSED [ 95%]
tests/test_utils_units.py::TestUnitsModule::test_define_reactor_units PASSED [ 95%]
tests/test_utils_units.py::TestUnitsModule::test_fallback_registry_quantity_methods PASSED [ 95%]
tests/test_utils_units.py::TestUnitsModule::test_units_module_pint_available_paths_via_fake_pint PASSED [ 95%]
tests/test_utils_units.py::TestUnitsEdgeCases::test_check_units_quantity_with_string_unit PASSED [ 95%]
tests/test_utils_units.py::TestUnitsEdgeCases::test_check_units_quantity_with_quantity_unit PASSED [ 95%]
tests/test_utils_units.py::TestUnitsEdgeCases::test_check_units_quantity_wrong_dimension PASSED [ 95%]
tests/test_utils_units.py::TestUnitsEdgeCases::test_check_units_plain_number_with_string_unit PASSED [ 95%]
tests/test_utils_units.py::TestUnitsEdgeCases::test_check_units_plain_number_with_quantity_unit PASSED [ 95%]
tests/test_utils_units.py::TestUnitsEdgeCases::test_convert_units_quantity_with_string_target PASSED [ 95%]
tests/test_utils_units.py::TestUnitsEdgeCases::test_convert_units_quantity_with_quantity_target PASSED [ 95%]
tests/test_utils_units.py::TestUnitsEdgeCases::test_convert_units_plain_number PASSED [ 95%]
tests/test_utils_units.py::TestUnitsEdgeCases::test_with_units_string_unit PASSED [ 95%]
tests/test_utils_units.py::TestUnitsEdgeCases::test_with_units_quantity_unit PASSED [ 95%]
tests/test_utils_units.py::TestUnitsEdgeCases::test_get_ureg_singleton PASSED [ 95%]
tests/test_utils_units.py::TestUnitsEdgeCases::test_define_reactor_units_reactivity_units PASSED [ 96%]
tests/test_utils_units_extended.py::TestUnitsExtended::test_check_units_incompatible_units PASSED [ 96%]
tests/test_utils_units_extended.py::TestUnitsExtended::test_check_units_with_quantity_expected_unit PASSED [ 96%]
tests/test_utils_units_extended.py::TestUnitsExtended::test_check_units_plain_number_with_string_unit PASSED [ 96%]
tests/test_utils_units_extended.py::TestUnitsExtended::test_check_units_plain_number_with_quantity_unit PASSED [ 96%]
tests/test_utils_units_extended.py::TestUnitsExtended::test_convert_units_quantity_with_string_target PASSED [ 96%]
tests/test_utils_units_extended.py::TestUnitsExtended::test_convert_units_quantity_with_quantity_target PASSED [ 96%]
tests/test_utils_units_extended.py::TestUnitsExtended::test_convert_units_plain_number PASSED [ 96%]
tests/test_utils_units_extended.py::TestUnitsExtended::test_convert_units_incompatible_units PASSED [ 96%]
tests/test_utils_units_extended.py::TestUnitsExtended::test_with_units_string_unit PASSED [ 96%]
tests/test_utils_units_extended.py::TestUnitsExtended::test_with_units_quantity_unit PASSED [ 96%]
tests/test_utils_units_extended.py::TestUnitsExtended::test_get_ureg_singleton PASSED [ 96%]
tests/test_utils_units_extended.py::TestUnitsExtended::test_get_ureg_defines_reactor_units PASSED [ 96%]
tests/test_utils_units_extended.py::TestUnitsExtended::test_define_reactor_units_returns_registry PASSED [ 96%]
tests/test_utils_units_extended.py::TestUnitsExtended::test_check_units_with_dimensionality_check PASSED [ 96%]
tests/test_utils_units_extended.py::TestUnitsExtended::test_check_units_raises_dimensionality_error_message PASSED [ 96%]
tests/test_utils_units_extended.py::TestUnitsExtended::test_get_ureg_initializes_reactor_units PASSED [ 96%]
tests/test_utils_units_extended.py::TestUnitsExtended::test_units_with_mocked_pint PASSED [ 96%]
tests/test_validation_comprehensive.py::TestTSLValidationComprehensive::test_tsl_parser_real_files PASSED [ 96%]
tests/test_validation_comprehensive.py::TestTSLValidationComprehensive::test_tsl_interpolation_accuracy SKIPPED [ 96%]
tests/test_validation_comprehensive.py::TestFissionYieldValidationComprehensive::test_fission_yield_parser_real_files PASSED [ 96%]
tests/test_validation_comprehensive.py::TestDecayHeatANSIStandard::test_decay_heat_ans_standard PASSED [ 96%]
tests/test_validation_comprehensive.py::TestGammaTransportBenchmark::test_gamma_transport_benchmark PASSED [ 96%]
tests/test_validation_comprehensive.py::TestBurnupReferenceProblems::test_burnup_reference_validation PASSED [ 96%]
tests/test_validation_comprehensive.py::TestPerformanceBenchmarking::test_validation_performance_summary PASSED [ 96%]
tests/test_validation_comprehensive.py::TestValidationReportGeneration::test_generate_validation_report PASSED [ 96%]
tests/test_validation_context.py::TestValidationContext::test_validation_context_enter_exit PASSED [ 96%]
tests/test_validation_context.py::TestValidationContext::test_validation_context_nested PASSED [ 96%]
tests/test_validation_context.py::TestValidationContext::test_validation_context_exception PASSED [ 96%]
tests/test_validation_init.py::TestValidationInitImports::test_validation_init_imports_success PASSED [ 96%]
tests/test_validation_init.py::TestValidationInitImports::test_validation_init_integration_import_error PASSED [ 96%]
tests/test_version.py::TestVersion::test_version_string PASSED           [ 96%]
tests/test_version.py::TestVersion::test_version_info PASSED             [ 96%]
tests/test_version.py::TestVersion::test_get_version PASSED              [ 96%]
tests/test_visualization_advanced_blockers.py::test_plot_ray_traced_geometry_plotly_blocks PASSED [ 96%]
tests/test_visualization_advanced_blockers.py::test_plot_ray_traced_geometry_invalid_backend_raises PASSED [ 96%]
tests/test_visualization_advanced_blockers.py::test_plot_slice_plotly_cylindrical_total_and_group PASSED [ 96%]
tests/test_visualization_advanced_blockers.py::test_plot_slice_plotly_cylindrical_2d_transpose PASSED [ 96%]
tests/test_visualization_advanced_blockers.py::test_plot_slice_plotly_cartesian_interactive PASSED [ 96%]
tests/test_visualization_advanced_blockers.py::test_plot_slice_plotly_cartesian_coord_validation PASSED [ 96%]
tests/test_visualization_advanced_blockers.py::test_plot_isosurface_plotly PASSED [ 96%]
tests/test_visualization_advanced_blockers.py::test_plot_isosurface_pyvista PASSED [ 96%]
tests/test_visualization_advanced_blockers.py::test_plot_vector_field_plotly_and_pyvista PASSED [ 96%]
tests/test_visualization_advanced_blockers.py::test_plot_material_boundaries_plotly PASSED [ 96%]
tests/test_visualization_advanced_blockers.py::test_create_dashboard_plotly_and_matplotlib PASSED [ 96%]
tests/test_visualization_advanced_blockers.py::test_export_visualization_all_supported_routes PASSED [ 96%]
tests/test_visualization_advanced_blockers.py::test_create_interactive_viewer_plotly_and_pyvista PASSED [ 96%]
tests/test_visualization_analytics_helpers.py::test_sweep_plots_plotly_smoke PASSED [ 96%]
tests/test_visualization_analytics_helpers.py::test_sweep_plots_matplotlib_smoke PASSED [ 96%]
tests/test_visualization_analytics_helpers.py::test_uq_visualization_plotly_smoke PASSED [ 96%]
tests/test_visualization_analytics_helpers.py::test_neutronics_dashboard_plotly_smoke PASSED [ 96%]
tests/test_visualization_analytics_helpers.py::test_burnup_plots_plotly_smoke PASSED [ 97%]
tests/test_visualization_analytics_helpers.py::test_mesh_validation_econ_opt_plotly_smoke PASSED [ 97%]
tests/test_visualization_animations_blockers.py::test_animations_import_fallbacks PASSED [ 97%]
tests/test_visualization_animations_blockers.py::test_animate_transient_matplotlib_import_required PASSED [ 97%]
tests/test_visualization_animations_blockers.py::test_animate_transient_matplotlib_basic_and_saving PASSED [ 97%]
tests/test_visualization_animations_blockers.py::test_save_gif_matplotlib_requires_imageio PASSED [ 97%]
tests/test_visualization_animations_blockers.py::test_save_gif_matplotlib_writes_frames PASSED [ 97%]
tests/test_visualization_animations_blockers.py::test_animate_3d_transient_plotly PASSED [ 97%]
tests/test_visualization_animations_blockers.py::test_create_comparison_animation_paths PASSED [ 97%]
tests/test_visualization_animations_blockers.py::test_animations_imageio_available_true_via_reload PASSED [ 97%]
tests/test_visualization_comparison.py::test_compare_designs_matplotlib_and_plotly_and_overlay PASSED [ 97%]
tests/test_visualization_economics_plots_blockers.py::test_economics_plots_import_fallbacks PASSED [ 97%]
tests/test_visualization_economics_plots_blockers.py::test_plot_capex_breakdown_plotly_waterfall_and_bar PASSED [ 97%]
tests/test_visualization_economics_plots_blockers.py::test_plot_capex_breakdown_matplotlib_bar_and_waterfall PASSED [ 97%]
tests/test_visualization_economics_plots_blockers.py::test_plot_capex_breakdown_input_errors_and_unknown_backend PASSED [ 97%]
tests/test_visualization_economics_plots_blockers.py::test_plot_lcoe_breakdown_plotly_and_matplotlib PASSED [ 97%]
tests/test_visualization_geometry.py::TestPlotCoreLayout::test_plot_prismatic_xy_view PASSED [ 97%]
tests/test_visualization_geometry.py::TestPlotCoreLayout::test_plot_prismatic_xz_view PASSED [ 97%]
tests/test_visualization_geometry.py::TestPlotCoreLayout::test_plot_prismatic_yz_view PASSED [ 97%]
tests/test_visualization_geometry.py::TestPlotCoreLayout::test_plot_prismatic_with_labels PASSED [ 97%]
tests/test_visualization_geometry.py::TestPlotCoreLayout::test_plot_pebble_bed_xy_view PASSED [ 97%]
tests/test_visualization_geometry.py::TestPlotCoreLayout::test_plot_pebble_bed_xz_view PASSED [ 97%]
tests/test_visualization_geometry.py::TestPlotCoreLayout::test_plot_with_custom_axes PASSED [ 97%]
tests/test_visualization_geometry.py::TestPlotCoreLayout::test_plot_unsupported_core_type PASSED [ 97%]
tests/test_visualization_geometry.py::TestPlotFluxOnGeometry::test_plot_flux_prismatic PASSED [ 97%]
tests/test_visualization_geometry.py::TestPlotFluxOnGeometry::test_plot_flux_prismatic_no_mesh PASSED [ 97%]
tests/test_visualization_geometry.py::TestPlotFluxOnGeometry::test_plot_flux_pebble_bed PASSED [ 97%]
tests/test_visualization_geometry.py::TestPlotPowerDistribution::test_plot_power_prismatic PASSED [ 97%]
tests/test_visualization_geometry.py::TestPlotPowerDistribution::test_plot_power_with_custom_colormap PASSED [ 97%]
tests/test_visualization_geometry.py::TestPlotTemperatureDistribution::test_plot_temperature_prismatic PASSED [ 97%]
tests/test_visualization_geometry.py::TestPlotTemperatureDistribution::test_plot_temperature_with_custom_colormap PASSED [ 97%]
tests/test_visualization_geometry_verification_blockers.py::test_geometry_verification_import_fallbacks PASSED [ 97%]
tests/test_visualization_geometry_verification_blockers.py::test_plot_overlap_detection_plotly_and_matplotlib PASSED [ 97%]
tests/test_visualization_geometry_verification_blockers.py::test_plot_geometry_consistency_plotly_and_matplotlib PASSED [ 97%]
tests/test_visualization_geometry_verification_blockers.py::test_plot_material_assignment_delegates_to_advanced PASSED [ 97%]
tests/test_visualization_mesh_3d_comprehensive.py::TestPlotlyVisualization::test_plot_mesh3d_plotly_basic PASSED [ 97%]
tests/test_visualization_mesh_3d_comprehensive.py::TestPlotlyVisualization::test_plot_mesh3d_plotly_with_color_by PASSED [ 97%]
tests/test_visualization_mesh_3d_comprehensive.py::TestPlotlyVisualization::test_plot_mesh3d_plotly_with_materials PASSED [ 97%]
tests/test_visualization_mesh_3d_comprehensive.py::TestPlotlyVisualization::test_plot_mesh3d_plotly_with_faces PASSED [ 97%]
tests/test_visualization_mesh_3d_comprehensive.py::TestPlotlyVisualization::test_plot_mesh3d_plotly_with_edges PASSED [ 97%]
tests/test_visualization_mesh_3d_comprehensive.py::TestPlotlyVisualization::test_plot_mesh3d_plotly_custom_opacity PASSED [ 97%]
tests/test_visualization_mesh_3d_comprehensive.py::TestPlotlyVisualization::test_plot_mesh3d_plotly_custom_colorscale PASSED [ 97%]
tests/test_visualization_mesh_3d_comprehensive.py::TestPlotlyVisualization::test_plot_mesh3d_plotly_no_plotly PASSED [ 97%]
tests/test_visualization_mesh_3d_comprehensive.py::TestPlotlyVisualization::test_plot_mesh3d_plotly_no_color_by_no_materials PASSED [ 97%]
tests/test_visualization_mesh_3d_comprehensive.py::TestPlotlyVisualization::test_plot_mesh3d_plotly_color_by_missing_field PASSED [ 97%]
tests/test_visualization_mesh_3d_comprehensive.py::TestPlotlyVisualization::test_plot_mesh3d_plotly_volume_mesh_no_faces PASSED [ 97%]
tests/test_visualization_mesh_3d_comprehensive.py::TestPlotlyVisualization::test_plot_mesh3d_plotly_edges_quad_faces PASSED [ 97%]
tests/test_visualization_mesh_3d_comprehensive.py::TestPlotlyVisualization::test_plot_mesh3d_plotly_edges_reversed_vertex_order PASSED [ 97%]
tests/test_visualization_mesh_3d_comprehensive.py::TestPlotlyVisualization::test_plot_surface_plotly_basic PASSED [ 97%]
tests/test_visualization_mesh_3d_comprehensive.py::TestPlotlyVisualization::test_plot_surface_plotly_custom_color PASSED [ 97%]
tests/test_visualization_mesh_3d_comprehensive.py::TestPlotlyVisualization::test_plot_surface_plotly_custom_opacity PASSED [ 98%]
tests/test_visualization_mesh_3d_comprehensive.py::TestPlotlyVisualization::test_plot_surface_plotly_no_plotly PASSED [ 98%]
tests/test_visualization_mesh_3d_comprehensive.py::TestPlotlyVisualization::test_plot_multiple_meshes_plotly_basic PASSED [ 98%]
tests/test_visualization_mesh_3d_comprehensive.py::TestPlotlyVisualization::test_plot_multiple_meshes_plotly_many_meshes PASSED [ 98%]
tests/test_visualization_mesh_3d_comprehensive.py::TestPlotlyVisualization::test_plot_multiple_meshes_plotly_mesh_without_faces PASSED [ 98%]
tests/test_visualization_mesh_3d_comprehensive.py::TestPlotlyVisualization::test_plot_multiple_meshes_plotly_custom_opacity PASSED [ 98%]
tests/test_visualization_mesh_3d_comprehensive.py::TestPlotlyVisualization::test_plot_multiple_meshes_plotly_custom_title PASSED [ 98%]
tests/test_visualization_mesh_3d_comprehensive.py::TestPlotlyVisualization::test_plot_multiple_meshes_plotly_no_plotly PASSED [ 98%]
tests/test_visualization_mesh_3d_comprehensive.py::TestPyVistaVisualization::test_plot_mesh3d_pyvista_basic PASSED [ 98%]
tests/test_visualization_mesh_3d_comprehensive.py::TestPyVistaVisualization::test_plot_mesh3d_pyvista_with_color_by PASSED [ 98%]
tests/test_visualization_mesh_3d_comprehensive.py::TestPyVistaVisualization::test_plot_mesh3d_pyvista_with_materials PASSED [ 98%]
tests/test_visualization_mesh_3d_comprehensive.py::TestPyVistaVisualization::test_plot_mesh3d_pyvista_with_faces PASSED [ 98%]
tests/test_visualization_mesh_3d_comprehensive.py::TestPyVistaVisualization::test_plot_mesh3d_pyvista_points_only PASSED [ 98%]
tests/test_visualization_mesh_3d_comprehensive.py::TestPyVistaVisualization::test_plot_mesh3d_pyvista_with_edges PASSED [ 98%]
tests/test_visualization_mesh_3d_comprehensive.py::TestPyVistaVisualization::test_plot_mesh3d_pyvista_custom_opacity PASSED [ 98%]
tests/test_visualization_mesh_3d_comprehensive.py::TestPyVistaVisualization::test_plot_mesh3d_pyvista_no_pyvista PASSED [ 98%]
tests/test_visualization_mesh_3d_comprehensive.py::TestPyVistaVisualization::test_plot_mesh3d_pyvista_color_by_missing_field PASSED [ 98%]
tests/test_visualization_mesh_3d_comprehensive.py::TestPyVistaVisualization::test_plot_mesh3d_pyvista_with_both_cells_and_faces PASSED [ 98%]
tests/test_visualization_mesh_3d_comprehensive.py::TestPyVistaVisualization::test_plot_mesh3d_pyvista_no_coloring PASSED [ 98%]
tests/test_visualization_mesh_3d_comprehensive.py::TestPyVistaVisualization::test_plot_mesh3d_pyvista_hex_cells PASSED [ 98%]
tests/test_visualization_mesh_3d_comprehensive.py::TestPyVistaVisualization::test_plot_surface_pyvista_basic PASSED [ 98%]
tests/test_visualization_mesh_3d_comprehensive.py::TestPyVistaVisualization::test_plot_surface_pyvista_custom_color PASSED [ 98%]
tests/test_visualization_mesh_3d_comprehensive.py::TestPyVistaVisualization::test_plot_surface_pyvista_custom_opacity PASSED [ 98%]
tests/test_visualization_mesh_3d_comprehensive.py::TestPyVistaVisualization::test_plot_surface_pyvista_no_pyvista PASSED [ 98%]
tests/test_visualization_mesh_3d_comprehensive.py::TestVTKExport::test_export_mesh_to_vtk PASSED [ 98%]
tests/test_visualization_mesh_3d_comprehensive.py::TestVTKExport::test_export_mesh_to_vtk_with_data PASSED [ 98%]
tests/test_visualization_mesh_3d_comprehensive.py::TestVTKExport::test_export_mesh_to_vtk_no_pyvista PASSED [ 98%]
tests/test_visualization_mesh_3d_comprehensive.py::TestVTKExport::test_export_mesh_to_vtk_with_surface_mesh PASSED [ 98%]
tests/test_visualization_mesh_3d_comprehensive.py::TestVTKExport::test_export_mesh_to_vtk_points_only PASSED [ 98%]
tests/test_visualization_mesh_3d_comprehensive.py::TestVTKExport::test_export_mesh_to_vtk_with_hex_cells PASSED [ 98%]
tests/test_visualization_mesh_3d_comprehensive.py::TestVTKExport::test_export_mesh_to_vtk_with_materials_only PASSED [ 98%]
tests/test_visualization_mesh_3d_comprehensive.py::TestVTKExport::test_export_mesh_to_vtk_empty_cell_data PASSED [ 98%]
tests/test_visualization_mesh_tally_blockers.py::test_extract_uncertainty_for_view_none_and_errors PASSED [ 98%]
tests/test_visualization_mesh_tally_blockers.py::test_meshtally_get_total_and_group_branches PASSED [ 98%]
tests/test_visualization_mesh_tally_blockers.py::test_plot_mesh_tally_backend_errors PASSED [ 98%]
tests/test_visualization_mesh_tally_blockers.py::test_plot_mesh_tally_matplotlib_requires_matplotlib PASSED [ 98%]
tests/test_visualization_mesh_tally_blockers.py::test_plot_mesh_tally_pyvista_requires_pyvista PASSED [ 98%]
tests/test_visualization_mesh_tally_blockers.py::test_plot_mesh_tally_plotly_cylindrical_with_uncertainty PASSED [ 98%]
tests/test_visualization_mesh_tally_blockers.py::test_plot_mesh_tally_plotly_cylindrical_no_uncertainty PASSED [ 98%]
tests/test_visualization_mesh_tally_blockers.py::test_plot_mesh_tally_plotly_cartesian_volume PASSED [ 98%]
tests/test_visualization_mesh_tally_blockers.py::test_plot_mesh_tally_plotly_cartesian_group_title PASSED [ 98%]
tests/test_visualization_mesh_tally_blockers.py::test_plot_mesh_tally_matplotlib_cylindrical_no_uncertainty PASSED [ 98%]
tests/test_visualization_mesh_tally_blockers.py::test_plot_mesh_tally_matplotlib_cartesian_with_uncertainty PASSED [ 98%]
tests/test_visualization_mesh_tally_blockers.py::test_plot_mesh_tally_matplotlib_cylindrical_and_cartesian PASSED [ 98%]
tests/test_visualization_mesh_tally_blockers.py::test_plot_mesh_tally_pyvista PASSED [ 98%]
tests/test_visualization_mesh_tally_blockers.py::test_plot_multi_group_mesh_tally_paths PASSED [ 98%]
tests/test_visualization_mesh_tally_blockers.py::test_mesh_tally_import_fallbacks PASSED [ 98%]
tests/test_visualization_mesh_tally_blockers.py::test_plot_multi_group_mesh_tally_plotly_requires_plotly PASSED [ 98%]
tests/test_visualization_plot_api.py::test_create_plot_and_plot_dispatch PASSED [ 98%]
tests/test_visualization_plot_api.py::test_plot_slice_axis_position_and_output_save PASSED [ 98%]
tests/test_visualization_plot_api.py::test_plot_voxel_importerror_and_success PASSED [ 98%]
tests/test_visualization_plot_api.py::test_plot_ray_trace PASSED         [ 99%]
tests/test_visualization_plot_api.py::test_plot_unstructured_paths_and_save_figure PASSED [ 99%]
tests/test_visualization_slice_plots.py::test_plot_slice_cylindrical_plane_plotly PASSED [ 99%]
tests/test_visualization_slice_plots.py::test_plot_slice_cartesian_interactive_plotly PASSED [ 99%]
tests/test_visualization_tally_data_blockers.py::test_plot_energy_spectrum_plotly_and_matplotlib PASSED [ 99%]
tests/test_visualization_tally_data_blockers.py::test_plot_flux_spectrum_comparison_plotly_and_matplotlib PASSED [ 99%]
tests/test_visualization_tally_data_blockers.py::test_plot_neutronics_dashboard_plotly_and_matplotlib PASSED [ 99%]
tests/test_visualization_tally_data_blockers.py::test_plot_spatial_distribution_plotly_and_matplotlib PASSED [ 99%]
tests/test_visualization_tally_data_blockers.py::test_plot_time_dependent_tally_plotly_and_matplotlib PASSED [ 99%]
tests/test_visualization_tally_data_blockers.py::test_plot_uncertainty_plotly_and_matplotlib PASSED [ 99%]
tests/test_visualization_tally_data_blockers.py::test_tally_data_import_fallbacks PASSED [ 99%]
tests/test_visualization_validation_plots_blockers.py::test_validation_plots_import_fallbacks PASSED [ 99%]
tests/test_visualization_validation_plots_blockers.py::test_summary_counts_supported_and_unsupported PASSED [ 99%]
tests/test_visualization_validation_plots_blockers.py::test_plot_validation_summary_plotly_matplotlib_and_errors PASSED [ 99%]
tests/test_visualization_validation_plots_blockers.py::test_plot_validation_issues_data_validation_branch PASSED [ 99%]
tests/test_visualization_validation_plots_blockers.py::test_plot_validation_issues_constraints_branch PASSED [ 99%]
tests/test_visualization_voxel_plots.py::test_voxel_grid_prismatic_core_is_nonempty PASSED [ 99%]
tests/test_visualization_voxel_plots.py::test_plot_voxel_unknown_backend_raises PASSED [ 99%]
tests/test_visualization_voxel_plots.py::test_create_voxel_grid_skips_invalid_blocks_and_out_of_bounds PASSED [ 99%]
tests/test_visualization_voxel_plots.py::test_plot_voxel_plotly_importerror_when_plotly_unavailable PASSED [ 99%]
tests/test_visualization_voxel_plots.py::test_plot_voxel_pyvista_importerror_when_pyvista_unavailable PASSED [ 99%]
tests/test_visualization_voxel_plots.py::test_export_voxel_to_hdf5_and_convert_to_vtk PASSED [ 99%]
tests/test_visualization_voxel_plots.py::test_hdf5_and_vtk_exports_require_optional_dependencies PASSED [ 99%]
tests/test_visualization_voxel_plots.py::test_voxel_plots_module_import_fallbacks PASSED [ 99%]
tests/test_visualization_voxel_plots.py::test_plot_voxel_dispatches_to_plotly_and_pyvista PASSED [ 99%]
tests/test_visualization_voxel_plots.py::test_plot_voxel_pyvista_backend_path PASSED [ 99%]
tests/test_visualization_voxel_plots_plotly_blockers.py::test_plot_voxel_plotly_constructs_flat_coords_and_uses_field PASSED [ 99%]
tests/test_viz_common.py::test_viz_common_ensure_helpers_and_as_plotly_dict PASSED [ 99%]
tests/test_workflows_new_features.py::TestSensitivityOAT::test_one_at_a_time_from_sweep PASSED [ 99%]
tests/test_workflows_new_features.py::TestSobolFromSweep::test_sobol_indices_from_sweep_results PASSED [ 99%]
tests/test_workflows_new_features.py::TestParetoReport::test_pareto_knee_point PASSED [ 99%]
tests/test_workflows_new_features.py::TestParetoReport::test_pareto_knee_point_empty_or_mismatch PASSED [ 99%]
tests/test_workflows_new_features.py::TestParetoReport::test_pareto_knee_point_constant_x PASSED [ 99%]
tests/test_workflows_new_features.py::TestParetoReport::test_pareto_knee_point_minimize_x PASSED [ 99%]
tests/test_workflows_new_features.py::TestParetoReport::test_pareto_knee_point_constant_y PASSED [ 99%]
tests/test_workflows_new_features.py::TestParetoReport::test_pareto_summary_report PASSED [ 99%]
tests/test_workflows_new_features.py::TestParetoReport::test_pareto_summary_report_empty PASSED [ 99%]
tests/test_workflows_new_features.py::TestParetoReport::test_pareto_summary_report_with_nan_metric PASSED [ 99%]
tests/test_workflows_new_features.py::TestParetoReport::test_pareto_summary_report_get_v_returns_nan PASSED [ 99%]
tests/test_workflows_new_features.py::TestParetoReport::test_pareto_summary_report_explicit_knee_and_range PASSED [ 99%]
tests/test_workflows_new_features.py::TestAuditLog::test_append_run PASSED [ 99%]
tests/test_workflows_new_features.py::TestSurrogate::test_fit_surrogate_linear PASSED [ 99%]
tests/test_workflows_new_features.py::TestSurrogate::test_surrogate_from_sweep_results PASSED [ 99%]
tests/test_workflows_new_features.py::TestSurrogate::test_fit_surrogate_uses_registry PASSED [ 99%]
tests/test_workflows_new_features.py::TestScenarioDesign::test_run_scenario_design_mock PASSED [ 99%]
tests/test_workflows_new_features.py::TestScenarioDesign::test_scenario_comparison_report PASSED [ 99%]
tests/test_workflows_new_features.py::TestConstraintBuilder::test_constraint_set_from_design PASSED [ 99%]
tests/test_workflows_new_features.py::TestRequirementsParser::test_parse_requirements_dict PASSED [ 99%]
tests/test_workflows_new_features.py::TestRequirementsParser::test_parse_requirements_yaml_file PASSED [ 99%]
tests/test_workflows_new_features.py::TestMarginNarrative::test_margin_narrative_passed PASSED [ 99%]
tests/test_workflows_new_features.py::TestMarginNarrative::test_margin_narrative_failed PASSED [100%]

================================== FAILURES ===================================
___________ TestOpenMCConverter.test_import_reactor_parses_geometry ___________

self = <tests.test_converters.TestOpenMCConverter object at 0x00000255CB4CA600>
tmp_path = WindowsPath('C:/Users/cmwha/AppData/Local/Temp/pytest-of-cmwha/pytest-20/test_import_reactor_parses_geo0')

    def test_import_reactor_parses_geometry(self, tmp_path):
        """Test that import parses OpenMC geometry."""
        geometry_file = tmp_path / "geometry.xml"
        geometry_file.write_text(
            '<?xml version="1.0"?><geometry>'
            '<surface id="1" type="z-plane" coeffs="0" boundary="vacuum"/>'
            '<surface id="2" type="z-plane" coeffs="200" boundary="vacuum"/>'
            '<surface id="3" type="z-cylinder" coeffs="0 0 50" boundary="vacuum"/>'
            '<cell id="1" material="1" region="-1 2 -3"/>'
            '<cell id="2" material="void" region="1 | -2 | 3"/>'
            "</geometry>"
        )
    
>       result = OpenMCConverter.import_reactor(geometry_file)
                 ^^^^^^^^^^^^^^^^^^^^^^^^^^^^^^^^^^^^^^^^^^^^^

tests\test_converters.py:182: 
_ _ _ _ _ _ _ _ _ _ _ _ _ _ _ _ _ _ _ _ _ _ _ _ _ _ _ _ _ _ _ _ _ _ _ _ _ _ _ _

geometry_file = WindowsPath('C:/Users/cmwha/AppData/Local/Temp/pytest-of-cmwha/pytest-20/test_import_reactor_parses_geo0/geometry.xml')
materials_file = None

    @staticmethod
    def import_reactor(
        geometry_file: Path, materials_file: Optional[Path] = None
    ) -> Dict[str, Any]:
        """
        Import reactor from OpenMC format.
    
        Args:
            geometry_file: Path to geometry.xml
            materials_file: Optional path to materials.xml
    
        Returns:
            Dictionary with 'core', 'source', 'format'; or for Pro full PrismaticCore import.
        """
        if _PRO_AVAILABLE and _ProOpenMCConverter is not None:  # pragma: no cover
>           return _ProOpenMCConverter.import_reactor(
                Path(geometry_file),
                Path(materials_file) if materials_file else None,
            )

smrforge\io\converters.py:146: 
_ _ _ _ _ _ _ _ _ _ _ _ _ _ _ _ _ _ _ _ _ _ _ _ _ _ _ _ _ _ _ _ _ _ _ _ _ _ _ _

geometry_file = WindowsPath('C:/Users/cmwha/AppData/Local/Temp/pytest-of-cmwha/pytest-20/test_import_reactor_parses_geo0/geometry.xml')
materials_file = None

    @staticmethod
    def import_reactor(
        geometry_file: Path, materials_file: Optional[Path] = None
    ) -> Dict[str, Any]:
        """Import reactor from OpenMC format (Pro implementation)."""
        # TODO: Full implementation - parse XML, reconstruct geometry
>       raise NotImplementedError("OpenMC Pro import - implement in Phase 1")
E       NotImplementedError: OpenMC Pro import - implement in Phase 1

output\path-c-setup\smrforge_pro\converters\openmc.py:38: NotImplementedError
_________ TestOpenMCConverter.test_import_reactor_with_materials_file _________

self = <tests.test_converters.TestOpenMCConverter object at 0x00000255CB4CA990>
tmp_path = WindowsPath('C:/Users/cmwha/AppData/Local/Temp/pytest-of-cmwha/pytest-20/test_import_reactor_with_mater0')

    def test_import_reactor_with_materials_file(self, tmp_path):
        """Test that import accepts optional materials file parameter."""
        geometry_file = tmp_path / "geometry.xml"
        materials_file = tmp_path / "materials.xml"
        geometry_file.write_text(
            '<?xml version="1.0"?><geometry>'
            '<surface id="1" type="z-plane" coeffs="0"/>'
            '<surface id="2" type="z-plane" coeffs="200"/>'
            '<surface id="3" type="z-cylinder" coeffs="0 0 50"/>'
            '<cell id="1" material="1" region="-1 2 -3"/>'
            '<cell id="2" material="void" region="1 | -2 | 3"/>'
            "</geometry>"
        )
        materials_file.write_text(
            '<?xml version="1.0"?><materials>'
            '<material id="1" name="fuel"><density value="sum" units="atom/b-cm"/>'
            '<nuclide name="U235" ao="4.5e-5"/><nuclide name="U238" ao="2.2e-4"/>'
            "</material></materials>"
        )
    
>       result = OpenMCConverter.import_reactor(geometry_file, materials_file)
                 ^^^^^^^^^^^^^^^^^^^^^^^^^^^^^^^^^^^^^^^^^^^^^^^^^^^^^^^^^^^^^

tests\test_converters.py:208: 
_ _ _ _ _ _ _ _ _ _ _ _ _ _ _ _ _ _ _ _ _ _ _ _ _ _ _ _ _ _ _ _ _ _ _ _ _ _ _ _

geometry_file = WindowsPath('C:/Users/cmwha/AppData/Local/Temp/pytest-of-cmwha/pytest-20/test_import_reactor_with_mater0/geometry.xml')
materials_file = WindowsPath('C:/Users/cmwha/AppData/Local/Temp/pytest-of-cmwha/pytest-20/test_import_reactor_with_mater0/materials.xml')

    @staticmethod
    def import_reactor(
        geometry_file: Path, materials_file: Optional[Path] = None
    ) -> Dict[str, Any]:
        """
        Import reactor from OpenMC format.
    
        Args:
            geometry_file: Path to geometry.xml
            materials_file: Optional path to materials.xml
    
        Returns:
            Dictionary with 'core', 'source', 'format'; or for Pro full PrismaticCore import.
        """
        if _PRO_AVAILABLE and _ProOpenMCConverter is not None:  # pragma: no cover
>           return _ProOpenMCConverter.import_reactor(
                Path(geometry_file),
                Path(materials_file) if materials_file else None,
            )

smrforge\io\converters.py:146: 
_ _ _ _ _ _ _ _ _ _ _ _ _ _ _ _ _ _ _ _ _ _ _ _ _ _ _ _ _ _ _ _ _ _ _ _ _ _ _ _

geometry_file = WindowsPath('C:/Users/cmwha/AppData/Local/Temp/pytest-of-cmwha/pytest-20/test_import_reactor_with_mater0/geometry.xml')
materials_file = WindowsPath('C:/Users/cmwha/AppData/Local/Temp/pytest-of-cmwha/pytest-20/test_import_reactor_with_mater0/materials.xml')

    @staticmethod
    def import_reactor(
        geometry_file: Path, materials_file: Optional[Path] = None
    ) -> Dict[str, Any]:
        """Import reactor from OpenMC format (Pro implementation)."""
        # TODO: Full implementation - parse XML, reconstruct geometry
>       raise NotImplementedError("OpenMC Pro import - implement in Phase 1")
E       NotImplementedError: OpenMC Pro import - implement in Phase 1

output\path-c-setup\smrforge_pro\converters\openmc.py:38: NotImplementedError
___________ TestOpenMCConverter.test_export_reactor_no_core_raises ____________

self = <tests.test_converters.TestOpenMCConverter object at 0x00000255CB4CAD20>
tmp_path = WindowsPath('C:/Users/cmwha/AppData/Local/Temp/pytest-of-cmwha/pytest-20/test_export_reactor_no_core_ra0')

    def test_export_reactor_no_core_raises(self, tmp_path):
        """Test that export raises when reactor has no core."""
    
        class NoCoreReactor:
            core = None
            _core = None
    
>       with pytest.raises(ValueError, match="no core"):
E       Failed: DID NOT RAISE <class 'ValueError'>

tests\test_converters.py:221: Failed
_ TestSelfShieldingIntegration.test_get_cross_section_with_self_shielding_no_resonance_available _

self = <tests.test_self_shielding_integration.TestSelfShieldingIntegration object at 0x00000255CD470470>

    def test_get_cross_section_with_self_shielding_no_resonance_available(self):
        """Test when resonance_selfshield module is not available."""
        from unittest.mock import patch
    
        import smrforge.core.self_shielding_integration
    
        # Mock _RESONANCE_AVAILABLE to False
        with patch.object(
>           smrforge.core.self_shielding_integration, "_RESONANCE_AVAILABLE", False
            ^^^^^^^^^^^^^
        ):

tests\test_self_shielding_integration.py:147: 
_ _ _ _ _ _ _ _ _ _ _ _ _ _ _ _ _ _ _ _ _ _ _ _ _ _ _ _ _ _ _ _ _ _ _ _ _ _ _ _

name = 'core'

    def __getattr__(name: str):
        """
        Lazy accessors for submodules that may be deleted/reloaded in tests.
    
        Important: `import package.submodule` does **not** reliably overwrite an
        existing `package.submodule` attribute, even if `sys.modules` has the
        canonical module. Several tests delete `sys.modules[...]` entries, leading
        to stale attributes and `importlib.reload(package.submodule)` failures.
        """
        if name == "utils":
            return canonical_import("smrforge.utils")
>       raise AttributeError(f"module '{__name__}' has no attribute '{name}'")
E       AttributeError: module 'smrforge' has no attribute 'core'

smrforge\__init__.py:326: AttributeError
_ TestSelfShieldingIntegration.test_get_cross_section_with_equivalence_theory_no_resonance_available _

self = <tests.test_self_shielding_integration.TestSelfShieldingIntegration object at 0x00000255CD44B650>

    def test_get_cross_section_with_equivalence_theory_no_resonance_available(self):
        """Test equivalence theory when resonance_selfshield is not available."""
        from unittest.mock import patch
    
        import smrforge.core.self_shielding_integration
    
        # Mock _RESONANCE_AVAILABLE to False
        with patch.object(
>           smrforge.core.self_shielding_integration, "_RESONANCE_AVAILABLE", False
            ^^^^^^^^^^^^^
        ):

tests\test_self_shielding_integration.py:221: 
_ _ _ _ _ _ _ _ _ _ _ _ _ _ _ _ _ _ _ _ _ _ _ _ _ _ _ _ _ _ _ _ _ _ _ _ _ _ _ _

name = 'core'

    def __getattr__(name: str):
        """
        Lazy accessors for submodules that may be deleted/reloaded in tests.
    
        Important: `import package.submodule` does **not** reliably overwrite an
        existing `package.submodule` attribute, even if `sys.modules` has the
        canonical module. Several tests delete `sys.modules[...]` entries, leading
        to stale attributes and `importlib.reload(package.submodule)` failures.
        """
        if name == "utils":
            return canonical_import("smrforge.utils")
>       raise AttributeError(f"module '{__name__}' has no attribute '{name}'")
E       AttributeError: module 'smrforge' has no attribute 'core'

smrforge\__init__.py:326: AttributeError
___________ TestSelfShieldingIntegration.test_import_error_handling ___________

self = <tests.test_self_shielding_integration.TestSelfShieldingIntegration object at 0x00000255CD39F9B0>

    def test_import_error_handling(self):
        """Test that ImportError in resonance_selfshield is handled."""
        import sys
        from unittest.mock import patch
    
        # Mock the import to fail
        original_modules = {}
        for mod_name in ["smrforge.core.resonance_selfshield"]:
            if mod_name in sys.modules:
                original_modules[mod_name] = sys.modules[mod_name]
            sys.modules[mod_name] = None
    
        try:
            # Reload module to trigger import error
            import importlib
    
            import smrforge.core.self_shielding_integration
    
>           importlib.reload(smrforge.core.self_shielding_integration)
                             ^^^^^^^^^^^^^

tests\test_self_shielding_integration.py:384: 
_ _ _ _ _ _ _ _ _ _ _ _ _ _ _ _ _ _ _ _ _ _ _ _ _ _ _ _ _ _ _ _ _ _ _ _ _ _ _ _

name = 'core'

    def __getattr__(name: str):
        """
        Lazy accessors for submodules that may be deleted/reloaded in tests.
    
        Important: `import package.submodule` does **not** reliably overwrite an
        existing `package.submodule` attribute, even if `sys.modules` has the
        canonical module. Several tests delete `sys.modules[...]` entries, leading
        to stale attributes and `importlib.reload(package.submodule)` failures.
        """
        if name == "utils":
            return canonical_import("smrforge.utils")
>       raise AttributeError(f"module '{__name__}' has no attribute '{name}'")
E       AttributeError: module 'smrforge' has no attribute 'core'

smrforge\__init__.py:326: AttributeError

During handling of the above exception, another exception occurred:

self = <tests.test_self_shielding_integration.TestSelfShieldingIntegration object at 0x00000255CD39F9B0>

    def test_import_error_handling(self):
        """Test that ImportError in resonance_selfshield is handled."""
        import sys
        from unittest.mock import patch
    
        # Mock the import to fail
        original_modules = {}
        for mod_name in ["smrforge.core.resonance_selfshield"]:
            if mod_name in sys.modules:
                original_modules[mod_name] = sys.modules[mod_name]
            sys.modules[mod_name] = None
    
        try:
            # Reload module to trigger import error
            import importlib
    
            import smrforge.core.self_shielding_integration
    
            importlib.reload(smrforge.core.self_shielding_integration)
    
            # Check that _RESONANCE_AVAILABLE is False
            assert (
                smrforge.core.self_shielding_integration._RESONANCE_AVAILABLE is False
            )
        finally:
            # Restore original modules
            for mod_name, mod in original_modules.items():
                sys.modules[mod_name] = mod
            if "smrforge.core.resonance_selfshield" not in original_modules:
                sys.modules.pop("smrforge.core.resonance_selfshield", None)
    
            # Reload to restore state
            import importlib
    
            import smrforge.core.self_shielding_integration
    
>           importlib.reload(smrforge.core.self_shielding_integration)
                             ^^^^^^^^^^^^^

tests\test_self_shielding_integration.py:402: 
_ _ _ _ _ _ _ _ _ _ _ _ _ _ _ _ _ _ _ _ _ _ _ _ _ _ _ _ _ _ _ _ _ _ _ _ _ _ _ _

name = 'core'

    def __getattr__(name: str):
        """
        Lazy accessors for submodules that may be deleted/reloaded in tests.
    
        Important: `import package.submodule` does **not** reliably overwrite an
        existing `package.submodule` attribute, even if `sys.modules` has the
        canonical module. Several tests delete `sys.modules[...]` entries, leading
        to stale attributes and `importlib.reload(package.submodule)` failures.
        """
        if name == "utils":
            return canonical_import("smrforge.utils")
>       raise AttributeError(f"module '{__name__}' has no attribute '{name}'")
E       AttributeError: module 'smrforge' has no attribute 'core'

smrforge\__init__.py:326: AttributeError
_ TestSelfShieldingIntegration.test_get_cross_section_with_self_shielding_warning_logging _

self = <tests.test_self_shielding_integration.TestSelfShieldingIntegration object at 0x00000255CD471BB0>

    def test_get_cross_section_with_self_shielding_warning_logging(self):
        """Test that warnings are logged when resonance module unavailable."""
        from unittest.mock import patch
    
        import smrforge.core.self_shielding_integration
    
        cache = NuclearDataCache()
        u238 = Nuclide(Z=92, A=238)
    
        # Mock _RESONANCE_AVAILABLE to False and check warning
        with patch.object(
>           smrforge.core.self_shielding_integration, "_RESONANCE_AVAILABLE", False
            ^^^^^^^^^^^^^
        ), patch("smrforge.core.self_shielding_integration.logger") as mock_logger:

tests\test_self_shielding_integration.py:605: 
_ _ _ _ _ _ _ _ _ _ _ _ _ _ _ _ _ _ _ _ _ _ _ _ _ _ _ _ _ _ _ _ _ _ _ _ _ _ _ _

name = 'core'

    def __getattr__(name: str):
        """
        Lazy accessors for submodules that may be deleted/reloaded in tests.
    
        Important: `import package.submodule` does **not** reliably overwrite an
        existing `package.submodule` attribute, even if `sys.modules` has the
        canonical module. Several tests delete `sys.modules[...]` entries, leading
        to stale attributes and `importlib.reload(package.submodule)` failures.
        """
        if name == "utils":
            return canonical_import("smrforge.utils")
>       raise AttributeError(f"module '{__name__}' has no attribute '{name}'")
E       AttributeError: module 'smrforge' has no attribute 'core'

smrforge\__init__.py:326: AttributeError
_ TestSelfShieldingIntegration.test_get_cross_section_with_equivalence_theory_warning_logging _

self = <tests.test_self_shielding_integration.TestSelfShieldingIntegration object at 0x00000255CD471EE0>

    def test_get_cross_section_with_equivalence_theory_warning_logging(self):
        """Test that warnings are logged when equivalence theory unavailable."""
        from unittest.mock import patch
    
        import smrforge.core.self_shielding_integration
    
        cache = NuclearDataCache()
        u238 = Nuclide(Z=92, A=238)
    
        # Mock _RESONANCE_AVAILABLE to False
        with patch.object(
>           smrforge.core.self_shielding_integration, "_RESONANCE_AVAILABLE", False
            ^^^^^^^^^^^^^
        ), patch("smrforge.core.self_shielding_integration.logger") as mock_logger:

tests\test_self_shielding_integration.py:635: 
_ _ _ _ _ _ _ _ _ _ _ _ _ _ _ _ _ _ _ _ _ _ _ _ _ _ _ _ _ _ _ _ _ _ _ _ _ _ _ _

name = 'core'

    def __getattr__(name: str):
        """
        Lazy accessors for submodules that may be deleted/reloaded in tests.
    
        Important: `import package.submodule` does **not** reliably overwrite an
        existing `package.submodule` attribute, even if `sys.modules` has the
        canonical module. Several tests delete `sys.modules[...]` entries, leading
        to stale attributes and `importlib.reload(package.submodule)` failures.
        """
        if name == "utils":
            return canonical_import("smrforge.utils")
>       raise AttributeError(f"module '{__name__}' has no attribute '{name}'")
E       AttributeError: module 'smrforge' has no attribute 'core'

smrforge\__init__.py:326: AttributeError
=========================== short test summary info ===========================
SKIPPED [5] tests\performance\test_performance_benchmarks.py: need --run-performance to run
SKIPPED [1] tests\test_burnup_checkpointing.py:263: h5py not available
SKIPPED [1] tests\test_burnup_checkpointing.py:456: ELEMENT_SYMBOLS_REVERSE not available
SKIPPED [1] tests\test_convenience.py:523: Presets not available
SKIPPED [1] tests\test_convenience_utils_comprehensive.py:704: PebbleBedCore extraction testing requires more setup
SKIPPED [1] tests\test_data_downloader.py:610: tqdm not available
SKIPPED [1] tests\test_data_downloader.py:928: tqdm not available
SKIPPED [1] tests\test_doe.py:55: scipy available
SKIPPED [1] tests\test_endf_parser.py:130: ReactionData constructor interface unclear
SKIPPED [1] tests\test_endf_parser_complete_coverage.py:182: Polars is available, cannot test unavailable path
SKIPPED [1] tests\test_endf_parser_complete_coverage.py:229: Polars is available, cannot test unavailable path
SKIPPED [1] tests\test_endf_reactor_core_integration.py:101: ENDF files not available for full integration test
SKIPPED [1] tests\test_endf_reactor_core_integration.py:136: ENDF parser backend not available
SKIPPED [1] tests\test_endf_reactor_core_integration.py:225: ENDF files not available for caching test
SKIPPED [1] tests\test_endf_validation.py:64: H2O TSL file not found
SKIPPED [1] tests\test_endf_validation.py:89: Graphite TSL file not found
SKIPPED [1] tests\test_geometry_validation_extended.py:271: Block has no fuel channels
SKIPPED [1] tests\test_geometry_validation_extended.py:295: Block has no fuel channels
SKIPPED [1] tests\test_geometry_validation_extended.py:527: Block has no fuel channels
SKIPPED [1] tests\test_init_modules.py:548: Complex reloading test - ImportError handling already covered in specific tests
SKIPPED [1] tests\test_init_modules.py:556: Complex reloading test - ImportError handling already covered in specific tests
SKIPPED [1] tests\test_integration.py:313: ValidatedSolver requires specific geometry interface
SKIPPED [1] tests\test_integration.py:575: solve_with_validation requires full geometry interface
SKIPPED [1] tests\test_reactor_core_advanced_error_handling.py:58: Requires valid ENDF file setup - covered by integration tests
SKIPPED [1] tests\test_reactor_core_advanced_error_handling.py:94: Requires valid ENDF file setup - covered by integration tests
SKIPPED [1] tests\test_reactor_core_advanced_error_handling.py:129: Requires valid ENDF file setup - covered by integration tests
SKIPPED [1] tests\test_reactor_core_advanced_error_handling.py:340: Requires valid ENDF file setup - covered by integration tests
SKIPPED [1] tests\test_reactor_core_coverage_gaps.py:54: Complex mocking required - backend paths tested in integration tests
SKIPPED [1] tests\test_reactor_core_coverage_gaps.py:63: Complex mocking required - error paths tested in integration tests
SKIPPED [1] tests\test_reactor_core_utility_functions.py:375: ImportError testing is complex - exception handling already covered by parser_exception test
SKIPPED [1] tests\test_reactor_core_utility_functions.py:458: ImportError testing is complex - exception handling already covered by parser_exception test
SKIPPED [1] tests\test_standards_parser.py:333: yaml is available, cannot test ImportError path
SKIPPED [1] tests\test_transient_visualization.py:30: Requires plotly installation and interactive display
SKIPPED [1] tests\test_transient_visualization.py:180: Requires full transient solver - integration test
SKIPPED [1] tests\test_transport.py:463: Region is not hashable, cannot use as dict key in tests
SKIPPED [1] tests\test_transport.py:493: Region is not hashable, cannot use as dict key in tests
SKIPPED [1] tests\test_units.py:307: Pint dimensionless conversion for dollar not supported in this version
SKIPPED [1] tests\test_units.py:322: Pint dimensionless conversion for pcm not supported in this version
SKIPPED [1] tests\test_validation_comprehensive.py:87: H2O TSL material not found
FAILED tests/test_converters.py::TestOpenMCConverter::test_import_reactor_parses_geometry - NotImplementedError: OpenMC Pro import - implement in Phase 1
FAILED tests/test_converters.py::TestOpenMCConverter::test_import_reactor_with_materials_file - NotImplementedError: OpenMC Pro import - implement in Phase 1
FAILED tests/test_converters.py::TestOpenMCConverter::test_export_reactor_no_core_raises - Failed: DID NOT RAISE <class 'ValueError'>
FAILED tests/test_self_shielding_integration.py::TestSelfShieldingIntegration::test_get_cross_section_with_self_shielding_no_resonance_available - AttributeError: module 'smrforge' has no attribute 'core'
FAILED tests/test_self_shielding_integration.py::TestSelfShieldingIntegration::test_get_cross_section_with_equivalence_theory_no_resonance_available - AttributeError: module 'smrforge' has no attribute 'core'
FAILED tests/test_self_shielding_integration.py::TestSelfShieldingIntegration::test_import_error_handling - AttributeError: module 'smrforge' has no attribute 'core'
FAILED tests/test_self_shielding_integration.py::TestSelfShieldingIntegration::test_get_cross_section_with_self_shielding_warning_logging - AttributeError: module 'smrforge' has no attribute 'core'
FAILED tests/test_self_shielding_integration.py::TestSelfShieldingIntegration::test_get_cross_section_with_equivalence_theory_warning_logging - AttributeError: module 'smrforge' has no attribute 'core'
==== 8 failed, 5001 passed, 43 skipped, 274 warnings in 211.05s (0:03:31) =====
